Generate the report at 2026-02-03T17:03:05, GitVersion: aa25008b3778a76ae1975c839d4cc459f7f7b3b7.
+-----------------+-------------+------------+------------+---------------+-------+-------+-----------+
| Endpoint        | Clock Group | Delay Type | Path Delay | Path Required | CPPR  | Slack | Freq(MHz) |
+-----------------+-------------+------------+------------+---------------+-------+-------+-----------+
| seg1[7]_reg_p:D | core_clock  | max        | 0.369f     | 1.952         | 0.000 | 1.583 | 2400.914  |
| seg1[4]_reg_p:D | core_clock  | max        | 0.365f     | 1.952         | 0.000 | 1.587 | 2420.610  |
| seg1[7]_reg_p:D | core_clock  | max        | 0.380r     | 1.973         | 0.000 | 1.593 | 2457.775  |
| seg1[6]_reg_p:D | core_clock  | max        | 0.378r     | 1.973         | 0.000 | 1.595 | 2467.881  |
| seg1[4]_reg_p:D | core_clock  | max        | 0.378r     | 1.973         | 0.000 | 1.595 | 2469.380  |
| out[5]_reg_p:D  | core_clock  | min        | 0.125f     | -0.009        | 0.000 | 0.134 | NA        |
| seg1[3]_reg_p:D | core_clock  | min        | 0.129f     | -0.009        | 0.000 | 0.138 | NA        |
| out[4]_reg_p:D  | core_clock  | min        | 0.131f     | -0.008        | 0.000 | 0.139 | NA        |
| out[2]_reg_p:D  | core_clock  | min        | 0.137f     | -0.009        | 0.000 | 0.145 | NA        |
| seg1[5]_reg_p:D | core_clock  | min        | 0.137r     | -0.011        | 0.000 | 0.148 | NA        |
+-----------------+-------------+------------+------------+---------------+-------+-------+-----------+
+------------+------------+-------+
| Clock      | Delay Type | TNS   |
+------------+------------+-------+
| core_clock | max        | 0.000 |
| core_clock | min        | 0.000 |
+------------+------------+-------+
+---------------------------------------------------------------------+--------+-------------+------------+------------+-------------+--------+-----------------+
| Point                                                               | Fanout | Capacitance | Resistance | Transition | Delta Delay | Incr   | Path            |
+---------------------------------------------------------------------+--------+-------------+------------+------------+-------------+--------+-----------------+
| clk (port)                                                          |        | 0.022       | 0.000      | 0.000      |             | 0.000  | 0.000r          |
| clk (clock net)                                                     | 22     |             |            |            | NA          |        |                 |
| out[2]_reg_p:CK (DFFQX1H7L)                                         |        | 0.001       | 0.000      | 0.000      |             | 0.000  | 0.000r          |
| clock core_clock (rise edge)                                        |        |             |            |            |             | 0      | 0               |
| clock network delay (ideal)                                         |        |             |            |            |             | 0.000  | 0.000           |
| out[2]_reg_p:CK (DFFQX1H7L)                                         |        | 0.001       | 0.000      | 0.000      |             | 0.000  | 0.000r          |
| out[2]_reg_p:Q (DFFQX1H7L)                                          |        | 0.001       | 0.000      | 0.023      |             | 0.082  | 0.082r          |
| out_2_ (net)                                                        | 2      |             |            |            | 0.000       |        |                 |
| out[1]_reg_p_D_BUFX1H7L_Y_A_BUFX3P5H7L_Y:A (BUFX3P5H7L)             |        | 0.001       | 0.000      | 0.023      |             | 0.000  | 0.082r          |
| out[1]_reg_p_D_BUFX1H7L_Y_A_BUFX3P5H7L_Y:Y (BUFX3P5H7L)             |        | 0.012       | 0.000      | 0.067      |             | 0.060  | 0.142r          |
| out[1]_reg_p_D_BUFX1H7L_Y_A (net)                                   | 13     |             |            |            | 0.000       |        |                 |
| out[1]_reg_p_D_BUFX1H7L_Y_A_XNOR2X4H7L_A:A (XNOR2X4H7L)             |        | 0.002       | 0.000      | 0.067      |             | 0.000  | 0.142r          |
| out[1]_reg_p_D_BUFX1H7L_Y_A_XNOR2X4H7L_A:Y (XNOR2X4H7L)             |        | 0.001       | 0.000      | 0.023      |             | 0.053  | 0.195r          |
| out[1]_reg_p_D_BUFX1H7L_Y_A_XNOR2X4H7L_A_Y (net)                    | 1      |             |            |            | 0.000       |        |                 |
| out[7]_reg_p_D_BUFX16H7L_Y_A_XNOR2X4H7L_Y:B (XNOR2X4H7L)            |        | 0.001       | 0.000      | 0.023      |             | 0.000  | 0.195r          |
| out[7]_reg_p_D_BUFX16H7L_Y_A_XNOR2X4H7L_Y:Y (XNOR2X4H7L)            |        | 0.003       | 0.000      | 0.031      |             | 0.059  | 0.254r          |
| out[7]_reg_p_D_BUFX16H7L_Y_A (net)                                  | 1      |             |            |            | 0.000       |        |                 |
| out[7]_reg_p_D_BUFX16H7L_Y:A (BUFX16H7L)                            |        | 0.003       | 0.000      | 0.031      |             | 0.000  | 0.254r          |
| out[7]_reg_p_D_BUFX16H7L_Y:Y (BUFX16H7L)                            |        | 0.015       | 0.000      | 0.024      |             | 0.037  | 0.292r          |
| out[7]_reg_p_D (net)                                                | 16     |             |            |            | 0.000       |        |                 |
| seg1[4]_reg_p_D_NAND4X1P4H7L_Y_D_NAND3BX1P4H7L_Y:AN (NAND3BX1P4H7L) |        | 0.001       | 0.000      | 0.024      |             | 0.000  | 0.292r          |
| seg1[4]_reg_p_D_NAND4X1P4H7L_Y_D_NAND3BX1P4H7L_Y:Y (NAND3BX1P4H7L)  |        | 0.002       | 0.000      | 0.036      |             | 0.041  | 0.333r          |
| seg1[4]_reg_p_D_NAND4X1P4H7L_Y_D (net)                              | 2      |             |            |            | 0.000       |        |                 |
| seg1[7]_reg_p_D_NAND4X1P4H7L_Y:C (NAND4X1P4H7L)                     |        | 0.001       | 0.000      | 0.036      |             | 0.000  | 0.333r          |
| seg1[7]_reg_p_D_NAND4X1P4H7L_Y:Y (NAND4X1P4H7L)                     |        | 0.001       | 0.000      | 0.042      |             | 0.036  | 0.369f          |
| seg1[7]_reg_p_D (net)                                               | 1      |             |            |            | 0.000       |        |                 |
| seg1[7]_reg_p:D (DFFQX1H7L)                                         |        | 0.001       | 0.000      | 0.042      |             | 0.000  | 0.369f          |
|                                                                     |        |             |            |            |             |        |                 |
| clk (port)                                                          |        | 0.018       | 0.000      | 0.000      |             | 0.000  | 0.000r          |
| clk (clock net)                                                     | 22     |             |            |            | NA          |        |                 |
| seg1[7]_reg_p:CK (DFFQX1H7L)                                        |        | 0.001       | 0.000      | 0.000      |             | 0.000  | 0.000r          |
| clock core_clock (rise edge)                                        |        |             |            |            |             | 2      | 2               |
| clock network delay (ideal)                                         |        |             |            |            |             | 0.000  | 2.000           |
| seg1[7]_reg_p:CK (DFFQX1H7L)                                        |        |             |            |            |             |        | 2.000r          |
| library setup time                                                  |        |             |            |            |             | -0.048 | 1.952           |
| clock reconvergence pessimism                                       |        |             |            |            |             | 0.000  | 1.952           |
|                                                                     |        |             |            |            |             |        |                 |
| path cell delay                                                     |        |             |            |            |             |        | 0.369(100.000%) |
| path net delay                                                      |        |             |            |            |             |        | 0.000(0.000%)   |
|                                                                     |        |             |            |            |             |        |                 |
| data require time                                                   |        |             |            |            |             |        | 1.952           |
| data arrival time                                                   |        |             |            |            |             |        | 0.369           |
| slack (MET)                                                         |        |             |            |            |             |        | 1.583           |
+---------------------------------------------------------------------+--------+-------------+------------+------------+-------------+--------+-----------------+
+---------------------------------------------------------------------+--------+-------------+------------+------------+-------------+--------+-----------------+
| Point                                                               | Fanout | Capacitance | Resistance | Transition | Delta Delay | Incr   | Path            |
+---------------------------------------------------------------------+--------+-------------+------------+------------+-------------+--------+-----------------+
| clk (port)                                                          |        | 0.022       | 0.000      | 0.000      |             | 0.000  | 0.000r          |
| clk (clock net)                                                     | 22     |             |            |            | NA          |        |                 |
| out[2]_reg_p:CK (DFFQX1H7L)                                         |        | 0.001       | 0.000      | 0.000      |             | 0.000  | 0.000r          |
| clock core_clock (rise edge)                                        |        |             |            |            |             | 0      | 0               |
| clock network delay (ideal)                                         |        |             |            |            |             | 0.000  | 0.000           |
| out[2]_reg_p:CK (DFFQX1H7L)                                         |        | 0.001       | 0.000      | 0.000      |             | 0.000  | 0.000r          |
| out[2]_reg_p:Q (DFFQX1H7L)                                          |        | 0.001       | 0.000      | 0.023      |             | 0.082  | 0.082r          |
| out_2_ (net)                                                        | 2      |             |            |            | 0.000       |        |                 |
| out[1]_reg_p_D_BUFX1H7L_Y_A_BUFX3P5H7L_Y:A (BUFX3P5H7L)             |        | 0.001       | 0.000      | 0.023      |             | 0.000  | 0.082r          |
| out[1]_reg_p_D_BUFX1H7L_Y_A_BUFX3P5H7L_Y:Y (BUFX3P5H7L)             |        | 0.012       | 0.000      | 0.067      |             | 0.060  | 0.142r          |
| out[1]_reg_p_D_BUFX1H7L_Y_A (net)                                   | 13     |             |            |            | 0.000       |        |                 |
| out[1]_reg_p_D_BUFX1H7L_Y_A_XNOR2X4H7L_A:A (XNOR2X4H7L)             |        | 0.002       | 0.000      | 0.067      |             | 0.000  | 0.142r          |
| out[1]_reg_p_D_BUFX1H7L_Y_A_XNOR2X4H7L_A:Y (XNOR2X4H7L)             |        | 0.001       | 0.000      | 0.023      |             | 0.053  | 0.195r          |
| out[1]_reg_p_D_BUFX1H7L_Y_A_XNOR2X4H7L_A_Y (net)                    | 1      |             |            |            | 0.000       |        |                 |
| out[7]_reg_p_D_BUFX16H7L_Y_A_XNOR2X4H7L_Y:B (XNOR2X4H7L)            |        | 0.001       | 0.000      | 0.023      |             | 0.000  | 0.195r          |
| out[7]_reg_p_D_BUFX16H7L_Y_A_XNOR2X4H7L_Y:Y (XNOR2X4H7L)            |        | 0.003       | 0.000      | 0.031      |             | 0.059  | 0.254r          |
| out[7]_reg_p_D_BUFX16H7L_Y_A (net)                                  | 1      |             |            |            | 0.000       |        |                 |
| out[7]_reg_p_D_BUFX16H7L_Y:A (BUFX16H7L)                            |        | 0.003       | 0.000      | 0.031      |             | 0.000  | 0.254r          |
| out[7]_reg_p_D_BUFX16H7L_Y:Y (BUFX16H7L)                            |        | 0.015       | 0.000      | 0.024      |             | 0.037  | 0.292r          |
| out[7]_reg_p_D (net)                                                | 16     |             |            |            | 0.000       |        |                 |
| seg1[4]_reg_p_D_NAND4X1P4H7L_Y_D_NAND3BX1P4H7L_Y:AN (NAND3BX1P4H7L) |        | 0.001       | 0.000      | 0.024      |             | 0.000  | 0.292r          |
| seg1[4]_reg_p_D_NAND4X1P4H7L_Y_D_NAND3BX1P4H7L_Y:Y (NAND3BX1P4H7L)  |        | 0.002       | 0.000      | 0.036      |             | 0.041  | 0.333r          |
| seg1[4]_reg_p_D_NAND4X1P4H7L_Y_D (net)                              | 2      |             |            |            | 0.000       |        |                 |
| seg1[4]_reg_p_D_NAND4X1P4H7L_Y:D (NAND4X1P4H7L)                     |        | 0.001       | 0.000      | 0.036      |             | 0.000  | 0.333r          |
| seg1[4]_reg_p_D_NAND4X1P4H7L_Y:Y (NAND4X1P4H7L)                     |        | 0.001       | 0.000      | 0.041      |             | 0.033  | 0.365f          |
| seg1[4]_reg_p_D (net)                                               | 1      |             |            |            | 0.000       |        |                 |
| seg1[4]_reg_p:D (DFFQX1H7L)                                         |        | 0.001       | 0.000      | 0.041      |             | 0.000  | 0.365f          |
|                                                                     |        |             |            |            |             |        |                 |
| clk (port)                                                          |        | 0.018       | 0.000      | 0.000      |             | 0.000  | 0.000r          |
| clk (clock net)                                                     | 22     |             |            |            | NA          |        |                 |
| seg1[4]_reg_p:CK (DFFQX1H7L)                                        |        | 0.001       | 0.000      | 0.000      |             | 0.000  | 0.000r          |
| clock core_clock (rise edge)                                        |        |             |            |            |             | 2      | 2               |
| clock network delay (ideal)                                         |        |             |            |            |             | 0.000  | 2.000           |
| seg1[4]_reg_p:CK (DFFQX1H7L)                                        |        |             |            |            |             |        | 2.000r          |
| library setup time                                                  |        |             |            |            |             | -0.048 | 1.952           |
| clock reconvergence pessimism                                       |        |             |            |            |             | 0.000  | 1.952           |
|                                                                     |        |             |            |            |             |        |                 |
| path cell delay                                                     |        |             |            |            |             |        | 0.365(100.000%) |
| path net delay                                                      |        |             |            |            |             |        | 0.000(0.000%)   |
|                                                                     |        |             |            |            |             |        |                 |
| data require time                                                   |        |             |            |            |             |        | 1.952           |
| data arrival time                                                   |        |             |            |            |             |        | 0.365           |
| slack (MET)                                                         |        |             |            |            |             |        | 1.587           |
+---------------------------------------------------------------------+--------+-------------+------------+------------+-------------+--------+-----------------+
+-----------------------------------------------------------------+--------+-------------+------------+------------+-------------+--------+-----------------+
| Point                                                           | Fanout | Capacitance | Resistance | Transition | Delta Delay | Incr   | Path            |
+-----------------------------------------------------------------+--------+-------------+------------+------------+-------------+--------+-----------------+
| clk (port)                                                      |        | 0.022       | 0.000      | 0.000      |             | 0.000  | 0.000r          |
| clk (clock net)                                                 | 22     |             |            |            | NA          |        |                 |
| out[3]_reg_p:CK (DFFQX1H7L)                                     |        | 0.001       | 0.000      | 0.000      |             | 0.000  | 0.000r          |
| clock core_clock (rise edge)                                    |        |             |            |            |             | 0      | 0               |
| clock network delay (ideal)                                     |        |             |            |            |             | 0.000  | 0.000           |
| out[3]_reg_p:CK (DFFQX1H7L)                                     |        | 0.001       | 0.000      | 0.000      |             | 0.000  | 0.000r          |
| out[3]_reg_p:Q (DFFQX1H7L)                                      |        | 0.002       | 0.000      | 0.029      |             | 0.067  | 0.067f          |
| out_3_ (net)                                                    | 2      |             |            |            | 0.000       |        |                 |
| out[2]_reg_p_D_BUFX1H7L_Y_A_BUFX7H7L_Y:A (BUFX7H7L)             |        | 0.002       | 0.000      | 0.029      |             | 0.000  | 0.067f          |
| out[2]_reg_p_D_BUFX1H7L_Y_A_BUFX7H7L_Y:Y (BUFX7H7L)             |        | 0.013       | 0.000      | 0.027      |             | 0.047  | 0.113f          |
| out[2]_reg_p_D_BUFX1H7L_Y_A (net)                               | 14     |             |            |            | 0.000       |        |                 |
| out[1]_reg_p_D_BUFX1H7L_Y_A_XNOR2X4H7L_A:B (XNOR2X4H7L)         |        | 0.001       | 0.000      | 0.027      |             | 0.000  | 0.113f          |
| out[1]_reg_p_D_BUFX1H7L_Y_A_XNOR2X4H7L_A:Y (XNOR2X4H7L)         |        | 0.001       | 0.000      | 0.027      |             | 0.063  | 0.176f          |
| out[1]_reg_p_D_BUFX1H7L_Y_A_XNOR2X4H7L_A_Y (net)                | 1      |             |            |            | 0.000       |        |                 |
| out[7]_reg_p_D_BUFX16H7L_Y_A_XNOR2X4H7L_Y:B (XNOR2X4H7L)        |        | 0.001       | 0.000      | 0.027      |             | 0.000  | 0.176f          |
| out[7]_reg_p_D_BUFX16H7L_Y_A_XNOR2X4H7L_Y:Y (XNOR2X4H7L)        |        | 0.003       | 0.000      | 0.033      |             | 0.071  | 0.247f          |
| out[7]_reg_p_D_BUFX16H7L_Y_A (net)                              | 1      |             |            |            | 0.000       |        |                 |
| out[7]_reg_p_D_BUFX16H7L_Y:A (BUFX16H7L)                        |        | 0.003       | 0.000      | 0.033      |             | 0.000  | 0.247f          |
| out[7]_reg_p_D_BUFX16H7L_Y:Y (BUFX16H7L)                        |        | 0.015       | 0.000      | 0.020      |             | 0.042  | 0.289f          |
| out[7]_reg_p_D (net)                                            | 16     |             |            |            | 0.000       |        |                 |
| seg1[4]_reg_p_D_NAND4X1P4H7L_Y_C_NAND4BX2H7L_Y:AN (NAND4BX2H7L) |        | 0.001       | 0.000      | 0.020      |             | 0.000  | 0.289f          |
| seg1[4]_reg_p_D_NAND4X1P4H7L_Y_C_NAND4BX2H7L_Y:Y (NAND4BX2H7L)  |        | 0.002       | 0.000      | 0.055      |             | 0.058  | 0.347f          |
| seg1[4]_reg_p_D_NAND4X1P4H7L_Y_C (net)                          | 2      |             |            |            | 0.000       |        |                 |
| seg1[7]_reg_p_D_NAND4X1P4H7L_Y:B (NAND4X1P4H7L)                 |        | 0.001       | 0.000      | 0.055      |             | 0.000  | 0.347f          |
| seg1[7]_reg_p_D_NAND4X1P4H7L_Y:Y (NAND4X1P4H7L)                 |        | 0.001       | 0.000      | 0.035      |             | 0.033  | 0.380r          |
| seg1[7]_reg_p_D (net)                                           | 1      |             |            |            | 0.000       |        |                 |
| seg1[7]_reg_p:D (DFFQX1H7L)                                     |        | 0.001       | 0.000      | 0.035      |             | 0.000  | 0.380r          |
|                                                                 |        |             |            |            |             |        |                 |
| clk (port)                                                      |        | 0.018       | 0.000      | 0.000      |             | 0.000  | 0.000r          |
| clk (clock net)                                                 | 22     |             |            |            | NA          |        |                 |
| seg1[7]_reg_p:CK (DFFQX1H7L)                                    |        | 0.001       | 0.000      | 0.000      |             | 0.000  | 0.000r          |
| clock core_clock (rise edge)                                    |        |             |            |            |             | 2      | 2               |
| clock network delay (ideal)                                     |        |             |            |            |             | 0.000  | 2.000           |
| seg1[7]_reg_p:CK (DFFQX1H7L)                                    |        |             |            |            |             |        | 2.000r          |
| library setup time                                              |        |             |            |            |             | -0.027 | 1.973           |
| clock reconvergence pessimism                                   |        |             |            |            |             | 0.000  | 1.973           |
|                                                                 |        |             |            |            |             |        |                 |
| path cell delay                                                 |        |             |            |            |             |        | 0.380(100.000%) |
| path net delay                                                  |        |             |            |            |             |        | 0.000(0.000%)   |
|                                                                 |        |             |            |            |             |        |                 |
| data require time                                               |        |             |            |            |             |        | 1.973           |
| data arrival time                                               |        |             |            |            |             |        | 0.380           |
| slack (MET)                                                     |        |             |            |            |             |        | 1.593           |
+-----------------------------------------------------------------+--------+-------------+------------+------------+-------------+--------+-----------------+
+--------------------------------------------------------------+--------+-------------+------------+------------+-------------+--------+-----------------+
| Point                                                        | Fanout | Capacitance | Resistance | Transition | Delta Delay | Incr   | Path            |
+--------------------------------------------------------------+--------+-------------+------------+------------+-------------+--------+-----------------+
| clk (port)                                                   |        | 0.022       | 0.000      | 0.000      |             | 0.000  | 0.000r          |
| clk (clock net)                                              | 22     |             |            |            | NA          |        |                 |
| out[3]_reg_p:CK (DFFQX1H7L)                                  |        | 0.001       | 0.000      | 0.000      |             | 0.000  | 0.000r          |
| clock core_clock (rise edge)                                 |        |             |            |            |             | 0      | 0               |
| clock network delay (ideal)                                  |        |             |            |            |             | 0.000  | 0.000           |
| out[3]_reg_p:CK (DFFQX1H7L)                                  |        | 0.001       | 0.000      | 0.000      |             | 0.000  | 0.000r          |
| out[3]_reg_p:Q (DFFQX1H7L)                                   |        | 0.002       | 0.000      | 0.029      |             | 0.067  | 0.067f          |
| out_3_ (net)                                                 | 2      |             |            |            | 0.000       |        |                 |
| out[2]_reg_p_D_BUFX1H7L_Y_A_BUFX7H7L_Y:A (BUFX7H7L)          |        | 0.002       | 0.000      | 0.029      |             | 0.000  | 0.067f          |
| out[2]_reg_p_D_BUFX1H7L_Y_A_BUFX7H7L_Y:Y (BUFX7H7L)          |        | 0.013       | 0.000      | 0.027      |             | 0.047  | 0.113f          |
| out[2]_reg_p_D_BUFX1H7L_Y_A (net)                            | 14     |             |            |            | 0.000       |        |                 |
| out[1]_reg_p_D_BUFX1H7L_Y_A_XNOR2X4H7L_A:B (XNOR2X4H7L)      |        | 0.001       | 0.000      | 0.027      |             | 0.000  | 0.113f          |
| out[1]_reg_p_D_BUFX1H7L_Y_A_XNOR2X4H7L_A:Y (XNOR2X4H7L)      |        | 0.001       | 0.000      | 0.027      |             | 0.063  | 0.176f          |
| out[1]_reg_p_D_BUFX1H7L_Y_A_XNOR2X4H7L_A_Y (net)             | 1      |             |            |            | 0.000       |        |                 |
| out[7]_reg_p_D_BUFX16H7L_Y_A_XNOR2X4H7L_Y:B (XNOR2X4H7L)     |        | 0.001       | 0.000      | 0.027      |             | 0.000  | 0.176f          |
| out[7]_reg_p_D_BUFX16H7L_Y_A_XNOR2X4H7L_Y:Y (XNOR2X4H7L)     |        | 0.003       | 0.000      | 0.033      |             | 0.071  | 0.247f          |
| out[7]_reg_p_D_BUFX16H7L_Y_A (net)                           | 1      |             |            |            | 0.000       |        |                 |
| out[7]_reg_p_D_BUFX16H7L_Y:A (BUFX16H7L)                     |        | 0.003       | 0.000      | 0.033      |             | 0.000  | 0.247f          |
| out[7]_reg_p_D_BUFX16H7L_Y:Y (BUFX16H7L)                     |        | 0.015       | 0.000      | 0.020      |             | 0.042  | 0.289f          |
| out[7]_reg_p_D (net)                                         | 16     |             |            |            | 0.000       |        |                 |
| seg1[6]_reg_p_D_NAND3BX1P4H7L_Y_AN_NOR4X2H7L_Y:D (NOR4X2H7L) |        | 0.001       | 0.000      | 0.020      |             | 0.000  | 0.289f          |
| seg1[6]_reg_p_D_NAND3BX1P4H7L_Y_AN_NOR4X2H7L_Y:Y (NOR4X2H7L) |        | 0.001       | 0.000      | 0.072      |             | 0.048  | 0.337r          |
| seg1[6]_reg_p_D_NAND3BX1P4H7L_Y_AN (net)                     | 1      |             |            |            | 0.000       |        |                 |
| seg1[6]_reg_p_D_NAND3BX1P4H7L_Y:AN (NAND3BX1P4H7L)           |        | 0.001       | 0.000      | 0.072      |             | 0.000  | 0.337r          |
| seg1[6]_reg_p_D_NAND3BX1P4H7L_Y:Y (NAND3BX1P4H7L)            |        | 0.001       | 0.000      | 0.027      |             | 0.041  | 0.378r          |
| seg1[6]_reg_p_D (net)                                        | 1      |             |            |            | 0.000       |        |                 |
| seg1[6]_reg_p:D (DFFQX1H7L)                                  |        | 0.001       | 0.000      | 0.027      |             | 0.000  | 0.378r          |
|                                                              |        |             |            |            |             |        |                 |
| clk (port)                                                   |        | 0.018       | 0.000      | 0.000      |             | 0.000  | 0.000r          |
| clk (clock net)                                              | 22     |             |            |            | NA          |        |                 |
| seg1[6]_reg_p:CK (DFFQX1H7L)                                 |        | 0.001       | 0.000      | 0.000      |             | 0.000  | 0.000r          |
| clock core_clock (rise edge)                                 |        |             |            |            |             | 2      | 2               |
| clock network delay (ideal)                                  |        |             |            |            |             | 0.000  | 2.000           |
| seg1[6]_reg_p:CK (DFFQX1H7L)                                 |        |             |            |            |             |        | 2.000r          |
| library setup time                                           |        |             |            |            |             | -0.027 | 1.973           |
| clock reconvergence pessimism                                |        |             |            |            |             | 0.000  | 1.973           |
|                                                              |        |             |            |            |             |        |                 |
| path cell delay                                              |        |             |            |            |             |        | 0.378(100.000%) |
| path net delay                                               |        |             |            |            |             |        | 0.000(0.000%)   |
|                                                              |        |             |            |            |             |        |                 |
| data require time                                            |        |             |            |            |             |        | 1.973           |
| data arrival time                                            |        |             |            |            |             |        | 0.378           |
| slack (MET)                                                  |        |             |            |            |             |        | 1.595           |
+--------------------------------------------------------------+--------+-------------+------------+------------+-------------+--------+-----------------+
+-----------------------------------------------------------------+--------+-------------+------------+------------+-------------+--------+-----------------+
| Point                                                           | Fanout | Capacitance | Resistance | Transition | Delta Delay | Incr   | Path            |
+-----------------------------------------------------------------+--------+-------------+------------+------------+-------------+--------+-----------------+
| clk (port)                                                      |        | 0.022       | 0.000      | 0.000      |             | 0.000  | 0.000r          |
| clk (clock net)                                                 | 22     |             |            |            | NA          |        |                 |
| out[3]_reg_p:CK (DFFQX1H7L)                                     |        | 0.001       | 0.000      | 0.000      |             | 0.000  | 0.000r          |
| clock core_clock (rise edge)                                    |        |             |            |            |             | 0      | 0               |
| clock network delay (ideal)                                     |        |             |            |            |             | 0.000  | 0.000           |
| out[3]_reg_p:CK (DFFQX1H7L)                                     |        | 0.001       | 0.000      | 0.000      |             | 0.000  | 0.000r          |
| out[3]_reg_p:Q (DFFQX1H7L)                                      |        | 0.002       | 0.000      | 0.029      |             | 0.067  | 0.067f          |
| out_3_ (net)                                                    | 2      |             |            |            | 0.000       |        |                 |
| out[2]_reg_p_D_BUFX1H7L_Y_A_BUFX7H7L_Y:A (BUFX7H7L)             |        | 0.002       | 0.000      | 0.029      |             | 0.000  | 0.067f          |
| out[2]_reg_p_D_BUFX1H7L_Y_A_BUFX7H7L_Y:Y (BUFX7H7L)             |        | 0.013       | 0.000      | 0.027      |             | 0.047  | 0.113f          |
| out[2]_reg_p_D_BUFX1H7L_Y_A (net)                               | 14     |             |            |            | 0.000       |        |                 |
| out[1]_reg_p_D_BUFX1H7L_Y_A_XNOR2X4H7L_A:B (XNOR2X4H7L)         |        | 0.001       | 0.000      | 0.027      |             | 0.000  | 0.113f          |
| out[1]_reg_p_D_BUFX1H7L_Y_A_XNOR2X4H7L_A:Y (XNOR2X4H7L)         |        | 0.001       | 0.000      | 0.027      |             | 0.063  | 0.176f          |
| out[1]_reg_p_D_BUFX1H7L_Y_A_XNOR2X4H7L_A_Y (net)                | 1      |             |            |            | 0.000       |        |                 |
| out[7]_reg_p_D_BUFX16H7L_Y_A_XNOR2X4H7L_Y:B (XNOR2X4H7L)        |        | 0.001       | 0.000      | 0.027      |             | 0.000  | 0.176f          |
| out[7]_reg_p_D_BUFX16H7L_Y_A_XNOR2X4H7L_Y:Y (XNOR2X4H7L)        |        | 0.003       | 0.000      | 0.033      |             | 0.071  | 0.247f          |
| out[7]_reg_p_D_BUFX16H7L_Y_A (net)                              | 1      |             |            |            | 0.000       |        |                 |
| out[7]_reg_p_D_BUFX16H7L_Y:A (BUFX16H7L)                        |        | 0.003       | 0.000      | 0.033      |             | 0.000  | 0.247f          |
| out[7]_reg_p_D_BUFX16H7L_Y:Y (BUFX16H7L)                        |        | 0.015       | 0.000      | 0.020      |             | 0.042  | 0.289f          |
| out[7]_reg_p_D (net)                                            | 16     |             |            |            | 0.000       |        |                 |
| seg1[4]_reg_p_D_NAND4X1P4H7L_Y_C_NAND4BX2H7L_Y:AN (NAND4BX2H7L) |        | 0.001       | 0.000      | 0.020      |             | 0.000  | 0.289f          |
| seg1[4]_reg_p_D_NAND4X1P4H7L_Y_C_NAND4BX2H7L_Y:Y (NAND4BX2H7L)  |        | 0.002       | 0.000      | 0.055      |             | 0.058  | 0.347f          |
| seg1[4]_reg_p_D_NAND4X1P4H7L_Y_C (net)                          | 2      |             |            |            | 0.000       |        |                 |
| seg1[4]_reg_p_D_NAND4X1P4H7L_Y:C (NAND4X1P4H7L)                 |        | 0.001       | 0.000      | 0.055      |             | 0.000  | 0.347f          |
| seg1[4]_reg_p_D_NAND4X1P4H7L_Y:Y (NAND4X1P4H7L)                 |        | 0.001       | 0.000      | 0.037      |             | 0.031  | 0.378r          |
| seg1[4]_reg_p_D (net)                                           | 1      |             |            |            | 0.000       |        |                 |
| seg1[4]_reg_p:D (DFFQX1H7L)                                     |        | 0.001       | 0.000      | 0.037      |             | 0.000  | 0.378r          |
|                                                                 |        |             |            |            |             |        |                 |
| clk (port)                                                      |        | 0.018       | 0.000      | 0.000      |             | 0.000  | 0.000r          |
| clk (clock net)                                                 | 22     |             |            |            | NA          |        |                 |
| seg1[4]_reg_p:CK (DFFQX1H7L)                                    |        | 0.001       | 0.000      | 0.000      |             | 0.000  | 0.000r          |
| clock core_clock (rise edge)                                    |        |             |            |            |             | 2      | 2               |
| clock network delay (ideal)                                     |        |             |            |            |             | 0.000  | 2.000           |
| seg1[4]_reg_p:CK (DFFQX1H7L)                                    |        |             |            |            |             |        | 2.000r          |
| library setup time                                              |        |             |            |            |             | -0.027 | 1.973           |
| clock reconvergence pessimism                                   |        |             |            |            |             | 0.000  | 1.973           |
|                                                                 |        |             |            |            |             |        |                 |
| path cell delay                                                 |        |             |            |            |             |        | 0.378(100.000%) |
| path net delay                                                  |        |             |            |            |             |        | 0.000(0.000%)   |
|                                                                 |        |             |            |            |             |        |                 |
| data require time                                               |        |             |            |            |             |        | 1.973           |
| data arrival time                                               |        |             |            |            |             |        | 0.378           |
| slack (MET)                                                     |        |             |            |            |             |        | 1.595           |
+-----------------------------------------------------------------+--------+-------------+------------+------------+-------------+--------+-----------------+
+----------------------------------------+--------+-------------+------------+------------+-------------+--------+-----------------+
| Point                                  | Fanout | Capacitance | Resistance | Transition | Delta Delay | Incr   | Path            |
+----------------------------------------+--------+-------------+------------+------------+-------------+--------+-----------------+
| clk (port)                             |        | 0.018       | 0.000      | 0.000      |             | 0.000  | 0.000r          |
| clk (clock net)                        | 22     |             |            |            | NA          |        |                 |
| out[6]_reg_p:CK (DFFQX1H7L)            |        | 0.001       | 0.000      | 0.000      |             | 0.000  | 0.000r          |
| clock core_clock (rise edge)           |        |             |            |            |             | 0      | 0               |
| clock network delay (ideal)            |        |             |            |            |             | 0.000  | 0.000           |
| out[6]_reg_p:CK (DFFQX1H7L)            |        | 0.001       | 0.000      | 0.000      |             | 0.000  | 0.000r          |
| out[6]_reg_p:Q (DFFQX1H7L)             |        | 0.006       | 0.000      | 0.051      |             | 0.086  | 0.086f          |
| out_6_ (net)                           | 9      |             |            |            | 0.000       |        |                 |
| out[5]_reg_p_D_BUFX1H7L_Y:A (BUFX1H7L) |        | 0.001       | 0.000      | 0.051      |             | 0.000  | 0.086f          |
| out[5]_reg_p_D_BUFX1H7L_Y:Y (BUFX1H7L) |        | 0.001       | 0.000      | 0.015      |             | 0.039  | 0.125f          |
| out[5]_reg_p_D (net)                   | 1      |             |            |            | 0.000       |        |                 |
| out[5]_reg_p:D (DFFQX1H7L)             |        | 0.001       | 0.000      | 0.015      |             | 0.000  | 0.125f          |
|                                        |        |             |            |            |             |        |                 |
| clk (port)                             |        | 0.022       | 0.000      | 0.000      |             | 0.000  | 0.000r          |
| clk (clock net)                        | 22     |             |            |            | NA          |        |                 |
| out[5]_reg_p:CK (DFFQX1H7L)            |        | 0.001       | 0.000      | 0.000      |             | 0.000  | 0.000r          |
| clock core_clock (rise edge)           |        |             |            |            |             | 0      | 0               |
| clock network delay (ideal)            |        |             |            |            |             | 0.000  | 0.000           |
| out[5]_reg_p:CK (DFFQX1H7L)            |        |             |            |            |             |        | 0.000r          |
| library hold time                      |        |             |            |            |             | -0.009 | -0.009          |
| clock reconvergence pessimism          |        |             |            |            |             | -0.000 | -0.009          |
|                                        |        |             |            |            |             |        |                 |
| path cell delay                        |        |             |            |            |             |        | 0.125(100.000%) |
| path net delay                         |        |             |            |            |             |        | 0.000(0.000%)   |
|                                        |        |             |            |            |             |        |                 |
| data require time                      |        |             |            |            |             |        | -0.009          |
| data arrival time                      |        |             |            |            |             |        | 0.125           |
| slack (MET)                            |        |             |            |            |             |        | 0.134           |
+----------------------------------------+--------+-------------+------------+------------+-------------+--------+-----------------+
+------------------------------------------------------------------------+--------+-------------+------------+------------+-------------+--------+-----------------+
| Point                                                                  | Fanout | Capacitance | Resistance | Transition | Delta Delay | Incr   | Path            |
+------------------------------------------------------------------------+--------+-------------+------------+------------+-------------+--------+-----------------+
| clk (port)                                                             |        | 0.018       | 0.000      | 0.000      |             | 0.000  | 0.000r          |
| clk (clock net)                                                        | 22     |             |            |            | NA          |        |                 |
| out[5]_reg_p:CK (DFFQX1H7L)                                            |        | 0.001       | 0.000      | 0.000      |             | 0.000  | 0.000r          |
| clock core_clock (rise edge)                                           |        |             |            |            |             | 0      | 0               |
| clock network delay (ideal)                                            |        |             |            |            |             | 0.000  | 0.000           |
| out[5]_reg_p:CK (DFFQX1H7L)                                            |        | 0.001       | 0.000      | 0.000      |             | 0.000  | 0.000r          |
| out[5]_reg_p:Q (DFFQX1H7L)                                             |        | 0.007       | 0.000      | 0.056      |             | 0.090  | 0.090f          |
| out_5_ (net)                                                           | 11     |             |            |            | 0.000       |        |                 |
| seg1[3]_reg_p_D_OAI21X1P4H7L_Y_B0_OAI2BB1X1P4H7L_Y:B0 (OAI2BB1X1P4H7L) |        | 0.001       | 0.000      | 0.056      |             | 0.000  | 0.090f          |
| seg1[3]_reg_p_D_OAI21X1P4H7L_Y_B0_OAI2BB1X1P4H7L_Y:Y (OAI2BB1X1P4H7L)  |        | 0.001       | 0.000      | 0.020      |             | 0.026  | 0.116r          |
| seg1[3]_reg_p_D_OAI21X1P4H7L_Y_B0 (net)                                | 1      |             |            |            | 0.000       |        |                 |
| seg1[3]_reg_p_D_OAI21X1P4H7L_Y:B0 (OAI21X1P4H7L)                       |        | 0.001       | 0.000      | 0.020      |             | 0.000  | 0.116r          |
| seg1[3]_reg_p_D_OAI21X1P4H7L_Y:Y (OAI21X1P4H7L)                        |        | 0.001       | 0.000      | 0.014      |             | 0.014  | 0.129f          |
| seg1[3]_reg_p_D (net)                                                  | 1      |             |            |            | 0.000       |        |                 |
| seg1[3]_reg_p:D (DFFQX1H7L)                                            |        | 0.001       | 0.000      | 0.014      |             | 0.000  | 0.129f          |
|                                                                        |        |             |            |            |             |        |                 |
| clk (port)                                                             |        | 0.022       | 0.000      | 0.000      |             | 0.000  | 0.000r          |
| clk (clock net)                                                        | 22     |             |            |            | NA          |        |                 |
| seg1[3]_reg_p:CK (DFFQX1H7L)                                           |        | 0.001       | 0.000      | 0.000      |             | 0.000  | 0.000r          |
| clock core_clock (rise edge)                                           |        |             |            |            |             | 0      | 0               |
| clock network delay (ideal)                                            |        |             |            |            |             | 0.000  | 0.000           |
| seg1[3]_reg_p:CK (DFFQX1H7L)                                           |        |             |            |            |             |        | 0.000r          |
| library hold time                                                      |        |             |            |            |             | -0.009 | -0.009          |
| clock reconvergence pessimism                                          |        |             |            |            |             | -0.000 | -0.009          |
|                                                                        |        |             |            |            |             |        |                 |
| path cell delay                                                        |        |             |            |            |             |        | 0.129(100.000%) |
| path net delay                                                         |        |             |            |            |             |        | 0.000(0.000%)   |
|                                                                        |        |             |            |            |             |        |                 |
| data require time                                                      |        |             |            |            |             |        | -0.009          |
| data arrival time                                                      |        |             |            |            |             |        | 0.129           |
| slack (MET)                                                            |        |             |            |            |             |        | 0.138           |
+------------------------------------------------------------------------+--------+-------------+------------+------------+-------------+--------+-----------------+
+----------------------------------------+--------+-------------+------------+------------+-------------+--------+-----------------+
| Point                                  | Fanout | Capacitance | Resistance | Transition | Delta Delay | Incr   | Path            |
+----------------------------------------+--------+-------------+------------+------------+-------------+--------+-----------------+
| clk (port)                             |        | 0.018       | 0.000      | 0.000      |             | 0.000  | 0.000r          |
| clk (clock net)                        | 22     |             |            |            | NA          |        |                 |
| out[5]_reg_p:CK (DFFQX1H7L)            |        | 0.001       | 0.000      | 0.000      |             | 0.000  | 0.000r          |
| clock core_clock (rise edge)           |        |             |            |            |             | 0      | 0               |
| clock network delay (ideal)            |        |             |            |            |             | 0.000  | 0.000           |
| out[5]_reg_p:CK (DFFQX1H7L)            |        | 0.001       | 0.000      | 0.000      |             | 0.000  | 0.000r          |
| out[5]_reg_p:Q (DFFQX1H7L)             |        | 0.007       | 0.000      | 0.056      |             | 0.090  | 0.090f          |
| out_5_ (net)                           | 11     |             |            |            | 0.000       |        |                 |
| out[4]_reg_p_D_BUFX1H7L_Y:A (BUFX1H7L) |        | 0.001       | 0.000      | 0.056      |             | 0.000  | 0.090f          |
| out[4]_reg_p_D_BUFX1H7L_Y:Y (BUFX1H7L) |        | 0.001       | 0.000      | 0.015      |             | 0.040  | 0.131f          |
| out[4]_reg_p_D (net)                   | 1      |             |            |            | 0.000       |        |                 |
| out[4]_reg_p:D (DFFQX1H7L)             |        | 0.001       | 0.000      | 0.015      |             | 0.000  | 0.131f          |
|                                        |        |             |            |            |             |        |                 |
| clk (port)                             |        | 0.022       | 0.000      | 0.000      |             | 0.000  | 0.000r          |
| clk (clock net)                        | 22     |             |            |            | NA          |        |                 |
| out[4]_reg_p:CK (DFFQX1H7L)            |        | 0.001       | 0.000      | 0.000      |             | 0.000  | 0.000r          |
| clock core_clock (rise edge)           |        |             |            |            |             | 0      | 0               |
| clock network delay (ideal)            |        |             |            |            |             | 0.000  | 0.000           |
| out[4]_reg_p:CK (DFFQX1H7L)            |        |             |            |            |             |        | 0.000r          |
| library hold time                      |        |             |            |            |             | -0.008 | -0.008          |
| clock reconvergence pessimism          |        |             |            |            |             | -0.000 | -0.008          |
|                                        |        |             |            |            |             |        |                 |
| path cell delay                        |        |             |            |            |             |        | 0.131(100.000%) |
| path net delay                         |        |             |            |            |             |        | 0.000(0.000%)   |
|                                        |        |             |            |            |             |        |                 |
| data require time                      |        |             |            |            |             |        | -0.008          |
| data arrival time                      |        |             |            |            |             |        | 0.131           |
| slack (MET)                            |        |             |            |            |             |        | 0.139           |
+----------------------------------------+--------+-------------+------------+------------+-------------+--------+-----------------+
+-----------------------------------------------------+--------+-------------+------------+------------+-------------+--------+-----------------+
| Point                                               | Fanout | Capacitance | Resistance | Transition | Delta Delay | Incr   | Path            |
+-----------------------------------------------------+--------+-------------+------------+------------+-------------+--------+-----------------+
| clk (port)                                          |        | 0.018       | 0.000      | 0.000      |             | 0.000  | 0.000r          |
| clk (clock net)                                     | 22     |             |            |            | NA          |        |                 |
| out[3]_reg_p:CK (DFFQX1H7L)                         |        | 0.001       | 0.000      | 0.000      |             | 0.000  | 0.000r          |
| clock core_clock (rise edge)                        |        |             |            |            |             | 0      | 0               |
| clock network delay (ideal)                         |        |             |            |            |             | 0.000  | 0.000           |
| out[3]_reg_p:CK (DFFQX1H7L)                         |        | 0.001       | 0.000      | 0.000      |             | 0.000  | 0.000r          |
| out[3]_reg_p:Q (DFFQX1H7L)                          |        | 0.001       | 0.000      | 0.026      |             | 0.063  | 0.063f          |
| out_3_ (net)                                        | 2      |             |            |            | 0.000       |        |                 |
| out[2]_reg_p_D_BUFX1H7L_Y_A_BUFX7H7L_Y:A (BUFX7H7L) |        | 0.002       | 0.000      | 0.026      |             | 0.000  | 0.063f          |
| out[2]_reg_p_D_BUFX1H7L_Y_A_BUFX7H7L_Y:Y (BUFX7H7L) |        | 0.009       | 0.000      | 0.022      |             | 0.042  | 0.105f          |
| out[2]_reg_p_D_BUFX1H7L_Y_A (net)                   | 14     |             |            |            | 0.000       |        |                 |
| out[2]_reg_p_D_BUFX1H7L_Y:A (BUFX1H7L)              |        | 0.001       | 0.000      | 0.022      |             | 0.000  | 0.105f          |
| out[2]_reg_p_D_BUFX1H7L_Y:Y (BUFX1H7L)              |        | 0.001       | 0.000      | 0.013      |             | 0.031  | 0.137f          |
| out[2]_reg_p_D (net)                                | 1      |             |            |            | 0.000       |        |                 |
| out[2]_reg_p:D (DFFQX1H7L)                          |        | 0.001       | 0.000      | 0.013      |             | 0.000  | 0.137f          |
|                                                     |        |             |            |            |             |        |                 |
| clk (port)                                          |        | 0.022       | 0.000      | 0.000      |             | 0.000  | 0.000r          |
| clk (clock net)                                     | 22     |             |            |            | NA          |        |                 |
| out[2]_reg_p:CK (DFFQX1H7L)                         |        | 0.001       | 0.000      | 0.000      |             | 0.000  | 0.000r          |
| clock core_clock (rise edge)                        |        |             |            |            |             | 0      | 0               |
| clock network delay (ideal)                         |        |             |            |            |             | 0.000  | 0.000           |
| out[2]_reg_p:CK (DFFQX1H7L)                         |        |             |            |            |             |        | 0.000r          |
| library hold time                                   |        |             |            |            |             | -0.009 | -0.009          |
| clock reconvergence pessimism                       |        |             |            |            |             | -0.000 | -0.009          |
|                                                     |        |             |            |            |             |        |                 |
| path cell delay                                     |        |             |            |            |             |        | 0.137(100.000%) |
| path net delay                                      |        |             |            |            |             |        | 0.000(0.000%)   |
|                                                     |        |             |            |            |             |        |                 |
| data require time                                   |        |             |            |            |             |        | -0.009          |
| data arrival time                                   |        |             |            |            |             |        | 0.137           |
| slack (MET)                                         |        |             |            |            |             |        | 0.145           |
+-----------------------------------------------------+--------+-------------+------------+------------+-------------+--------+-----------------+
+------------------------------------------------------+--------+-------------+------------+------------+-------------+--------+-----------------+
| Point                                                | Fanout | Capacitance | Resistance | Transition | Delta Delay | Incr   | Path            |
+------------------------------------------------------+--------+-------------+------------+------------+-------------+--------+-----------------+
| clk (port)                                           |        | 0.018       | 0.000      | 0.000      |             | 0.000  | 0.000r          |
| clk (clock net)                                      | 22     |             |            |            | NA          |        |                 |
| out[5]_reg_p:CK (DFFQX1H7L)                          |        | 0.001       | 0.000      | 0.000      |             | 0.000  | 0.000r          |
| clock core_clock (rise edge)                         |        |             |            |            |             | 0      | 0               |
| clock network delay (ideal)                          |        |             |            |            |             | 0.000  | 0.000           |
| out[5]_reg_p:CK (DFFQX1H7L)                          |        | 0.001       | 0.000      | 0.000      |             | 0.000  | 0.000r          |
| out[5]_reg_p:Q (DFFQX1H7L)                           |        | 0.007       | 0.000      | 0.056      |             | 0.090  | 0.090f          |
| out_5_ (net)                                         | 11     |             |            |            | 0.000       |        |                 |
| seg1[5]_reg_p_D_AOAI211X1P4H7L_Y:A0 (AOAI211X1P4H7L) |        | 0.001       | 0.000      | 0.056      |             | 0.000  | 0.090f          |
| seg1[5]_reg_p_D_AOAI211X1P4H7L_Y:Y (AOAI211X1P4H7L)  |        | 0.001       | 0.000      | 0.015      |             | 0.047  | 0.137r          |
| seg1[5]_reg_p_D (net)                                | 1      |             |            |            | 0.000       |        |                 |
| seg1[5]_reg_p:D (DFFQX1H7L)                          |        | 0.001       | 0.000      | 0.015      |             | 0.000  | 0.137r          |
|                                                      |        |             |            |            |             |        |                 |
| clk (port)                                           |        | 0.022       | 0.000      | 0.000      |             | 0.000  | 0.000r          |
| clk (clock net)                                      | 22     |             |            |            | NA          |        |                 |
| seg1[5]_reg_p:CK (DFFQX1H7L)                         |        | 0.001       | 0.000      | 0.000      |             | 0.000  | 0.000r          |
| clock core_clock (rise edge)                         |        |             |            |            |             | 0      | 0               |
| clock network delay (ideal)                          |        |             |            |            |             | 0.000  | 0.000           |
| seg1[5]_reg_p:CK (DFFQX1H7L)                         |        |             |            |            |             |        | 0.000r          |
| library hold time                                    |        |             |            |            |             | -0.011 | -0.011          |
| clock reconvergence pessimism                        |        |             |            |            |             | -0.000 | -0.011          |
|                                                      |        |             |            |            |             |        |                 |
| path cell delay                                      |        |             |            |            |             |        | 0.137(100.000%) |
| path net delay                                       |        |             |            |            |             |        | 0.000(0.000%)   |
|                                                      |        |             |            |            |             |        |                 |
| data require time                                    |        |             |            |            |             |        | -0.011          |
| data arrival time                                    |        |             |            |            |             |        | 0.137           |
| slack (MET)                                          |        |             |            |            |             |        | 0.148           |
+------------------------------------------------------+--------+-------------+------------+------------+-------------+--------+-----------------+
