I20260203 19:22:40.504776 153227 Sta.cc:383] read verilog file /home/biruide/ysyx-workbench/yosys-sta/result/ex7O-500MHz/ex7O.netlist.v start
I20260203 19:22:40.508749 153227 VerilogParserRustC.cc:41] load verilog file /home/biruide/ysyx-workbench/yosys-sta/result/ex7O-500MHz/ex7O.netlist.v
r str /home/biruide/ysyx-workbench/yosys-sta/result/ex7O-500MHz/ex7O.netlist.v
I20260203 19:22:40.512072 153227 Sta.cc:391] read verilog end
I20260203 19:22:40.512136 153227 Sta.cc:309] load lib start
I20260203 19:22:40.516043 153260 Sta.cc:287] read liberty /home/biruide/ysyx-workbench/yosys-sta/scripts/../pdk/icsprout55/IP/STD_cell/ics55_LLSC_H7C_V1p10C100/ics55_LLSC_H7CL/liberty/ics55_LLSC_H7CL_typ_tt_1p2_25_nldm.lib start 
I20260203 19:22:40.516142 153260 LibParserRustC.cc:1285] load liberty file /home/biruide/ysyx-workbench/yosys-sta/scripts/../pdk/icsprout55/IP/STD_cell/ics55_LLSC_H7C_V1p10C100/ics55_LLSC_H7CL/liberty/ics55_LLSC_H7CL_typ_tt_1p2_25_nldm.lib
rust read lib file /home/biruide/ysyx-workbench/yosys-sta/scripts/../pdk/icsprout55/IP/STD_cell/ics55_LLSC_H7C_V1p10C100/ics55_LLSC_H7CL/liberty/ics55_LLSC_H7CL_typ_tt_1p2_25_nldm.lib
I20260203 19:22:46.531602 153260 LibParserRustC.cc:1294] load liberty file /home/biruide/ysyx-workbench/yosys-sta/scripts/../pdk/icsprout55/IP/STD_cell/ics55_LLSC_H7C_V1p10C100/ics55_LLSC_H7CL/liberty/ics55_LLSC_H7CL_typ_tt_1p2_25_nldm.lib success.
I20260203 19:22:46.531716 153260 Sta.cc:297] read liberty /home/biruide/ysyx-workbench/yosys-sta/scripts/../pdk/icsprout55/IP/STD_cell/ics55_LLSC_H7C_V1p10C100/ics55_LLSC_H7CL/liberty/ics55_LLSC_H7CL_typ_tt_1p2_25_nldm.lib end 
I20260203 19:22:46.532437 153227 Sta.cc:328] load lib end
I20260203 19:22:46.532537 153227 Sta.cc:417] link design ex7O start
I20260203 19:22:46.540405 153328 LibParserRustC.cc:1304] link liberty file /home/biruide/ysyx-workbench/yosys-sta/scripts/../pdk/icsprout55/IP/STD_cell/ics55_LLSC_H7C_V1p10C100/ics55_LLSC_H7CL/liberty/ics55_LLSC_H7CL_typ_tt_1p2_25_nldm.lib start.
I20260203 19:22:46.543340 153328 LibParserRustC.cc:666] unkown attri name: voltage_map in /home/biruide/ysyx-workbench/yosys-sta/scripts/../pdk/icsprout55/IP/STD_cell/ics55_LLSC_H7C_V1p10C100/ics55_LLSC_H7CL/liberty/ics55_LLSC_H7CL_typ_tt_1p2_25_nldm.lib line no 28
I20260203 19:23:04.574429 153328 LibParserRustC.cc:1310] link liberty file /home/biruide/ysyx-workbench/yosys-sta/scripts/../pdk/icsprout55/IP/STD_cell/ics55_LLSC_H7C_V1p10C100/ics55_LLSC_H7CL/liberty/ics55_LLSC_H7CL_typ_tt_1p2_25_nldm.lib success.
I20260203 19:23:04.581113 153227 Sta.cc:889] assign number2_7_ = ascll0_2_
I20260203 19:23:04.581159 153227 Sta.cc:889] assign number2_6_ = ascll0_2_
I20260203 19:23:04.581168 153227 Sta.cc:889] assign number2_5_ = ascll0_2_
I20260203 19:23:04.581176 153227 Sta.cc:889] assign number2_4_ = ascll0_2_
I20260203 19:23:04.581183 153227 Sta.cc:889] assign number2_3_ = ascll0_2_
I20260203 19:23:04.581192 153227 Sta.cc:889] assign number2_2_ = ascll0_2_
I20260203 19:23:04.581198 153227 Sta.cc:889] assign number2_1_ = ascll0_0_
I20260203 19:23:04.581205 153227 Sta.cc:889] assign number2_0_ = ascll0_0_
I20260203 19:23:04.581212 153227 Sta.cc:889] assign number1_7_ = ascll0_2_
I20260203 19:23:04.581219 153227 Sta.cc:889] assign number1_6_ = ascll0_2_
I20260203 19:23:04.581226 153227 Sta.cc:889] assign number1_5_ = ascll0_2_
I20260203 19:23:04.581233 153227 Sta.cc:889] assign number1_4_ = ascll0_2_
I20260203 19:23:04.581240 153227 Sta.cc:889] assign number1_3_ = ascll0_2_
I20260203 19:23:04.581247 153227 Sta.cc:889] assign number1_2_ = ascll0_2_
I20260203 19:23:04.581254 153227 Sta.cc:889] assign number1_1_ = ascll0_0_
I20260203 19:23:04.581261 153227 Sta.cc:889] assign number1_0_ = ascll0_0_
I20260203 19:23:04.581269 153227 Sta.cc:889] assign number0_7_ = ascll0_2_
I20260203 19:23:04.581276 153227 Sta.cc:889] assign number0_6_ = ascll0_2_
I20260203 19:23:04.581283 153227 Sta.cc:889] assign number0_5_ = ascll0_2_
I20260203 19:23:04.581290 153227 Sta.cc:889] assign number0_4_ = ascll0_2_
I20260203 19:23:04.581297 153227 Sta.cc:889] assign number0_3_ = ascll0_2_
I20260203 19:23:04.581305 153227 Sta.cc:889] assign number0_2_ = ascll0_2_
I20260203 19:23:04.581339 153227 Sta.cc:889] assign number0_1_ = ascll0_0_
I20260203 19:23:04.581353 153227 Sta.cc:889] assign number0_0_ = ascll0_0_
I20260203 19:23:04.581363 153227 Sta.cc:889] assign ascll0_7_ = ascll0_2_
I20260203 19:23:04.581372 153227 Sta.cc:889] assign ascll0_6_ = ascll0_2_
I20260203 19:23:04.581378 153227 Sta.cc:889] assign ascll0_5_ = ascll0_2_
I20260203 19:23:04.581411 153227 Sta.cc:889] assign ascll0_4_ = ascll0_2_
I20260203 19:23:04.581418 153227 Sta.cc:889] assign ascll0_3_ = ascll0_2_
I20260203 19:23:04.581425 153227 Sta.cc:889] assign ascll0_1_ = ascll0_0_
I20260203 19:23:04.581434 153227 Sta.cc:889] assign key1_7_ = ascll0_2_
I20260203 19:23:04.581440 153227 Sta.cc:889] assign key1_6_ = ascll0_2_
I20260203 19:23:04.581447 153227 Sta.cc:889] assign key1_5_ = ascll0_2_
I20260203 19:23:04.581454 153227 Sta.cc:889] assign key1_4_ = ascll0_2_
I20260203 19:23:04.581461 153227 Sta.cc:889] assign key1_3_ = ascll0_2_
I20260203 19:23:04.581468 153227 Sta.cc:889] assign key1_2_ = ascll0_2_
I20260203 19:23:04.581475 153227 Sta.cc:889] assign key1_1_ = ascll0_0_
I20260203 19:23:04.581482 153227 Sta.cc:889] assign key1_0_ = ascll0_0_
I20260203 19:23:04.581490 153227 Sta.cc:889] assign ascll1_7_ = ascll0_2_
I20260203 19:23:04.581496 153227 Sta.cc:889] assign ascll1_6_ = ascll0_2_
I20260203 19:23:04.581503 153227 Sta.cc:889] assign ascll1_5_ = ascll0_2_
I20260203 19:23:04.581511 153227 Sta.cc:889] assign ascll1_4_ = ascll0_2_
I20260203 19:23:04.581517 153227 Sta.cc:889] assign ascll1_3_ = ascll0_2_
I20260203 19:23:04.581523 153227 Sta.cc:889] assign ascll1_2_ = ascll0_2_
I20260203 19:23:04.581530 153227 Sta.cc:889] assign ascll1_1_ = ascll0_0_
I20260203 19:23:04.581537 153227 Sta.cc:889] assign ascll1_0_ = ascll0_0_
I20260203 19:23:04.581543 153227 Sta.cc:889] assign key0_7_ = ascll0_2_
I20260203 19:23:04.581550 153227 Sta.cc:889] assign key0_6_ = ascll0_2_
I20260203 19:23:04.581557 153227 Sta.cc:889] assign key0_5_ = ascll0_2_
I20260203 19:23:04.581568 153227 Sta.cc:889] assign key0_4_ = ascll0_2_
I20260203 19:23:04.581598 153227 Sta.cc:889] assign key0_3_ = ascll0_2_
I20260203 19:23:04.581611 153227 Sta.cc:889] assign key0_2_ = ascll0_2_
I20260203 19:23:04.581619 153227 Sta.cc:889] assign key0_1_ = ascll0_0_
I20260203 19:23:04.581626 153227 Sta.cc:889] assign key0_0_ = ascll0_0_
I20260203 19:23:04.581634 153227 Sta.cc:889] assign number3_3_ = ascll0_2_
I20260203 19:23:04.581641 153227 Sta.cc:889] assign number3_1_ = ascll0_0_
I20260203 19:23:04.581648 153227 Sta.cc:889] assign number3_0_ = ascll0_0_
I20260203 19:23:04.581656 153227 Sta.cc:889] assign number3_2_ = ascll0_2_
I20260203 19:23:04.581686 153227 Sta.cc:889] assign number3_4_ = ascll0_2_
I20260203 19:23:04.581698 153227 Sta.cc:889] assign number3_5_ = ascll0_2_
I20260203 19:23:04.581705 153227 Sta.cc:889] assign number3_6_ = ascll0_2_
I20260203 19:23:04.581712 153227 Sta.cc:889] assign number3_7_ = ascll0_2_
I20260203 19:23:04.581740 153227 Sta.cc:1106] link design ex7O end
I20260203 19:23:04.581745 153227 Sta.cc:1108] design ex7O inst num: 2
I20260203 19:23:04.582396 153227 Sta.cc:1110] design ex7O net num: 66
I20260203 19:23:04.582418 153227 Sta.cc:1112] design ex7O port num: 66
I20260203 19:23:04.582455 153227 Sta.cc:181] read sdc /home/biruide/ysyx-workbench/yosys-sta/scripts/default.sdc start 
I20260203 19:23:04.589084 153227 CmdCreateClock.cc:124] create clock core_clock for pin/port: clk
I20260203 19:23:04.589145 153227 Sta.cc:198] read sdc /home/biruide/ysyx-workbench/yosys-sta/scripts/default.sdc end 
I20260203 19:23:04.589969 153227 StaBuildGraph.cc:315] build graph start
I20260203 19:23:04.592396 153227 StaBuildGraph.cc:216] net clk has no driver.
I20260203 19:23:04.592458 153227 StaBuildGraph.cc:216] net ps2_data has no driver.
I20260203 19:23:04.592471 153227 StaBuildGraph.cc:216] net key0_0_ has no driver.
I20260203 19:23:04.592476 153227 StaBuildGraph.cc:216] net key0_1_ has no driver.
I20260203 19:23:04.592481 153227 StaBuildGraph.cc:216] net key0_2_ has no driver.
I20260203 19:23:04.592485 153227 StaBuildGraph.cc:216] net key0_3_ has no driver.
I20260203 19:23:04.592489 153227 StaBuildGraph.cc:216] net key0_4_ has no driver.
I20260203 19:23:04.592494 153227 StaBuildGraph.cc:216] net key0_5_ has no driver.
I20260203 19:23:04.592499 153227 StaBuildGraph.cc:216] net key0_6_ has no driver.
I20260203 19:23:04.592502 153227 StaBuildGraph.cc:216] net key0_7_ has no driver.
I20260203 19:23:04.592531 153227 StaBuildGraph.cc:216] net key1_0_ has no driver.
I20260203 19:23:04.592536 153227 StaBuildGraph.cc:216] net key1_1_ has no driver.
I20260203 19:23:04.592541 153227 StaBuildGraph.cc:216] net key1_2_ has no driver.
I20260203 19:23:04.592545 153227 StaBuildGraph.cc:216] net key1_3_ has no driver.
I20260203 19:23:04.592549 153227 StaBuildGraph.cc:216] net key1_4_ has no driver.
I20260203 19:23:04.592554 153227 StaBuildGraph.cc:216] net key1_5_ has no driver.
I20260203 19:23:04.592559 153227 StaBuildGraph.cc:216] net key1_6_ has no driver.
I20260203 19:23:04.592567 153227 StaBuildGraph.cc:216] net key1_7_ has no driver.
I20260203 19:23:04.592576 153227 StaBuildGraph.cc:216] net ascll0_1_ has no driver.
I20260203 19:23:04.592583 153227 StaBuildGraph.cc:216] net ascll0_3_ has no driver.
I20260203 19:23:04.592610 153227 StaBuildGraph.cc:216] net ascll0_4_ has no driver.
I20260203 19:23:04.592622 153227 StaBuildGraph.cc:216] net ascll0_5_ has no driver.
I20260203 19:23:04.592628 153227 StaBuildGraph.cc:216] net ascll0_6_ has no driver.
I20260203 19:23:04.592633 153227 StaBuildGraph.cc:216] net ascll0_7_ has no driver.
I20260203 19:23:04.592638 153227 StaBuildGraph.cc:216] net ascll1_0_ has no driver.
I20260203 19:23:04.592641 153227 StaBuildGraph.cc:216] net ascll1_1_ has no driver.
I20260203 19:23:04.592644 153227 StaBuildGraph.cc:216] net ascll1_2_ has no driver.
I20260203 19:23:04.592648 153227 StaBuildGraph.cc:216] net ascll1_3_ has no driver.
I20260203 19:23:04.592651 153227 StaBuildGraph.cc:216] net ascll1_4_ has no driver.
I20260203 19:23:04.592656 153227 StaBuildGraph.cc:216] net ascll1_5_ has no driver.
I20260203 19:23:04.592659 153227 StaBuildGraph.cc:216] net ascll1_6_ has no driver.
I20260203 19:23:04.592664 153227 StaBuildGraph.cc:216] net ascll1_7_ has no driver.
I20260203 19:23:04.592666 153227 StaBuildGraph.cc:216] net number0_0_ has no driver.
I20260203 19:23:04.592670 153227 StaBuildGraph.cc:216] net number0_1_ has no driver.
I20260203 19:23:04.592674 153227 StaBuildGraph.cc:216] net number0_2_ has no driver.
I20260203 19:23:04.592677 153227 StaBuildGraph.cc:216] net number0_3_ has no driver.
I20260203 19:23:04.592681 153227 StaBuildGraph.cc:216] net number0_4_ has no driver.
I20260203 19:23:04.592685 153227 StaBuildGraph.cc:216] net number0_5_ has no driver.
I20260203 19:23:04.592692 153227 StaBuildGraph.cc:216] net number0_6_ has no driver.
I20260203 19:23:04.592696 153227 StaBuildGraph.cc:216] net number0_7_ has no driver.
I20260203 19:23:04.592700 153227 StaBuildGraph.cc:216] net number1_0_ has no driver.
I20260203 19:23:04.592703 153227 StaBuildGraph.cc:216] net number1_1_ has no driver.
I20260203 19:23:04.592707 153227 StaBuildGraph.cc:216] net number1_2_ has no driver.
I20260203 19:23:04.592711 153227 StaBuildGraph.cc:216] net number1_3_ has no driver.
I20260203 19:23:04.593034 153227 StaBuildGraph.cc:216] net number1_4_ has no driver.
I20260203 19:23:04.593062 153227 StaBuildGraph.cc:216] net number1_5_ has no driver.
I20260203 19:23:04.593068 153227 StaBuildGraph.cc:216] net number1_6_ has no driver.
I20260203 19:23:04.593072 153227 StaBuildGraph.cc:216] net number1_7_ has no driver.
I20260203 19:23:04.593076 153227 StaBuildGraph.cc:216] net number2_0_ has no driver.
I20260203 19:23:04.593081 153227 StaBuildGraph.cc:216] net number2_1_ has no driver.
I20260203 19:23:04.593086 153227 StaBuildGraph.cc:216] net number2_2_ has no driver.
I20260203 19:23:04.593093 153227 StaBuildGraph.cc:216] net number2_3_ has no driver.
I20260203 19:23:04.593097 153227 StaBuildGraph.cc:216] net number2_4_ has no driver.
I20260203 19:23:04.593101 153227 StaBuildGraph.cc:216] net number2_5_ has no driver.
I20260203 19:23:04.593106 153227 StaBuildGraph.cc:216] net number2_6_ has no driver.
I20260203 19:23:04.593111 153227 StaBuildGraph.cc:216] net number2_7_ has no driver.
I20260203 19:23:04.593115 153227 StaBuildGraph.cc:216] net number3_0_ has no driver.
I20260203 19:23:04.593120 153227 StaBuildGraph.cc:216] net number3_1_ has no driver.
I20260203 19:23:04.593127 153227 StaBuildGraph.cc:216] net number3_2_ has no driver.
I20260203 19:23:04.593178 153227 StaBuildGraph.cc:216] net number3_3_ has no driver.
I20260203 19:23:04.593189 153227 StaBuildGraph.cc:216] net number3_4_ has no driver.
I20260203 19:23:04.593194 153227 StaBuildGraph.cc:216] net number3_5_ has no driver.
I20260203 19:23:04.593197 153227 StaBuildGraph.cc:216] net number3_6_ has no driver.
I20260203 19:23:04.593201 153227 StaBuildGraph.cc:216] net number3_7_ has no driver.
I20260203 19:23:04.593209 153227 StaBuildGraph.cc:332] build graph end
I20260203 19:23:04.593290 153227 Sta.cc:2834] update timing start
I20260203 19:23:04.593387 153227 StaApplySdc.cc:698] apply sdc start
I20260203 19:23:04.593426 153227 StaApplySdc.cc:729] apply sdc end
I20260203 19:23:04.593438 153227 StaClockPropagation.cc:324] ideal clock propagation start
I20260203 19:23:04.593444 153227 StaClockPropagation.cc:354] clock propagation clock num: 1
I20260203 19:23:04.593453 153227 StaClockPropagation.cc:422] ideal clock propagation end
I20260203 19:23:04.593500 153227 StaCheck.cc:129] found loop fwd start
I20260203 19:23:04.593510 153227 StaCheck.cc:148] found loop fwd end
I20260203 19:23:04.593516 153227 StaCheck.cc:150] found loop bwd start
I20260203 19:23:04.593523 153227 StaCheck.cc:172] found loop bwd end
I20260203 19:23:04.593546 153227 StaClockSlewDelayPropagation.cc:112] clock slew delay propagation start
I20260203 19:23:04.594681 153227 StaClockSlewDelayPropagation.cc:130] propagating current clock queue vertexes number is 1
I20260203 19:23:04.594765 153227 StaClockSlewDelayPropagation.cc:163] clock slew delay propagation end
I20260203 19:23:04.594822 153227 StaClockSlewDelayPropagation.cc:166] clock slew delay propagation memory usage 0MB
I20260203 19:23:04.594848 153227 StaClockSlewDelayPropagation.cc:169] clock slew delay propagation time elapsed 0.001302s
I20260203 19:23:04.594863 153227 StaClockPropagation.cc:326] propagated(kNormal) clock propagation start
I20260203 19:23:04.594867 153227 StaClockPropagation.cc:354] clock propagation clock num: 1
I20260203 19:23:04.594873 153227 StaClockPropagation.cc:424] propagated(kNormal) clock propagation end
I20260203 19:23:04.594878 153227 StaApplySdc.cc:698] apply sdc start
I20260203 19:23:04.594883 153227 StaApplySdc.cc:729] apply sdc end
I20260203 19:23:04.594888 153227 StaClockPropagation.cc:328] propagated(kGenerated) clock propagation start
I20260203 19:23:04.594892 153227 StaClockPropagation.cc:354] clock propagation clock num: 1
I20260203 19:23:04.594897 153227 StaClockPropagation.cc:426] propagated(kGenerated) clock propagation end
I20260203 19:23:04.594900 153227 StaApplySdc.cc:698] apply sdc start
I20260203 19:23:04.594904 153227 StaApplySdc.cc:729] apply sdc end
I20260203 19:23:04.594913 153227 StaBuildPropTag.cc:325] build propagation tag start
I20260203 19:23:04.594944 153227 StaBuildPropTag.cc:338] build propagation tag end
I20260203 19:23:04.594977 153227 StaDataPropagation.cc:676] data fwd propagation start
I20260203 19:23:04.595005 153227 StaDataPropagationBFS.cc:166] data fwd propagation bfs start
I20260203 19:23:04.595022 153227 StaDataPropagationBFS.cc:190] propagating current data queue vertexes number is 2
I20260203 19:23:04.600858 153227 StaDataPropagationBFS.cc:229] data fwd propagation bfs end
I20260203 19:23:04.601056 153227 StaDataPropagationBFS.cc:232] data fwd propagation bfs memory usage 0MB
I20260203 19:23:04.601073 153227 StaDataPropagationBFS.cc:234] data fwd propagation bfs time elapsed 0.006069s
I20260203 19:23:04.601083 153227 StaDataPropagation.cc:695] data fwd propagation end
I20260203 19:23:04.601167 153227 StaDataPropagation.cc:676] data fwd propagation start
I20260203 19:23:04.601217 153227 StaDataPropagationBFS.cc:166] data fwd propagation bfs start
I20260203 19:23:04.601230 153227 StaDataPropagationBFS.cc:190] propagating current data queue vertexes number is 2
I20260203 19:23:04.607373 153227 StaDataPropagationBFS.cc:229] data fwd propagation bfs end
I20260203 19:23:04.607465 153227 StaDataPropagationBFS.cc:232] data fwd propagation bfs memory usage 0MB
I20260203 19:23:04.607478 153227 StaDataPropagationBFS.cc:234] data fwd propagation bfs time elapsed 0.006263s
I20260203 19:23:04.607506 153227 StaDataPropagation.cc:695] data fwd propagation end
I20260203 19:23:04.607512 153227 StaAnalyze.cc:557] analyze timing path start
I20260203 19:23:04.607517 153227 StaAnalyze.cc:565] analyze timing path end vertex 1 total 64 start
[0;31mE20260203 19:23:04.607525 153227 StaAnalyze.cc:328] The output port key0_0_ is not constrained
[m[0;31mE20260203 19:23:04.608472 153227 StaAnalyze.cc:328] The output port key0_0_ is not constrained
[mI20260203 19:23:04.608493 153227 StaAnalyze.cc:599] analyze timing path end vertex 1 total 64 end
[0;31mE20260203 19:23:04.608500 153227 StaAnalyze.cc:328] The output port key0_1_ is not constrained
[m[0;31mE20260203 19:23:04.608505 153227 StaAnalyze.cc:328] The output port key0_1_ is not constrained
[m[0;31mE20260203 19:23:04.608512 153227 StaAnalyze.cc:328] The output port key0_2_ is not constrained
[m[0;31mE20260203 19:23:04.608518 153227 StaAnalyze.cc:328] The output port key0_2_ is not constrained
[m[0;31mE20260203 19:23:04.608525 153227 StaAnalyze.cc:328] The output port key0_3_ is not constrained
[m[0;31mE20260203 19:23:04.608531 153227 StaAnalyze.cc:328] The output port key0_3_ is not constrained
[m[0;31mE20260203 19:23:04.608537 153227 StaAnalyze.cc:328] The output port key0_4_ is not constrained
[m[0;31mE20260203 19:23:04.608544 153227 StaAnalyze.cc:328] The output port key0_4_ is not constrained
[mI20260203 19:23:04.608552 153227 StaAnalyze.cc:565] analyze timing path end vertex 11 total 64 start
I20260203 19:23:04.608556 153227 StaAnalyze.cc:599] analyze timing path end vertex 11 total 64 end
I20260203 19:23:04.608561 153227 StaAnalyze.cc:565] analyze timing path end vertex 21 total 64 start
I20260203 19:23:04.608565 153227 StaAnalyze.cc:599] analyze timing path end vertex 21 total 64 end
I20260203 19:23:04.608570 153227 StaAnalyze.cc:565] analyze timing path end vertex 31 total 64 start
I20260203 19:23:04.608575 153227 StaAnalyze.cc:599] analyze timing path end vertex 31 total 64 end
I20260203 19:23:04.608599 153227 StaAnalyze.cc:565] analyze timing path end vertex 41 total 64 start
I20260203 19:23:04.608609 153227 StaAnalyze.cc:599] analyze timing path end vertex 41 total 64 end
I20260203 19:23:04.608615 153227 StaAnalyze.cc:565] analyze timing path end vertex 51 total 64 start
I20260203 19:23:04.608620 153227 StaAnalyze.cc:599] analyze timing path end vertex 51 total 64 end
I20260203 19:23:04.608626 153227 StaAnalyze.cc:565] analyze timing path end vertex 61 total 64 start
I20260203 19:23:04.608629 153227 StaAnalyze.cc:599] analyze timing path end vertex 61 total 64 end
I20260203 19:23:04.608634 153227 StaAnalyze.cc:603] analyze timing path end
I20260203 19:23:04.608640 153227 StaApplySdc.cc:698] apply sdc start
I20260203 19:23:04.608645 153227 StaApplySdc.cc:729] apply sdc end
I20260203 19:23:04.608650 153227 StaDataPropagation.cc:698] data bwd propagation start
I20260203 19:23:04.614753 153227 StaDataPropagation.cc:703] data bwd propagation end
I20260203 19:23:04.614885 153227 Sta.cc:2895] update timing end
I20260203 19:23:04.614991 153227 Sta.cc:2898] update timing memory usage 0MB
I20260203 19:23:04.615130 153227 Sta.cc:2900] update timing time elapsed 0.021839s
I20260203 19:23:04.615466 153227 Sta.cc:2998] start write sta report.
I20260203 19:23:04.615496 153227 Sta.cc:2999] output sta report path: /home/biruide/ysyx-workbench/yosys-sta/result/ex7O-500MHz
I20260203 19:23:04.618712 153227 Sta.cc:1885] 
+----------+-------------+------------+------------+---------------+------+-------+-----------+
| Endpoint | Clock Group | Delay Type | Path Delay | Path Required | CPPR | Slack | Freq(MHz) |
+----------+-------------+------------+------------+---------------+------+-------+-----------+
I20260203 19:23:04.618791 153227 Sta.cc:1886] 
+-------+------------+-----+
| Clock | Delay Type | TNS |
+-------+------------+-----+
I20260203 19:23:04.620419 153227 NetlistWriter.cc:52] start write verilog file /home/biruide/ysyx-workbench/yosys-sta/result/ex7O-500MHz/ex7O.v
I20260203 19:23:04.621160 153227 NetlistWriter.cc:71] finish write verilog file /home/biruide/ysyx-workbench/yosys-sta/result/ex7O-500MHz/ex7O.v
I20260203 19:23:04.621196 153227 Sta.cc:3111] used lib: /home/biruide/ysyx-workbench/yosys-sta/scripts/../pdk/icsprout55/IP/STD_cell/ics55_LLSC_H7C_V1p10C100/ics55_LLSC_H7CL/liberty/ics55_LLSC_H7CL_typ_tt_1p2_25_nldm.lib
I20260203 19:23:04.621201 153227 Sta.cc:3096] The timing engine run success.
I20260203 19:23:04.622745 153227 Power.cc:854] build graph and seq graph start
I20260203 19:23:04.623642 153227 PwrBuildGraph.cc:80] build power graph start
I20260203 19:23:04.623744 153227 PwrBuildGraph.cc:170] build power graph end
I20260203 19:23:04.623785 153227 PwrBuildGraph.cc:172] build power graph memory usage 0MB
I20260203 19:23:04.623796 153227 PwrBuildGraph.cc:174] build power graph time elapsed 0.000156s
I20260203 19:23:04.623812 153227 PwrBuildSeqGraph.cc:326] build seq graph start
I20260203 19:23:04.634366 153227 PwrBuildSeqGraph.cc:330] build seq graph end
I20260203 19:23:04.634410 153227 PwrBuildSeqGraph.cc:332] seq inst num: 0
I20260203 19:23:04.634415 153227 PwrBuildSeqGraph.cc:333] input port num: 2
I20260203 19:23:04.634418 153227 PwrBuildSeqGraph.cc:334] output port num: 64
I20260203 19:23:04.634421 153227 PwrBuildSeqGraph.cc:335] seq macro num: 0
I20260203 19:23:04.634430 153227 PwrBuildSeqGraph.cc:336] seq arc num: 0
I20260203 19:23:04.634434 153227 PwrBuildSeqGraph.cc:339] seq vertex max fanout: 1
I20260203 19:23:04.634438 153227 PwrBuildSeqGraph.cc:340] seq vertex max fanin: 1
I20260203 19:23:04.634765 153227 PwrBuildSeqGraph.cc:343] build seq graph memory usage 200.824MB
I20260203 19:23:04.634783 153227 PwrBuildSeqGraph.cc:345] build seq graph time elapsed 0.010971s
I20260203 19:23:04.634790 153227 Power.cc:861] build graph and seq graph end
I20260203 19:23:04.634986 153227 Power.cc:863] build graph and seq graph memory usage 200.824MB
I20260203 19:23:04.635291 153227 Power.cc:866] build graph and seq graph time elapsed 0.012548s
I20260203 19:23:04.635315 153227 Power.cc:871] power annotate vcd start
I20260203 19:23:04.635319 153227 Power.cc:128] annotate toggle sp start
I20260203 19:23:04.635324 153227 Power.cc:134] annotate toggle sp end
I20260203 19:23:04.635327 153227 Power.cc:878] power vcd annotate end
I20260203 19:23:04.635339 153227 Power.cc:880] power vcd annotate memory usage 0MB
I20260203 19:23:04.635342 153227 Power.cc:882] power vcd annotate time elapsed 2.7e-05s
I20260203 19:23:04.635355 153227 Power.cc:896] power propagation start
I20260203 19:23:04.635373 153227 PwrCheckPipelineLoop.cc:122] check pipeline loop start
I20260203 19:23:04.635378 153227 PwrCheckPipelineLoop.cc:129] check pipeline loop end
I20260203 19:23:04.635398 153227 PwrCheckPipelineLoop.cc:137] check pipeline loop memory usage 0MB
I20260203 19:23:04.635403 153227 PwrCheckPipelineLoop.cc:139] check pipeline loop time elapsed 3e-05s
I20260203 19:23:04.635416 153227 PwrLevelizeSeqGraph.cc:93] seq levelization start
I20260203 19:23:04.635421 153227 PwrLevelizeSeqGraph.cc:101] seq levelization end
I20260203 19:23:04.635425 153227 PwrLevelizeSeqGraph.cc:103] the seq graph's level depth 1
I20260203 19:23:04.635447 153227 PwrLevelizeSeqGraph.cc:116] levelization memory usage 0MB
I20260203 19:23:04.635469 153227 PwrLevelizeSeqGraph.cc:118] levelization time elapsed 5.3e-05s
I20260203 19:23:04.635543 153227 PwrPropagateConst.cc:184] propagate const start
I20260203 19:23:04.635560 153227 PwrPropagateConst.cc:109] set tie cell fanout from ascll0_TIELOH7L_Z:Z data in vertex ascll0_2_
I20260203 19:23:04.635568 153227 PwrPropagateConst.cc:109] set tie cell fanout from ascll0_TIEHIH7L_Z:Z data in vertex ascll0_0_
I20260203 19:23:04.635576 153227 PwrPropagateConst.cc:288] propagate const end
I20260203 19:23:04.635589 153227 PwrPropagateConst.cc:290] propagate const memory usage 0MB
I20260203 19:23:04.635594 153227 PwrPropagateConst.cc:292] propagate const time elapsed 5.1e-05s
I20260203 19:23:04.635608 153227 PwrPropagateToggleSP.cc:202] propagate toggle sp start
I20260203 19:23:04.642544 153227 PwrPropagateToggleSP.cc:316] propagate toggle sp end
I20260203 19:23:04.642635 153227 PwrPropagateToggleSP.cc:319] propagate toggle sp memory usage 1900.54MB
I20260203 19:23:04.642690 153227 PwrPropagateToggleSP.cc:321] propagate toggle sp time elapsed 0.007082s
I20260203 19:23:04.642722 153227 PwrPropagateClock.cc:68] propagate clock start
I20260203 19:23:04.642737 153227 PwrPropagateClock.cc:80] propagate clock end
I20260203 19:23:04.642772 153227 PwrPropagateClock.cc:82] propagate clock memory usage 0MB
I20260203 19:23:04.642788 153227 PwrPropagateClock.cc:84] propagate clock time elapsed 6.6e-05s
I20260203 19:23:04.642795 153227 Power.cc:914] power propagation end
I20260203 19:23:04.642812 153227 Power.cc:916] power propagation memory usage 1900.54MB
I20260203 19:23:04.642817 153227 Power.cc:918] power propagation time elapsed 0.007461s
I20260203 19:23:04.642835 153227 Power.cc:267] power calculation start
I20260203 19:23:04.642860 153227 PwrCalcLeakagePower.cc:85] calc leakage power start
I20260203 19:23:04.642899 153227 PwrCalcLeakagePower.cc:119] calc leakage power result 7.04107e-09mw
I20260203 19:23:04.642910 153227 PwrCalcLeakagePower.cc:122] calc leakage power end
I20260203 19:23:04.642922 153227 PwrCalcLeakagePower.cc:124] calc leakage power memory usage 0MB
I20260203 19:23:04.642926 153227 PwrCalcLeakagePower.cc:126] calc leakage power time elapsed 6.6e-05s
I20260203 19:23:04.642941 153227 PwrCalcInternalPower.cc:565] calc internal power start
I20260203 19:23:04.642948 153227 PwrCalcInternalPower.cc:605] calc internal power result 0mW
I20260203 19:23:04.642953 153227 PwrCalcInternalPower.cc:607] calc internal power end
I20260203 19:23:04.642966 153227 PwrCalcInternalPower.cc:609] calc internal power memory usage 0MB
I20260203 19:23:04.642969 153227 PwrCalcInternalPower.cc:611] calc internal power time elapsed 2.9e-05s
I20260203 19:23:04.642982 153227 PwrCalcSwitchPower.cc:89] calc switch power start
I20260203 19:23:04.642987 153227 PwrCalcSwitchPower.cc:99] net clk has no load, skip switch power calculation.
I20260203 19:23:04.642992 153227 PwrCalcSwitchPower.cc:99] net ps2_data has no load, skip switch power calculation.
I20260203 19:23:04.642997 153227 PwrCalcSwitchPower.cc:106] net key0_0_ has no driver, skip switch power calculation.
I20260203 19:23:04.643000 153227 PwrCalcSwitchPower.cc:106] net key0_1_ has no driver, skip switch power calculation.
I20260203 19:23:04.643003 153227 PwrCalcSwitchPower.cc:106] net key0_2_ has no driver, skip switch power calculation.
I20260203 19:23:04.643008 153227 PwrCalcSwitchPower.cc:106] net key0_3_ has no driver, skip switch power calculation.
I20260203 19:23:04.643011 153227 PwrCalcSwitchPower.cc:106] net key0_4_ has no driver, skip switch power calculation.
I20260203 19:23:04.643015 153227 PwrCalcSwitchPower.cc:106] net key0_5_ has no driver, skip switch power calculation.
I20260203 19:23:04.643018 153227 PwrCalcSwitchPower.cc:106] net key0_6_ has no driver, skip switch power calculation.
I20260203 19:23:04.643023 153227 PwrCalcSwitchPower.cc:106] net key0_7_ has no driver, skip switch power calculation.
I20260203 19:23:04.643025 153227 PwrCalcSwitchPower.cc:106] net key1_0_ has no driver, skip switch power calculation.
I20260203 19:23:04.643029 153227 PwrCalcSwitchPower.cc:106] net key1_1_ has no driver, skip switch power calculation.
I20260203 19:23:04.643033 153227 PwrCalcSwitchPower.cc:106] net key1_2_ has no driver, skip switch power calculation.
I20260203 19:23:04.643036 153227 PwrCalcSwitchPower.cc:106] net key1_3_ has no driver, skip switch power calculation.
I20260203 19:23:04.643039 153227 PwrCalcSwitchPower.cc:106] net key1_4_ has no driver, skip switch power calculation.
I20260203 19:23:04.643046 153227 PwrCalcSwitchPower.cc:106] net key1_5_ has no driver, skip switch power calculation.
I20260203 19:23:04.643049 153227 PwrCalcSwitchPower.cc:106] net key1_6_ has no driver, skip switch power calculation.
I20260203 19:23:04.643054 153227 PwrCalcSwitchPower.cc:106] net key1_7_ has no driver, skip switch power calculation.
I20260203 19:23:04.643059 153227 PwrCalcSwitchPower.cc:106] net ascll0_1_ has no driver, skip switch power calculation.
I20260203 19:23:04.643069 153227 PwrCalcSwitchPower.cc:106] net ascll0_3_ has no driver, skip switch power calculation.
I20260203 19:23:04.643076 153227 PwrCalcSwitchPower.cc:106] net ascll0_4_ has no driver, skip switch power calculation.
I20260203 19:23:04.643080 153227 PwrCalcSwitchPower.cc:106] net ascll0_5_ has no driver, skip switch power calculation.
I20260203 19:23:04.643083 153227 PwrCalcSwitchPower.cc:106] net ascll0_6_ has no driver, skip switch power calculation.
I20260203 19:23:04.643086 153227 PwrCalcSwitchPower.cc:106] net ascll0_7_ has no driver, skip switch power calculation.
I20260203 19:23:04.643090 153227 PwrCalcSwitchPower.cc:106] net ascll1_0_ has no driver, skip switch power calculation.
I20260203 19:23:04.643093 153227 PwrCalcSwitchPower.cc:106] net ascll1_1_ has no driver, skip switch power calculation.
I20260203 19:23:04.643097 153227 PwrCalcSwitchPower.cc:106] net ascll1_2_ has no driver, skip switch power calculation.
I20260203 19:23:04.643100 153227 PwrCalcSwitchPower.cc:106] net ascll1_3_ has no driver, skip switch power calculation.
I20260203 19:23:04.643105 153227 PwrCalcSwitchPower.cc:106] net ascll1_4_ has no driver, skip switch power calculation.
I20260203 19:23:04.643107 153227 PwrCalcSwitchPower.cc:106] net ascll1_5_ has no driver, skip switch power calculation.
I20260203 19:23:04.643111 153227 PwrCalcSwitchPower.cc:106] net ascll1_6_ has no driver, skip switch power calculation.
I20260203 19:23:04.643114 153227 PwrCalcSwitchPower.cc:106] net ascll1_7_ has no driver, skip switch power calculation.
I20260203 19:23:04.643118 153227 PwrCalcSwitchPower.cc:106] net number0_0_ has no driver, skip switch power calculation.
I20260203 19:23:04.643121 153227 PwrCalcSwitchPower.cc:106] net number0_1_ has no driver, skip switch power calculation.
I20260203 19:23:04.643126 153227 PwrCalcSwitchPower.cc:106] net number0_2_ has no driver, skip switch power calculation.
I20260203 19:23:04.643128 153227 PwrCalcSwitchPower.cc:106] net number0_3_ has no driver, skip switch power calculation.
I20260203 19:23:04.643131 153227 PwrCalcSwitchPower.cc:106] net number0_4_ has no driver, skip switch power calculation.
I20260203 19:23:04.643136 153227 PwrCalcSwitchPower.cc:106] net number0_5_ has no driver, skip switch power calculation.
I20260203 19:23:04.643138 153227 PwrCalcSwitchPower.cc:106] net number0_6_ has no driver, skip switch power calculation.
I20260203 19:23:04.643142 153227 PwrCalcSwitchPower.cc:106] net number0_7_ has no driver, skip switch power calculation.
I20260203 19:23:04.643146 153227 PwrCalcSwitchPower.cc:106] net number1_0_ has no driver, skip switch power calculation.
I20260203 19:23:04.643148 153227 PwrCalcSwitchPower.cc:106] net number1_1_ has no driver, skip switch power calculation.
I20260203 19:23:04.643152 153227 PwrCalcSwitchPower.cc:106] net number1_2_ has no driver, skip switch power calculation.
I20260203 19:23:04.643157 153227 PwrCalcSwitchPower.cc:106] net number1_3_ has no driver, skip switch power calculation.
I20260203 19:23:04.643159 153227 PwrCalcSwitchPower.cc:106] net number1_4_ has no driver, skip switch power calculation.
I20260203 19:23:04.643162 153227 PwrCalcSwitchPower.cc:106] net number1_5_ has no driver, skip switch power calculation.
I20260203 19:23:04.643167 153227 PwrCalcSwitchPower.cc:106] net number1_6_ has no driver, skip switch power calculation.
I20260203 19:23:04.643169 153227 PwrCalcSwitchPower.cc:106] net number1_7_ has no driver, skip switch power calculation.
I20260203 19:23:04.643173 153227 PwrCalcSwitchPower.cc:106] net number2_0_ has no driver, skip switch power calculation.
I20260203 19:23:04.643177 153227 PwrCalcSwitchPower.cc:106] net number2_1_ has no driver, skip switch power calculation.
I20260203 19:23:04.643180 153227 PwrCalcSwitchPower.cc:106] net number2_2_ has no driver, skip switch power calculation.
I20260203 19:23:04.643183 153227 PwrCalcSwitchPower.cc:106] net number2_3_ has no driver, skip switch power calculation.
I20260203 19:23:04.643186 153227 PwrCalcSwitchPower.cc:106] net number2_4_ has no driver, skip switch power calculation.
I20260203 19:23:04.643193 153227 PwrCalcSwitchPower.cc:106] net number2_5_ has no driver, skip switch power calculation.
I20260203 19:23:04.643196 153227 PwrCalcSwitchPower.cc:106] net number2_6_ has no driver, skip switch power calculation.
I20260203 19:23:04.643200 153227 PwrCalcSwitchPower.cc:106] net number2_7_ has no driver, skip switch power calculation.
I20260203 19:23:04.643204 153227 PwrCalcSwitchPower.cc:106] net number3_0_ has no driver, skip switch power calculation.
I20260203 19:23:04.643208 153227 PwrCalcSwitchPower.cc:106] net number3_1_ has no driver, skip switch power calculation.
I20260203 19:23:04.643211 153227 PwrCalcSwitchPower.cc:106] net number3_2_ has no driver, skip switch power calculation.
I20260203 19:23:04.643214 153227 PwrCalcSwitchPower.cc:106] net number3_3_ has no driver, skip switch power calculation.
I20260203 19:23:04.643218 153227 PwrCalcSwitchPower.cc:106] net number3_4_ has no driver, skip switch power calculation.
I20260203 19:23:04.643221 153227 PwrCalcSwitchPower.cc:106] net number3_5_ has no driver, skip switch power calculation.
I20260203 19:23:04.643224 153227 PwrCalcSwitchPower.cc:106] net number3_6_ has no driver, skip switch power calculation.
I20260203 19:23:04.643229 153227 PwrCalcSwitchPower.cc:106] net number3_7_ has no driver, skip switch power calculation.
I20260203 19:23:04.643231 153227 PwrCalcSwitchPower.cc:173] calc switch power result 0mw
I20260203 19:23:04.643235 153227 PwrCalcSwitchPower.cc:175] calc switch power end
I20260203 19:23:04.643250 153227 PwrCalcSwitchPower.cc:177] calc switch power memory usage 0MB
I20260203 19:23:04.643277 153227 PwrCalcSwitchPower.cc:179] calc switch power time elapsed 0.000294s
I20260203 19:23:04.643296 153227 Power.cc:275] power calculation end
I20260203 19:23:04.643314 153227 Power.cc:277] power calculation memory usage 0MB
I20260203 19:23:04.643325 153227 Power.cc:279] power calculation time elapsed 0.00049s
I20260203 19:23:04.643342 153227 Power.cc:981] power report start, output dir: /home/biruide/ysyx-workbench/yosys-sta/result/ex7O-500MHz
I20260203 19:23:04.644474 153227 Power.cc:491] 
+---------------+----------------+--------------+---------------+-------------+------------+
| Power Group   | Internal Power | Switch Power | Leakage Power | Total Power | (%)        |
+---------------+----------------+--------------+---------------+-------------+------------+
| combinational | 0.000e+00      | 0.000e+00    | 7.041e-12     | 7.041e-12   | (100.000%) |
+---------------+----------------+--------------+---------------+-------------+------------+
I20260203 19:23:04.644697 153227 Power.cc:543] Total Power   ==  7.04107e-12 W
I20260203 19:23:04.644768 153227 Power.cc:669] Instance Power Report: 
I20260203 19:23:04.644776 153227 Power.cc:670] 
+---------------+-----------------+----------------+--------------+---------------+-------------+
| Instance Name | Nominal Voltage | Internal Power | Switch Power | Leakage Power | Total Power |
+---------------+-----------------+----------------+--------------+---------------+-------------+
I20260203 19:23:04.645133 153227 Power.cc:1047] power report end, output dir: /home/biruide/ysyx-workbench/yosys-sta/result/ex7O-500MHz
I20260203 19:23:04.645202 153227 Power.cc:1049] power report memory usage 0MB
I20260203 19:23:04.645217 153227 Power.cc:1051] power report time elapsed 0.001876s
