I20260210 19:36:37.875814 70247 Sta.cc:383] read verilog file /home/biruide/ysyx-workbench/yosys-sta/result/water-500MHz/water.netlist.v start
I20260210 19:36:37.879784 70247 VerilogParserRustC.cc:41] load verilog file /home/biruide/ysyx-workbench/yosys-sta/result/water-500MHz/water.netlist.v
r str /home/biruide/ysyx-workbench/yosys-sta/result/water-500MHz/water.netlist.v
I20260210 19:36:37.884608 70247 Sta.cc:391] read verilog end
I20260210 19:36:37.884687 70247 Sta.cc:309] load lib start
I20260210 19:36:37.889513 70280 Sta.cc:287] read liberty /home/biruide/ysyx-workbench/yosys-sta/scripts/../pdk/icsprout55/IP/STD_cell/ics55_LLSC_H7C_V1p10C100/ics55_LLSC_H7CL/liberty/ics55_LLSC_H7CL_typ_tt_1p2_25_nldm.lib start 
I20260210 19:36:37.889642 70280 LibParserRustC.cc:1285] load liberty file /home/biruide/ysyx-workbench/yosys-sta/scripts/../pdk/icsprout55/IP/STD_cell/ics55_LLSC_H7C_V1p10C100/ics55_LLSC_H7CL/liberty/ics55_LLSC_H7CL_typ_tt_1p2_25_nldm.lib
rust read lib file /home/biruide/ysyx-workbench/yosys-sta/scripts/../pdk/icsprout55/IP/STD_cell/ics55_LLSC_H7C_V1p10C100/ics55_LLSC_H7CL/liberty/ics55_LLSC_H7CL_typ_tt_1p2_25_nldm.lib
I20260210 19:36:42.962240 70280 LibParserRustC.cc:1294] load liberty file /home/biruide/ysyx-workbench/yosys-sta/scripts/../pdk/icsprout55/IP/STD_cell/ics55_LLSC_H7C_V1p10C100/ics55_LLSC_H7CL/liberty/ics55_LLSC_H7CL_typ_tt_1p2_25_nldm.lib success.
I20260210 19:36:42.962327 70280 Sta.cc:297] read liberty /home/biruide/ysyx-workbench/yosys-sta/scripts/../pdk/icsprout55/IP/STD_cell/ics55_LLSC_H7C_V1p10C100/ics55_LLSC_H7CL/liberty/ics55_LLSC_H7CL_typ_tt_1p2_25_nldm.lib end 
I20260210 19:36:42.962684 70247 Sta.cc:328] load lib end
I20260210 19:36:42.962759 70247 Sta.cc:417] link design water start
I20260210 19:36:42.969619 70365 LibParserRustC.cc:1304] link liberty file /home/biruide/ysyx-workbench/yosys-sta/scripts/../pdk/icsprout55/IP/STD_cell/ics55_LLSC_H7C_V1p10C100/ics55_LLSC_H7CL/liberty/ics55_LLSC_H7CL_typ_tt_1p2_25_nldm.lib start.
I20260210 19:36:42.972332 70365 LibParserRustC.cc:666] unkown attri name: voltage_map in /home/biruide/ysyx-workbench/yosys-sta/scripts/../pdk/icsprout55/IP/STD_cell/ics55_LLSC_H7C_V1p10C100/ics55_LLSC_H7CL/liberty/ics55_LLSC_H7CL_typ_tt_1p2_25_nldm.lib line no 28
I20260210 19:37:01.467753 70365 LibParserRustC.cc:1310] link liberty file /home/biruide/ysyx-workbench/yosys-sta/scripts/../pdk/icsprout55/IP/STD_cell/ics55_LLSC_H7C_V1p10C100/ics55_LLSC_H7CL/liberty/ics55_LLSC_H7CL_typ_tt_1p2_25_nldm.lib success.
I20260210 19:37:01.474010 70247 Sta.cc:1106] link design water end
I20260210 19:37:01.474102 70247 Sta.cc:1108] design water inst num: 140
I20260210 19:37:01.474823 70247 Sta.cc:1110] design water net num: 142
I20260210 19:37:01.474851 70247 Sta.cc:1112] design water port num: 12
I20260210 19:37:01.475001 70247 Sta.cc:181] read sdc /home/biruide/ysyx-workbench/yosys-sta/scripts/default.sdc start 
I20260210 19:37:01.480597 70247 CmdCreateClock.cc:124] create clock core_clock for pin/port: clk
I20260210 19:37:01.480647 70247 Sta.cc:198] read sdc /home/biruide/ysyx-workbench/yosys-sta/scripts/default.sdc end 
I20260210 19:37:01.481289 70247 StaBuildGraph.cc:315] build graph start
I20260210 19:37:01.484849 70247 StaBuildGraph.cc:332] build graph end
I20260210 19:37:01.484964 70247 Sta.cc:2834] update timing start
I20260210 19:37:01.485054 70247 StaApplySdc.cc:698] apply sdc start
I20260210 19:37:01.485077 70247 StaApplySdc.cc:729] apply sdc end
I20260210 19:37:01.485085 70247 StaClockPropagation.cc:324] ideal clock propagation start
I20260210 19:37:01.485090 70247 StaClockPropagation.cc:354] clock propagation clock num: 1
I20260210 19:37:01.485110 70247 StaClockPropagation.cc:203] clock propagate end to vertex out[0]_reg_p:CK
I20260210 19:37:01.485172 70247 StaClockPropagation.cc:422] ideal clock propagation end
I20260210 19:37:01.485175 70247 StaCheck.cc:129] found loop fwd start
I20260210 19:37:01.485221 70247 StaCheck.cc:148] found loop fwd end
I20260210 19:37:01.485225 70247 StaCheck.cc:150] found loop bwd start
I20260210 19:37:01.485257 70247 StaCheck.cc:172] found loop bwd end
I20260210 19:37:01.485281 70247 StaClockSlewDelayPropagation.cc:112] clock slew delay propagation start
I20260210 19:37:01.485891 70247 StaClockSlewDelayPropagation.cc:130] propagating current clock queue vertexes number is 1
I20260210 19:37:01.486402 70247 StaClockSlewDelayPropagation.cc:130] propagating current clock queue vertexes number is 33
I20260210 19:37:01.486511 70247 StaClockSlewDelayPropagation.cc:130] propagating current clock queue vertexes number is 1
I20260210 19:37:01.486562 70247 StaClockSlewDelayPropagation.cc:130] propagating current clock queue vertexes number is 10
I20260210 19:37:01.486611 70247 StaClockSlewDelayPropagation.cc:163] clock slew delay propagation end
I20260210 19:37:01.486650 70247 StaClockSlewDelayPropagation.cc:166] clock slew delay propagation memory usage 0MB
I20260210 19:37:01.486680 70247 StaClockSlewDelayPropagation.cc:169] clock slew delay propagation time elapsed 0.0014s
I20260210 19:37:01.486792 70247 StaClockPropagation.cc:326] propagated(kNormal) clock propagation start
I20260210 19:37:01.486799 70247 StaClockPropagation.cc:354] clock propagation clock num: 1
I20260210 19:37:01.486802 70247 StaClockPropagation.cc:424] propagated(kNormal) clock propagation end
I20260210 19:37:01.486806 70247 StaApplySdc.cc:698] apply sdc start
I20260210 19:37:01.486809 70247 StaApplySdc.cc:729] apply sdc end
I20260210 19:37:01.486812 70247 StaClockPropagation.cc:328] propagated(kGenerated) clock propagation start
I20260210 19:37:01.486815 70247 StaClockPropagation.cc:354] clock propagation clock num: 1
I20260210 19:37:01.486819 70247 StaClockPropagation.cc:426] propagated(kGenerated) clock propagation end
I20260210 19:37:01.486821 70247 StaApplySdc.cc:698] apply sdc start
I20260210 19:37:01.486824 70247 StaApplySdc.cc:729] apply sdc end
I20260210 19:37:01.486827 70247 StaBuildPropTag.cc:325] build propagation tag start
I20260210 19:37:01.486925 70247 StaBuildPropTag.cc:338] build propagation tag end
I20260210 19:37:01.486945 70247 StaDataPropagation.cc:676] data fwd propagation start
I20260210 19:37:01.486968 70247 StaDataPropagationBFS.cc:166] data fwd propagation bfs start
I20260210 19:37:01.487007 70247 StaDataPropagationBFS.cc:190] propagating current data queue vertexes number is 43
I20260210 19:37:01.489892 70464 StaDataPropagationBFS.cc:82] Thread 123729711441472 date fwd propagate found start vertex.myTime_15__reg_p:CK
I20260210 19:37:01.489984 70484 StaDataPropagationBFS.cc:82] Thread 123729300395584 date fwd propagate found start vertex.myTime_13__reg_p:CK
[0;31mE20260210 19:37:01.490176 70464 Lib.cc:181] Warning: val outside table ranges:  val = 0; min_val = 0.0121961; max_val = 0.795659
[m[0;31mE20260210 19:37:01.490196 70484 Lib.cc:181] Warning: val outside table ranges:  val = 0; min_val = 0.0121961; max_val = 0.795659
[mI20260210 19:37:01.489851 70456 StaDataPropagationBFS.cc:82] Thread 123729643198016 date fwd propagate found start vertex.myTime_11__reg_p:CK
[0;31mE20260210 19:37:01.489969 70461 Lib.cc:181] Warning: val outside table ranges:  val = 0; min_val = 0.0121961; max_val = 0.795659
[mI20260210 19:37:01.489955 70459 StaDataPropagationBFS.cc:82] Thread 123729753404992 date fwd propagate found start vertex.myTime_12__reg_p:CK
[0;31mE20260210 19:37:01.489966 70466 Lib.cc:181] Warning: val outside table ranges:  val = 0; min_val = 0.0121961; max_val = 0.795659
[mI20260210 19:37:01.489907 70458 StaDataPropagationBFS.cc:82] Thread 123729836230208 date fwd propagate found start vertex.myTime_17__reg_p:CK
I20260210 19:37:01.489840 70453 StaDataPropagationBFS.cc:82] Thread 123729618019904 date fwd propagate found start vertex.reset
I20260210 19:37:01.489907 70460 StaDataPropagationBFS.cc:82] Thread 123729745012288 date fwd propagate found start vertex.myTime_18__reg_p:CK
[0;31mE20260210 19:37:01.490051 70468 Lib.cc:181] Warning: val outside table ranges:  val = 0; min_val = 0.0121961; max_val = 0.795659
[mI20260210 19:37:01.489862 70457 StaDataPropagationBFS.cc:82] Thread 123729844622912 date fwd propagate found start vertex.myTime_14__reg_p:CK
I20260210 19:37:01.489929 70455 StaDataPropagationBFS.cc:82] Thread 123729634805312 date fwd propagate found start vertex.myTime_0__reg_p:CK
[0;31mE20260210 19:37:01.490108 70462 Lib.cc:181] Warning: val outside table ranges:  val = 0; min_val = 0.0121961; max_val = 0.795659
[m[0;31mE20260210 19:37:01.489951 70463 Lib.cc:181] Warning: val outside table ranges:  val = 0; min_val = 0.0121961; max_val = 0.795659
[m[0;31mE20260210 19:37:01.490449 70465 Lib.cc:181] Warning: val outside table ranges:  val = 0; min_val = 0.0121961; max_val = 0.795659
[m[0;31mE20260210 19:37:01.490474 70469 Lib.cc:181] Warning: val outside table ranges:  val = 0; min_val = 0.0121961; max_val = 0.795659
[m[0;31mE20260210 19:37:01.490479 70470 Lib.cc:181] Warning: val outside table ranges:  val = 0; min_val = 0.0121961; max_val = 0.795659
[mI20260210 19:37:01.489851 70454 StaDataPropagationBFS.cc:82] Thread 123729626412608 date fwd propagate found start vertex.myTime_10__reg_p:CK
I20260210 19:37:01.735966 70247 StaDataPropagationBFS.cc:190] propagating current data queue vertexes number is 52
I20260210 19:37:01.739527 70247 StaDataPropagationBFS.cc:190] propagating current data queue vertexes number is 119
I20260210 19:37:01.745761 70247 StaDataPropagationBFS.cc:190] propagating current data queue vertexes number is 32
I20260210 19:37:01.749166 70247 StaDataPropagationBFS.cc:190] propagating current data queue vertexes number is 68
I20260210 19:37:01.754899 70247 StaDataPropagationBFS.cc:190] propagating current data queue vertexes number is 18
I20260210 19:37:01.761842 70247 StaDataPropagationBFS.cc:190] propagating current data queue vertexes number is 39
I20260210 19:37:01.771189 70247 StaDataPropagationBFS.cc:190] propagating current data queue vertexes number is 24
I20260210 19:37:01.775794 70247 StaDataPropagationBFS.cc:190] propagating current data queue vertexes number is 25
I20260210 19:37:01.779561 70247 StaDataPropagationBFS.cc:190] propagating current data queue vertexes number is 4
I20260210 19:37:01.786010 70247 StaDataPropagationBFS.cc:190] propagating current data queue vertexes number is 21
I20260210 19:37:01.791531 70247 StaDataPropagationBFS.cc:190] propagating current data queue vertexes number is 18
I20260210 19:37:01.798449 70247 StaDataPropagationBFS.cc:190] propagating current data queue vertexes number is 18
I20260210 19:37:01.812258 70247 StaDataPropagationBFS.cc:229] data fwd propagation bfs end
I20260210 19:37:01.812415 70247 StaDataPropagationBFS.cc:232] data fwd propagation bfs memory usage 1768.8MB
I20260210 19:37:01.812439 70247 StaDataPropagationBFS.cc:234] data fwd propagation bfs time elapsed 0.325471s
I20260210 19:37:01.812448 70247 StaDataPropagation.cc:695] data fwd propagation end
I20260210 19:37:01.812458 70247 StaDataPropagation.cc:676] data fwd propagation start
I20260210 19:37:01.812472 70247 StaDataPropagationBFS.cc:166] data fwd propagation bfs start
I20260210 19:37:01.812507 70247 StaDataPropagationBFS.cc:190] propagating current data queue vertexes number is 0
I20260210 19:37:01.815748 70247 StaDataPropagationBFS.cc:229] data fwd propagation bfs end
I20260210 19:37:01.815847 70247 StaDataPropagationBFS.cc:232] data fwd propagation bfs memory usage 0MB
I20260210 19:37:01.815860 70247 StaDataPropagationBFS.cc:234] data fwd propagation bfs time elapsed 0.003388s
I20260210 19:37:01.815865 70247 StaDataPropagation.cc:695] data fwd propagation end
I20260210 19:37:01.815872 70247 StaAnalyze.cc:557] analyze timing path start
I20260210 19:37:01.815876 70247 StaAnalyze.cc:565] analyze timing path end vertex 1 total 53 start
[0;31mE20260210 19:37:01.815882 70247 StaAnalyze.cc:328] The output port out_0_ is not constrained
[m[0;31mE20260210 19:37:01.815922 70247 StaAnalyze.cc:328] The output port out_0_ is not constrained
[mI20260210 19:37:01.815927 70247 StaAnalyze.cc:599] analyze timing path end vertex 1 total 53 end
[0;31mE20260210 19:37:01.815929 70247 StaAnalyze.cc:328] The output port out_1_ is not constrained
[m[0;31mE20260210 19:37:01.815934 70247 StaAnalyze.cc:328] The output port out_1_ is not constrained
[m[0;31mE20260210 19:37:01.815938 70247 StaAnalyze.cc:328] The output port out_2_ is not constrained
[m[0;31mE20260210 19:37:01.815943 70247 StaAnalyze.cc:328] The output port out_2_ is not constrained
[m[0;31mE20260210 19:37:01.815946 70247 StaAnalyze.cc:328] The output port out_3_ is not constrained
[m[0;31mE20260210 19:37:01.815950 70247 StaAnalyze.cc:328] The output port out_3_ is not constrained
[m[0;31mE20260210 19:37:01.815954 70247 StaAnalyze.cc:328] The output port out_4_ is not constrained
[m[0;31mE20260210 19:37:01.815958 70247 StaAnalyze.cc:328] The output port out_4_ is not constrained
[mI20260210 19:37:01.815977 70247 StaAnalyze.cc:565] analyze timing path end vertex 11 total 53 start
I20260210 19:37:01.816020 70247 StaAnalyze.cc:599] analyze timing path end vertex 11 total 53 end
I20260210 19:37:01.816079 70247 StaAnalyze.cc:303] add path data num 2 to myTime_0__reg_p:D
I20260210 19:37:01.816159 70247 StaAnalyze.cc:565] analyze timing path end vertex 21 total 53 start
I20260210 19:37:01.816229 70247 StaAnalyze.cc:599] analyze timing path end vertex 21 total 53 end
I20260210 19:37:01.816272 70247 StaAnalyze.cc:565] analyze timing path end vertex 31 total 53 start
I20260210 19:37:01.816279 70247 StaAnalyze.cc:599] analyze timing path end vertex 31 total 53 end
I20260210 19:37:01.816319 70247 StaAnalyze.cc:565] analyze timing path end vertex 41 total 53 start
I20260210 19:37:01.816345 70247 StaAnalyze.cc:599] analyze timing path end vertex 41 total 53 end
I20260210 19:37:01.816402 70247 StaAnalyze.cc:565] analyze timing path end vertex 51 total 53 start
I20260210 19:37:01.816429 70247 StaAnalyze.cc:599] analyze timing path end vertex 51 total 53 end
I20260210 19:37:01.816453 70247 StaAnalyze.cc:603] analyze timing path end
I20260210 19:37:01.816457 70247 StaApplySdc.cc:698] apply sdc start
I20260210 19:37:01.816461 70247 StaApplySdc.cc:729] apply sdc end
I20260210 19:37:01.816468 70247 StaDataPropagation.cc:698] data bwd propagation start
I20260210 19:37:01.820354 70247 StaDataPropagation.cc:249] propagate start vertex myTime_0__reg_p:CK
I20260210 19:37:01.820421 70247 StaDataPropagation.cc:172] Thread 123729873195136 data bwd propagate found end vertex.myTime_0__reg_p:D
I20260210 19:37:01.820451 70247 StaDataPropagation.cc:172] Thread 123729873195136 data bwd propagate found end vertex.myTime_1__reg_p:D
I20260210 19:37:01.820469 70247 StaDataPropagation.cc:172] Thread 123729873195136 data bwd propagate found end vertex.is_ICGX0P5H7L_E:E
I20260210 19:37:01.820482 70247 StaDataPropagation.cc:172] Thread 123729873195136 data bwd propagate found end vertex.myTime_6__reg_p:D
I20260210 19:37:01.820506 70247 StaDataPropagation.cc:172] Thread 123729873195136 data bwd propagate found end vertex.myTime_10__reg_p:D
I20260210 19:37:01.820516 70247 StaDataPropagation.cc:172] Thread 123729873195136 data bwd propagate found end vertex.myTime_11__reg_p:D
I20260210 19:37:01.820528 70247 StaDataPropagation.cc:172] Thread 123729873195136 data bwd propagate found end vertex.myTime_12__reg_p:D
I20260210 19:37:01.820537 70247 StaDataPropagation.cc:172] Thread 123729873195136 data bwd propagate found end vertex.myTime_13__reg_p:D
I20260210 19:37:01.820545 70247 StaDataPropagation.cc:172] Thread 123729873195136 data bwd propagate found end vertex.myTime_14__reg_p:D
I20260210 19:37:01.820554 70247 StaDataPropagation.cc:172] Thread 123729873195136 data bwd propagate found end vertex.myTime_15__reg_p:D
I20260210 19:37:01.822103 70247 StaDataPropagation.cc:703] data bwd propagation end
I20260210 19:37:01.822135 70247 Sta.cc:2895] update timing end
I20260210 19:37:01.822192 70247 Sta.cc:2898] update timing memory usage 1768.8MB
I20260210 19:37:01.822206 70247 Sta.cc:2900] update timing time elapsed 0.337241s
I20260210 19:37:01.822518 70247 Sta.cc:2998] start write sta report.
I20260210 19:37:01.822531 70247 Sta.cc:2999] output sta report path: /home/biruide/ysyx-workbench/yosys-sta/result/water-500MHz
I20260210 19:37:01.825055 70247 StaReport.cc:211] report the clock group core_clock 5 timing paths.
I20260210 19:37:01.825100 70247 StaReport.cc:206] report the clock group **clock_gating_default** 2 timing paths.
I20260210 19:37:01.825731 70247 StaReport.cc:211] report the clock group core_clock 5 timing paths.
I20260210 19:37:01.825949 70247 StaReport.cc:206] report the clock group **clock_gating_default** 2 timing paths.
I20260210 19:37:01.825968 70247 StaReport.cc:211] report the clock group core_clock 1 timing paths.
I20260210 19:37:01.825973 70247 StaReport.cc:206] report the clock group **clock_gating_default** 1 timing paths.
I20260210 19:37:01.826004 70247 StaReport.cc:211] report the clock group core_clock 5 timing paths.
I20260210 19:37:01.826035 70247 StaReport.cc:206] report the clock group **clock_gating_default** 2 timing paths.
I20260210 19:37:01.826493 70247 StaReport.cc:211] report the clock group core_clock 5 timing paths.
I20260210 19:37:01.826637 70247 StaReport.cc:206] report the clock group **clock_gating_default** 2 timing paths.
I20260210 19:37:01.826689 70247 StaReport.cc:211] report the clock group core_clock 1 timing paths.
I20260210 19:37:01.826696 70247 StaReport.cc:206] report the clock group **clock_gating_default** 1 timing paths.
I20260210 19:37:01.826700 70247 Sta.cc:1885] 
+--------------------+--------------------------+------------+------------+---------------+-------+-------+-----------+
| Endpoint           | Clock Group              | Delay Type | Path Delay | Path Required | CPPR  | Slack | Freq(MHz) |
+--------------------+--------------------------+------------+------------+---------------+-------+-------+-----------+
| myTime_12__reg_p:D | core_clock               | max        | 0.416f     | 1.955         | 0.000 | 1.539 | 2168.073  |
| myTime_10__reg_p:D | core_clock               | max        | 0.416f     | 1.956         | 0.000 | 1.540 | 2175.081  |
| myTime_3__reg_p:D  | core_clock               | max        | 0.416f     | 1.956         | 0.000 | 1.540 | 2175.081  |
| myTime_4__reg_p:D  | core_clock               | max        | 0.416f     | 1.956         | 0.000 | 1.540 | 2175.081  |
| myTime_16__reg_p:D | core_clock               | max        | 0.416f     | 1.956         | 0.000 | 1.540 | 2175.081  |
| is_ICGX0P5H7L_E:E  | **clock_gating_default** | max        | 0.388r     | 1.936         | 0.000 | 1.548 | NA        |
| is_ICGX0P5H7L_E:E  | **clock_gating_default** | max        | 0.230f     | 1.965         | 0.000 | 1.735 | NA        |
| out[0]_reg_p:D     | core_clock               | min        | 0.092f     | -0.009        | 0.000 | 0.100 | NA        |
| out[4]_reg_p:D     | core_clock               | min        | 0.092f     | -0.009        | 0.000 | 0.100 | NA        |
| out[3]_reg_p:D     | core_clock               | min        | 0.092f     | -0.009        | 0.000 | 0.100 | NA        |
| out[1]_reg_p:D     | core_clock               | min        | 0.092f     | -0.009        | 0.000 | 0.100 | NA        |
| out[2]_reg_p:D     | core_clock               | min        | 0.092f     | -0.009        | 0.000 | 0.100 | NA        |
| is_ICGX0P5H7L_E:E  | **clock_gating_default** | min        | 0.124f     | -0.002        | 0.000 | 0.126 | NA        |
| is_ICGX0P5H7L_E:E  | **clock_gating_default** | min        | 0.158r     | -0.025        | 0.000 | 0.183 | NA        |
+--------------------+--------------------------+------------+------------+---------------+-------+-------+-----------+
I20260210 19:37:01.826941 70247 Sta.cc:1886] 
+------------+------------+-------+
| Clock      | Delay Type | TNS   |
+------------+------------+-------+
| core_clock | max        | 0.000 |
| core_clock | min        | 0.000 |
+------------+------------+-------+
I20260210 19:37:01.838426 70247 NetlistWriter.cc:52] start write verilog file /home/biruide/ysyx-workbench/yosys-sta/result/water-500MHz/water.v
I20260210 19:37:01.840415 70247 NetlistWriter.cc:71] finish write verilog file /home/biruide/ysyx-workbench/yosys-sta/result/water-500MHz/water.v
I20260210 19:37:01.840456 70247 Sta.cc:3111] used lib: /home/biruide/ysyx-workbench/yosys-sta/scripts/../pdk/icsprout55/IP/STD_cell/ics55_LLSC_H7C_V1p10C100/ics55_LLSC_H7CL/liberty/ics55_LLSC_H7CL_typ_tt_1p2_25_nldm.lib
I20260210 19:37:01.840461 70247 Sta.cc:3096] The timing engine run success.
I20260210 19:37:01.842000 70247 Power.cc:854] build graph and seq graph start
I20260210 19:37:01.842554 70247 PwrBuildGraph.cc:80] build power graph start
I20260210 19:37:01.843293 70247 PwrBuildGraph.cc:170] build power graph end
I20260210 19:37:01.843329 70247 PwrBuildGraph.cc:172] build power graph memory usage 0MB
I20260210 19:37:01.843340 70247 PwrBuildGraph.cc:174] build power graph time elapsed 0.000787s
I20260210 19:37:01.843369 70247 PwrBuildSeqGraph.cc:326] build seq graph start
I20260210 19:37:01.879117 70247 PwrBuildSeqGraph.cc:330] build seq graph end
I20260210 19:37:01.879237 70247 PwrBuildSeqGraph.cc:332] seq inst num: 42
I20260210 19:37:01.879246 70247 PwrBuildSeqGraph.cc:333] input port num: 2
I20260210 19:37:01.879249 70247 PwrBuildSeqGraph.cc:334] output port num: 10
I20260210 19:37:01.879253 70247 PwrBuildSeqGraph.cc:335] seq macro num: 0
I20260210 19:37:01.879294 70247 PwrBuildSeqGraph.cc:336] seq arc num: 669
I20260210 19:37:01.879300 70247 PwrBuildSeqGraph.cc:339] seq vertex max fanout: 20
I20260210 19:37:01.879303 70247 PwrBuildSeqGraph.cc:340] seq vertex max fanin: 32
I20260210 19:37:01.879395 70247 PwrBuildSeqGraph.cc:343] build seq graph memory usage 459.74MB
I20260210 19:37:01.879417 70247 PwrBuildSeqGraph.cc:345] build seq graph time elapsed 0.036049s
I20260210 19:37:01.879426 70247 Power.cc:861] build graph and seq graph end
I20260210 19:37:01.879441 70247 Power.cc:863] build graph and seq graph memory usage 459.74MB
I20260210 19:37:01.879448 70247 Power.cc:866] build graph and seq graph time elapsed 0.037451s
I20260210 19:37:01.879460 70247 Power.cc:871] power annotate vcd start
I20260210 19:37:01.879464 70247 Power.cc:128] annotate toggle sp start
I20260210 19:37:01.879469 70247 Power.cc:134] annotate toggle sp end
I20260210 19:37:01.879473 70247 Power.cc:878] power vcd annotate end
I20260210 19:37:01.879483 70247 Power.cc:880] power vcd annotate memory usage 0MB
I20260210 19:37:01.879489 70247 Power.cc:882] power vcd annotate time elapsed 2.9e-05s
I20260210 19:37:01.879503 70247 Power.cc:896] power propagation start
I20260210 19:37:01.879540 70247 PwrCheckPipelineLoop.cc:122] check pipeline loop start
I20260210 19:37:01.879596 70247 PwrCheckPipelineLoop.cc:129] check pipeline loop end
I20260210 19:37:01.879659 70247 PwrCheckPipelineLoop.cc:137] check pipeline loop memory usage 0MB
I20260210 19:37:01.879666 70247 PwrCheckPipelineLoop.cc:139] check pipeline loop time elapsed 0.000126s
I20260210 19:37:01.879680 70247 PwrLevelizeSeqGraph.cc:93] seq levelization start
I20260210 19:37:01.879688 70247 PwrLevelizeSeqGraph.cc:101] seq levelization end
I20260210 19:37:01.879691 70247 PwrLevelizeSeqGraph.cc:103] the seq graph's level depth 12
I20260210 19:37:01.879706 70247 PwrLevelizeSeqGraph.cc:116] levelization memory usage 0MB
I20260210 19:37:01.879792 70247 PwrLevelizeSeqGraph.cc:118] levelization time elapsed 0.000112s
I20260210 19:37:01.879911 70247 PwrPropagateConst.cc:184] propagate const start
I20260210 19:37:01.879972 70247 PwrPropagateConst.cc:109] set tie cell fanout from myTime_20__reg_p_D_TIELOH7L_Z:Z data in vertex myTime_20__reg_p:D
I20260210 19:37:01.880139 70247 PwrPropagateConst.cc:288] propagate const end
I20260210 19:37:01.880177 70247 PwrPropagateConst.cc:290] propagate const memory usage 0MB
I20260210 19:37:01.880184 70247 PwrPropagateConst.cc:292] propagate const time elapsed 0.000273s
I20260210 19:37:01.880199 70247 PwrPropagateToggleSP.cc:202] propagate toggle sp start
I20260210 19:37:01.897145 70247 PwrPropagateToggleSP.cc:316] propagate toggle sp end
I20260210 19:37:01.897265 70247 PwrPropagateToggleSP.cc:319] propagate toggle sp memory usage 0MB
I20260210 19:37:01.897279 70247 PwrPropagateToggleSP.cc:321] propagate toggle sp time elapsed 0.017081s
I20260210 19:37:01.897301 70247 PwrPropagateClock.cc:68] propagate clock start
I20260210 19:37:01.897338 70247 PwrPropagateClock.cc:80] propagate clock end
I20260210 19:37:01.897351 70247 PwrPropagateClock.cc:82] propagate clock memory usage 0MB
I20260210 19:37:01.897356 70247 PwrPropagateClock.cc:84] propagate clock time elapsed 5.3e-05s
I20260210 19:37:01.897359 70247 Power.cc:914] power propagation end
I20260210 19:37:01.897372 70247 Power.cc:916] power propagation memory usage 0MB
I20260210 19:37:01.897374 70247 Power.cc:918] power propagation time elapsed 0.017873s
I20260210 19:37:01.897392 70247 Power.cc:267] power calculation start
I20260210 19:37:01.897404 70247 PwrCalcLeakagePower.cc:85] calc leakage power start
I20260210 19:37:01.917119 70247 PwrCalcLeakagePower.cc:119] calc leakage power result 0.000403799mw
I20260210 19:37:01.917254 70247 PwrCalcLeakagePower.cc:122] calc leakage power end
I20260210 19:37:01.917327 70247 PwrCalcLeakagePower.cc:124] calc leakage power memory usage 0MB
I20260210 19:37:01.917335 70247 PwrCalcLeakagePower.cc:126] calc leakage power time elapsed 0.019929s
I20260210 19:37:01.917354 70247 PwrCalcInternalPower.cc:565] calc internal power start
[0;31mE20260210 19:37:01.942387 70247 PwrCalcInternalPower.cc:97] out[0]_reg_p_D_NOR2BX1P4H7L_Z:B rise slew is not exist.
[m[0;31mE20260210 19:37:01.942503 70247 PwrCalcInternalPower.cc:97] out[0]_reg_p_D_NOR2BX1P4H7L_Z:B rise slew is not exist.
[m[0;31mE20260210 19:37:01.942533 70247 PwrCalcInternalPower.cc:205] out[0]_reg_p_D_NOR2BX1P4H7L_Z:B input slew is not exist.
[m[0;31mE20260210 19:37:01.942584 70247 PwrCalcInternalPower.cc:97] out[1]_reg_p_D_NOR2BX1P4H7L_Z:B rise slew is not exist.
[m[0;31mE20260210 19:37:01.942589 70247 PwrCalcInternalPower.cc:97] out[1]_reg_p_D_NOR2BX1P4H7L_Z:B rise slew is not exist.
[m[0;31mE20260210 19:37:01.942657 70247 PwrCalcInternalPower.cc:97] out[2]_reg_p_D_NOR2BX1P4H7L_Z:B rise slew is not exist.
[m[0;31mE20260210 19:37:01.942675 70247 PwrCalcInternalPower.cc:97] out[2]_reg_p_D_NOR2BX1P4H7L_Z:B rise slew is not exist.
[m[0;31mE20260210 19:37:01.942689 70247 PwrCalcInternalPower.cc:205] out[2]_reg_p_D_NOR2BX1P4H7L_Z:B input slew is not exist.
[m[0;31mE20260210 19:37:01.942730 70247 PwrCalcInternalPower.cc:97] out[3]_reg_p_D_NOR2BX1P4H7L_Z:B rise slew is not exist.
[m[0;31mE20260210 19:37:01.942736 70247 PwrCalcInternalPower.cc:97] out[3]_reg_p_D_NOR2BX1P4H7L_Z:B rise slew is not exist.
[m[0;31mE20260210 19:37:01.942780 70247 PwrCalcInternalPower.cc:97] out[4]_reg_p_D_NOR2BX1P4H7L_Z:B rise slew is not exist.
[m[0;31mE20260210 19:37:01.942788 70247 PwrCalcInternalPower.cc:97] out[4]_reg_p_D_NOR2BX1P4H7L_Z:B rise slew is not exist.
[m[0;31mE20260210 19:37:01.942819 70247 PwrCalcInternalPower.cc:97] out[5]_reg_p_D_OR2X0P7H7L_Y:A rise slew is not exist.
[m[0;31mE20260210 19:37:01.942827 70247 PwrCalcInternalPower.cc:97] out[5]_reg_p_D_OR2X0P7H7L_Y:A rise slew is not exist.
[m[0;31mE20260210 19:37:01.942854 70247 PwrCalcInternalPower.cc:205] out[5]_reg_p_D_OR2X0P7H7L_Y:A input slew is not exist.
[m[0;31mE20260210 19:37:01.942914 70247 PwrCalcInternalPower.cc:97] out[6]_reg_p_D_OR2X0P7H7L_Y:A rise slew is not exist.
[m[0;31mE20260210 19:37:01.942921 70247 PwrCalcInternalPower.cc:97] out[6]_reg_p_D_OR2X0P7H7L_Y:A rise slew is not exist.
[m[0;31mE20260210 19:37:01.942966 70247 PwrCalcInternalPower.cc:97] out[7]_reg_p_D_OR2X0P7H7L_Y:A rise slew is not exist.
[m[0;31mE20260210 19:37:01.942975 70247 PwrCalcInternalPower.cc:97] out[7]_reg_p_D_OR2X0P7H7L_Y:A rise slew is not exist.
[m[0;31mE20260210 19:37:01.942997 70247 PwrCalcInternalPower.cc:205] out[7]_reg_p_D_OR2X0P7H7L_Y:A input slew is not exist.
[m[0;31mE20260210 19:37:01.943024 70247 PwrCalcInternalPower.cc:97] out[8]_reg_p_D_OR2X0P7H7L_Y:A rise slew is not exist.
[m[0;31mE20260210 19:37:01.943030 70247 PwrCalcInternalPower.cc:97] out[8]_reg_p_D_OR2X0P7H7L_Y:A rise slew is not exist.
[m[0;31mE20260210 19:37:01.943073 70247 PwrCalcInternalPower.cc:97] out[9]_reg_p_D_OR2X0P7H7L_Y:A rise slew is not exist.
[m[0;31mE20260210 19:37:01.943081 70247 PwrCalcInternalPower.cc:97] out[9]_reg_p_D_OR2X0P7H7L_Y:A rise slew is not exist.
[mI20260210 19:37:01.943107 70247 PwrCalcInternalPower.cc:605] calc internal power result 0.0817228mW
I20260210 19:37:01.943120 70247 PwrCalcInternalPower.cc:607] calc internal power end
I20260210 19:37:01.943174 70247 PwrCalcInternalPower.cc:609] calc internal power memory usage 0MB
I20260210 19:37:01.943182 70247 PwrCalcInternalPower.cc:611] calc internal power time elapsed 0.025828s
I20260210 19:37:01.943228 70247 PwrCalcSwitchPower.cc:89] calc switch power start
I20260210 19:37:01.943388 70247 PwrCalcSwitchPower.cc:173] calc switch power result 0mw
I20260210 19:37:01.943398 70247 PwrCalcSwitchPower.cc:175] calc switch power end
I20260210 19:37:01.943413 70247 PwrCalcSwitchPower.cc:177] calc switch power memory usage 0MB
I20260210 19:37:01.943416 70247 PwrCalcSwitchPower.cc:179] calc switch power time elapsed 0.000188s
I20260210 19:37:01.943926 70247 Power.cc:275] power calculation end
I20260210 19:37:01.943950 70247 Power.cc:277] power calculation memory usage 0MB
I20260210 19:37:01.944012 70247 Power.cc:279] power calculation time elapsed 0.046618s
I20260210 19:37:01.944036 70247 Power.cc:981] power report start, output dir: /home/biruide/ysyx-workbench/yosys-sta/result/water-500MHz
I20260210 19:37:01.944509 70247 Power.cc:491] 
+---------------+----------------+--------------+---------------+-------------+-----------+
| Power Group   | Internal Power | Switch Power | Leakage Power | Total Power | (%)       |
+---------------+----------------+--------------+---------------+-------------+-----------+
| combinational | 4.178e-05      | 0.000e+00    | 1.203e-07     | 4.190e-05   | (51.016%) |
| sequential    | 3.995e-05      | 0.000e+00    | 2.835e-07     | 4.023e-05   | (48.984%) |
+---------------+----------------+--------------+---------------+-------------+-----------+
I20260210 19:37:01.945717 70247 Power.cc:543] Total Power   ==  8.21266e-05 W
I20260210 19:37:01.946583 70247 Power.cc:669] Instance Power Report: 
I20260210 19:37:01.946617 70247 Power.cc:670] 
+-----------------------------------------------------------------------------------------------+-----------------+----------------+--------------+---------------+-------------+
| Instance Name                                                                                 | Nominal Voltage | Internal Power | Switch Power | Leakage Power | Total Power |
+-----------------------------------------------------------------------------------------------+-----------------+----------------+--------------+---------------+-------------+
| out[9]_reg_p                                                                                  | 1.2             | 3.964e-06      | 0.000e+00    | 6.757e-09     | 3.970e-06   |
| out[8]_reg_p                                                                                  | 1.2             | 3.320e-06      | 0.000e+00    | 6.757e-09     | 3.327e-06   |
| out[7]_reg_p                                                                                  | 1.2             | 2.527e-06      | 0.000e+00    | 6.757e-09     | 2.534e-06   |
| out[6]_reg_p                                                                                  | 1.2             | 1.734e-06      | 0.000e+00    | 6.757e-09     | 1.741e-06   |
| myTime_2__NAND4X6H7L_C                                                                        | 1.2             | 1.680e-06      | 0.000e+00    | 1.229e-09     | 1.681e-06   |
| out[9]_reg_p_D_OR2X0P7H7L_Y                                                                   | 1.2             | 1.670e-06      | 0.000e+00    | 1.531e-09     | 1.671e-06   |
| myTime_10__reg_p_D_NOR2X1P4H7L_Y_B_XNOR2X0P5H7L_Y_B_NOR3X0P5H7L_Y_A_OR4X3H7L_B                | 1.2             | 1.365e-06      | 0.000e+00    | 2.815e-09     | 1.368e-06   |
| myTime_15__reg_p_D_AOI21X2H7L_Y_A1_OR3X1P4H7L_Y_C_NOR4X4H7L_C                                 | 1.2             | 1.354e-06      | 0.000e+00    | 1.127e-09     | 1.356e-06   |
| out[8]_reg_p_D_OR2X0P7H7L_Y                                                                   | 1.2             | 1.348e-06      | 0.000e+00    | 1.531e-09     | 1.349e-06   |
| myTime_5__NAND4X4H7L_B                                                                        | 1.2             | 1.273e-06      | 0.000e+00    | 8.196e-10     | 1.274e-06   |
| out[7]_reg_p_D_OR2X0P7H7L_Y                                                                   | 1.2             | 1.026e-06      | 0.000e+00    | 1.531e-09     | 1.027e-06   |
| myTime_6__reg_p_D_NOR3X0P5H7L_Y_A_OAI21X0P5H7L_Y_A0_OAI221X1P4H7L_A0                          | 1.2             | 1.004e-06      | 0.000e+00    | 8.988e-10     | 1.005e-06   |
| out[5]_reg_p                                                                                  | 1.2             | 9.415e-07      | 0.000e+00    | 6.757e-09     | 9.482e-07   |
| myTime_19__NAND4X1P4H7L_D_Y_OR4X1P4H7L_C                                                      | 1.2             | 9.256e-07      | 0.000e+00    | 1.614e-09     | 9.272e-07   |
| myTime_19__INVX0P5H7L_A_Y_AO31X0P5H7L_B0                                                      | 1.2             | 8.708e-07      | 0.000e+00    | 1.450e-09     | 8.723e-07   |
| myTime_11__reg_p_D_NOR2X3H7L_Y_B_XNOR2X3H7L_Y                                                 | 1.2             | 8.364e-07      | 0.000e+00    | 4.139e-09     | 8.405e-07   |
| myTime_0__reg_p                                                                               | 1.2             | 7.947e-07      | 0.000e+00    | 6.757e-09     | 8.014e-07   |
| myTime_6__reg_p                                                                               | 1.2             | 7.943e-07      | 0.000e+00    | 6.757e-09     | 8.011e-07   |
| myTime_3__reg_p                                                                               | 1.2             | 7.941e-07      | 0.000e+00    | 6.757e-09     | 8.008e-07   |
| myTime_2__reg_p                                                                               | 1.2             | 7.941e-07      | 0.000e+00    | 6.757e-09     | 8.008e-07   |
| myTime_7__reg_p                                                                               | 1.2             | 7.940e-07      | 0.000e+00    | 6.757e-09     | 8.008e-07   |
| myTime_1__reg_p                                                                               | 1.2             | 7.940e-07      | 0.000e+00    | 6.757e-09     | 8.008e-07   |
| myTime_4__reg_p                                                                               | 1.2             | 7.940e-07      | 0.000e+00    | 6.757e-09     | 8.007e-07   |
| myTime_16__reg_p                                                                              | 1.2             | 7.938e-07      | 0.000e+00    | 6.757e-09     | 8.006e-07   |
| myTime_12__reg_p                                                                              | 1.2             | 7.938e-07      | 0.000e+00    | 6.757e-09     | 8.006e-07   |
| myTime_8__reg_p                                                                               | 1.2             | 7.938e-07      | 0.000e+00    | 6.757e-09     | 8.005e-07   |
| myTime_5__reg_p                                                                               | 1.2             | 7.937e-07      | 0.000e+00    | 6.757e-09     | 8.004e-07   |
| myTime_14__reg_p                                                                              | 1.2             | 7.935e-07      | 0.000e+00    | 6.757e-09     | 8.003e-07   |
| myTime_13__reg_p                                                                              | 1.2             | 7.935e-07      | 0.000e+00    | 6.757e-09     | 8.002e-07   |
| myTime_18__reg_p                                                                              | 1.2             | 7.935e-07      | 0.000e+00    | 6.757e-09     | 8.002e-07   |
| myTime_9__reg_p                                                                               | 1.2             | 7.934e-07      | 0.000e+00    | 6.757e-09     | 8.002e-07   |
| myTime_10__reg_p                                                                              | 1.2             | 7.934e-07      | 0.000e+00    | 6.757e-09     | 8.002e-07   |
| myTime_15__reg_p                                                                              | 1.2             | 7.934e-07      | 0.000e+00    | 6.757e-09     | 8.002e-07   |
| myTime_11__reg_p                                                                              | 1.2             | 7.934e-07      | 0.000e+00    | 6.757e-09     | 8.002e-07   |
| myTime_17__reg_p                                                                              | 1.2             | 7.930e-07      | 0.000e+00    | 6.757e-09     | 7.997e-07   |
| myTime_24__reg_p                                                                              | 1.2             | 7.929e-07      | 0.000e+00    | 6.544e-09     | 7.995e-07   |
| myTime_21__reg_p                                                                              | 1.2             | 7.929e-07      | 0.000e+00    | 6.544e-09     | 7.995e-07   |
| myTime_28__reg_p                                                                              | 1.2             | 7.929e-07      | 0.000e+00    | 6.544e-09     | 7.995e-07   |
| myTime_23__reg_p                                                                              | 1.2             | 7.929e-07      | 0.000e+00    | 6.544e-09     | 7.995e-07   |
| myTime_27__reg_p                                                                              | 1.2             | 7.929e-07      | 0.000e+00    | 6.544e-09     | 7.995e-07   |
| myTime_26__reg_p                                                                              | 1.2             | 7.929e-07      | 0.000e+00    | 6.544e-09     | 7.994e-07   |
| myTime_29__reg_p                                                                              | 1.2             | 7.929e-07      | 0.000e+00    | 6.544e-09     | 7.994e-07   |
| myTime_22__reg_p                                                                              | 1.2             | 7.929e-07      | 0.000e+00    | 6.544e-09     | 7.994e-07   |
| myTime_31__reg_p                                                                              | 1.2             | 7.928e-07      | 0.000e+00    | 6.544e-09     | 7.994e-07   |
| myTime_30__reg_p                                                                              | 1.2             | 7.928e-07      | 0.000e+00    | 6.544e-09     | 7.994e-07   |
| myTime_25__reg_p                                                                              | 1.2             | 7.928e-07      | 0.000e+00    | 6.544e-09     | 7.994e-07   |
| out[0]_reg_p                                                                                  | 1.2             | 7.927e-07      | 0.000e+00    | 6.417e-09     | 7.992e-07   |
| myTime_19__reg_p                                                                              | 1.2             | 7.922e-07      | 0.000e+00    | 6.757e-09     | 7.989e-07   |
| out[6]_reg_p_D_OR2X0P7H7L_Y                                                                   | 1.2             | 7.041e-07      | 0.000e+00    | 1.531e-09     | 7.056e-07   |
| is_ICGX0P5H7L_E                                                                               | 1.2             | 6.838e-07      | 0.000e+00    | 4.747e-09     | 6.885e-07   |
| myTime_2__AND3X1P4H7L_C                                                                       | 1.2             | 6.058e-07      | 0.000e+00    | 7.947e-10     | 6.066e-07   |
| myTime_3__AND3X1P4H7L_A                                                                       | 1.2             | 6.037e-07      | 0.000e+00    | 7.947e-10     | 6.045e-07   |
| out[1]_reg_p                                                                                  | 1.2             | 5.946e-07      | 0.000e+00    | 6.203e-09     | 6.008e-07   |
| myTime_15__reg_p_D_AOI21X2H7L_Y_A1_OR3X1P4H7L_Y                                               | 1.2             | 5.720e-07      | 0.000e+00    | 1.697e-09     | 5.737e-07   |
| myTime_20__NOR4X0P5H7L_A_Y_AND3X1H7L_A                                                        | 1.2             | 5.723e-07      | 0.000e+00    | 7.595e-10     | 5.730e-07   |
| myTime_14__reg_p_D_AOI21X2H7L_Y_A1_OR3X1P4H7L_Y                                               | 1.2             | 5.674e-07      | 0.000e+00    | 1.697e-09     | 5.691e-07   |
| myTime_13__reg_p_D_AOI21X2H7L_Y_A1_OR3X1P4H7L_Y                                               | 1.2             | 5.669e-07      | 0.000e+00    | 1.697e-09     | 5.686e-07   |
| myTime_3__AND3X1P4H7L_A_Y_AOI211X1H7L_A1                                                      | 1.2             | 5.679e-07      | 0.000e+00    | 7.063e-10     | 5.686e-07   |
| myTime_16__reg_p_D_NOR2X1P4H7L_Y_B_XNOR2X0P5H7L_Y                                             | 1.2             | 5.562e-07      | 0.000e+00    | 3.095e-09     | 5.593e-07   |
| myTime_1__reg_p_D_NOR2X1P4H7L_Y_B_XNOR2X0P5H7L_Y                                              | 1.2             | 5.540e-07      | 0.000e+00    | 3.095e-09     | 5.571e-07   |
| myTime_3__XNOR2X0P5H7L_A                                                                      | 1.2             | 5.506e-07      | 0.000e+00    | 3.095e-09     | 5.537e-07   |
| myTime_8__reg_p_D_AOI21X1P4H7L_Y_A1_OR3X1H7L_Y                                                | 1.2             | 5.517e-07      | 0.000e+00    | 1.585e-09     | 5.533e-07   |
| myTime_9__reg_p_D_NOR2X1P4H7L_Y_B_XNOR2X0P5H7L_Y                                              | 1.2             | 5.496e-07      | 0.000e+00    | 3.095e-09     | 5.527e-07   |
| myTime_10__reg_p_D_NOR2X1P4H7L_Y_B_XNOR2X0P5H7L_Y                                             | 1.2             | 5.495e-07      | 0.000e+00    | 3.095e-09     | 5.526e-07   |
| myTime_5__XNOR2X0P5H7L_A                                                                      | 1.2             | 5.493e-07      | 0.000e+00    | 3.095e-09     | 5.524e-07   |
| is_NOR4X0P5H7L_Y_C_XOR2X0P5H7L_B                                                              | 1.2             | 5.480e-07      | 0.000e+00    | 3.095e-09     | 5.511e-07   |
| myTime_19__NAND4X1P4H7L_D_Y_NOR4X1H7L_C_A_OR3X1H7L_Y                                          | 1.2             | 5.490e-07      | 0.000e+00    | 1.585e-09     | 5.506e-07   |
| myTime_4__reg_p_D_NOR2X1P4H7L_Y_B_XOR2X0P5H7L_Y                                               | 1.2             | 5.473e-07      | 0.000e+00    | 3.095e-09     | 5.504e-07   |
| myTime_2__XOR2X0P5H7L_A                                                                       | 1.2             | 5.473e-07      | 0.000e+00    | 3.095e-09     | 5.504e-07   |
| myTime_7__reg_p_D_NOR3X0P5H7L_Y_C_XOR2X0P5H7L_Y                                               | 1.2             | 5.465e-07      | 0.000e+00    | 3.095e-09     | 5.496e-07   |
| myTime_15__reg_p_D_AOI21X2H7L_Y_A1_OR3X1P4H7L_Y_C_NAND4X1P4H7L_Y                              | 1.2             | 5.024e-07      | 0.000e+00    | 3.513e-10     | 5.027e-07   |
| myTime_19__NAND4X1P4H7L_D                                                                     | 1.2             | 4.994e-07      | 0.000e+00    | 3.513e-10     | 4.997e-07   |
| myTime_6__reg_p_D_NOR3X0P5H7L_Y_A_OAI21X0P5H7L_Y_A1_OAI21BX0P5H7L_Y                           | 1.2             | 4.865e-07      | 0.000e+00    | 1.348e-09     | 4.879e-07   |
| myTime_12__reg_p_D_AOI2XB1X1H7L_Y                                                             | 1.2             | 4.680e-07      | 0.000e+00    | 1.506e-09     | 4.696e-07   |
| myTime_19__INVX0P5H7L_A_Y_NAND4X1H7L_B                                                        | 1.2             | 4.530e-07      | 0.000e+00    | 3.177e-10     | 4.533e-07   |
| myTime_19__NAND4X1P4H7L_D_Y_NOR4X1H7L_C                                                       | 1.2             | 4.242e-07      | 0.000e+00    | 3.711e-10     | 4.245e-07   |
| myTime_6__reg_p_D_NOR3X0P5H7L_Y_A_OAI21X0P5H7L_Y_A0_OAI221X1P4H7L_A0_Y_BUFX5H7L_A             | 1.2             | 4.054e-07      | 0.000e+00    | 3.360e-09     | 4.087e-07   |
| myTime_15__reg_p_D_AOI21X2H7L_Y_A1_OR3X1P4H7L_Y_C_NOR4X4H7L_C_D_NAND4X0P5H7L_Y                | 1.2             | 4.083e-07      | 0.000e+00    | 2.705e-10     | 4.085e-07   |
| myTime_18__reg_p_D_AOI21X1P4H7L_Y_A0_OAI2BB1X0P5H7L_Y                                         | 1.2             | 4.017e-07      | 0.000e+00    | 1.127e-09     | 4.029e-07   |
| myTime_17__reg_p_D_AOI21X1P4H7L_Y_A0_OAI2BB1X0P5H7L_Y                                         | 1.2             | 4.014e-07      | 0.000e+00    | 1.127e-09     | 4.026e-07   |
| out[2]_reg_p                                                                                  | 1.2             | 3.964e-07      | 0.000e+00    | 6.084e-09     | 4.025e-07   |
| myTime_15__reg_p_D_AOI21X2H7L_Y                                                               | 1.2             | 3.837e-07      | 0.000e+00    | 1.104e-09     | 3.848e-07   |
| myTime_14__reg_p_D_AOI21X2H7L_Y                                                               | 1.2             | 3.837e-07      | 0.000e+00    | 1.104e-09     | 3.848e-07   |
| myTime_13__reg_p_D_AOI21X2H7L_Y                                                               | 1.2             | 3.836e-07      | 0.000e+00    | 1.104e-09     | 3.847e-07   |
| out[5]_reg_p_D_OR2X0P7H7L_Y                                                                   | 1.2             | 3.822e-07      | 0.000e+00    | 1.625e-09     | 3.838e-07   |
| myTime_27__NOR4X0P5H7L_A                                                                      | 1.2             | 3.763e-07      | 0.000e+00    | 3.207e-10     | 3.766e-07   |
| myTime_23__NOR4X0P5H7L_A                                                                      | 1.2             | 3.760e-07      | 0.000e+00    | 3.207e-10     | 3.763e-07   |
| is_NOR4X0P5H7L_Y                                                                              | 1.2             | 3.707e-07      | 0.000e+00    | 3.207e-10     | 3.710e-07   |
| myTime_8__reg_p_D_AOI21X1P4H7L_Y                                                              | 1.2             | 3.495e-07      | 0.000e+00    | 9.524e-10     | 3.505e-07   |
| myTime_19__reg_p_D_AOI21X1P4H7L_Y                                                             | 1.2             | 3.483e-07      | 0.000e+00    | 9.524e-10     | 3.492e-07   |
| myTime_17__reg_p_D_AOI21X1P4H7L_Y                                                             | 1.2             | 3.482e-07      | 0.000e+00    | 9.524e-10     | 3.491e-07   |
| myTime_18__reg_p_D_AOI21X1P4H7L_Y                                                             | 1.2             | 3.482e-07      | 0.000e+00    | 9.524e-10     | 3.491e-07   |
| myTime_6__reg_p_D_NOR3X0P5H7L_Y_A_OAI21X0P5H7L_Y_A0_NOR3BX0P7H7L_Y                            | 1.2             | 3.305e-07      | 0.000e+00    | 1.139e-09     | 3.317e-07   |
| myTime_9__reg_p_D_NOR2X1P4H7L_Y_B_XNOR2X0P5H7L_Y_B_NOR3BX0P5H7L_Y                             | 1.2             | 3.124e-07      | 0.000e+00    | 1.113e-09     | 3.135e-07   |
| myTime_18__reg_p_D_AOI21X1P4H7L_Y_A1_NAND3BX0P5H7L_Y                                          | 1.2             | 3.116e-07      | 0.000e+00    | 1.045e-09     | 3.127e-07   |
| myTime_19__NAND4X1P4H7L_D_Y_NOR4X1H7L_C_D_NAND3BX0P5H7L_Y                                     | 1.2             | 3.095e-07      | 0.000e+00    | 1.045e-09     | 3.106e-07   |
| myTime_17__reg_p_D_AOI21X1P4H7L_Y_A1_NAND3BX0P5H7L_Y                                          | 1.2             | 3.089e-07      | 0.000e+00    | 1.045e-09     | 3.100e-07   |
| myTime_17__AND2X1H7L_B                                                                        | 1.2             | 3.034e-07      | 0.000e+00    | 1.048e-09     | 3.045e-07   |
| myTime_19__NAND4X1P4H7L_D_Y_NOR4X1H7L_C_B_OR2X0P5H7L_Y                                        | 1.2             | 3.021e-07      | 0.000e+00    | 1.488e-09     | 3.036e-07   |
| myTime_6__reg_p_D_NOR3X0P5H7L_Y_A_OAI21X0P5H7L_Y                                              | 1.2             | 2.810e-07      | 0.000e+00    | 7.087e-10     | 2.817e-07   |
| myTime_15__reg_p_D_AOI21X2H7L_Y_A0_OAI21X0P5H7L_Y                                             | 1.2             | 2.797e-07      | 0.000e+00    | 7.087e-10     | 2.804e-07   |
| myTime_8__reg_p_D_AOI21X1P4H7L_Y_A0_OAI21X0P5H7L_Y                                            | 1.2             | 2.788e-07      | 0.000e+00    | 7.087e-10     | 2.795e-07   |
| myTime_13__reg_p_D_AOI21X2H7L_Y_A0_OAI21X0P5H7L_Y                                             | 1.2             | 2.784e-07      | 0.000e+00    | 7.087e-10     | 2.791e-07   |
| myTime_14__reg_p_D_AOI21X2H7L_Y_A0_OAI21X0P5H7L_Y                                             | 1.2             | 2.784e-07      | 0.000e+00    | 7.087e-10     | 2.791e-07   |
| myTime_12__reg_p_D_AOI2XB1X1H7L_Y_A0_OAI21X0P5H7L_Y                                           | 1.2             | 2.783e-07      | 0.000e+00    | 7.087e-10     | 2.790e-07   |
| myTime_12__reg_p_D_AOI2XB1X1H7L_Y_A1N_NOR3X1P4H7L_Y                                           | 1.2             | 2.779e-07      | 0.000e+00    | 6.000e-10     | 2.785e-07   |
| out[0]_reg_p_D_NOR2BX1P4H7L_Z                                                                 | 1.2             | 2.634e-07      | 0.000e+00    | 1.432e-09     | 2.649e-07   |
| myTime_11__reg_p_D_NOR2X3H7L_Y                                                                | 1.2             | 2.525e-07      | 0.000e+00    | 1.507e-09     | 2.540e-07   |
| out[3]_reg_p                                                                                  | 1.2             | 2.477e-07      | 0.000e+00    | 6.022e-09     | 2.538e-07   |
| myTime_7__reg_p_D_NOR3X0P5H7L_Y                                                               | 1.2             | 2.293e-07      | 0.000e+00    | 4.734e-10     | 2.298e-07   |
| myTime_6__reg_p_D_NOR3X0P5H7L_Y                                                               | 1.2             | 2.293e-07      | 0.000e+00    | 4.734e-10     | 2.298e-07   |
| myTime_14__reg_p_D_AOI21X2H7L_Y_A1_OR3X1P4H7L_Y_C_NAND3X0P5H7L_Y                              | 1.2             | 2.276e-07      | 0.000e+00    | 4.054e-10     | 2.280e-07   |
| myTime_3__AND3X1P4H7L_A_Y_NAND3X0P5H7L_C                                                      | 1.2             | 2.261e-07      | 0.000e+00    | 4.054e-10     | 2.265e-07   |
| myTime_10__reg_p_D_NOR2X1P4H7L_Y_B_XNOR2X0P5H7L_Y_B_NOR3X0P5H7L_Y                             | 1.2             | 2.239e-07      | 0.000e+00    | 4.734e-10     | 2.244e-07   |
| out[1]_reg_p_D_NOR2BX1P4H7L_Z                                                                 | 1.2             | 1.976e-07      | 0.000e+00    | 1.538e-09     | 1.991e-07   |
| myTime_5__XNOR2X0P5H7L_A_B_NOR2BX0P5H7L_Z                                                     | 1.2             | 1.913e-07      | 0.000e+00    | 1.269e-09     | 1.925e-07   |
| myTime_20__NOR4X0P5H7L_A                                                                      | 1.2             | 1.763e-07      | 0.000e+00    | 2.996e-10     | 1.766e-07   |
| out[4]_reg_p                                                                                  | 1.2             | 1.487e-07      | 0.000e+00    | 5.991e-09     | 1.546e-07   |
| myTime_0__reg_p_D_NOR2X1P4H7L_Y                                                               | 1.2             | 1.415e-07      | 0.000e+00    | 7.962e-10     | 1.423e-07   |
| myTime_4__reg_p_D_NOR2X1P4H7L_Y                                                               | 1.2             | 1.381e-07      | 0.000e+00    | 7.962e-10     | 1.389e-07   |
| myTime_1__reg_p_D_NOR2X1P4H7L_Y                                                               | 1.2             | 1.381e-07      | 0.000e+00    | 7.962e-10     | 1.389e-07   |
| myTime_2__reg_p_D_NOR2X1P4H7L_Y                                                               | 1.2             | 1.381e-07      | 0.000e+00    | 7.962e-10     | 1.389e-07   |
| myTime_3__reg_p_D_NOR2X1P4H7L_Y                                                               | 1.2             | 1.381e-07      | 0.000e+00    | 7.962e-10     | 1.389e-07   |
| myTime_5__reg_p_D_NOR2X1P4H7L_Y                                                               | 1.2             | 1.381e-07      | 0.000e+00    | 7.962e-10     | 1.389e-07   |
| myTime_10__reg_p_D_NOR2X1P4H7L_Y                                                              | 1.2             | 1.381e-07      | 0.000e+00    | 7.962e-10     | 1.389e-07   |
| myTime_9__reg_p_D_NOR2X1P4H7L_Y                                                               | 1.2             | 1.381e-07      | 0.000e+00    | 7.962e-10     | 1.389e-07   |
| myTime_16__reg_p_D_NOR2X1P4H7L_Y                                                              | 1.2             | 1.381e-07      | 0.000e+00    | 7.962e-10     | 1.389e-07   |
| out[2]_reg_p_D_NOR2BX1P4H7L_Z                                                                 | 1.2             | 1.317e-07      | 0.000e+00    | 1.629e-09     | 1.333e-07   |
| myTime_10__reg_p_D_NOR2X1P4H7L_Y_B_XNOR2X0P5H7L_Y_B_NOR3X0P5H7L_Y_A_NAND2X0P5H7L_Y            | 1.2             | 1.186e-07      | 0.000e+00    | 5.628e-10     | 1.191e-07   |
| is_NOR4X0P5H7L_Y_D_NAND2X0P5H7L_Y                                                             | 1.2             | 1.183e-07      | 0.000e+00    | 5.628e-10     | 1.188e-07   |
| is_NOR4X0P5H7L_Y_C_NAND2X0P5H7L_Y                                                             | 1.2             | 1.175e-07      | 0.000e+00    | 5.628e-10     | 1.180e-07   |
| myTime_2__XOR2X0P5H7L_A_B_NAND2X0P5H7L_Y                                                      | 1.2             | 1.171e-07      | 0.000e+00    | 5.628e-10     | 1.176e-07   |
| myTime_13__reg_p_D_AOI21X2H7L_Y_A1_OR3X1P4H7L_Y_C_NAND2X0P5H7L_Y                              | 1.2             | 1.166e-07      | 0.000e+00    | 5.628e-10     | 1.172e-07   |
| out[3]_reg_p_D_NOR2BX1P4H7L_Z                                                                 | 1.2             | 8.232e-08      | 0.000e+00    | 1.684e-09     | 8.401e-08   |
| out[4]_reg_p_D_NOR2BX1P4H7L_Z                                                                 | 1.2             | 4.939e-08      | 0.000e+00    | 1.714e-09     | 5.111e-08   |
| myTime_11__reg_p_D_NOR2X3H7L_Y_B_XNOR2X3H7L_Y_A_INVX0P5H7L_Y                                  | 1.2             | 4.052e-08      | 0.000e+00    | 6.395e-10     | 4.116e-08   |
| myTime_19__INVX0P5H7L_A                                                                       | 1.2             | 3.972e-08      | 0.000e+00    | 6.395e-10     | 4.036e-08   |
| myTime_10__reg_p_D_NOR2X1P4H7L_Y_B_XNOR2X0P5H7L_Y_B_NOR3X0P5H7L_Y_A_OR4X3H7L_B_A_INVX0P5H7L_Y | 1.2             | 3.915e-08      | 0.000e+00    | 6.395e-10     | 3.979e-08   |
| myTime_20__reg_p                                                                              | 1.2             | 0.000e+00      | 0.000e+00    | 7.130e-09     | 7.130e-09   |
+-----------------------------------------------------------------------------------------------+-----------------+----------------+--------------+---------------+-------------+
I20260210 19:37:01.951999 70247 Power.cc:1047] power report end, output dir: /home/biruide/ysyx-workbench/yosys-sta/result/water-500MHz
I20260210 19:37:01.952090 70247 Power.cc:1049] power report memory usage 0MB
I20260210 19:37:01.952098 70247 Power.cc:1051] power report time elapsed 0.008064s
