Generate the report at 2026-01-18T16:30:37, GitVersion: aa25008b3778a76ae1975c839d4cc459f7f7b3b7.
+--------------------+--------------------------+------------+------------+---------------+-------+-------+-----------+
| Endpoint           | Clock Group              | Delay Type | Path Delay | Path Required | CPPR  | Slack | Freq(MHz) |
+--------------------+--------------------------+------------+------------+---------------+-------+-------+-----------+
| myTime_15__reg_p:D | core_clock               | max        | 0.508r     | 1.966         | 0.000 | 1.458 | 1844.144  |
| myTime_14__reg_p:D | core_clock               | max        | 0.508r     | 1.966         | 0.000 | 1.458 | 1844.831  |
| myTime_13__reg_p:D | core_clock               | max        | 0.508r     | 1.966         | 0.000 | 1.458 | 1844.882  |
| myTime_12__reg_p:D | core_clock               | max        | 0.491f     | 1.957         | 0.000 | 1.466 | 1873.722  |
| myTime_12__reg_p:D | core_clock               | max        | 0.497r     | 1.965         | 0.000 | 1.468 | 1879.286  |
| is_ICGX0P5H7R_E:E  | **clock_gating_default** | max        | 0.456r     | 1.922         | 0.000 | 1.466 | NA        |
| is_ICGX0P5H7R_E:E  | **clock_gating_default** | max        | 0.274f     | 1.960         | 0.000 | 1.686 | NA        |
| out[1]_reg_p:D     | core_clock               | min        | 0.109f     | -0.004        | 0.000 | 0.112 | NA        |
| out[0]_reg_p:D     | core_clock               | min        | 0.109f     | -0.004        | 0.000 | 0.112 | NA        |
| out[3]_reg_p:D     | core_clock               | min        | 0.109f     | -0.004        | 0.000 | 0.112 | NA        |
| out[4]_reg_p:D     | core_clock               | min        | 0.109f     | -0.004        | 0.000 | 0.112 | NA        |
| out[2]_reg_p:D     | core_clock               | min        | 0.109f     | -0.004        | 0.000 | 0.112 | NA        |
| is_ICGX0P5H7R_E:E  | **clock_gating_default** | min        | 0.148f     | 0.001         | 0.000 | 0.147 | NA        |
| is_ICGX0P5H7R_E:E  | **clock_gating_default** | min        | 0.170r     | -0.033        | 0.000 | 0.204 | NA        |
+--------------------+--------------------------+------------+------------+---------------+-------+-------+-----------+
+------------+------------+-------+
| Clock      | Delay Type | TNS   |
+------------+------------+-------+
| core_clock | max        | 0.000 |
| core_clock | min        | 0.000 |
+------------+------------+-------+
+---------------------------------------------------------------------------------------------+--------+-------------+------------+------------+-------------+--------+-----------------+
| Point                                                                                       | Fanout | Capacitance | Resistance | Transition | Delta Delay | Incr   | Path            |
+---------------------------------------------------------------------------------------------+--------+-------------+------------+------------+-------------+--------+-----------------+
| clk (port)                                                                                  |        | 0.032       | 0.000      | 0.000      |             | 0.000  | 0.000r          |
| clk (clock net)                                                                             | 33     |             |            |            | NA          |        |                 |
| myTime_0__reg_p:CK (DFFQX1H7R)                                                              |        | 0.001       | 0.000      | 0.000      |             | 0.000  | 0.000r          |
| clock core_clock (rise edge)                                                                |        |             |            |            |             | 0      | 0               |
| clock network delay (ideal)                                                                 |        |             |            |            |             | 0.000  | 0.000           |
| myTime_0__reg_p:CK (DFFQX1H7R)                                                              |        | 0.001       | 0.000      | 0.000      |             | 0.000  | 0.000r          |
| myTime_0__reg_p:Q (DFFQX1H7R)                                                               |        | 0.007       | 0.000      | 0.084      |             | 0.139  | 0.139r          |
| myTime_0_ (net)                                                                             | 5      |             |            |            | 0.000       |        |                 |
| myTime_2__NAND4X6H7R_C:A (NAND4X6H7R)                                                       |        | 0.003       | 0.000      | 0.084      |             | 0.000  | 0.139r          |
| myTime_2__NAND4X6H7R_C:Y (NAND4X6H7R)                                                       |        | 0.008       | 0.000      | 0.085      |             | 0.082  | 0.221f          |
| myTime_2__NAND4X6H7R_C_Y (net)                                                              | 8      |             |            |            | 0.000       |        |                 |
| myTime_6__reg_p_D_NOR3X1H7R_Y_A_OAI21X0P5H7R_Y_A0_NOR3BX1P4H7R_Y_AN_OR4X3H7R_B:C (OR4X3H7R) |        | 0.001       | 0.000      | 0.085      |             | 0.000  | 0.221f          |
| myTime_6__reg_p_D_NOR3X1H7R_Y_A_OAI21X0P5H7R_Y_A0_NOR3BX1P4H7R_Y_AN_OR4X3H7R_B:Y (OR4X3H7R) |        | 0.007       | 0.000      | 0.069      |             | 0.159  | 0.381f          |
| myTime_11__reg_p_D_NOR2X3H7R_Y_B_XNOR2X4H7R_Y_B (net)                                       | 9      |             |            |            | 0.000       |        |                 |
| myTime_15__reg_p_D_AOI21X2H7R_Y_A1_OR3X1P4H7R_Y:B (OR3X1P4H7R)                              |        | 0.001       | 0.000      | 0.069      |             | 0.000  | 0.381f          |
| myTime_15__reg_p_D_AOI21X2H7R_Y_A1_OR3X1P4H7R_Y:Y (OR3X1P4H7R)                              |        | 0.001       | 0.000      | 0.032      |             | 0.094  | 0.474f          |
| myTime_15__reg_p_D_AOI21X2H7R_Y_A1 (net)                                                    | 1      |             |            |            | 0.000       |        |                 |
| myTime_15__reg_p_D_AOI21X2H7R_Y:A1 (AOI21X2H7R)                                             |        | 0.001       | 0.000      | 0.032      |             | 0.000  | 0.474f          |
| myTime_15__reg_p_D_AOI21X2H7R_Y:Y (AOI21X2H7R)                                              |        | 0.001       | 0.000      | 0.033      |             | 0.034  | 0.508r          |
| myTime_15__reg_p_D (net)                                                                    | 1      |             |            |            | 0.000       |        |                 |
| myTime_15__reg_p:D (DFFQX1H7R)                                                              |        | 0.001       | 0.000      | 0.033      |             | 0.000  | 0.508r          |
|                                                                                             |        |             |            |            |             |        |                 |
| clk (port)                                                                                  |        | 0.025       | 0.000      | 0.000      |             | 0.000  | 0.000r          |
| clk (clock net)                                                                             | 33     |             |            |            | NA          |        |                 |
| myTime_15__reg_p:CK (DFFQX1H7R)                                                             |        | 0.001       | 0.000      | 0.000      |             | 0.000  | 0.000r          |
| clock core_clock (rise edge)                                                                |        |             |            |            |             | 2      | 2               |
| clock network delay (ideal)                                                                 |        |             |            |            |             | 0.000  | 2.000           |
| myTime_15__reg_p:CK (DFFQX1H7R)                                                             |        |             |            |            |             |        | 2.000r          |
| library setup time                                                                          |        |             |            |            |             | -0.034 | 1.966           |
| clock reconvergence pessimism                                                               |        |             |            |            |             | 0.000  | 1.966           |
|                                                                                             |        |             |            |            |             |        |                 |
| path cell delay                                                                             |        |             |            |            |             |        | 0.508(100.000%) |
| path net delay                                                                              |        |             |            |            |             |        | 0.000(0.000%)   |
|                                                                                             |        |             |            |            |             |        |                 |
| data require time                                                                           |        |             |            |            |             |        | 1.966           |
| data arrival time                                                                           |        |             |            |            |             |        | 0.508           |
| slack (MET)                                                                                 |        |             |            |            |             |        | 1.458           |
+---------------------------------------------------------------------------------------------+--------+-------------+------------+------------+-------------+--------+-----------------+
+---------------------------------------------------------------------------------------------+--------+-------------+------------+------------+-------------+--------+-----------------+
| Point                                                                                       | Fanout | Capacitance | Resistance | Transition | Delta Delay | Incr   | Path            |
+---------------------------------------------------------------------------------------------+--------+-------------+------------+------------+-------------+--------+-----------------+
| clk (port)                                                                                  |        | 0.032       | 0.000      | 0.000      |             | 0.000  | 0.000r          |
| clk (clock net)                                                                             | 33     |             |            |            | NA          |        |                 |
| myTime_0__reg_p:CK (DFFQX1H7R)                                                              |        | 0.001       | 0.000      | 0.000      |             | 0.000  | 0.000r          |
| clock core_clock (rise edge)                                                                |        |             |            |            |             | 0      | 0               |
| clock network delay (ideal)                                                                 |        |             |            |            |             | 0.000  | 0.000           |
| myTime_0__reg_p:CK (DFFQX1H7R)                                                              |        | 0.001       | 0.000      | 0.000      |             | 0.000  | 0.000r          |
| myTime_0__reg_p:Q (DFFQX1H7R)                                                               |        | 0.007       | 0.000      | 0.084      |             | 0.139  | 0.139r          |
| myTime_0_ (net)                                                                             | 5      |             |            |            | 0.000       |        |                 |
| myTime_2__NAND4X6H7R_C:A (NAND4X6H7R)                                                       |        | 0.003       | 0.000      | 0.084      |             | 0.000  | 0.139r          |
| myTime_2__NAND4X6H7R_C:Y (NAND4X6H7R)                                                       |        | 0.008       | 0.000      | 0.085      |             | 0.082  | 0.221f          |
| myTime_2__NAND4X6H7R_C_Y (net)                                                              | 8      |             |            |            | 0.000       |        |                 |
| myTime_6__reg_p_D_NOR3X1H7R_Y_A_OAI21X0P5H7R_Y_A0_NOR3BX1P4H7R_Y_AN_OR4X3H7R_B:C (OR4X3H7R) |        | 0.001       | 0.000      | 0.085      |             | 0.000  | 0.221f          |
| myTime_6__reg_p_D_NOR3X1H7R_Y_A_OAI21X0P5H7R_Y_A0_NOR3BX1P4H7R_Y_AN_OR4X3H7R_B:Y (OR4X3H7R) |        | 0.007       | 0.000      | 0.069      |             | 0.159  | 0.381f          |
| myTime_11__reg_p_D_NOR2X3H7R_Y_B_XNOR2X4H7R_Y_B (net)                                       | 9      |             |            |            | 0.000       |        |                 |
| myTime_14__reg_p_D_AOI21X2H7R_Y_A1_OR3X1P4H7R_Y:B (OR3X1P4H7R)                              |        | 0.001       | 0.000      | 0.069      |             | 0.000  | 0.381f          |
| myTime_14__reg_p_D_AOI21X2H7R_Y_A1_OR3X1P4H7R_Y:Y (OR3X1P4H7R)                              |        | 0.001       | 0.000      | 0.031      |             | 0.094  | 0.474f          |
| myTime_14__reg_p_D_AOI21X2H7R_Y_A1 (net)                                                    | 1      |             |            |            | 0.000       |        |                 |
| myTime_14__reg_p_D_AOI21X2H7R_Y:A1 (AOI21X2H7R)                                             |        | 0.001       | 0.000      | 0.031      |             | 0.000  | 0.474f          |
| myTime_14__reg_p_D_AOI21X2H7R_Y:Y (AOI21X2H7R)                                              |        | 0.001       | 0.000      | 0.033      |             | 0.034  | 0.508r          |
| myTime_14__reg_p_D (net)                                                                    | 1      |             |            |            | 0.000       |        |                 |
| myTime_14__reg_p:D (DFFQX1H7R)                                                              |        | 0.001       | 0.000      | 0.033      |             | 0.000  | 0.508r          |
|                                                                                             |        |             |            |            |             |        |                 |
| clk (port)                                                                                  |        | 0.025       | 0.000      | 0.000      |             | 0.000  | 0.000r          |
| clk (clock net)                                                                             | 33     |             |            |            | NA          |        |                 |
| myTime_14__reg_p:CK (DFFQX1H7R)                                                             |        | 0.001       | 0.000      | 0.000      |             | 0.000  | 0.000r          |
| clock core_clock (rise edge)                                                                |        |             |            |            |             | 2      | 2               |
| clock network delay (ideal)                                                                 |        |             |            |            |             | 0.000  | 2.000           |
| myTime_14__reg_p:CK (DFFQX1H7R)                                                             |        |             |            |            |             |        | 2.000r          |
| library setup time                                                                          |        |             |            |            |             | -0.034 | 1.966           |
| clock reconvergence pessimism                                                               |        |             |            |            |             | 0.000  | 1.966           |
|                                                                                             |        |             |            |            |             |        |                 |
| path cell delay                                                                             |        |             |            |            |             |        | 0.508(100.000%) |
| path net delay                                                                              |        |             |            |            |             |        | 0.000(0.000%)   |
|                                                                                             |        |             |            |            |             |        |                 |
| data require time                                                                           |        |             |            |            |             |        | 1.966           |
| data arrival time                                                                           |        |             |            |            |             |        | 0.508           |
| slack (MET)                                                                                 |        |             |            |            |             |        | 1.458           |
+---------------------------------------------------------------------------------------------+--------+-------------+------------+------------+-------------+--------+-----------------+
+---------------------------------------------------------------------------------------------+--------+-------------+------------+------------+-------------+--------+-----------------+
| Point                                                                                       | Fanout | Capacitance | Resistance | Transition | Delta Delay | Incr   | Path            |
+---------------------------------------------------------------------------------------------+--------+-------------+------------+------------+-------------+--------+-----------------+
| clk (port)                                                                                  |        | 0.032       | 0.000      | 0.000      |             | 0.000  | 0.000r          |
| clk (clock net)                                                                             | 33     |             |            |            | NA          |        |                 |
| myTime_0__reg_p:CK (DFFQX1H7R)                                                              |        | 0.001       | 0.000      | 0.000      |             | 0.000  | 0.000r          |
| clock core_clock (rise edge)                                                                |        |             |            |            |             | 0      | 0               |
| clock network delay (ideal)                                                                 |        |             |            |            |             | 0.000  | 0.000           |
| myTime_0__reg_p:CK (DFFQX1H7R)                                                              |        | 0.001       | 0.000      | 0.000      |             | 0.000  | 0.000r          |
| myTime_0__reg_p:Q (DFFQX1H7R)                                                               |        | 0.007       | 0.000      | 0.084      |             | 0.139  | 0.139r          |
| myTime_0_ (net)                                                                             | 5      |             |            |            | 0.000       |        |                 |
| myTime_2__NAND4X6H7R_C:A (NAND4X6H7R)                                                       |        | 0.003       | 0.000      | 0.084      |             | 0.000  | 0.139r          |
| myTime_2__NAND4X6H7R_C:Y (NAND4X6H7R)                                                       |        | 0.008       | 0.000      | 0.085      |             | 0.082  | 0.221f          |
| myTime_2__NAND4X6H7R_C_Y (net)                                                              | 8      |             |            |            | 0.000       |        |                 |
| myTime_6__reg_p_D_NOR3X1H7R_Y_A_OAI21X0P5H7R_Y_A0_NOR3BX1P4H7R_Y_AN_OR4X3H7R_B:C (OR4X3H7R) |        | 0.001       | 0.000      | 0.085      |             | 0.000  | 0.221f          |
| myTime_6__reg_p_D_NOR3X1H7R_Y_A_OAI21X0P5H7R_Y_A0_NOR3BX1P4H7R_Y_AN_OR4X3H7R_B:Y (OR4X3H7R) |        | 0.007       | 0.000      | 0.069      |             | 0.159  | 0.381f          |
| myTime_11__reg_p_D_NOR2X3H7R_Y_B_XNOR2X4H7R_Y_B (net)                                       | 9      |             |            |            | 0.000       |        |                 |
| myTime_13__reg_p_D_AOI21X2H7R_Y_A1_OR3X1P4H7R_Y:B (OR3X1P4H7R)                              |        | 0.001       | 0.000      | 0.069      |             | 0.000  | 0.381f          |
| myTime_13__reg_p_D_AOI21X2H7R_Y_A1_OR3X1P4H7R_Y:Y (OR3X1P4H7R)                              |        | 0.001       | 0.000      | 0.031      |             | 0.094  | 0.474f          |
| myTime_13__reg_p_D_AOI21X2H7R_Y_A1 (net)                                                    | 1      |             |            |            | 0.000       |        |                 |
| myTime_13__reg_p_D_AOI21X2H7R_Y:A1 (AOI21X2H7R)                                             |        | 0.001       | 0.000      | 0.031      |             | 0.000  | 0.474f          |
| myTime_13__reg_p_D_AOI21X2H7R_Y:Y (AOI21X2H7R)                                              |        | 0.001       | 0.000      | 0.033      |             | 0.034  | 0.508r          |
| myTime_13__reg_p_D (net)                                                                    | 1      |             |            |            | 0.000       |        |                 |
| myTime_13__reg_p:D (DFFQX1H7R)                                                              |        | 0.001       | 0.000      | 0.033      |             | 0.000  | 0.508r          |
|                                                                                             |        |             |            |            |             |        |                 |
| clk (port)                                                                                  |        | 0.025       | 0.000      | 0.000      |             | 0.000  | 0.000r          |
| clk (clock net)                                                                             | 33     |             |            |            | NA          |        |                 |
| myTime_13__reg_p:CK (DFFQX1H7R)                                                             |        | 0.001       | 0.000      | 0.000      |             | 0.000  | 0.000r          |
| clock core_clock (rise edge)                                                                |        |             |            |            |             | 2      | 2               |
| clock network delay (ideal)                                                                 |        |             |            |            |             | 0.000  | 2.000           |
| myTime_13__reg_p:CK (DFFQX1H7R)                                                             |        |             |            |            |             |        | 2.000r          |
| library setup time                                                                          |        |             |            |            |             | -0.034 | 1.966           |
| clock reconvergence pessimism                                                               |        |             |            |            |             | 0.000  | 1.966           |
|                                                                                             |        |             |            |            |             |        |                 |
| path cell delay                                                                             |        |             |            |            |             |        | 0.508(100.000%) |
| path net delay                                                                              |        |             |            |            |             |        | 0.000(0.000%)   |
|                                                                                             |        |             |            |            |             |        |                 |
| data require time                                                                           |        |             |            |            |             |        | 1.966           |
| data arrival time                                                                           |        |             |            |            |             |        | 0.508           |
| slack (MET)                                                                                 |        |             |            |            |             |        | 1.458           |
+---------------------------------------------------------------------------------------------+--------+-------------+------------+------------+-------------+--------+-----------------+
+----------------------------------------------------------------------------------------------+--------+-------------+------------+------------+-------------+--------+-----------------+
| Point                                                                                        | Fanout | Capacitance | Resistance | Transition | Delta Delay | Incr   | Path            |
+----------------------------------------------------------------------------------------------+--------+-------------+------------+------------+-------------+--------+-----------------+
| clk (port)                                                                                   |        | 0.032       | 0.000      | 0.000      |             | 0.000  | 0.000r          |
| clk (clock net)                                                                              | 33     |             |            |            | NA          |        |                 |
| myTime_16__reg_p:CK (DFFQX1H7R)                                                              |        | 0.001       | 0.000      | 0.000      |             | 0.000  | 0.000r          |
| clock core_clock (rise edge)                                                                 |        |             |            |            |             | 0      | 0               |
| clock network delay (ideal)                                                                  |        |             |            |            |             | 0.000  | 0.000           |
| myTime_16__reg_p:CK (DFFQX1H7R)                                                              |        | 0.001       | 0.000      | 0.000      |             | 0.000  | 0.000r          |
| myTime_16__reg_p:Q (DFFQX1H7R)                                                               |        | 0.005       | 0.000      | 0.064      |             | 0.127  | 0.127r          |
| myTime_16_ (net)                                                                             | 5      |             |            |            | 0.000       |        |                 |
| myTime_19__NAND4X1P4H7R_D:A (NAND4X1P4H7R)                                                   |        | 0.001       | 0.000      | 0.064      |             | 0.000  | 0.127r          |
| myTime_19__NAND4X1P4H7R_D:Y (NAND4X1P4H7R)                                                   |        | 0.002       | 0.000      | 0.094      |             | 0.083  | 0.210f          |
| myTime_19__NAND4X1P4H7R_D_Y (net)                                                            | 3      |             |            |            | 0.000       |        |                 |
| myTime_19__NAND4X1P4H7R_D_Y_OR4X1P4H7R_C:C (OR4X1P4H7R)                                      |        | 0.001       | 0.000      | 0.094      |             | 0.000  | 0.210f          |
| myTime_19__NAND4X1P4H7R_D_Y_OR4X1P4H7R_C:Y (OR4X1P4H7R)                                      |        | 0.001       | 0.000      | 0.041      |             | 0.129  | 0.338f          |
| myTime_19__NAND4X1P4H7R_D_Y_OR4X1P4H7R_C_Y (net)                                             | 1      |             |            |            | 0.000       |        |                 |
| myTime_6__reg_p_D_NOR3X1H7R_Y_A_OAI21X0P5H7R_Y_A0_OAI221X1P4H7R_A0:B1 (OAI221X1P4H7R)        |        | 0.001       | 0.000      | 0.041      |             | 0.000  | 0.338f          |
| myTime_6__reg_p_D_NOR3X1H7R_Y_A_OAI21X0P5H7R_Y_A0_OAI221X1P4H7R_A0:Y (OAI221X1P4H7R)         |        | 0.002       | 0.000      | 0.077      |             | 0.057  | 0.396r          |
| myTime_6__reg_p_D_NOR3X1H7R_Y_A_OAI21X0P5H7R_Y_A0_OAI221X1P4H7R_A0_Y (net)                   | 1      |             |            |            | 0.000       |        |                 |
| myTime_6__reg_p_D_NOR3X1H7R_Y_A_OAI21X0P5H7R_Y_A0_OAI221X1P4H7R_A0_Y_BUFX7H7R_A:A (BUFX7H7R) |        | 0.002       | 0.000      | 0.077      |             | 0.000  | 0.396r          |
| myTime_6__reg_p_D_NOR3X1H7R_Y_A_OAI21X0P5H7R_Y_A0_OAI221X1P4H7R_A0_Y_BUFX7H7R_A:Y (BUFX7H7R) |        | 0.018       | 0.000      | 0.055      |             | 0.071  | 0.467r          |
| myTime_11__reg_p_D_NOR2X3H7R_Y_A (net)                                                       | 18     |             |            |            | 0.000       |        |                 |
| myTime_12__reg_p_D_AOI2XB1X1H7R_Y:B0 (AOI2XB1X1H7R)                                          |        | 0.001       | 0.000      | 0.055      |             | 0.000  | 0.467r          |
| myTime_12__reg_p_D_AOI2XB1X1H7R_Y:Y (AOI2XB1X1H7R)                                           |        | 0.001       | 0.000      | 0.034      |             | 0.024  | 0.491f          |
| myTime_12__reg_p_D (net)                                                                     | 1      |             |            |            | 0.000       |        |                 |
| myTime_12__reg_p:D (DFFQX1H7R)                                                               |        | 0.001       | 0.000      | 0.034      |             | 0.000  | 0.491f          |
|                                                                                              |        |             |            |            |             |        |                 |
| clk (port)                                                                                   |        | 0.025       | 0.000      | 0.000      |             | 0.000  | 0.000r          |
| clk (clock net)                                                                              | 33     |             |            |            | NA          |        |                 |
| myTime_12__reg_p:CK (DFFQX1H7R)                                                              |        | 0.001       | 0.000      | 0.000      |             | 0.000  | 0.000r          |
| clock core_clock (rise edge)                                                                 |        |             |            |            |             | 2      | 2               |
| clock network delay (ideal)                                                                  |        |             |            |            |             | 0.000  | 2.000           |
| myTime_12__reg_p:CK (DFFQX1H7R)                                                              |        |             |            |            |             |        | 2.000r          |
| library setup time                                                                           |        |             |            |            |             | -0.043 | 1.957           |
| clock reconvergence pessimism                                                                |        |             |            |            |             | 0.000  | 1.957           |
|                                                                                              |        |             |            |            |             |        |                 |
| path cell delay                                                                              |        |             |            |            |             |        | 0.491(100.000%) |
| path net delay                                                                               |        |             |            |            |             |        | 0.000(0.000%)   |
|                                                                                              |        |             |            |            |             |        |                 |
| data require time                                                                            |        |             |            |            |             |        | 1.957           |
| data arrival time                                                                            |        |             |            |            |             |        | 0.491           |
| slack (MET)                                                                                  |        |             |            |            |             |        | 1.466           |
+----------------------------------------------------------------------------------------------+--------+-------------+------------+------------+-------------+--------+-----------------+
+---------------------------------------------------------------------------------------------+--------+-------------+------------+------------+-------------+--------+-----------------+
| Point                                                                                       | Fanout | Capacitance | Resistance | Transition | Delta Delay | Incr   | Path            |
+---------------------------------------------------------------------------------------------+--------+-------------+------------+------------+-------------+--------+-----------------+
| clk (port)                                                                                  |        | 0.032       | 0.000      | 0.000      |             | 0.000  | 0.000r          |
| clk (clock net)                                                                             | 33     |             |            |            | NA          |        |                 |
| myTime_0__reg_p:CK (DFFQX1H7R)                                                              |        | 0.001       | 0.000      | 0.000      |             | 0.000  | 0.000r          |
| clock core_clock (rise edge)                                                                |        |             |            |            |             | 0      | 0               |
| clock network delay (ideal)                                                                 |        |             |            |            |             | 0.000  | 0.000           |
| myTime_0__reg_p:CK (DFFQX1H7R)                                                              |        | 0.001       | 0.000      | 0.000      |             | 0.000  | 0.000r          |
| myTime_0__reg_p:Q (DFFQX1H7R)                                                               |        | 0.007       | 0.000      | 0.084      |             | 0.139  | 0.139r          |
| myTime_0_ (net)                                                                             | 5      |             |            |            | 0.000       |        |                 |
| myTime_2__NAND4X6H7R_C:A (NAND4X6H7R)                                                       |        | 0.003       | 0.000      | 0.084      |             | 0.000  | 0.139r          |
| myTime_2__NAND4X6H7R_C:Y (NAND4X6H7R)                                                       |        | 0.008       | 0.000      | 0.085      |             | 0.082  | 0.221f          |
| myTime_2__NAND4X6H7R_C_Y (net)                                                              | 8      |             |            |            | 0.000       |        |                 |
| myTime_6__reg_p_D_NOR3X1H7R_Y_A_OAI21X0P5H7R_Y_A0_NOR3BX1P4H7R_Y_AN_OR4X3H7R_B:C (OR4X3H7R) |        | 0.001       | 0.000      | 0.085      |             | 0.000  | 0.221f          |
| myTime_6__reg_p_D_NOR3X1H7R_Y_A_OAI21X0P5H7R_Y_A0_NOR3BX1P4H7R_Y_AN_OR4X3H7R_B:Y (OR4X3H7R) |        | 0.007       | 0.000      | 0.069      |             | 0.159  | 0.381f          |
| myTime_11__reg_p_D_NOR2X3H7R_Y_B_XNOR2X4H7R_Y_B (net)                                       | 9      |             |            |            | 0.000       |        |                 |
| myTime_12__reg_p_D_AOI2XB1X1H7R_Y_A1N_NOR3X1P4H7R_Y:C (NOR3X1P4H7R)                         |        | 0.001       | 0.000      | 0.069      |             | 0.000  | 0.381f          |
| myTime_12__reg_p_D_AOI2XB1X1H7R_Y_A1N_NOR3X1P4H7R_Y:Y (NOR3X1P4H7R)                         |        | 0.001       | 0.000      | 0.060      |             | 0.053  | 0.434r          |
| myTime_12__reg_p_D_AOI2XB1X1H7R_Y_A1N (net)                                                 | 1      |             |            |            | 0.000       |        |                 |
| myTime_12__reg_p_D_AOI2XB1X1H7R_Y:A1N (AOI2XB1X1H7R)                                        |        | 0.001       | 0.000      | 0.060      |             | 0.000  | 0.434r          |
| myTime_12__reg_p_D_AOI2XB1X1H7R_Y:Y (AOI2XB1X1H7R)                                          |        | 0.001       | 0.000      | 0.042      |             | 0.063  | 0.497r          |
| myTime_12__reg_p_D (net)                                                                    | 1      |             |            |            | 0.000       |        |                 |
| myTime_12__reg_p:D (DFFQX1H7R)                                                              |        | 0.001       | 0.000      | 0.042      |             | 0.000  | 0.497r          |
|                                                                                             |        |             |            |            |             |        |                 |
| clk (port)                                                                                  |        | 0.025       | 0.000      | 0.000      |             | 0.000  | 0.000r          |
| clk (clock net)                                                                             | 33     |             |            |            | NA          |        |                 |
| myTime_12__reg_p:CK (DFFQX1H7R)                                                             |        | 0.001       | 0.000      | 0.000      |             | 0.000  | 0.000r          |
| clock core_clock (rise edge)                                                                |        |             |            |            |             | 2      | 2               |
| clock network delay (ideal)                                                                 |        |             |            |            |             | 0.000  | 2.000           |
| myTime_12__reg_p:CK (DFFQX1H7R)                                                             |        |             |            |            |             |        | 2.000r          |
| library setup time                                                                          |        |             |            |            |             | -0.035 | 1.965           |
| clock reconvergence pessimism                                                               |        |             |            |            |             | 0.000  | 1.965           |
|                                                                                             |        |             |            |            |             |        |                 |
| path cell delay                                                                             |        |             |            |            |             |        | 0.497(100.000%) |
| path net delay                                                                              |        |             |            |            |             |        | 0.000(0.000%)   |
|                                                                                             |        |             |            |            |             |        |                 |
| data require time                                                                           |        |             |            |            |             |        | 1.965           |
| data arrival time                                                                           |        |             |            |            |             |        | 0.497           |
| slack (MET)                                                                                 |        |             |            |            |             |        | 1.468           |
+---------------------------------------------------------------------------------------------+--------+-------------+------------+------------+-------------+--------+-----------------+
+-------------------------------------------------------+--------+-------------+------------+------------+-------------+--------+-----------------+
| Point                                                 | Fanout | Capacitance | Resistance | Transition | Delta Delay | Incr   | Path            |
+-------------------------------------------------------+--------+-------------+------------+------------+-------------+--------+-----------------+
| clk (port)                                            |        | 0.032       | 0.000      | 0.000      |             | 0.000  | 0.000r          |
| clk (clock net)                                       | 33     |             |            |            | NA          |        |                 |
| myTime_16__reg_p:CK (DFFQX1H7R)                       |        | 0.001       | 0.000      | 0.000      |             | 0.000  | 0.000r          |
| clock core_clock (rise edge)                          |        |             |            |            |             | 0      | 0               |
| clock network delay (ideal)                           |        |             |            |            |             | 0.000  | 0.000           |
| myTime_16__reg_p:CK (DFFQX1H7R)                       |        | 0.001       | 0.000      | 0.000      |             | 0.000  | 0.000r          |
| myTime_16__reg_p:Q (DFFQX1H7R)                        |        | 0.005       | 0.000      | 0.064      |             | 0.127  | 0.127r          |
| myTime_16_ (net)                                      | 5      |             |            |            | 0.000       |        |                 |
| myTime_19__NAND4X1P4H7R_D:A (NAND4X1P4H7R)            |        | 0.001       | 0.000      | 0.064      |             | 0.000  | 0.127r          |
| myTime_19__NAND4X1P4H7R_D:Y (NAND4X1P4H7R)            |        | 0.002       | 0.000      | 0.094      |             | 0.083  | 0.210f          |
| myTime_19__NAND4X1P4H7R_D_Y (net)                     | 3      |             |            |            | 0.000       |        |                 |
| myTime_19__NAND4X1P4H7R_D_Y_NOR4X1H7R_C:C (NOR4X1H7R) |        | 0.001       | 0.000      | 0.094      |             | 0.000  | 0.210f          |
| myTime_19__NAND4X1P4H7R_D_Y_NOR4X1H7R_C:Y (NOR4X1H7R) |        | 0.002       | 0.000      | 0.162      |             | 0.128  | 0.337r          |
| myTime_6__reg_p_D_NOR3X1H7R_Y_B (net)                 | 3      |             |            |            | 0.000       |        |                 |
| is_NOR4X1H7R_Y_D_NAND2X0P5H7R_Y:B (NAND2X0P5H7R)      |        | 0.001       | 0.000      | 0.162      |             | 0.000  | 0.337r          |
| is_NOR4X1H7R_Y_D_NAND2X0P5H7R_Y:Y (NAND2X0P5H7R)      |        | 0.001       | 0.000      | 0.052      |             | 0.055  | 0.392f          |
| is_NOR4X1H7R_Y_D (net)                                | 1      |             |            |            | 0.000       |        |                 |
| is_NOR4X1H7R_Y:D (NOR4X1H7R)                          |        | 0.001       | 0.000      | 0.052      |             | 0.000  | 0.392f          |
| is_NOR4X1H7R_Y:Y (NOR4X1H7R)                          |        | 0.001       | 0.000      | 0.086      |             | 0.064  | 0.456r          |
| is (net)                                              | 1      |             |            |            | 0.000       |        |                 |
| is_ICGX0P5H7R_E:E (ICGX0P5H7R)                        |        | 0.001       | 0.000      | 0.086      |             | 0.000  | 0.456r          |
|                                                       |        |             |            |            |             |        |                 |
| clk (port)                                            |        | 0.025       | 0.000      | 0.000      |             | 0.000  | 0.000r          |
| clk (clock net)                                       | 33     |             |            |            | NA          |        |                 |
| is_ICGX0P5H7R_E:CK (ICGX0P5H7R)                       |        | 0.002       | 0.000      | 0.000      |             | 0.000  | 0.000r          |
| clock core_clock (rise edge)                          |        |             |            |            |             | 2      | 2               |
| clock network delay (ideal)                           |        |             |            |            |             | 0.000  | 2.000           |
| is_ICGX0P5H7R_E:CK (ICGX0P5H7R)                       |        |             |            |            |             |        | 2.000r          |
| library setup time                                    |        |             |            |            |             | -0.078 | 1.922           |
| clock reconvergence pessimism                         |        |             |            |            |             | 0.000  | 1.922           |
|                                                       |        |             |            |            |             |        |                 |
| path cell delay                                       |        |             |            |            |             |        | 0.456(100.000%) |
| path net delay                                        |        |             |            |            |             |        | 0.000(0.000%)   |
|                                                       |        |             |            |            |             |        |                 |
| data require time                                     |        |             |            |            |             |        | 1.922           |
| data arrival time                                     |        |             |            |            |             |        | 0.456           |
| slack (MET)                                           |        |             |            |            |             |        | 1.466           |
+-------------------------------------------------------+--------+-------------+------------+------------+-------------+--------+-----------------+
+-----------------------------------------------------------------------+--------+-------------+------------+------------+-------------+--------+-----------------+
| Point                                                                 | Fanout | Capacitance | Resistance | Transition | Delta Delay | Incr   | Path            |
+-----------------------------------------------------------------------+--------+-------------+------------+------------+-------------+--------+-----------------+
| clk (port)                                                            |        | 0.032       | 0.000      | 0.000      |             | 0.000  | 0.000r          |
| clk (clock net)                                                       | 33     |             |            |            | NA          |        |                 |
| myTime_13__reg_p:CK (DFFQX1H7R)                                       |        | 0.001       | 0.000      | 0.000      |             | 0.000  | 0.000r          |
| clock core_clock (rise edge)                                          |        |             |            |            |             | 0      | 0               |
| clock network delay (ideal)                                           |        |             |            |            |             | 0.000  | 0.000           |
| myTime_13__reg_p:CK (DFFQX1H7R)                                       |        | 0.001       | 0.000      | 0.000      |             | 0.000  | 0.000r          |
| myTime_13__reg_p:Q (DFFQX1H7R)                                        |        | 0.004       | 0.000      | 0.056      |             | 0.122  | 0.122r          |
| myTime_13_ (net)                                                      | 5      |             |            |            | 0.000       |        |                 |
| myTime_19__NAND4X1P4H7R_D_Y_NOR4X1H7R_C_B_OR2X0P5H7R_Y:A (OR2X0P5H7R) |        | 0.001       | 0.000      | 0.056      |             | 0.000  | 0.122r          |
| myTime_19__NAND4X1P4H7R_D_Y_NOR4X1H7R_C_B_OR2X0P5H7R_Y:Y (OR2X0P5H7R) |        | 0.002       | 0.000      | 0.049      |             | 0.063  | 0.185r          |
| myTime_19__NAND4X1P4H7R_D_Y_NOR4X1H7R_C_B (net)                       | 3      |             |            |            | 0.000       |        |                 |
| myTime_19__NAND4X1P4H7R_D_Y_NOR4X1H7R_C:B (NOR4X1H7R)                 |        | 0.001       | 0.000      | 0.049      |             | 0.000  | 0.185r          |
| myTime_19__NAND4X1P4H7R_D_Y_NOR4X1H7R_C:Y (NOR4X1H7R)                 |        | 0.002       | 0.000      | 0.037      |             | 0.038  | 0.223f          |
| myTime_6__reg_p_D_NOR3X1H7R_Y_B (net)                                 | 3      |             |            |            | 0.000       |        |                 |
| is_NOR4X1H7R_Y_D_NAND2X0P5H7R_Y:B (NAND2X0P5H7R)                      |        | 0.001       | 0.000      | 0.037      |             | 0.000  | 0.223f          |
| is_NOR4X1H7R_Y_D_NAND2X0P5H7R_Y:Y (NAND2X0P5H7R)                      |        | 0.001       | 0.000      | 0.031      |             | 0.031  | 0.254r          |
| is_NOR4X1H7R_Y_D (net)                                                | 1      |             |            |            | 0.000       |        |                 |
| is_NOR4X1H7R_Y:D (NOR4X1H7R)                                          |        | 0.001       | 0.000      | 0.031      |             | 0.000  | 0.254r          |
| is_NOR4X1H7R_Y:Y (NOR4X1H7R)                                          |        | 0.001       | 0.000      | 0.034      |             | 0.021  | 0.274f          |
| is (net)                                                              | 1      |             |            |            | 0.000       |        |                 |
| is_ICGX0P5H7R_E:E (ICGX0P5H7R)                                        |        | 0.001       | 0.000      | 0.034      |             | 0.000  | 0.274f          |
|                                                                       |        |             |            |            |             |        |                 |
| clk (port)                                                            |        | 0.025       | 0.000      | 0.000      |             | 0.000  | 0.000r          |
| clk (clock net)                                                       | 33     |             |            |            | NA          |        |                 |
| is_ICGX0P5H7R_E:CK (ICGX0P5H7R)                                       |        | 0.002       | 0.000      | 0.000      |             | 0.000  | 0.000r          |
| clock core_clock (rise edge)                                          |        |             |            |            |             | 2      | 2               |
| clock network delay (ideal)                                           |        |             |            |            |             | 0.000  | 2.000           |
| is_ICGX0P5H7R_E:CK (ICGX0P5H7R)                                       |        |             |            |            |             |        | 2.000r          |
| library setup time                                                    |        |             |            |            |             | -0.040 | 1.960           |
| clock reconvergence pessimism                                         |        |             |            |            |             | 0.000  | 1.960           |
|                                                                       |        |             |            |            |             |        |                 |
| path cell delay                                                       |        |             |            |            |             |        | 0.274(100.000%) |
| path net delay                                                        |        |             |            |            |             |        | 0.000(0.000%)   |
|                                                                       |        |             |            |            |             |        |                 |
| data require time                                                     |        |             |            |            |             |        | 1.960           |
| data arrival time                                                     |        |             |            |            |             |        | 0.274           |
| slack (MET)                                                           |        |             |            |            |             |        | 1.686           |
+-----------------------------------------------------------------------+--------+-------------+------------+------------+-------------+--------+-----------------+
+-------------------------------------------------+--------+-------------+------------+------------+-------------+--------+-----------------+
| Point                                           | Fanout | Capacitance | Resistance | Transition | Delta Delay | Incr   | Path            |
+-------------------------------------------------+--------+-------------+------------+------------+-------------+--------+-----------------+
| clk (port)                                      |        | 0.025       | 0.000      | 0.000      |             | 0.000  | 0.000r          |
| clk (clock net)                                 | 33     |             |            |            | NA          |        |                 |
| is_ICGX0P5H7R_E:CK (ICGX0P5H7R)                 |        | 0.002       | 0.000      | 0.000      |             | 0.000  | 0.000r          |
| is_ICGX0P5H7R_E:ECK (ICGX0P5H7R)                |        | 0.007       | 0.000      | 0.000      |             | 0.000  | 0.000r          |
| out[0]_reg_p_CK (clock net)                     | 10     |             |            |            | NA          |        |                 |
| out[0]_reg_p:CK (DFFQX1H7R)                     |        | 0.001       | 0.000      | 0.000      |             | 0.000  | 0.000r          |
| clock core_clock (rise edge)                    |        |             |            |            |             | 0      | 0               |
| clock network delay (ideal)                     |        |             |            |            |             | 0.000  | 0.000           |
| out[0]_reg_p:CK (DFFQX1H7R)                     |        | 0.001       | 0.000      | 0.000      |             | 0.000  | 0.000r          |
| out[0]_reg_p:Q (DFFQX1H7R)                      |        | 0.001       | 0.000      | 0.023      |             | 0.070  | 0.070f          |
| out_0_ (net)                                    | 2      |             |            |            | 0.000       |        |                 |
| out[1]_reg_p_D_NOR2BX1P4H7R_Z:AN (NOR2BX1P4H7R) |        | 0.001       | 0.000      | 0.023      |             | 0.000  | 0.070f          |
| out[1]_reg_p_D_NOR2BX1P4H7R_Z:Z (NOR2BX1P4H7R)  |        | 0.001       | 0.000      | 0.017      |             | 0.039  | 0.109f          |
| out[1]_reg_p_D (net)                            | 1      |             |            |            | 0.000       |        |                 |
| out[1]_reg_p:D (DFFQX1H7R)                      |        | 0.001       | 0.000      | 0.017      |             | 0.000  | 0.109f          |
|                                                 |        |             |            |            |             |        |                 |
| clk (port)                                      |        | 0.032       | 0.000      | 0.000      |             | 0.000  | 0.000r          |
| clk (clock net)                                 | 33     |             |            |            | NA          |        |                 |
| is_ICGX0P5H7R_E:CK (ICGX0P5H7R)                 |        | 0.002       | 0.000      | 0.000      |             | 0.000  | 0.000r          |
| is_ICGX0P5H7R_E:ECK (ICGX0P5H7R)                |        | 0.010       | 0.000      | 0.000      |             | 0.000  | 0.000r          |
| out[0]_reg_p_CK (clock net)                     | 10     |             |            |            | NA          |        |                 |
| out[1]_reg_p:CK (DFFQX1H7R)                     |        | 0.001       | 0.000      | 0.000      |             | 0.000  | 0.000r          |
| clock core_clock (rise edge)                    |        |             |            |            |             | 0      | 0               |
| clock network delay (ideal)                     |        |             |            |            |             | 0.000  | 0.000           |
| out[1]_reg_p:CK (DFFQX1H7R)                     |        |             |            |            |             |        | 0.000r          |
| library hold time                               |        |             |            |            |             | -0.004 | -0.004          |
| clock reconvergence pessimism                   |        |             |            |            |             | -0.000 | -0.004          |
|                                                 |        |             |            |            |             |        |                 |
| path cell delay                                 |        |             |            |            |             |        | 0.109(100.000%) |
| path net delay                                  |        |             |            |            |             |        | 0.000(0.000%)   |
|                                                 |        |             |            |            |             |        |                 |
| data require time                               |        |             |            |            |             |        | -0.004          |
| data arrival time                               |        |             |            |            |             |        | 0.109           |
| slack (MET)                                     |        |             |            |            |             |        | 0.112           |
+-------------------------------------------------+--------+-------------+------------+------------+-------------+--------+-----------------+
+-------------------------------------------------+--------+-------------+------------+------------+-------------+--------+-----------------+
| Point                                           | Fanout | Capacitance | Resistance | Transition | Delta Delay | Incr   | Path            |
+-------------------------------------------------+--------+-------------+------------+------------+-------------+--------+-----------------+
| clk (port)                                      |        | 0.025       | 0.000      | 0.000      |             | 0.000  | 0.000r          |
| clk (clock net)                                 | 33     |             |            |            | NA          |        |                 |
| is_ICGX0P5H7R_E:CK (ICGX0P5H7R)                 |        | 0.002       | 0.000      | 0.000      |             | 0.000  | 0.000r          |
| is_ICGX0P5H7R_E:ECK (ICGX0P5H7R)                |        | 0.007       | 0.000      | 0.000      |             | 0.000  | 0.000r          |
| out[0]_reg_p_CK (clock net)                     | 10     |             |            |            | NA          |        |                 |
| out[9]_reg_p:CK (DFFQX1H7R)                     |        | 0.001       | 0.000      | 0.000      |             | 0.000  | 0.000r          |
| clock core_clock (rise edge)                    |        |             |            |            |             | 0      | 0               |
| clock network delay (ideal)                     |        |             |            |            |             | 0.000  | 0.000           |
| out[9]_reg_p:CK (DFFQX1H7R)                     |        | 0.001       | 0.000      | 0.000      |             | 0.000  | 0.000r          |
| out[9]_reg_p:Q (DFFQX1H7R)                      |        | 0.001       | 0.000      | 0.023      |             | 0.070  | 0.070f          |
| out_9_ (net)                                    | 2      |             |            |            | 0.000       |        |                 |
| out[0]_reg_p_D_NOR2BX1P4H7R_Z:AN (NOR2BX1P4H7R) |        | 0.001       | 0.000      | 0.023      |             | 0.000  | 0.070f          |
| out[0]_reg_p_D_NOR2BX1P4H7R_Z:Z (NOR2BX1P4H7R)  |        | 0.001       | 0.000      | 0.017      |             | 0.039  | 0.109f          |
| out[0]_reg_p_D (net)                            | 1      |             |            |            | 0.000       |        |                 |
| out[0]_reg_p:D (DFFQX1H7R)                      |        | 0.001       | 0.000      | 0.017      |             | 0.000  | 0.109f          |
|                                                 |        |             |            |            |             |        |                 |
| clk (port)                                      |        | 0.032       | 0.000      | 0.000      |             | 0.000  | 0.000r          |
| clk (clock net)                                 | 33     |             |            |            | NA          |        |                 |
| is_ICGX0P5H7R_E:CK (ICGX0P5H7R)                 |        | 0.002       | 0.000      | 0.000      |             | 0.000  | 0.000r          |
| is_ICGX0P5H7R_E:ECK (ICGX0P5H7R)                |        | 0.010       | 0.000      | 0.000      |             | 0.000  | 0.000r          |
| out[0]_reg_p_CK (clock net)                     | 10     |             |            |            | NA          |        |                 |
| out[0]_reg_p:CK (DFFQX1H7R)                     |        | 0.001       | 0.000      | 0.000      |             | 0.000  | 0.000r          |
| clock core_clock (rise edge)                    |        |             |            |            |             | 0      | 0               |
| clock network delay (ideal)                     |        |             |            |            |             | 0.000  | 0.000           |
| out[0]_reg_p:CK (DFFQX1H7R)                     |        |             |            |            |             |        | 0.000r          |
| library hold time                               |        |             |            |            |             | -0.004 | -0.004          |
| clock reconvergence pessimism                   |        |             |            |            |             | -0.000 | -0.004          |
|                                                 |        |             |            |            |             |        |                 |
| path cell delay                                 |        |             |            |            |             |        | 0.109(100.000%) |
| path net delay                                  |        |             |            |            |             |        | 0.000(0.000%)   |
|                                                 |        |             |            |            |             |        |                 |
| data require time                               |        |             |            |            |             |        | -0.004          |
| data arrival time                               |        |             |            |            |             |        | 0.109           |
| slack (MET)                                     |        |             |            |            |             |        | 0.112           |
+-------------------------------------------------+--------+-------------+------------+------------+-------------+--------+-----------------+
+-------------------------------------------------+--------+-------------+------------+------------+-------------+--------+-----------------+
| Point                                           | Fanout | Capacitance | Resistance | Transition | Delta Delay | Incr   | Path            |
+-------------------------------------------------+--------+-------------+------------+------------+-------------+--------+-----------------+
| clk (port)                                      |        | 0.025       | 0.000      | 0.000      |             | 0.000  | 0.000r          |
| clk (clock net)                                 | 33     |             |            |            | NA          |        |                 |
| is_ICGX0P5H7R_E:CK (ICGX0P5H7R)                 |        | 0.002       | 0.000      | 0.000      |             | 0.000  | 0.000r          |
| is_ICGX0P5H7R_E:ECK (ICGX0P5H7R)                |        | 0.007       | 0.000      | 0.000      |             | 0.000  | 0.000r          |
| out[0]_reg_p_CK (clock net)                     | 10     |             |            |            | NA          |        |                 |
| out[2]_reg_p:CK (DFFQX1H7R)                     |        | 0.001       | 0.000      | 0.000      |             | 0.000  | 0.000r          |
| clock core_clock (rise edge)                    |        |             |            |            |             | 0      | 0               |
| clock network delay (ideal)                     |        |             |            |            |             | 0.000  | 0.000           |
| out[2]_reg_p:CK (DFFQX1H7R)                     |        | 0.001       | 0.000      | 0.000      |             | 0.000  | 0.000r          |
| out[2]_reg_p:Q (DFFQX1H7R)                      |        | 0.001       | 0.000      | 0.023      |             | 0.070  | 0.070f          |
| out_2_ (net)                                    | 2      |             |            |            | 0.000       |        |                 |
| out[3]_reg_p_D_NOR2BX1P4H7R_Z:AN (NOR2BX1P4H7R) |        | 0.001       | 0.000      | 0.023      |             | 0.000  | 0.070f          |
| out[3]_reg_p_D_NOR2BX1P4H7R_Z:Z (NOR2BX1P4H7R)  |        | 0.001       | 0.000      | 0.017      |             | 0.039  | 0.109f          |
| out[3]_reg_p_D (net)                            | 1      |             |            |            | 0.000       |        |                 |
| out[3]_reg_p:D (DFFQX1H7R)                      |        | 0.001       | 0.000      | 0.017      |             | 0.000  | 0.109f          |
|                                                 |        |             |            |            |             |        |                 |
| clk (port)                                      |        | 0.032       | 0.000      | 0.000      |             | 0.000  | 0.000r          |
| clk (clock net)                                 | 33     |             |            |            | NA          |        |                 |
| is_ICGX0P5H7R_E:CK (ICGX0P5H7R)                 |        | 0.002       | 0.000      | 0.000      |             | 0.000  | 0.000r          |
| is_ICGX0P5H7R_E:ECK (ICGX0P5H7R)                |        | 0.010       | 0.000      | 0.000      |             | 0.000  | 0.000r          |
| out[0]_reg_p_CK (clock net)                     | 10     |             |            |            | NA          |        |                 |
| out[3]_reg_p:CK (DFFQX1H7R)                     |        | 0.001       | 0.000      | 0.000      |             | 0.000  | 0.000r          |
| clock core_clock (rise edge)                    |        |             |            |            |             | 0      | 0               |
| clock network delay (ideal)                     |        |             |            |            |             | 0.000  | 0.000           |
| out[3]_reg_p:CK (DFFQX1H7R)                     |        |             |            |            |             |        | 0.000r          |
| library hold time                               |        |             |            |            |             | -0.004 | -0.004          |
| clock reconvergence pessimism                   |        |             |            |            |             | -0.000 | -0.004          |
|                                                 |        |             |            |            |             |        |                 |
| path cell delay                                 |        |             |            |            |             |        | 0.109(100.000%) |
| path net delay                                  |        |             |            |            |             |        | 0.000(0.000%)   |
|                                                 |        |             |            |            |             |        |                 |
| data require time                               |        |             |            |            |             |        | -0.004          |
| data arrival time                               |        |             |            |            |             |        | 0.109           |
| slack (MET)                                     |        |             |            |            |             |        | 0.112           |
+-------------------------------------------------+--------+-------------+------------+------------+-------------+--------+-----------------+
+-------------------------------------------------+--------+-------------+------------+------------+-------------+--------+-----------------+
| Point                                           | Fanout | Capacitance | Resistance | Transition | Delta Delay | Incr   | Path            |
+-------------------------------------------------+--------+-------------+------------+------------+-------------+--------+-----------------+
| clk (port)                                      |        | 0.025       | 0.000      | 0.000      |             | 0.000  | 0.000r          |
| clk (clock net)                                 | 33     |             |            |            | NA          |        |                 |
| is_ICGX0P5H7R_E:CK (ICGX0P5H7R)                 |        | 0.002       | 0.000      | 0.000      |             | 0.000  | 0.000r          |
| is_ICGX0P5H7R_E:ECK (ICGX0P5H7R)                |        | 0.007       | 0.000      | 0.000      |             | 0.000  | 0.000r          |
| out[0]_reg_p_CK (clock net)                     | 10     |             |            |            | NA          |        |                 |
| out[3]_reg_p:CK (DFFQX1H7R)                     |        | 0.001       | 0.000      | 0.000      |             | 0.000  | 0.000r          |
| clock core_clock (rise edge)                    |        |             |            |            |             | 0      | 0               |
| clock network delay (ideal)                     |        |             |            |            |             | 0.000  | 0.000           |
| out[3]_reg_p:CK (DFFQX1H7R)                     |        | 0.001       | 0.000      | 0.000      |             | 0.000  | 0.000r          |
| out[3]_reg_p:Q (DFFQX1H7R)                      |        | 0.001       | 0.000      | 0.023      |             | 0.070  | 0.070f          |
| out_3_ (net)                                    | 2      |             |            |            | 0.000       |        |                 |
| out[4]_reg_p_D_NOR2BX1P4H7R_Z:AN (NOR2BX1P4H7R) |        | 0.001       | 0.000      | 0.023      |             | 0.000  | 0.070f          |
| out[4]_reg_p_D_NOR2BX1P4H7R_Z:Z (NOR2BX1P4H7R)  |        | 0.001       | 0.000      | 0.017      |             | 0.039  | 0.109f          |
| out[4]_reg_p_D (net)                            | 1      |             |            |            | 0.000       |        |                 |
| out[4]_reg_p:D (DFFQX1H7R)                      |        | 0.001       | 0.000      | 0.017      |             | 0.000  | 0.109f          |
|                                                 |        |             |            |            |             |        |                 |
| clk (port)                                      |        | 0.032       | 0.000      | 0.000      |             | 0.000  | 0.000r          |
| clk (clock net)                                 | 33     |             |            |            | NA          |        |                 |
| is_ICGX0P5H7R_E:CK (ICGX0P5H7R)                 |        | 0.002       | 0.000      | 0.000      |             | 0.000  | 0.000r          |
| is_ICGX0P5H7R_E:ECK (ICGX0P5H7R)                |        | 0.010       | 0.000      | 0.000      |             | 0.000  | 0.000r          |
| out[0]_reg_p_CK (clock net)                     | 10     |             |            |            | NA          |        |                 |
| out[4]_reg_p:CK (DFFQX1H7R)                     |        | 0.001       | 0.000      | 0.000      |             | 0.000  | 0.000r          |
| clock core_clock (rise edge)                    |        |             |            |            |             | 0      | 0               |
| clock network delay (ideal)                     |        |             |            |            |             | 0.000  | 0.000           |
| out[4]_reg_p:CK (DFFQX1H7R)                     |        |             |            |            |             |        | 0.000r          |
| library hold time                               |        |             |            |            |             | -0.004 | -0.004          |
| clock reconvergence pessimism                   |        |             |            |            |             | -0.000 | -0.004          |
|                                                 |        |             |            |            |             |        |                 |
| path cell delay                                 |        |             |            |            |             |        | 0.109(100.000%) |
| path net delay                                  |        |             |            |            |             |        | 0.000(0.000%)   |
|                                                 |        |             |            |            |             |        |                 |
| data require time                               |        |             |            |            |             |        | -0.004          |
| data arrival time                               |        |             |            |            |             |        | 0.109           |
| slack (MET)                                     |        |             |            |            |             |        | 0.112           |
+-------------------------------------------------+--------+-------------+------------+------------+-------------+--------+-----------------+
+-------------------------------------------------+--------+-------------+------------+------------+-------------+--------+-----------------+
| Point                                           | Fanout | Capacitance | Resistance | Transition | Delta Delay | Incr   | Path            |
+-------------------------------------------------+--------+-------------+------------+------------+-------------+--------+-----------------+
| clk (port)                                      |        | 0.025       | 0.000      | 0.000      |             | 0.000  | 0.000r          |
| clk (clock net)                                 | 33     |             |            |            | NA          |        |                 |
| is_ICGX0P5H7R_E:CK (ICGX0P5H7R)                 |        | 0.002       | 0.000      | 0.000      |             | 0.000  | 0.000r          |
| is_ICGX0P5H7R_E:ECK (ICGX0P5H7R)                |        | 0.007       | 0.000      | 0.000      |             | 0.000  | 0.000r          |
| out[0]_reg_p_CK (clock net)                     | 10     |             |            |            | NA          |        |                 |
| out[1]_reg_p:CK (DFFQX1H7R)                     |        | 0.001       | 0.000      | 0.000      |             | 0.000  | 0.000r          |
| clock core_clock (rise edge)                    |        |             |            |            |             | 0      | 0               |
| clock network delay (ideal)                     |        |             |            |            |             | 0.000  | 0.000           |
| out[1]_reg_p:CK (DFFQX1H7R)                     |        | 0.001       | 0.000      | 0.000      |             | 0.000  | 0.000r          |
| out[1]_reg_p:Q (DFFQX1H7R)                      |        | 0.001       | 0.000      | 0.023      |             | 0.070  | 0.070f          |
| out_1_ (net)                                    | 2      |             |            |            | 0.000       |        |                 |
| out[2]_reg_p_D_NOR2BX1P4H7R_Z:AN (NOR2BX1P4H7R) |        | 0.001       | 0.000      | 0.023      |             | 0.000  | 0.070f          |
| out[2]_reg_p_D_NOR2BX1P4H7R_Z:Z (NOR2BX1P4H7R)  |        | 0.001       | 0.000      | 0.017      |             | 0.039  | 0.109f          |
| out[2]_reg_p_D (net)                            | 1      |             |            |            | 0.000       |        |                 |
| out[2]_reg_p:D (DFFQX1H7R)                      |        | 0.001       | 0.000      | 0.017      |             | 0.000  | 0.109f          |
|                                                 |        |             |            |            |             |        |                 |
| clk (port)                                      |        | 0.032       | 0.000      | 0.000      |             | 0.000  | 0.000r          |
| clk (clock net)                                 | 33     |             |            |            | NA          |        |                 |
| is_ICGX0P5H7R_E:CK (ICGX0P5H7R)                 |        | 0.002       | 0.000      | 0.000      |             | 0.000  | 0.000r          |
| is_ICGX0P5H7R_E:ECK (ICGX0P5H7R)                |        | 0.010       | 0.000      | 0.000      |             | 0.000  | 0.000r          |
| out[0]_reg_p_CK (clock net)                     | 10     |             |            |            | NA          |        |                 |
| out[2]_reg_p:CK (DFFQX1H7R)                     |        | 0.001       | 0.000      | 0.000      |             | 0.000  | 0.000r          |
| clock core_clock (rise edge)                    |        |             |            |            |             | 0      | 0               |
| clock network delay (ideal)                     |        |             |            |            |             | 0.000  | 0.000           |
| out[2]_reg_p:CK (DFFQX1H7R)                     |        |             |            |            |             |        | 0.000r          |
| library hold time                               |        |             |            |            |             | -0.004 | -0.004          |
| clock reconvergence pessimism                   |        |             |            |            |             | -0.000 | -0.004          |
|                                                 |        |             |            |            |             |        |                 |
| path cell delay                                 |        |             |            |            |             |        | 0.109(100.000%) |
| path net delay                                  |        |             |            |            |             |        | 0.000(0.000%)   |
|                                                 |        |             |            |            |             |        |                 |
| data require time                               |        |             |            |            |             |        | -0.004          |
| data arrival time                               |        |             |            |            |             |        | 0.109           |
| slack (MET)                                     |        |             |            |            |             |        | 0.112           |
+-------------------------------------------------+--------+-------------+------------+------------+-------------+--------+-----------------+
+---------------------------------+--------+-------------+------------+------------+-------------+--------+-----------------+
| Point                           | Fanout | Capacitance | Resistance | Transition | Delta Delay | Incr   | Path            |
+---------------------------------+--------+-------------+------------+------------+-------------+--------+-----------------+
| clk (port)                      |        | 0.025       | 0.000      | 0.000      |             | 0.000  | 0.000r          |
| clk (clock net)                 | 33     |             |            |            | NA          |        |                 |
| myTime_7__reg_p:CK (DFFQX1H7R)  |        | 0.001       | 0.000      | 0.000      |             | 0.000  | 0.000r          |
| clock core_clock (rise edge)    |        |             |            |            |             | 0      | 0               |
| clock network delay (ideal)     |        |             |            |            |             | 0.000  | 0.000           |
| myTime_7__reg_p:CK (DFFQX1H7R)  |        | 0.001       | 0.000      | 0.000      |             | 0.000  | 0.000r          |
| myTime_7__reg_p:Q (DFFQX1H7R)   |        | 0.004       | 0.000      | 0.053      |             | 0.120  | 0.120r          |
| myTime_7_ (net)                 | 4      |             |            |            | 0.000       |        |                 |
| is_NOR4X1H7R_Y:B (NOR4X1H7R)    |        | 0.001       | 0.000      | 0.053      |             | 0.000  | 0.120r          |
| is_NOR4X1H7R_Y:Y (NOR4X1H7R)    |        | 0.001       | 0.000      | 0.016      |             | 0.028  | 0.148f          |
| is (net)                        | 1      |             |            |            | 0.000       |        |                 |
| is_ICGX0P5H7R_E:E (ICGX0P5H7R)  |        | 0.001       | 0.000      | 0.016      |             | 0.000  | 0.148f          |
|                                 |        |             |            |            |             |        |                 |
| clk (port)                      |        | 0.032       | 0.000      | 0.000      |             | 0.000  | 0.000r          |
| clk (clock net)                 | 33     |             |            |            | NA          |        |                 |
| is_ICGX0P5H7R_E:CK (ICGX0P5H7R) |        | 0.002       | 0.000      | 0.000      |             | 0.000  | 0.000r          |
| clock core_clock (rise edge)    |        |             |            |            |             | 0      | 0               |
| clock network delay (ideal)     |        |             |            |            |             | 0.000  | 0.000           |
| is_ICGX0P5H7R_E:CK (ICGX0P5H7R) |        |             |            |            |             |        | 0.000r          |
| library hold time               |        |             |            |            |             | 0.001  | 0.001           |
| clock reconvergence pessimism   |        |             |            |            |             | -0.000 | 0.001           |
|                                 |        |             |            |            |             |        |                 |
| path cell delay                 |        |             |            |            |             |        | 0.148(100.000%) |
| path net delay                  |        |             |            |            |             |        | 0.000(0.000%)   |
|                                 |        |             |            |            |             |        |                 |
| data require time               |        |             |            |            |             |        | 0.001           |
| data arrival time               |        |             |            |            |             |        | 0.148           |
| slack (MET)                     |        |             |            |            |             |        | 0.147           |
+---------------------------------+--------+-------------+------------+------------+-------------+--------+-----------------+
+---------------------------------+--------+-------------+------------+------------+-------------+--------+-----------------+
| Point                           | Fanout | Capacitance | Resistance | Transition | Delta Delay | Incr   | Path            |
+---------------------------------+--------+-------------+------------+------------+-------------+--------+-----------------+
| clk (port)                      |        | 0.025       | 0.000      | 0.000      |             | 0.000  | 0.000r          |
| clk (clock net)                 | 33     |             |            |            | NA          |        |                 |
| myTime_7__reg_p:CK (DFFQX1H7R)  |        | 0.001       | 0.000      | 0.000      |             | 0.000  | 0.000r          |
| clock core_clock (rise edge)    |        |             |            |            |             | 0      | 0               |
| clock network delay (ideal)     |        |             |            |            |             | 0.000  | 0.000           |
| myTime_7__reg_p:CK (DFFQX1H7R)  |        | 0.001       | 0.000      | 0.000      |             | 0.000  | 0.000r          |
| myTime_7__reg_p:Q (DFFQX1H7R)   |        | 0.004       | 0.000      | 0.050      |             | 0.094  | 0.094f          |
| myTime_7_ (net)                 | 4      |             |            |            | 0.000       |        |                 |
| is_NOR4X1H7R_Y:B (NOR4X1H7R)    |        | 0.001       | 0.000      | 0.050      |             | 0.000  | 0.094f          |
| is_NOR4X1H7R_Y:Y (NOR4X1H7R)    |        | 0.001       | 0.000      | 0.082      |             | 0.076  | 0.170r          |
| is (net)                        | 1      |             |            |            | 0.000       |        |                 |
| is_ICGX0P5H7R_E:E (ICGX0P5H7R)  |        | 0.001       | 0.000      | 0.082      |             | 0.000  | 0.170r          |
|                                 |        |             |            |            |             |        |                 |
| clk (port)                      |        | 0.032       | 0.000      | 0.000      |             | 0.000  | 0.000r          |
| clk (clock net)                 | 33     |             |            |            | NA          |        |                 |
| is_ICGX0P5H7R_E:CK (ICGX0P5H7R) |        | 0.002       | 0.000      | 0.000      |             | 0.000  | 0.000r          |
| clock core_clock (rise edge)    |        |             |            |            |             | 0      | 0               |
| clock network delay (ideal)     |        |             |            |            |             | 0.000  | 0.000           |
| is_ICGX0P5H7R_E:CK (ICGX0P5H7R) |        |             |            |            |             |        | 0.000r          |
| library hold time               |        |             |            |            |             | -0.033 | -0.033          |
| clock reconvergence pessimism   |        |             |            |            |             | -0.000 | -0.033          |
|                                 |        |             |            |            |             |        |                 |
| path cell delay                 |        |             |            |            |             |        | 0.170(100.000%) |
| path net delay                  |        |             |            |            |             |        | 0.000(0.000%)   |
|                                 |        |             |            |            |             |        |                 |
| data require time               |        |             |            |            |             |        | -0.033          |
| data arrival time               |        |             |            |            |             |        | 0.170           |
| slack (MET)                     |        |             |            |            |             |        | 0.204           |
+---------------------------------+--------+-------------+------------+------------+-------------+--------+-----------------+
