I20260204 14:40:24.053643 80436 Sta.cc:383] read verilog file /home/biruide/ysyx-workbench/yosys-sta/result/ex7N-500MHz/ex7N.netlist.v start
I20260204 14:40:24.056404 80436 VerilogParserRustC.cc:41] load verilog file /home/biruide/ysyx-workbench/yosys-sta/result/ex7N-500MHz/ex7N.netlist.v
r str /home/biruide/ysyx-workbench/yosys-sta/result/ex7N-500MHz/ex7N.netlist.v
I20260204 14:40:24.064038 80436 Sta.cc:391] read verilog end
I20260204 14:40:24.064165 80436 Sta.cc:309] load lib start
I20260204 14:40:24.068075 80469 Sta.cc:287] read liberty /home/biruide/ysyx-workbench/yosys-sta/scripts/../pdk/icsprout55/IP/STD_cell/ics55_LLSC_H7C_V1p10C100/ics55_LLSC_H7CL/liberty/ics55_LLSC_H7CL_typ_tt_1p2_25_nldm.lib start 
I20260204 14:40:24.068159 80469 LibParserRustC.cc:1285] load liberty file /home/biruide/ysyx-workbench/yosys-sta/scripts/../pdk/icsprout55/IP/STD_cell/ics55_LLSC_H7C_V1p10C100/ics55_LLSC_H7CL/liberty/ics55_LLSC_H7CL_typ_tt_1p2_25_nldm.lib
rust read lib file /home/biruide/ysyx-workbench/yosys-sta/scripts/../pdk/icsprout55/IP/STD_cell/ics55_LLSC_H7C_V1p10C100/ics55_LLSC_H7CL/liberty/ics55_LLSC_H7CL_typ_tt_1p2_25_nldm.lib
I20260204 14:40:30.624862 80469 LibParserRustC.cc:1294] load liberty file /home/biruide/ysyx-workbench/yosys-sta/scripts/../pdk/icsprout55/IP/STD_cell/ics55_LLSC_H7C_V1p10C100/ics55_LLSC_H7CL/liberty/ics55_LLSC_H7CL_typ_tt_1p2_25_nldm.lib success.
I20260204 14:40:30.624971 80469 Sta.cc:297] read liberty /home/biruide/ysyx-workbench/yosys-sta/scripts/../pdk/icsprout55/IP/STD_cell/ics55_LLSC_H7C_V1p10C100/ics55_LLSC_H7CL/liberty/ics55_LLSC_H7CL_typ_tt_1p2_25_nldm.lib end 
I20260204 14:40:30.625738 80436 Sta.cc:328] load lib end
I20260204 14:40:30.625844 80436 Sta.cc:417] link design ex7N start
I20260204 14:40:30.634099 80563 LibParserRustC.cc:1304] link liberty file /home/biruide/ysyx-workbench/yosys-sta/scripts/../pdk/icsprout55/IP/STD_cell/ics55_LLSC_H7C_V1p10C100/ics55_LLSC_H7CL/liberty/ics55_LLSC_H7CL_typ_tt_1p2_25_nldm.lib start.
I20260204 14:40:30.636730 80563 LibParserRustC.cc:666] unkown attri name: voltage_map in /home/biruide/ysyx-workbench/yosys-sta/scripts/../pdk/icsprout55/IP/STD_cell/ics55_LLSC_H7C_V1p10C100/ics55_LLSC_H7CL/liberty/ics55_LLSC_H7CL_typ_tt_1p2_25_nldm.lib line no 28
I20260204 14:40:52.144322 80563 LibParserRustC.cc:1310] link liberty file /home/biruide/ysyx-workbench/yosys-sta/scripts/../pdk/icsprout55/IP/STD_cell/ics55_LLSC_H7C_V1p10C100/ics55_LLSC_H7CL/liberty/ics55_LLSC_H7CL_typ_tt_1p2_25_nldm.lib success.
I20260204 14:40:52.170234 80436 Sta.cc:889] assign segA1_5_ = ascll_7_
I20260204 14:40:52.170332 80436 Sta.cc:889] assign segA1_3_ = segA0_0_
I20260204 14:40:52.170344 80436 Sta.cc:889] assign segA1_1_ = ascll_7_
I20260204 14:40:52.170352 80436 Sta.cc:889] assign segA1_0_ = segA0_0_
I20260204 14:40:52.170359 80436 Sta.cc:889] assign segD0_0_ = segA0_0_
I20260204 14:40:52.170367 80436 Sta.cc:889] assign segD1_0_ = segA0_0_
I20260204 14:40:52.170375 80436 Sta.cc:889] assign segT0_0_ = segA0_0_
I20260204 14:40:52.170382 80436 Sta.cc:889] assign segT1_0_ = segA0_0_
I20260204 14:40:52.170897 80436 Sta.cc:1106] link design ex7N end
I20260204 14:40:52.170955 80436 Sta.cc:1108] design ex7N inst num: 455
I20260204 14:40:52.171965 80436 Sta.cc:1110] design ex7N net num: 467
I20260204 14:40:52.171986 80436 Sta.cc:1112] design ex7N port num: 68
I20260204 14:40:52.172128 80436 Sta.cc:181] read sdc /home/biruide/ysyx-workbench/yosys-sta/scripts/default.sdc start 
I20260204 14:40:52.178519 80436 CmdCreateClock.cc:124] create clock core_clock for pin/port: clk
I20260204 14:40:52.178560 80436 Sta.cc:198] read sdc /home/biruide/ysyx-workbench/yosys-sta/scripts/default.sdc end 
I20260204 14:40:52.179278 80436 StaBuildGraph.cc:315] build graph start
I20260204 14:40:52.185297 80436 StaBuildGraph.cc:216] net segD0_0_ has no driver.
I20260204 14:40:52.185498 80436 StaBuildGraph.cc:216] net segD1_0_ has no driver.
I20260204 14:40:52.185536 80436 StaBuildGraph.cc:216] net segA1_0_ has no driver.
I20260204 14:40:52.185541 80436 StaBuildGraph.cc:216] net segA1_1_ has no driver.
I20260204 14:40:52.185546 80436 StaBuildGraph.cc:216] net segA1_3_ has no driver.
I20260204 14:40:52.185552 80436 StaBuildGraph.cc:216] net segA1_5_ has no driver.
I20260204 14:40:52.185561 80436 StaBuildGraph.cc:216] net segT0_0_ has no driver.
I20260204 14:40:52.185653 80436 StaBuildGraph.cc:216] net segT1_0_ has no driver.
I20260204 14:40:52.187306 80436 StaBuildGraph.cc:332] build graph end
I20260204 14:40:52.187388 80436 Sta.cc:2834] update timing start
I20260204 14:40:52.187592 80436 StaApplySdc.cc:698] apply sdc start
I20260204 14:40:52.187655 80436 StaApplySdc.cc:729] apply sdc end
I20260204 14:40:52.187666 80436 StaClockPropagation.cc:324] ideal clock propagation start
I20260204 14:40:52.187670 80436 StaClockPropagation.cc:354] clock propagation clock num: 1
I20260204 14:40:52.187690 80436 StaClockPropagation.cc:203] clock propagate end to vertex fifo[0]_0__reg_p:CK
I20260204 14:40:52.187835 80436 StaClockPropagation.cc:422] ideal clock propagation end
I20260204 14:40:52.187866 80436 StaCheck.cc:129] found loop fwd start
I20260204 14:40:52.188333 80436 StaCheck.cc:148] found loop fwd end
I20260204 14:40:52.188351 80436 StaCheck.cc:150] found loop bwd start
I20260204 14:40:52.188584 80436 StaCheck.cc:172] found loop bwd end
I20260204 14:40:52.188694 80436 StaClockSlewDelayPropagation.cc:112] clock slew delay propagation start
I20260204 14:40:52.189646 80436 StaClockSlewDelayPropagation.cc:130] propagating current clock queue vertexes number is 1
I20260204 14:40:52.190611 80436 StaClockSlewDelayPropagation.cc:130] propagating current clock queue vertexes number is 23
I20260204 14:40:52.190717 80436 StaClockSlewDelayPropagation.cc:130] propagating current clock queue vertexes number is 6
I20260204 14:40:52.190755 80436 StaClockSlewDelayPropagation.cc:130] propagating current clock queue vertexes number is 40
I20260204 14:40:52.190852 80436 StaClockSlewDelayPropagation.cc:163] clock slew delay propagation end
I20260204 14:40:52.190907 80436 StaClockSlewDelayPropagation.cc:166] clock slew delay propagation memory usage 0MB
I20260204 14:40:52.190933 80436 StaClockSlewDelayPropagation.cc:169] clock slew delay propagation time elapsed 0.002239s
I20260204 14:40:52.191195 80436 StaClockPropagation.cc:326] propagated(kNormal) clock propagation start
I20260204 14:40:52.191217 80436 StaClockPropagation.cc:354] clock propagation clock num: 1
I20260204 14:40:52.191227 80436 StaClockPropagation.cc:424] propagated(kNormal) clock propagation end
I20260204 14:40:52.191231 80436 StaApplySdc.cc:698] apply sdc start
I20260204 14:40:52.191236 80436 StaApplySdc.cc:729] apply sdc end
I20260204 14:40:52.191241 80436 StaClockPropagation.cc:328] propagated(kGenerated) clock propagation start
I20260204 14:40:52.191243 80436 StaClockPropagation.cc:354] clock propagation clock num: 1
I20260204 14:40:52.191246 80436 StaClockPropagation.cc:426] propagated(kGenerated) clock propagation end
I20260204 14:40:52.191249 80436 StaApplySdc.cc:698] apply sdc start
I20260204 14:40:52.191252 80436 StaApplySdc.cc:729] apply sdc end
I20260204 14:40:52.191256 80436 StaBuildPropTag.cc:325] build propagation tag start
I20260204 14:40:52.191284 80436 StaBuildPropTag.cc:338] build propagation tag end
I20260204 14:40:52.191294 80436 StaDataPropagation.cc:676] data fwd propagation start
I20260204 14:40:52.191318 80436 StaDataPropagationBFS.cc:166] data fwd propagation bfs start
I20260204 14:40:52.191447 80436 StaDataPropagationBFS.cc:190] propagating current data queue vertexes number is 62
I20260204 14:40:52.194160 80729 StaDataPropagationBFS.cc:82] Thread 128268116158016 date fwd propagate found start vertex.clrn
I20260204 14:40:52.194216 80698 StaDataPropagationBFS.cc:82] Thread 128269446686272 date fwd propagate found start vertex.SegT0.in_2__reg_p:CK
I20260204 14:40:52.194260 80704 StaDataPropagationBFS.cc:82] Thread 128269584160320 date fwd propagate found start vertex.SegT1.in_1__reg_p:CK
I20260204 14:40:52.194279 80705 StaDataPropagationBFS.cc:82] Thread 128269575767616 date fwd propagate found start vertex.SegT1.in_2__reg_p:CK
I20260204 14:40:52.194162 80699 StaDataPropagationBFS.cc:82] Thread 128269455078976 date fwd propagate found start vertex.ps2_clk
I20260204 14:40:52.194232 80729 StaDataPropagationBFS.cc:82] Thread 128268116158016 date fwd propagate found start vertex.SegT1.in_0__reg_p:CK
I20260204 14:40:52.194207 80702 StaDataPropagationBFS.cc:82] Thread 128269600945728 date fwd propagate found start vertex.SegT0.in_0__reg_p:CK
I20260204 14:40:52.194232 80703 StaDataPropagationBFS.cc:82] Thread 128269592553024 date fwd propagate found start vertex.SegT0.in_3__reg_p:CK
I20260204 14:40:52.194207 80701 StaDataPropagationBFS.cc:82] Thread 128269471864384 date fwd propagate found start vertex.SegT0.in_1__reg_p:CK
I20260204 14:40:52.194170 80700 StaDataPropagationBFS.cc:82] Thread 128269463471680 date fwd propagate found start vertex.ps2_data
[0;31mE20260204 14:40:52.194581 80706 Lib.cc:181] Warning: val outside table ranges:  val = 0; min_val = 0.0121961; max_val = 0.795659
[m[0;31mE20260204 14:40:52.194598 80724 Lib.cc:181] Warning: val outside table ranges:  val = 0; min_val = 0.0121961; max_val = 0.795659
[m[0;31mE20260204 14:40:52.194602 80704 Lib.cc:181] Warning: val outside table ranges:  val = 0; min_val = 0.0121961; max_val = 0.795659
[m[0;31mE20260204 14:40:52.194612 80727 Lib.cc:181] Warning: val outside table ranges:  val = 0; min_val = 0.0121961; max_val = 0.795659
[m[0;31mE20260204 14:40:52.194641 80716 Lib.cc:181] Warning: val outside table ranges:  val = 0; min_val = 0.0121961; max_val = 0.795659
[m[0;31mE20260204 14:40:52.194689 80723 Lib.cc:181] Warning: val outside table ranges:  val = 0; min_val = 0.0121961; max_val = 0.795659
[m[0;31mE20260204 14:40:52.194703 80699 Lib.cc:181] Warning: val outside table ranges:  val = 0; min_val = 0.0121961; max_val = 0.795659
[m[0;31mE20260204 14:40:52.194653 80705 Lib.cc:181] Warning: val outside table ranges:  val = 0; min_val = 0.0121961; max_val = 0.795659
[m[0;31mE20260204 14:40:52.194718 80707 Lib.cc:181] Warning: val outside table ranges:  val = 0; min_val = 0.0121961; max_val = 0.795659
[m[0;31mE20260204 14:40:52.194675 80708 Lib.cc:181] Warning: val outside table ranges:  val = 0; min_val = 0.0121961; max_val = 0.795659
[mI20260204 14:40:52.197690 80436 StaDataPropagationBFS.cc:190] propagating current data queue vertexes number is 71
I20260204 14:40:52.202209 80436 StaDataPropagationBFS.cc:190] propagating current data queue vertexes number is 123
I20260204 14:40:52.206930 80436 StaDataPropagationBFS.cc:190] propagating current data queue vertexes number is 60
I20260204 14:40:52.213243 80436 StaDataPropagationBFS.cc:190] propagating current data queue vertexes number is 154
I20260204 14:40:52.223884 80436 StaDataPropagationBFS.cc:190] propagating current data queue vertexes number is 54
I20260204 14:40:52.231055 80436 StaDataPropagationBFS.cc:190] propagating current data queue vertexes number is 175
I20260204 14:40:52.236150 80436 StaDataPropagationBFS.cc:190] propagating current data queue vertexes number is 57
I20260204 14:40:52.240022 80436 StaDataPropagationBFS.cc:190] propagating current data queue vertexes number is 196
I20260204 14:40:52.245622 80436 StaDataPropagationBFS.cc:190] propagating current data queue vertexes number is 51
I20260204 14:40:52.251307 80436 StaDataPropagationBFS.cc:190] propagating current data queue vertexes number is 101
I20260204 14:40:52.256760 80436 StaDataPropagationBFS.cc:190] propagating current data queue vertexes number is 45
I20260204 14:40:52.262570 80436 StaDataPropagationBFS.cc:190] propagating current data queue vertexes number is 71
I20260204 14:40:52.268875 80436 StaDataPropagationBFS.cc:190] propagating current data queue vertexes number is 37
I20260204 14:40:52.275346 80436 StaDataPropagationBFS.cc:190] propagating current data queue vertexes number is 49
I20260204 14:40:52.283461 80436 StaDataPropagationBFS.cc:190] propagating current data queue vertexes number is 14
I20260204 14:40:52.287781 80436 StaDataPropagationBFS.cc:190] propagating current data queue vertexes number is 35
I20260204 14:40:52.290916 80436 StaDataPropagationBFS.cc:190] propagating current data queue vertexes number is 16
I20260204 14:40:52.295389 80436 StaDataPropagationBFS.cc:190] propagating current data queue vertexes number is 74
I20260204 14:40:52.299357 80436 StaDataPropagationBFS.cc:190] propagating current data queue vertexes number is 35
I20260204 14:40:52.309937 80436 StaDataPropagationBFS.cc:190] propagating current data queue vertexes number is 79
I20260204 14:40:52.314129 80436 StaDataPropagationBFS.cc:190] propagating current data queue vertexes number is 35
I20260204 14:40:52.318904 80436 StaDataPropagationBFS.cc:190] propagating current data queue vertexes number is 37
I20260204 14:40:52.322104 80436 StaDataPropagationBFS.cc:190] propagating current data queue vertexes number is 20
I20260204 14:40:52.329735 80436 StaDataPropagationBFS.cc:190] propagating current data queue vertexes number is 20
I20260204 14:40:52.335359 80436 StaDataPropagationBFS.cc:229] data fwd propagation bfs end
I20260204 14:40:52.335474 80436 StaDataPropagationBFS.cc:232] data fwd propagation bfs memory usage 1508.22MB
I20260204 14:40:52.335498 80436 StaDataPropagationBFS.cc:234] data fwd propagation bfs time elapsed 0.144179s
I20260204 14:40:52.335508 80436 StaDataPropagation.cc:695] data fwd propagation end
I20260204 14:40:52.335518 80436 StaDataPropagation.cc:676] data fwd propagation start
I20260204 14:40:52.335543 80436 StaDataPropagationBFS.cc:166] data fwd propagation bfs start
I20260204 14:40:52.335640 80436 StaDataPropagationBFS.cc:190] propagating current data queue vertexes number is 2
I20260204 14:40:52.338762 80436 StaDataPropagationBFS.cc:229] data fwd propagation bfs end
I20260204 14:40:52.338847 80436 StaDataPropagationBFS.cc:232] data fwd propagation bfs memory usage 0MB
I20260204 14:40:52.338860 80436 StaDataPropagationBFS.cc:234] data fwd propagation bfs time elapsed 0.003317s
I20260204 14:40:52.338867 80436 StaDataPropagation.cc:695] data fwd propagation end
I20260204 14:40:52.338876 80436 StaAnalyze.cc:557] analyze timing path start
I20260204 14:40:52.338881 80436 StaAnalyze.cc:565] analyze timing path end vertex 1 total 127 start
[0;31mE20260204 14:40:52.338892 80436 StaAnalyze.cc:328] The output port segT0_4_ is not constrained
[m[0;31mE20260204 14:40:52.338928 80436 StaAnalyze.cc:328] The output port segT0_4_ is not constrained
[mI20260204 14:40:52.338935 80436 StaAnalyze.cc:599] analyze timing path end vertex 1 total 127 end
[0;31mE20260204 14:40:52.338940 80436 StaAnalyze.cc:328] The output port segT0_5_ is not constrained
[m[0;31mE20260204 14:40:52.338946 80436 StaAnalyze.cc:328] The output port segT0_5_ is not constrained
[m[0;31mE20260204 14:40:52.338953 80436 StaAnalyze.cc:328] The output port segT0_6_ is not constrained
[m[0;31mE20260204 14:40:52.338958 80436 StaAnalyze.cc:328] The output port segT0_6_ is not constrained
[m[0;31mE20260204 14:40:52.338964 80436 StaAnalyze.cc:328] The output port segT0_7_ is not constrained
[m[0;31mE20260204 14:40:52.338970 80436 StaAnalyze.cc:328] The output port segT0_7_ is not constrained
[m[0;31mE20260204 14:40:52.338976 80436 StaAnalyze.cc:328] The output port segT1_0_ is not constrained
[m[0;31mE20260204 14:40:52.338984 80436 StaAnalyze.cc:328] The output port segT1_0_ is not constrained
[mI20260204 14:40:52.338990 80436 StaAnalyze.cc:565] analyze timing path end vertex 11 total 127 start
I20260204 14:40:52.338994 80436 StaAnalyze.cc:599] analyze timing path end vertex 11 total 127 end
I20260204 14:40:52.339075 80436 StaAnalyze.cc:303] add path data num 2 to SegT0.in_0__reg_p:D
I20260204 14:40:52.339143 80436 StaAnalyze.cc:565] analyze timing path end vertex 21 total 127 start
I20260204 14:40:52.339156 80436 StaAnalyze.cc:599] analyze timing path end vertex 21 total 127 end
I20260204 14:40:52.339203 80436 StaAnalyze.cc:565] analyze timing path end vertex 31 total 127 start
I20260204 14:40:52.339216 80436 StaAnalyze.cc:599] analyze timing path end vertex 31 total 127 end
I20260204 14:40:52.339236 80436 StaAnalyze.cc:565] analyze timing path end vertex 41 total 127 start
I20260204 14:40:52.339239 80436 StaAnalyze.cc:599] analyze timing path end vertex 41 total 127 end
I20260204 14:40:52.339244 80436 StaAnalyze.cc:565] analyze timing path end vertex 51 total 127 start
I20260204 14:40:52.339248 80436 StaAnalyze.cc:599] analyze timing path end vertex 51 total 127 end
I20260204 14:40:52.339253 80436 StaAnalyze.cc:565] analyze timing path end vertex 61 total 127 start
I20260204 14:40:52.339257 80436 StaAnalyze.cc:599] analyze timing path end vertex 61 total 127 end
I20260204 14:40:52.339262 80436 StaAnalyze.cc:565] analyze timing path end vertex 71 total 127 start
I20260204 14:40:52.339265 80436 StaAnalyze.cc:599] analyze timing path end vertex 71 total 127 end
I20260204 14:40:52.339310 80436 StaAnalyze.cc:565] analyze timing path end vertex 81 total 127 start
I20260204 14:40:52.339325 80436 StaAnalyze.cc:599] analyze timing path end vertex 81 total 127 end
I20260204 14:40:52.339385 80436 StaAnalyze.cc:565] analyze timing path end vertex 91 total 127 start
I20260204 14:40:52.339398 80436 StaAnalyze.cc:599] analyze timing path end vertex 91 total 127 end
I20260204 14:40:52.339455 80436 StaAnalyze.cc:565] analyze timing path end vertex 101 total 127 start
I20260204 14:40:52.339468 80436 StaAnalyze.cc:599] analyze timing path end vertex 101 total 127 end
I20260204 14:40:52.339527 80436 StaAnalyze.cc:565] analyze timing path end vertex 111 total 127 start
I20260204 14:40:52.339541 80436 StaAnalyze.cc:599] analyze timing path end vertex 111 total 127 end
I20260204 14:40:52.339597 80436 StaAnalyze.cc:565] analyze timing path end vertex 121 total 127 start
I20260204 14:40:52.339608 80436 StaAnalyze.cc:303] add path data num 2 to segT1[2]_reg_p:D
I20260204 14:40:52.339618 80436 StaAnalyze.cc:599] analyze timing path end vertex 121 total 127 end
I20260204 14:40:52.339653 80436 StaAnalyze.cc:603] analyze timing path end
I20260204 14:40:52.339658 80436 StaApplySdc.cc:698] apply sdc start
I20260204 14:40:52.339668 80436 StaApplySdc.cc:729] apply sdc end
I20260204 14:40:52.339671 80436 StaDataPropagation.cc:698] data bwd propagation start
I20260204 14:40:52.341743 80436 StaDataPropagation.cc:249] propagate start vertex SegT0.in_0__reg_p:CK
I20260204 14:40:52.341782 80436 StaDataPropagation.cc:172] Thread 128269702160512 data bwd propagate found end vertex.SegT0.in_0__reg_p:D
I20260204 14:40:52.341809 80436 StaDataPropagation.cc:172] Thread 128269702160512 data bwd propagate found end vertex.SegT0.in_1__reg_p:D
I20260204 14:40:52.341825 80436 StaDataPropagation.cc:172] Thread 128269702160512 data bwd propagate found end vertex.segT0[4]_reg_p:D
I20260204 14:40:52.341845 80436 StaDataPropagation.cc:172] Thread 128269702160512 data bwd propagate found end vertex.segT0[5]_reg_p:D
I20260204 14:40:52.341877 80436 StaDataPropagation.cc:172] Thread 128269702160512 data bwd propagate found end vertex.SegT0.in_2__reg_p:D
I20260204 14:40:52.341893 80436 StaDataPropagation.cc:172] Thread 128269702160512 data bwd propagate found end vertex.SegT1.in_0__reg_p:D
I20260204 14:40:52.341912 80436 StaDataPropagation.cc:172] Thread 128269702160512 data bwd propagate found end vertex.SegT1.in_2__reg_p:D
I20260204 14:40:52.341931 80436 StaDataPropagation.cc:172] Thread 128269702160512 data bwd propagate found end vertex.segT1[2]_reg_p:D
I20260204 14:40:52.341944 80436 StaDataPropagation.cc:172] Thread 128269702160512 data bwd propagate found end vertex.segT1[6]_reg_p:D
I20260204 14:40:52.341962 80436 StaDataPropagation.cc:172] Thread 128269702160512 data bwd propagate found end vertex.segT1[5]_reg_p:D
I20260204 14:40:52.345922 80436 StaDataPropagation.cc:703] data bwd propagation end
I20260204 14:40:52.345978 80436 Sta.cc:2895] update timing end
I20260204 14:40:52.346042 80436 Sta.cc:2898] update timing memory usage 1508.22MB
I20260204 14:40:52.346060 80436 Sta.cc:2900] update timing time elapsed 0.158671s
I20260204 14:40:52.346385 80436 Sta.cc:2998] start write sta report.
I20260204 14:40:52.346400 80436 Sta.cc:2999] output sta report path: /home/biruide/ysyx-workbench/yosys-sta/result/ex7N-500MHz
I20260204 14:40:52.351078 80436 StaReport.cc:211] report the clock group core_clock 5 timing paths.
I20260204 14:40:52.351140 80436 StaReport.cc:206] report the clock group **clock_gating_default** 5 timing paths.
I20260204 14:40:52.352077 80436 StaReport.cc:211] report the clock group core_clock 5 timing paths.
I20260204 14:40:52.352715 80436 StaReport.cc:206] report the clock group **clock_gating_default** 5 timing paths.
I20260204 14:40:52.352741 80436 StaReport.cc:211] report the clock group core_clock 1 timing paths.
I20260204 14:40:52.352747 80436 StaReport.cc:206] report the clock group **clock_gating_default** 1 timing paths.
I20260204 14:40:52.352792 80436 StaReport.cc:211] report the clock group core_clock 5 timing paths.
I20260204 14:40:52.352869 80436 StaReport.cc:206] report the clock group **clock_gating_default** 5 timing paths.
I20260204 14:40:52.353396 80436 StaReport.cc:211] report the clock group core_clock 5 timing paths.
I20260204 14:40:52.353899 80436 StaReport.cc:206] report the clock group **clock_gating_default** 5 timing paths.
I20260204 14:40:52.353930 80436 StaReport.cc:211] report the clock group core_clock 1 timing paths.
I20260204 14:40:52.353935 80436 StaReport.cc:206] report the clock group **clock_gating_default** 1 timing paths.
I20260204 14:40:52.353938 80436 Sta.cc:1885] 
+-----------------------------------------------------------------------------------+--------------------------+------------+------------+---------------+-------+-------+-----------+
| Endpoint                                                                          | Clock Group              | Delay Type | Path Delay | Path Required | CPPR  | Slack | Freq(MHz) |
+-----------------------------------------------------------------------------------+--------------------------+------------+------------+---------------+-------+-------+-----------+
| segT1[6]_reg_p:D                                                                  | core_clock               | max        | 0.670r     | 1.973         | 0.000 | 1.303 | 1434.360  |
| segT1[4]_reg_p:D                                                                  | core_clock               | max        | 0.653f     | 1.957         | 0.000 | 1.304 | 1436.557  |
| segT0[7]_reg_p:D                                                                  | core_clock               | max        | 0.652f     | 1.958         | 0.000 | 1.306 | 1440.721  |
| segT1[2]_reg_p:D                                                                  | core_clock               | max        | 0.662r     | 1.972         | 0.000 | 1.310 | 1449.351  |
| segT1[1]_reg_p:D                                                                  | core_clock               | max        | 0.659r     | 1.971         | 0.000 | 1.312 | 1452.944  |
| fifo[1]_0__reg_p_CK_ICGX0P5H7L_ECK:E                                              | **clock_gating_default** | max        | 0.491r     | 1.946         | 0.000 | 1.455 | NA        |
| segT0[3]_reg_p_D_AOI31X0P5H7L_Y_A1_NOR3X1P4H7L_Y_C_NOR3X0P5H7L_C_Y_ICGX0P5H7L_E:E | **clock_gating_default** | max        | 0.477r     | 1.942         | 0.000 | 1.465 | NA        |
| fifo[0]_0__reg_p_CK_ICGX0P5H7L_ECK:E                                              | **clock_gating_default** | max        | 0.474r     | 1.942         | 0.000 | 1.468 | NA        |
| over_reg_p_CK_ICGX0P5H7L_ECK:E                                                    | **clock_gating_default** | max        | 0.446r     | 1.946         | 0.000 | 1.500 | NA        |
| segT0[3]_reg_p_D_AOI31X0P5H7L_Y_A1_NOR3X1P4H7L_Y_C_NOR3X0P5H7L_C_Y_ICGX0P5H7L_E:E | **clock_gating_default** | max        | 0.447f     | 1.967         | 0.000 | 1.519 | NA        |
| ps2_clk_sync_1__reg_p:D                                                           | core_clock               | min        | 0.059f     | -0.008        | 0.000 | 0.067 | NA        |
| ps2_clk_sync_2__reg_p:D                                                           | core_clock               | min        | 0.064f     | -0.008        | 0.000 | 0.072 | NA        |
| ps2_clk_sync_1__reg_p:D                                                           | core_clock               | min        | 0.080r     | -0.015        | 0.000 | 0.095 | NA        |
| ps2_clk_sync_2__reg_p:D                                                           | core_clock               | min        | 0.085r     | -0.018        | 0.000 | 0.103 | NA        |
| over_reg_p:D                                                                      | core_clock               | min        | 0.114f     | -0.008        | 0.000 | 0.122 | NA        |
| ps2Neg_ICGX0P5H7L_E:E                                                             | **clock_gating_default** | min        | 0.112f     | -0.007        | 0.000 | 0.119 | NA        |
| ps2Neg_INVX0P5H7L_Y_A_NOR2X0P5H7L_A_Y_ICGX0P5H7L_E:E                              | **clock_gating_default** | min        | 0.115f     | -0.005        | 0.000 | 0.119 | NA        |
| over_reg_p_CK_ICGX0P5H7L_ECK:E                                                    | **clock_gating_default** | min        | 0.150f     | 0.000         | 0.000 | 0.150 | NA        |
| fifo[0]_0__reg_p_CK_ICGX0P5H7L_ECK:E                                              | **clock_gating_default** | min        | 0.152f     | -0.002        | 0.000 | 0.154 | NA        |
| ps2Neg_ICGX0P5H7L_E:E                                                             | **clock_gating_default** | min        | 0.144r     | -0.014        | 0.000 | 0.157 | NA        |
+-----------------------------------------------------------------------------------+--------------------------+------------+------------+---------------+-------+-------+-----------+
I20260204 14:40:52.354238 80436 Sta.cc:1886] 
+------------+------------+-------+
| Clock      | Delay Type | TNS   |
+------------+------------+-------+
| core_clock | max        | 0.000 |
| core_clock | min        | 0.000 |
+------------+------------+-------+
I20260204 14:40:52.372906 80436 NetlistWriter.cc:52] start write verilog file /home/biruide/ysyx-workbench/yosys-sta/result/ex7N-500MHz/ex7N.v
I20260204 14:40:52.377679 80436 NetlistWriter.cc:71] finish write verilog file /home/biruide/ysyx-workbench/yosys-sta/result/ex7N-500MHz/ex7N.v
I20260204 14:40:52.377943 80436 Sta.cc:3111] used lib: /home/biruide/ysyx-workbench/yosys-sta/scripts/../pdk/icsprout55/IP/STD_cell/ics55_LLSC_H7C_V1p10C100/ics55_LLSC_H7CL/liberty/ics55_LLSC_H7CL_typ_tt_1p2_25_nldm.lib
I20260204 14:40:52.377955 80436 Sta.cc:3096] The timing engine run success.
I20260204 14:40:52.379541 80436 Power.cc:854] build graph and seq graph start
I20260204 14:40:52.380239 80436 PwrBuildGraph.cc:80] build power graph start
I20260204 14:40:52.382545 80436 PwrBuildGraph.cc:170] build power graph end
I20260204 14:40:52.382593 80436 PwrBuildGraph.cc:172] build power graph memory usage 0MB
I20260204 14:40:52.382604 80436 PwrBuildGraph.cc:174] build power graph time elapsed 0.002367s
I20260204 14:40:52.382622 80436 PwrBuildSeqGraph.cc:326] build seq graph start
I20260204 14:40:52.625447 80436 PwrBuildSeqGraph.cc:330] build seq graph end
I20260204 14:40:52.625525 80436 PwrBuildSeqGraph.cc:332] seq inst num: 57
I20260204 14:40:52.625537 80436 PwrBuildSeqGraph.cc:333] input port num: 4
I20260204 14:40:52.625542 80436 PwrBuildSeqGraph.cc:334] output port num: 64
I20260204 14:40:52.625547 80436 PwrBuildSeqGraph.cc:335] seq macro num: 0
I20260204 14:40:52.625568 80436 PwrBuildSeqGraph.cc:336] seq arc num: 1464
I20260204 14:40:52.625573 80436 PwrBuildSeqGraph.cc:339] seq vertex max fanout: 55
I20260204 14:40:52.625577 80436 PwrBuildSeqGraph.cc:340] seq vertex max fanin: 44
I20260204 14:40:52.625643 80436 PwrBuildSeqGraph.cc:343] build seq graph memory usage 1312.79MB
I20260204 14:40:52.625679 80436 PwrBuildSeqGraph.cc:345] build seq graph time elapsed 0.243057s
I20260204 14:40:52.625694 80436 Power.cc:861] build graph and seq graph end
I20260204 14:40:52.625721 80436 Power.cc:863] build graph and seq graph memory usage 1312.79MB
I20260204 14:40:52.625730 80436 Power.cc:866] build graph and seq graph time elapsed 0.24619s
I20260204 14:40:52.625747 80436 Power.cc:871] power annotate vcd start
I20260204 14:40:52.625885 80436 Power.cc:128] annotate toggle sp start
I20260204 14:40:52.625950 80436 Power.cc:134] annotate toggle sp end
I20260204 14:40:52.625963 80436 Power.cc:878] power vcd annotate end
I20260204 14:40:52.626021 80436 Power.cc:880] power vcd annotate memory usage 0MB
I20260204 14:40:52.626036 80436 Power.cc:882] power vcd annotate time elapsed 0.000289s
I20260204 14:40:52.626065 80436 Power.cc:896] power propagation start
I20260204 14:40:52.626096 80436 PwrCheckPipelineLoop.cc:122] check pipeline loop start
I20260204 14:40:52.626178 80436 PwrCheckPipelineLoop.cc:129] check pipeline loop end
I20260204 14:40:52.626255 80436 PwrCheckPipelineLoop.cc:137] check pipeline loop memory usage 0MB
I20260204 14:40:52.626291 80436 PwrCheckPipelineLoop.cc:139] check pipeline loop time elapsed 0.000195s
I20260204 14:40:52.626314 80436 PwrLevelizeSeqGraph.cc:93] seq levelization start
I20260204 14:40:52.626366 80436 PwrLevelizeSeqGraph.cc:101] seq levelization end
I20260204 14:40:52.626395 80436 PwrLevelizeSeqGraph.cc:103] the seq graph's level depth 11
I20260204 14:40:52.626428 80436 PwrLevelizeSeqGraph.cc:116] levelization memory usage 0MB
I20260204 14:40:52.626436 80436 PwrLevelizeSeqGraph.cc:118] levelization time elapsed 0.000122s
I20260204 14:40:52.626469 80436 PwrPropagateConst.cc:184] propagate const start
I20260204 14:40:52.626514 80436 PwrPropagateConst.cc:109] set tie cell fanout from segA0_TIEHIH7L_Z:Z data in vertex segA0_0_
I20260204 14:40:52.626526 80436 PwrPropagateConst.cc:109] set tie cell fanout from ascll_TIELOH7L_Z:Z data in vertex ascll_7_
I20260204 14:40:52.626564 80436 PwrPropagateConst.cc:288] propagate const end
I20260204 14:40:52.626590 80436 PwrPropagateConst.cc:290] propagate const memory usage 0MB
I20260204 14:40:52.626600 80436 PwrPropagateConst.cc:292] propagate const time elapsed 0.000131s
I20260204 14:40:52.626622 80436 PwrPropagateToggleSP.cc:202] propagate toggle sp start
I20260204 14:40:52.630970 81661 PwrPropagateToggleSP.cc:66] power vertex ps2_clk_sync_0__reg_p:D not found launch clock domain.
I20260204 14:40:52.640969 80436 PwrPropagateToggleSP.cc:316] propagate toggle sp end
I20260204 14:40:52.641728 80436 PwrPropagateToggleSP.cc:319] propagate toggle sp memory usage 0MB
I20260204 14:40:52.641789 80436 PwrPropagateToggleSP.cc:321] propagate toggle sp time elapsed 0.015167s
I20260204 14:40:52.641886 80436 PwrPropagateClock.cc:68] propagate clock start
I20260204 14:40:52.641940 80436 PwrPropagateClock.cc:80] propagate clock end
I20260204 14:40:52.641964 80436 PwrPropagateClock.cc:82] propagate clock memory usage 0MB
I20260204 14:40:52.641974 80436 PwrPropagateClock.cc:84] propagate clock time elapsed 9.1e-05s
I20260204 14:40:52.641981 80436 Power.cc:914] power propagation end
I20260204 14:40:52.641999 80436 Power.cc:916] power propagation memory usage 0MB
I20260204 14:40:52.642005 80436 Power.cc:918] power propagation time elapsed 0.01594s
I20260204 14:40:52.642082 80436 Power.cc:267] power calculation start
I20260204 14:40:52.642477 80436 PwrCalcLeakagePower.cc:85] calc leakage power start
I20260204 14:40:52.731746 80436 PwrCalcLeakagePower.cc:119] calc leakage power result 0.000950364mw
I20260204 14:40:52.731848 80436 PwrCalcLeakagePower.cc:122] calc leakage power end
I20260204 14:40:52.731935 80436 PwrCalcLeakagePower.cc:124] calc leakage power memory usage 0MB
I20260204 14:40:52.731945 80436 PwrCalcLeakagePower.cc:126] calc leakage power time elapsed 0.089469s
I20260204 14:40:52.731981 80436 PwrCalcInternalPower.cc:565] calc internal power start
[0;31mE20260204 14:40:52.732115 80436 PwrCalcInternalPower.cc:97] SegT0.in_0__reg_p_D_NOR2X0P5H7L_Y:A rise slew is not exist.
[m[0;31mE20260204 14:40:52.732160 80436 PwrCalcInternalPower.cc:97] SegT0.in_0__reg_p_D_NOR2X0P5H7L_Y:A rise slew is not exist.
[m[0;31mE20260204 14:40:52.732201 80436 PwrCalcInternalPower.cc:205] SegT0.in_0__reg_p_D_NOR2X0P5H7L_Y:A input slew is not exist.
[m[0;31mE20260204 14:40:52.732527 80436 PwrCalcInternalPower.cc:97] SegT0.in_1__reg_p_D_AOI21X0P5H7L_Y:B0 rise slew is not exist.
[m[0;31mE20260204 14:40:52.732548 80436 PwrCalcInternalPower.cc:97] SegT0.in_1__reg_p_D_AOI21X0P5H7L_Y:B0 rise slew is not exist.
[m[0;31mE20260204 14:40:52.732626 80436 PwrCalcInternalPower.cc:205] SegT0.in_1__reg_p_D_AOI21X0P5H7L_Y:B0 input slew is not exist.
[m[0;31mE20260204 14:40:52.732848 80436 PwrCalcInternalPower.cc:97] SegT0.in_2__reg_p_D_NOR2X0P5H7L_Y:A rise slew is not exist.
[m[0;31mE20260204 14:40:52.732862 80436 PwrCalcInternalPower.cc:97] SegT0.in_2__reg_p_D_NOR2X0P5H7L_Y:A rise slew is not exist.
[m[0;31mE20260204 14:40:52.732888 80436 PwrCalcInternalPower.cc:205] SegT0.in_2__reg_p_D_NOR2X0P5H7L_Y:A input slew is not exist.
[m[0;31mE20260204 14:40:52.733219 80436 PwrCalcInternalPower.cc:97] SegT0.in_3__reg_p_D_NOR2X0P5H7L_Y:A rise slew is not exist.
[m[0;31mE20260204 14:40:52.733258 80436 PwrCalcInternalPower.cc:97] SegT0.in_3__reg_p_D_NOR2X0P5H7L_Y:A rise slew is not exist.
[m[0;31mE20260204 14:40:52.733783 80436 PwrCalcInternalPower.cc:97] SegT1.in_0__reg_p_D_NOR2X0P5H7L_Y:A rise slew is not exist.
[m[0;31mE20260204 14:40:52.733794 80436 PwrCalcInternalPower.cc:97] SegT1.in_0__reg_p_D_NOR2X0P5H7L_Y:A rise slew is not exist.
[m[0;31mE20260204 14:40:52.733825 80436 PwrCalcInternalPower.cc:205] SegT1.in_0__reg_p_D_NOR2X0P5H7L_Y:A input slew is not exist.
[m[0;31mE20260204 14:40:52.734395 80436 PwrCalcInternalPower.cc:97] SegT1.in_1__reg_p_D_NOR2X0P5H7L_Y:A rise slew is not exist.
[m[0;31mE20260204 14:40:52.734412 80436 PwrCalcInternalPower.cc:97] SegT1.in_1__reg_p_D_NOR2X0P5H7L_Y:A rise slew is not exist.
[m[0;31mE20260204 14:40:52.734558 80436 PwrCalcInternalPower.cc:97] SegT1.in_2__reg_p_D_NOR2X0P5H7L_Y:A rise slew is not exist.
[m[0;31mE20260204 14:40:52.734567 80436 PwrCalcInternalPower.cc:97] SegT1.in_2__reg_p_D_NOR2X0P5H7L_Y:A rise slew is not exist.
[m[0;31mE20260204 14:40:52.734951 80436 PwrCalcInternalPower.cc:97] SegT1.in_3__reg_p_D_NOR2X0P5H7L_Y:A rise slew is not exist.
[m[0;31mE20260204 14:40:52.734978 80436 PwrCalcInternalPower.cc:97] SegT1.in_3__reg_p_D_NOR2X0P5H7L_Y:A rise slew is not exist.
[m[0;31mE20260204 14:40:52.735008 80436 PwrCalcInternalPower.cc:205] SegT1.in_3__reg_p_D_NOR2X0P5H7L_Y:A input slew is not exist.
[m[0;31mE20260204 14:40:52.735590 80436 PwrCalcInternalPower.cc:97] SegT1.in_3__reg_p_D_NOR2X0P5H7L_Y_B_XNOR2X0P5H7L_Y_B_AND3X8H7L_C_Y_MUX2X12H7L_S0_A_NOR2X0P5H7L_Y:A rise slew is not exist.
[m[0;31mE20260204 14:40:52.735603 80436 PwrCalcInternalPower.cc:97] SegT1.in_3__reg_p_D_NOR2X0P5H7L_Y_B_XNOR2X0P5H7L_Y_B_AND3X8H7L_C_Y_MUX2X12H7L_S0_A_NOR2X0P5H7L_Y:A rise slew is not exist.
[m[0;31mE20260204 14:40:52.735641 80436 PwrCalcInternalPower.cc:97] SegT1.in_3__reg_p_D_NOR2X0P5H7L_Y_B_XNOR2X0P5H7L_Y_B_AND3X8H7L_C_Y_MUX2X12H7L_S0_B_NOR2X0P5H7L_Y:A rise slew is not exist.
[m[0;31mE20260204 14:40:52.735647 80436 PwrCalcInternalPower.cc:97] SegT1.in_3__reg_p_D_NOR2X0P5H7L_Y_B_XNOR2X0P5H7L_Y_B_AND3X8H7L_C_Y_MUX2X12H7L_S0_B_NOR2X0P5H7L_Y:A rise slew is not exist.
[m[0;31mE20260204 14:40:52.735671 80436 PwrCalcInternalPower.cc:205] SegT1.in_3__reg_p_D_NOR2X0P5H7L_Y_B_XNOR2X0P5H7L_Y_B_AND3X8H7L_C_Y_MUX2X12H7L_S0_B_NOR2X0P5H7L_Y:A input slew is not exist.
[m[0;31mE20260204 14:40:52.735706 80436 PwrCalcInternalPower.cc:97] buffer_0__MUX2X0P5H7L_B:A rise slew is not exist.
[m[0;31mE20260204 14:40:52.735713 80436 PwrCalcInternalPower.cc:97] buffer_0__MUX2X0P5H7L_B:A rise slew is not exist.
[m[0;31mE20260204 14:40:52.735973 80436 PwrCalcInternalPower.cc:97] buffer_0__NOR4BX4H7L_D:AN rise slew is not exist.
[m[0;31mE20260204 14:40:52.735986 80436 PwrCalcInternalPower.cc:97] buffer_0__NOR4BX4H7L_D:AN rise slew is not exist.
[m[0;31mE20260204 14:40:52.735991 80436 PwrCalcInternalPower.cc:97] buffer_0__NOR4BX4H7L_D:AN rise slew is not exist.
[m[0;31mE20260204 14:40:52.735996 80436 PwrCalcInternalPower.cc:97] buffer_0__NOR4BX4H7L_D:AN rise slew is not exist.
[m[0;31mE20260204 14:40:52.736001 80436 PwrCalcInternalPower.cc:97] buffer_0__NOR4BX4H7L_D:AN rise slew is not exist.
[m[0;31mE20260204 14:40:52.736006 80436 PwrCalcInternalPower.cc:97] buffer_0__NOR4BX4H7L_D:AN rise slew is not exist.
[m[0;31mE20260204 14:40:52.736011 80436 PwrCalcInternalPower.cc:97] buffer_0__NOR4BX4H7L_D:AN rise slew is not exist.
[m[0;31mE20260204 14:40:52.736016 80436 PwrCalcInternalPower.cc:97] buffer_0__NOR4BX4H7L_D:AN rise slew is not exist.
[m[0;31mE20260204 14:40:52.736775 80436 PwrCalcInternalPower.cc:97] buffer_0__NOR4BX4H7L_D_B_NAND2X0P5H7L_B:A rise slew is not exist.
[m[0;31mE20260204 14:40:52.736792 80436 PwrCalcInternalPower.cc:97] buffer_0__NOR4BX4H7L_D_B_NAND2X0P5H7L_B:A rise slew is not exist.
[m[0;31mE20260204 14:40:52.736832 80436 PwrCalcInternalPower.cc:205] buffer_0__NOR4BX4H7L_D_B_NAND2X0P5H7L_B:A input slew is not exist.
[m[0;31mE20260204 14:40:52.736940 80436 PwrCalcInternalPower.cc:97] buffer_1__reg_p_D_MUX2X0P5H7L_Y:A rise slew is not exist.
[m[0;31mE20260204 14:40:52.736953 80436 PwrCalcInternalPower.cc:97] buffer_1__reg_p_D_MUX2X0P5H7L_Y:A rise slew is not exist.
[m[0;31mE20260204 14:40:52.737227 80436 PwrCalcInternalPower.cc:97] buffer_2__reg_p_D_MUX2X0P5H7L_Y:A rise slew is not exist.
[m[0;31mE20260204 14:40:52.737248 80436 PwrCalcInternalPower.cc:97] buffer_2__reg_p_D_MUX2X0P5H7L_Y:A rise slew is not exist.
[m[0;31mE20260204 14:40:52.737346 80436 PwrCalcInternalPower.cc:205] buffer_2__reg_p_D_MUX2X0P5H7L_Y:A input slew is not exist.
[m[0;31mE20260204 14:40:52.737450 80436 PwrCalcInternalPower.cc:97] buffer_3__reg_p_D_MUX2X0P5H7L_Y:A rise slew is not exist.
[m[0;31mE20260204 14:40:52.737461 80436 PwrCalcInternalPower.cc:97] buffer_3__reg_p_D_MUX2X0P5H7L_Y:A rise slew is not exist.
[m[0;31mE20260204 14:40:52.737776 80436 PwrCalcInternalPower.cc:97] buffer_4__reg_p_D_MUX2X0P5H7L_Y:A rise slew is not exist.
[m[0;31mE20260204 14:40:52.737792 80436 PwrCalcInternalPower.cc:97] buffer_4__reg_p_D_MUX2X0P5H7L_Y:A rise slew is not exist.
[m[0;31mE20260204 14:40:52.737963 80436 PwrCalcInternalPower.cc:97] buffer_5__reg_p_D_MUX2X0P5H7L_Y:A rise slew is not exist.
[m[0;31mE20260204 14:40:52.737972 80436 PwrCalcInternalPower.cc:97] buffer_5__reg_p_D_MUX2X0P5H7L_Y:A rise slew is not exist.
[m[0;31mE20260204 14:40:52.738132 80436 PwrCalcInternalPower.cc:205] buffer_5__reg_p_D_MUX2X0P5H7L_Y:A input slew is not exist.
[m[0;31mE20260204 14:40:52.738247 80436 PwrCalcInternalPower.cc:97] buffer_6__reg_p_D_MUX2X0P5H7L_Y:A rise slew is not exist.
[m[0;31mE20260204 14:40:52.738256 80436 PwrCalcInternalPower.cc:97] buffer_6__reg_p_D_MUX2X0P5H7L_Y:A rise slew is not exist.
[m[0;31mE20260204 14:40:52.738432 80436 PwrCalcInternalPower.cc:97] buffer_7__reg_p_D_MUX2X0P5H7L_Y:A rise slew is not exist.
[m[0;31mE20260204 14:40:52.738441 80436 PwrCalcInternalPower.cc:97] buffer_7__reg_p_D_MUX2X0P5H7L_Y:A rise slew is not exist.
[m[0;31mE20260204 14:40:52.738516 80436 PwrCalcInternalPower.cc:205] buffer_7__reg_p_D_MUX2X0P5H7L_Y:A input slew is not exist.
[m[0;31mE20260204 14:40:52.738623 80436 PwrCalcInternalPower.cc:97] buffer_8__reg_p_D_MUX2X0P5H7L_Y:A rise slew is not exist.
[m[0;31mE20260204 14:40:52.738632 80436 PwrCalcInternalPower.cc:97] buffer_8__reg_p_D_MUX2X0P5H7L_Y:A rise slew is not exist.
[m[0;31mE20260204 14:40:52.738813 80436 PwrCalcInternalPower.cc:97] buffer_9__MUX2X0P5H7L_B:A rise slew is not exist.
[m[0;31mE20260204 14:40:52.738826 80436 PwrCalcInternalPower.cc:97] buffer_9__MUX2X0P5H7L_B:A rise slew is not exist.
[m[0;31mE20260204 14:40:52.740267 80436 PwrCalcInternalPower.cc:205] clrn_BUFX1P4H7L_A:A input slew is not exist.
[m[0;31mE20260204 14:40:52.740883 80436 PwrCalcInternalPower.cc:97] count_2__reg_p_D_NOR2X0P5H7L_Y:A rise slew is not exist.
[m[0;31mE20260204 14:40:52.740906 80436 PwrCalcInternalPower.cc:97] count_2__reg_p_D_NOR2X0P5H7L_Y:A rise slew is not exist.
[m[0;31mE20260204 14:40:52.740931 80436 PwrCalcInternalPower.cc:205] count_2__reg_p_D_NOR2X0P5H7L_Y:A input slew is not exist.
[m[0;31mE20260204 14:40:52.741461 80436 PwrCalcInternalPower.cc:97] count_3__reg_p_D_AOI21X0P5H7L_Y:B0 rise slew is not exist.
[m[0;31mE20260204 14:40:52.741485 80436 PwrCalcInternalPower.cc:97] count_3__reg_p_D_AOI21X0P5H7L_Y:B0 rise slew is not exist.
[m[0;31mE20260204 14:40:52.741541 80436 PwrCalcInternalPower.cc:205] count_3__reg_p_D_AOI21X0P5H7L_Y:B0 input slew is not exist.
[m[0;31mE20260204 14:40:52.747407 80436 PwrCalcInternalPower.cc:97] over_OR3X1H7L_B:A rise slew is not exist.
[m[0;31mE20260204 14:40:52.747485 80436 PwrCalcInternalPower.cc:97] over_OR3X1H7L_B:A rise slew is not exist.
[m[0;31mE20260204 14:40:52.747494 80436 PwrCalcInternalPower.cc:97] over_OR3X1H7L_B:A rise slew is not exist.
[m[0;31mE20260204 14:40:52.747501 80436 PwrCalcInternalPower.cc:97] over_OR3X1H7L_B:A rise slew is not exist.
[m[0;31mE20260204 14:40:52.747507 80436 PwrCalcInternalPower.cc:97] over_OR3X1H7L_B:A rise slew is not exist.
[m[0;31mE20260204 14:40:52.747514 80436 PwrCalcInternalPower.cc:97] over_OR3X1H7L_B:A rise slew is not exist.
[m[0;31mE20260204 14:40:52.747653 80436 PwrCalcInternalPower.cc:205] over_OR3X1H7L_B:A input slew is not exist.
[m[0;31mE20260204 14:40:52.747923 80436 PwrCalcInternalPower.cc:97] over_reg_p_CK_ICGX0P5H7L_ECK_E_OAI2BB1X0P5H7L_A1N:B0 rise slew is not exist.
[m[0;31mE20260204 14:40:52.747957 80436 PwrCalcInternalPower.cc:97] over_reg_p_CK_ICGX0P5H7L_ECK_E_OAI2BB1X0P5H7L_A1N:B0 rise slew is not exist.
[m[0;31mE20260204 14:40:52.748009 80436 PwrCalcInternalPower.cc:97] over_reg_p_D_NOR4X0P5H7L_Y:A rise slew is not exist.
[m[0;31mE20260204 14:40:52.748016 80436 PwrCalcInternalPower.cc:97] over_reg_p_D_NOR4X0P5H7L_Y:A rise slew is not exist.
[m[0;31mE20260204 14:40:52.748057 80436 PwrCalcInternalPower.cc:97] over_reg_p_D_NOR4X0P5H7L_Y:A rise slew is not exist.
[m[0;31mE20260204 14:40:52.748070 80436 PwrCalcInternalPower.cc:97] over_reg_p_D_NOR4X0P5H7L_Y:A rise slew is not exist.
[m[0;31mE20260204 14:40:52.748077 80436 PwrCalcInternalPower.cc:97] over_reg_p_D_NOR4X0P5H7L_Y:A rise slew is not exist.
[m[0;31mE20260204 14:40:52.748085 80436 PwrCalcInternalPower.cc:97] over_reg_p_D_NOR4X0P5H7L_Y:A rise slew is not exist.
[m[0;31mE20260204 14:40:52.748116 80436 PwrCalcInternalPower.cc:97] over_reg_p_D_NOR4X0P5H7L_Y:A rise slew is not exist.
[m[0;31mE20260204 14:40:52.748128 80436 PwrCalcInternalPower.cc:97] over_reg_p_D_NOR4X0P5H7L_Y:A rise slew is not exist.
[m[0;31mE20260204 14:40:52.748137 80436 PwrCalcInternalPower.cc:97] over_reg_p_D_NOR4X0P5H7L_Y:A rise slew is not exist.
[m[0;31mE20260204 14:40:52.748145 80436 PwrCalcInternalPower.cc:97] over_reg_p_D_NOR4X0P5H7L_Y:A rise slew is not exist.
[m[0;31mE20260204 14:40:52.748152 80436 PwrCalcInternalPower.cc:97] over_reg_p_D_NOR4X0P5H7L_Y:A rise slew is not exist.
[m[0;31mE20260204 14:40:52.748157 80436 PwrCalcInternalPower.cc:97] over_reg_p_D_NOR4X0P5H7L_Y:A rise slew is not exist.
[m[0;31mE20260204 14:40:52.815420 80436 PwrCalcInternalPower.cc:97] segT0[1]_reg_p_D_OAO211X0P5H7L_Y:C0 rise slew is not exist.
[m[0;31mE20260204 14:40:52.815546 80436 PwrCalcInternalPower.cc:97] segT0[1]_reg_p_D_OAO211X0P5H7L_Y:C0 rise slew is not exist.
[m[0;31mE20260204 14:40:52.815555 80436 PwrCalcInternalPower.cc:97] segT0[1]_reg_p_D_OAO211X0P5H7L_Y:C0 rise slew is not exist.
[m[0;31mE20260204 14:40:52.815562 80436 PwrCalcInternalPower.cc:97] segT0[1]_reg_p_D_OAO211X0P5H7L_Y:C0 rise slew is not exist.
[m[0;31mE20260204 14:40:52.815713 80436 PwrCalcInternalPower.cc:205] segT0[1]_reg_p_D_OAO211X0P5H7L_Y:C0 input slew is not exist.
[m[0;31mE20260204 14:40:52.815800 80436 PwrCalcInternalPower.cc:205] segT0[1]_reg_p_D_OAO211X0P5H7L_Y:C0 input slew is not exist.
[m[0;31mE20260204 14:40:52.821033 80436 PwrCalcInternalPower.cc:97] segT0[2]_reg_p_D_OA211X1P4H7L_Y_B0_AOI21X0P5H7L_Y_B0_OAI21X0P5H7L_Y:B0 rise slew is not exist.
[m[0;31mE20260204 14:40:52.821084 80436 PwrCalcInternalPower.cc:97] segT0[2]_reg_p_D_OA211X1P4H7L_Y_B0_AOI21X0P5H7L_Y_B0_OAI21X0P5H7L_Y:B0 rise slew is not exist.
[m[0;31mE20260204 14:40:52.821115 80436 PwrCalcInternalPower.cc:205] segT0[2]_reg_p_D_OA211X1P4H7L_Y_B0_AOI21X0P5H7L_Y_B0_OAI21X0P5H7L_Y:B0 input slew is not exist.
[m[0;31mE20260204 14:40:52.821184 80436 PwrCalcInternalPower.cc:205] segT0[2]_reg_p_D_OA211X1P4H7L_Y_B0_AOI21X0P5H7L_Y_B0_OAI21X0P5H7L_Y:B0 input slew is not exist.
[m[0;31mE20260204 14:40:52.822541 80436 PwrCalcInternalPower.cc:97] segT0[3]_reg_p_D_AOI31X0P5H7L_Y_A1_NOR3X1P4H7L_Y_A_NOR3X0P5H7L_C:A rise slew is not exist.
[m[0;31mE20260204 14:40:52.822566 80436 PwrCalcInternalPower.cc:97] segT0[3]_reg_p_D_AOI31X0P5H7L_Y_A1_NOR3X1P4H7L_Y_A_NOR3X0P5H7L_C:A rise slew is not exist.
[m[0;31mE20260204 14:40:52.822573 80436 PwrCalcInternalPower.cc:97] segT0[3]_reg_p_D_AOI31X0P5H7L_Y_A1_NOR3X1P4H7L_Y_A_NOR3X0P5H7L_C:A rise slew is not exist.
[m[0;31mE20260204 14:40:52.822579 80436 PwrCalcInternalPower.cc:97] segT0[3]_reg_p_D_AOI31X0P5H7L_Y_A1_NOR3X1P4H7L_Y_A_NOR3X0P5H7L_C:A rise slew is not exist.
[m[0;31mE20260204 14:40:52.822585 80436 PwrCalcInternalPower.cc:97] segT0[3]_reg_p_D_AOI31X0P5H7L_Y_A1_NOR3X1P4H7L_Y_A_NOR3X0P5H7L_C:A rise slew is not exist.
[m[0;31mE20260204 14:40:52.822592 80436 PwrCalcInternalPower.cc:97] segT0[3]_reg_p_D_AOI31X0P5H7L_Y_A1_NOR3X1P4H7L_Y_A_NOR3X0P5H7L_C:A rise slew is not exist.
[m[0;31mE20260204 14:40:52.826246 80436 PwrCalcInternalPower.cc:97] segT0[3]_reg_p_D_AOI31X0P5H7L_Y_B0_OAI221X0P5H7L_Y:C0 rise slew is not exist.
[m[0;31mE20260204 14:40:52.826277 80436 PwrCalcInternalPower.cc:97] segT0[3]_reg_p_D_AOI31X0P5H7L_Y_B0_OAI221X0P5H7L_Y:C0 rise slew is not exist.
[m[0;31mE20260204 14:40:52.826283 80436 PwrCalcInternalPower.cc:97] segT0[3]_reg_p_D_AOI31X0P5H7L_Y_B0_OAI221X0P5H7L_Y:C0 rise slew is not exist.
[m[0;31mE20260204 14:40:52.826288 80436 PwrCalcInternalPower.cc:97] segT0[3]_reg_p_D_AOI31X0P5H7L_Y_B0_OAI221X0P5H7L_Y:C0 rise slew is not exist.
[m[0;31mE20260204 14:40:52.826294 80436 PwrCalcInternalPower.cc:97] segT0[3]_reg_p_D_AOI31X0P5H7L_Y_B0_OAI221X0P5H7L_Y:C0 rise slew is not exist.
[m[0;31mE20260204 14:40:52.826313 80436 PwrCalcInternalPower.cc:97] segT0[3]_reg_p_D_AOI31X0P5H7L_Y_B0_OAI221X0P5H7L_Y:C0 rise slew is not exist.
[m[0;31mE20260204 14:40:52.826318 80436 PwrCalcInternalPower.cc:97] segT0[3]_reg_p_D_AOI31X0P5H7L_Y_B0_OAI221X0P5H7L_Y:C0 rise slew is not exist.
[m[0;31mE20260204 14:40:52.826324 80436 PwrCalcInternalPower.cc:97] segT0[3]_reg_p_D_AOI31X0P5H7L_Y_B0_OAI221X0P5H7L_Y:C0 rise slew is not exist.
[m[0;31mE20260204 14:40:52.826725 80436 PwrCalcInternalPower.cc:205] segT0[3]_reg_p_D_AOI31X0P5H7L_Y_B0_OAI221X0P5H7L_Y:C0 input slew is not exist.
[m[0;31mE20260204 14:40:52.826828 80436 PwrCalcInternalPower.cc:205] segT0[3]_reg_p_D_AOI31X0P5H7L_Y_B0_OAI221X0P5H7L_Y:C0 input slew is not exist.
[m[0;31mE20260204 14:40:52.826942 80436 PwrCalcInternalPower.cc:205] segT0[3]_reg_p_D_AOI31X0P5H7L_Y_B0_OAI221X0P5H7L_Y:C0 input slew is not exist.
[m[0;31mE20260204 14:40:52.827023 80436 PwrCalcInternalPower.cc:205] segT0[3]_reg_p_D_AOI31X0P5H7L_Y_B0_OAI221X0P5H7L_Y:C0 input slew is not exist.
[m[0;31mE20260204 14:40:52.827611 80436 PwrCalcInternalPower.cc:97] segT0[4]_reg_p_D_AOI21X0P5H7L_Y:B0 rise slew is not exist.
[m[0;31mE20260204 14:40:52.827659 80436 PwrCalcInternalPower.cc:97] segT0[4]_reg_p_D_AOI21X0P5H7L_Y:B0 rise slew is not exist.
[m[0;31mE20260204 14:40:52.827715 80436 PwrCalcInternalPower.cc:205] segT0[4]_reg_p_D_AOI21X0P5H7L_Y:B0 input slew is not exist.
[m[0;31mE20260204 14:40:52.828002 80436 PwrCalcInternalPower.cc:205] segT0[4]_reg_p_D_AOI21X0P5H7L_Y:B0 input slew is not exist.
[m[0;31mE20260204 14:40:52.832799 80436 PwrCalcInternalPower.cc:97] segT0[5]_reg_p_D_OAOI211X0P5H7L_Y:C0 rise slew is not exist.
[m[0;31mE20260204 14:40:52.832865 80436 PwrCalcInternalPower.cc:97] segT0[5]_reg_p_D_OAOI211X0P5H7L_Y:C0 rise slew is not exist.
[m[0;31mE20260204 14:40:52.832875 80436 PwrCalcInternalPower.cc:97] segT0[5]_reg_p_D_OAOI211X0P5H7L_Y:C0 rise slew is not exist.
[m[0;31mE20260204 14:40:52.832881 80436 PwrCalcInternalPower.cc:97] segT0[5]_reg_p_D_OAOI211X0P5H7L_Y:C0 rise slew is not exist.
[m[0;31mE20260204 14:40:52.833648 80436 PwrCalcInternalPower.cc:205] segT0[5]_reg_p_D_OAOI211X0P5H7L_Y:C0 input slew is not exist.
[m[0;31mE20260204 14:40:52.833976 80436 PwrCalcInternalPower.cc:205] segT0[5]_reg_p_D_OAOI211X0P5H7L_Y:C0 input slew is not exist.
[m[0;31mE20260204 14:40:52.840898 80436 PwrCalcInternalPower.cc:97] segT0[6]_reg_p_D_OAOI211X0P5H7L_Y_C0_AOAI211X0P5H7L_Y:C0 rise slew is not exist.
[m[0;31mE20260204 14:40:52.840983 80436 PwrCalcInternalPower.cc:97] segT0[6]_reg_p_D_OAOI211X0P5H7L_Y_C0_AOAI211X0P5H7L_Y:C0 rise slew is not exist.
[m[0;31mE20260204 14:40:52.840996 80436 PwrCalcInternalPower.cc:97] segT0[6]_reg_p_D_OAOI211X0P5H7L_Y_C0_AOAI211X0P5H7L_Y:C0 rise slew is not exist.
[m[0;31mE20260204 14:40:52.841003 80436 PwrCalcInternalPower.cc:97] segT0[6]_reg_p_D_OAOI211X0P5H7L_Y_C0_AOAI211X0P5H7L_Y:C0 rise slew is not exist.
[m[0;31mE20260204 14:40:52.841192 80436 PwrCalcInternalPower.cc:205] segT0[6]_reg_p_D_OAOI211X0P5H7L_Y_C0_AOAI211X0P5H7L_Y:C0 input slew is not exist.
[m[0;31mE20260204 14:40:52.841306 80436 PwrCalcInternalPower.cc:205] segT0[6]_reg_p_D_OAOI211X0P5H7L_Y_C0_AOAI211X0P5H7L_Y:C0 input slew is not exist.
[m[0;31mE20260204 14:40:52.842190 80436 PwrCalcInternalPower.cc:97] segT0[7]_reg_p_D_AOA211X2H7L_Y:C0 rise slew is not exist.
[m[0;31mE20260204 14:40:52.842243 80436 PwrCalcInternalPower.cc:97] segT0[7]_reg_p_D_AOA211X2H7L_Y:C0 rise slew is not exist.
[m[0;31mE20260204 14:40:52.842252 80436 PwrCalcInternalPower.cc:97] segT0[7]_reg_p_D_AOA211X2H7L_Y:C0 rise slew is not exist.
[m[0;31mE20260204 14:40:52.842258 80436 PwrCalcInternalPower.cc:97] segT0[7]_reg_p_D_AOA211X2H7L_Y:C0 rise slew is not exist.
[m[0;31mE20260204 14:40:52.842520 80436 PwrCalcInternalPower.cc:205] segT0[7]_reg_p_D_AOA211X2H7L_Y:C0 input slew is not exist.
[m[0;31mE20260204 14:40:52.842593 80436 PwrCalcInternalPower.cc:205] segT0[7]_reg_p_D_AOA211X2H7L_Y:C0 input slew is not exist.
[m[0;31mE20260204 14:40:52.846197 80436 PwrCalcInternalPower.cc:97] segT1[1]_reg_p_D_OAI31X1H7L_Y_B0_OAI211X0P7H7L_Y:A0 rise slew is not exist.
[m[0;31mE20260204 14:40:52.846252 80436 PwrCalcInternalPower.cc:97] segT1[1]_reg_p_D_OAI31X1H7L_Y_B0_OAI211X0P7H7L_Y:A0 rise slew is not exist.
[m[0;31mE20260204 14:40:52.846264 80436 PwrCalcInternalPower.cc:97] segT1[1]_reg_p_D_OAI31X1H7L_Y_B0_OAI211X0P7H7L_Y:A0 rise slew is not exist.
[m[0;31mE20260204 14:40:52.846484 80436 PwrCalcInternalPower.cc:97] segT1[1]_reg_p_D_OAI31X1H7L_Y_B0_OAI211X0P7H7L_Y:A0 rise slew is not exist.
[m[0;31mE20260204 14:40:52.846519 80436 PwrCalcInternalPower.cc:97] segT1[1]_reg_p_D_OAI31X1H7L_Y_B0_OAI211X0P7H7L_Y:A0 rise slew is not exist.
[m[0;31mE20260204 14:40:52.846530 80436 PwrCalcInternalPower.cc:97] segT1[1]_reg_p_D_OAI31X1H7L_Y_B0_OAI211X0P7H7L_Y:A0 rise slew is not exist.
[m[0;31mE20260204 14:40:52.846546 80436 PwrCalcInternalPower.cc:97] segT1[1]_reg_p_D_OAI31X1H7L_Y_B0_OAI211X0P7H7L_Y:A0 rise slew is not exist.
[m[0;31mE20260204 14:40:52.846554 80436 PwrCalcInternalPower.cc:97] segT1[1]_reg_p_D_OAI31X1H7L_Y_B0_OAI211X0P7H7L_Y:A0 rise slew is not exist.
[m[0;31mE20260204 14:40:52.846561 80436 PwrCalcInternalPower.cc:97] segT1[1]_reg_p_D_OAI31X1H7L_Y_B0_OAI211X0P7H7L_Y:A0 rise slew is not exist.
[m[0;31mE20260204 14:40:52.846570 80436 PwrCalcInternalPower.cc:97] segT1[1]_reg_p_D_OAI31X1H7L_Y_B0_OAI211X0P7H7L_Y:A0 rise slew is not exist.
[m[0;31mE20260204 14:40:52.846576 80436 PwrCalcInternalPower.cc:97] segT1[1]_reg_p_D_OAI31X1H7L_Y_B0_OAI211X0P7H7L_Y:A0 rise slew is not exist.
[m[0;31mE20260204 14:40:52.846585 80436 PwrCalcInternalPower.cc:97] segT1[1]_reg_p_D_OAI31X1H7L_Y_B0_OAI211X0P7H7L_Y:A0 rise slew is not exist.
[m[0;31mE20260204 14:40:52.847549 80436 PwrCalcInternalPower.cc:97] segT1[1]_reg_p_D_OAI31X1H7L_Y_B0_OAI211X0P7H7L_Y_A1_NOR2BX1H7L_Z_AN_AOI2XB1X4H7L_A0:B0 rise slew is not exist.
[m[0;31mE20260204 14:40:52.847568 80436 PwrCalcInternalPower.cc:97] segT1[1]_reg_p_D_OAI31X1H7L_Y_B0_OAI211X0P7H7L_Y_A1_NOR2BX1H7L_Z_AN_AOI2XB1X4H7L_A0:B0 rise slew is not exist.
[m[0;31mE20260204 14:40:52.847632 80436 PwrCalcInternalPower.cc:205] segT1[1]_reg_p_D_OAI31X1H7L_Y_B0_OAI211X0P7H7L_Y_A1_NOR2BX1H7L_Z_AN_AOI2XB1X4H7L_A0:B0 input slew is not exist.
[m[0;31mE20260204 14:40:52.847699 80436 PwrCalcInternalPower.cc:205] segT1[1]_reg_p_D_OAI31X1H7L_Y_B0_OAI211X0P7H7L_Y_A1_NOR2BX1H7L_Z_AN_AOI2XB1X4H7L_A0:B0 input slew is not exist.
[m[0;31mE20260204 14:40:52.850149 80436 PwrCalcInternalPower.cc:97] segT1[2]_reg_p_D_OAOI211X1P4H7L_Y_C0_OAI211X0P7H7L_Y:C0 rise slew is not exist.
[m[0;31mE20260204 14:40:52.850196 80436 PwrCalcInternalPower.cc:97] segT1[2]_reg_p_D_OAOI211X1P4H7L_Y_C0_OAI211X0P7H7L_Y:C0 rise slew is not exist.
[m[0;31mE20260204 14:40:52.850205 80436 PwrCalcInternalPower.cc:97] segT1[2]_reg_p_D_OAOI211X1P4H7L_Y_C0_OAI211X0P7H7L_Y:C0 rise slew is not exist.
[m[0;31mE20260204 14:40:52.850212 80436 PwrCalcInternalPower.cc:97] segT1[2]_reg_p_D_OAOI211X1P4H7L_Y_C0_OAI211X0P7H7L_Y:C0 rise slew is not exist.
[m[0;31mE20260204 14:40:52.850220 80436 PwrCalcInternalPower.cc:97] segT1[2]_reg_p_D_OAOI211X1P4H7L_Y_C0_OAI211X0P7H7L_Y:C0 rise slew is not exist.
[m[0;31mE20260204 14:40:52.850227 80436 PwrCalcInternalPower.cc:97] segT1[2]_reg_p_D_OAOI211X1P4H7L_Y_C0_OAI211X0P7H7L_Y:C0 rise slew is not exist.
[m[0;31mE20260204 14:40:52.850420 80436 PwrCalcInternalPower.cc:205] segT1[2]_reg_p_D_OAOI211X1P4H7L_Y_C0_OAI211X0P7H7L_Y:C0 input slew is not exist.
[m[0;31mE20260204 14:40:52.855044 80436 PwrCalcInternalPower.cc:97] segT1[4]_reg_p_D_OA211X4H7L_Y_A0_OAI31X1H7L_Y_A1_NAND2X0P5H7L_Y:A rise slew is not exist.
[m[0;31mE20260204 14:40:52.855124 80436 PwrCalcInternalPower.cc:97] segT1[4]_reg_p_D_OA211X4H7L_Y_A0_OAI31X1H7L_Y_A1_NAND2X0P5H7L_Y:A rise slew is not exist.
[m[0;31mE20260204 14:40:52.855345 80436 PwrCalcInternalPower.cc:205] segT1[4]_reg_p_D_OA211X4H7L_Y_A0_OAI31X1H7L_Y_A1_NAND2X0P5H7L_Y:A input slew is not exist.
[m[0;31mE20260204 14:40:52.856664 80436 PwrCalcInternalPower.cc:97] segT1[4]_reg_p_D_OA211X4H7L_Y_A0_OAI31X1H7L_Y_B0_AOI31X0P5H7L_Y_A2_NOR2X0P5H7L_Y:A rise slew is not exist.
[m[0;31mE20260204 14:40:52.856711 80436 PwrCalcInternalPower.cc:97] segT1[4]_reg_p_D_OA211X4H7L_Y_A0_OAI31X1H7L_Y_B0_AOI31X0P5H7L_Y_A2_NOR2X0P5H7L_Y:A rise slew is not exist.
[m[0;31mE20260204 14:40:52.858065 80436 PwrCalcInternalPower.cc:97] segT1[4]_reg_p_D_OA211X4H7L_Y_B0_NAND2X0P5H7L_Y_B_OA31X1H7L_Y_A0_NAND2X0P5H7L_B:A rise slew is not exist.
[m[0;31mE20260204 14:40:52.858093 80436 PwrCalcInternalPower.cc:97] segT1[4]_reg_p_D_OA211X4H7L_Y_B0_NAND2X0P5H7L_Y_B_OA31X1H7L_Y_A0_NAND2X0P5H7L_B:A rise slew is not exist.
[m[0;31mE20260204 14:40:52.858141 80436 PwrCalcInternalPower.cc:97] segT1[4]_reg_p_D_OA211X4H7L_Y_B0_NAND2X0P5H7L_Y_B_OA31X1H7L_Y_A2_NAND2X0P5H7L_Y:A rise slew is not exist.
[m[0;31mE20260204 14:40:52.858213 80436 PwrCalcInternalPower.cc:97] segT1[4]_reg_p_D_OA211X4H7L_Y_B0_NAND2X0P5H7L_Y_B_OA31X1H7L_Y_A2_NAND2X0P5H7L_Y:A rise slew is not exist.
[m[0;31mE20260204 14:40:52.858376 80436 PwrCalcInternalPower.cc:205] segT1[4]_reg_p_D_OA211X4H7L_Y_B0_NAND2X0P5H7L_Y_B_OA31X1H7L_Y_A2_NAND2X0P5H7L_Y:A input slew is not exist.
[m[0;31mE20260204 14:40:52.864382 80436 PwrCalcInternalPower.cc:97] segT1[6]_reg_p_D_NAND3X1P4H7L_Y_B_OR4X1P4H7L_Y_C_MUX2X3H7L_Y_B_NAND2X0P5H7L_Y:A rise slew is not exist.
[m[0;31mE20260204 14:40:52.864462 80436 PwrCalcInternalPower.cc:97] segT1[6]_reg_p_D_NAND3X1P4H7L_Y_B_OR4X1P4H7L_Y_C_MUX2X3H7L_Y_B_NAND2X0P5H7L_Y:A rise slew is not exist.
[m[0;31mE20260204 14:40:52.864516 80436 PwrCalcInternalPower.cc:97] segT1[6]_reg_p_D_NAND3X1P4H7L_Y_C_OAI221X0P5H7L_Y:A0 rise slew is not exist.
[m[0;31mE20260204 14:40:52.864526 80436 PwrCalcInternalPower.cc:97] segT1[6]_reg_p_D_NAND3X1P4H7L_Y_C_OAI221X0P5H7L_Y:A0 rise slew is not exist.
[m[0;31mE20260204 14:40:52.864531 80436 PwrCalcInternalPower.cc:97] segT1[6]_reg_p_D_NAND3X1P4H7L_Y_C_OAI221X0P5H7L_Y:A0 rise slew is not exist.
[m[0;31mE20260204 14:40:52.864537 80436 PwrCalcInternalPower.cc:97] segT1[6]_reg_p_D_NAND3X1P4H7L_Y_C_OAI221X0P5H7L_Y:A0 rise slew is not exist.
[m[0;31mE20260204 14:40:52.864543 80436 PwrCalcInternalPower.cc:97] segT1[6]_reg_p_D_NAND3X1P4H7L_Y_C_OAI221X0P5H7L_Y:A0 rise slew is not exist.
[m[0;31mE20260204 14:40:52.864549 80436 PwrCalcInternalPower.cc:97] segT1[6]_reg_p_D_NAND3X1P4H7L_Y_C_OAI221X0P5H7L_Y:A0 rise slew is not exist.
[m[0;31mE20260204 14:40:52.864555 80436 PwrCalcInternalPower.cc:97] segT1[6]_reg_p_D_NAND3X1P4H7L_Y_C_OAI221X0P5H7L_Y:A0 rise slew is not exist.
[m[0;31mE20260204 14:40:52.864562 80436 PwrCalcInternalPower.cc:97] segT1[6]_reg_p_D_NAND3X1P4H7L_Y_C_OAI221X0P5H7L_Y:A0 rise slew is not exist.
[m[0;31mE20260204 14:40:52.864567 80436 PwrCalcInternalPower.cc:97] segT1[6]_reg_p_D_NAND3X1P4H7L_Y_C_OAI221X0P5H7L_Y:A0 rise slew is not exist.
[m[0;31mE20260204 14:40:52.864573 80436 PwrCalcInternalPower.cc:97] segT1[6]_reg_p_D_NAND3X1P4H7L_Y_C_OAI221X0P5H7L_Y:A0 rise slew is not exist.
[m[0;31mE20260204 14:40:52.864580 80436 PwrCalcInternalPower.cc:97] segT1[6]_reg_p_D_NAND3X1P4H7L_Y_C_OAI221X0P5H7L_Y:A0 rise slew is not exist.
[m[0;31mE20260204 14:40:52.864586 80436 PwrCalcInternalPower.cc:97] segT1[6]_reg_p_D_NAND3X1P4H7L_Y_C_OAI221X0P5H7L_Y:A0 rise slew is not exist.
[m[0;31mE20260204 14:40:52.864593 80436 PwrCalcInternalPower.cc:97] segT1[6]_reg_p_D_NAND3X1P4H7L_Y_C_OAI221X0P5H7L_Y:A0 rise slew is not exist.
[m[0;31mE20260204 14:40:52.864598 80436 PwrCalcInternalPower.cc:97] segT1[6]_reg_p_D_NAND3X1P4H7L_Y_C_OAI221X0P5H7L_Y:A0 rise slew is not exist.
[m[0;31mE20260204 14:40:52.864604 80436 PwrCalcInternalPower.cc:97] segT1[6]_reg_p_D_NAND3X1P4H7L_Y_C_OAI221X0P5H7L_Y:A0 rise slew is not exist.
[m[0;31mE20260204 14:40:52.864610 80436 PwrCalcInternalPower.cc:97] segT1[6]_reg_p_D_NAND3X1P4H7L_Y_C_OAI221X0P5H7L_Y:A0 rise slew is not exist.
[m[0;31mE20260204 14:40:52.864616 80436 PwrCalcInternalPower.cc:97] segT1[6]_reg_p_D_NAND3X1P4H7L_Y_C_OAI221X0P5H7L_Y:A0 rise slew is not exist.
[m[0;31mE20260204 14:40:52.864622 80436 PwrCalcInternalPower.cc:97] segT1[6]_reg_p_D_NAND3X1P4H7L_Y_C_OAI221X0P5H7L_Y:A0 rise slew is not exist.
[m[0;31mE20260204 14:40:52.864629 80436 PwrCalcInternalPower.cc:97] segT1[6]_reg_p_D_NAND3X1P4H7L_Y_C_OAI221X0P5H7L_Y:A0 rise slew is not exist.
[m[0;31mE20260204 14:40:52.864634 80436 PwrCalcInternalPower.cc:97] segT1[6]_reg_p_D_NAND3X1P4H7L_Y_C_OAI221X0P5H7L_Y:A0 rise slew is not exist.
[m[0;31mE20260204 14:40:52.865833 80436 PwrCalcInternalPower.cc:205] segT1[6]_reg_p_D_NAND3X1P4H7L_Y_C_OAI221X0P5H7L_Y:A0 input slew is not exist.
[m[0;31mE20260204 14:40:52.865993 80436 PwrCalcInternalPower.cc:205] segT1[6]_reg_p_D_NAND3X1P4H7L_Y_C_OAI221X0P5H7L_Y:A0 input slew is not exist.
[m[0;31mE20260204 14:40:52.867784 80436 PwrCalcInternalPower.cc:97] segT1[6]_reg_p_D_NAND3X1P4H7L_Y_C_OAI221X0P5H7L_Y_B0_OA211X0P7H7L_Y:C0 rise slew is not exist.
[m[0;31mE20260204 14:40:52.867848 80436 PwrCalcInternalPower.cc:97] segT1[6]_reg_p_D_NAND3X1P4H7L_Y_C_OAI221X0P5H7L_Y_B0_OA211X0P7H7L_Y:C0 rise slew is not exist.
[m[0;31mE20260204 14:40:52.867887 80436 PwrCalcInternalPower.cc:97] segT1[6]_reg_p_D_NAND3X1P4H7L_Y_C_OAI221X0P5H7L_Y_B0_OA211X0P7H7L_Y:C0 rise slew is not exist.
[m[0;31mE20260204 14:40:52.867895 80436 PwrCalcInternalPower.cc:97] segT1[6]_reg_p_D_NAND3X1P4H7L_Y_C_OAI221X0P5H7L_Y_B0_OA211X0P7H7L_Y:C0 rise slew is not exist.
[m[0;31mE20260204 14:40:52.867902 80436 PwrCalcInternalPower.cc:97] segT1[6]_reg_p_D_NAND3X1P4H7L_Y_C_OAI221X0P5H7L_Y_B0_OA211X0P7H7L_Y:C0 rise slew is not exist.
[m[0;31mE20260204 14:40:52.868006 80436 PwrCalcInternalPower.cc:97] segT1[6]_reg_p_D_NAND3X1P4H7L_Y_C_OAI221X0P5H7L_Y_B0_OA211X0P7H7L_Y:C0 rise slew is not exist.
[m[0;31mE20260204 14:40:52.868227 80436 PwrCalcInternalPower.cc:205] segT1[6]_reg_p_D_NAND3X1P4H7L_Y_C_OAI221X0P5H7L_Y_B0_OA211X0P7H7L_Y:C0 input slew is not exist.
[m[0;31mE20260204 14:40:52.874104 80436 PwrCalcInternalPower.cc:97] segT1[7]_reg_p_D_NOR2X1P4H7L_Y_B_OA221X0P5H7L_Y_A1_AOI21X0P5H7L_Y:B0 rise slew is not exist.
[m[0;31mE20260204 14:40:52.874168 80436 PwrCalcInternalPower.cc:97] segT1[7]_reg_p_D_NOR2X1P4H7L_Y_B_OA221X0P5H7L_Y_A1_AOI21X0P5H7L_Y:B0 rise slew is not exist.
[m[0;31mE20260204 14:40:52.874202 80436 PwrCalcInternalPower.cc:205] segT1[7]_reg_p_D_NOR2X1P4H7L_Y_B_OA221X0P5H7L_Y_A1_AOI21X0P5H7L_Y:B0 input slew is not exist.
[m[0;31mE20260204 14:40:52.874262 80436 PwrCalcInternalPower.cc:205] segT1[7]_reg_p_D_NOR2X1P4H7L_Y_B_OA221X0P5H7L_Y_A1_AOI21X0P5H7L_Y:B0 input slew is not exist.
[m[0;31mE20260204 14:40:52.874615 80436 PwrCalcInternalPower.cc:97] w_ptr_0__reg_p_D_NOR2X0P5H7L_Y:A rise slew is not exist.
[m[0;31mE20260204 14:40:52.874626 80436 PwrCalcInternalPower.cc:97] w_ptr_0__reg_p_D_NOR2X0P5H7L_Y:A rise slew is not exist.
[mI20260204 14:40:52.874658 80436 PwrCalcInternalPower.cc:605] calc internal power result 4.56493mW
I20260204 14:40:52.874670 80436 PwrCalcInternalPower.cc:607] calc internal power end
I20260204 14:40:52.874723 80436 PwrCalcInternalPower.cc:609] calc internal power memory usage 0MB
I20260204 14:40:52.874732 80436 PwrCalcInternalPower.cc:611] calc internal power time elapsed 0.142752s
I20260204 14:40:52.874752 80436 PwrCalcSwitchPower.cc:89] calc switch power start
I20260204 14:40:52.874823 80436 PwrCalcSwitchPower.cc:106] net segD0_0_ has no driver, skip switch power calculation.
I20260204 14:40:52.874841 80436 PwrCalcSwitchPower.cc:106] net segD1_0_ has no driver, skip switch power calculation.
I20260204 14:40:52.874862 80436 PwrCalcSwitchPower.cc:106] net segA1_0_ has no driver, skip switch power calculation.
I20260204 14:40:52.874866 80436 PwrCalcSwitchPower.cc:106] net segA1_1_ has no driver, skip switch power calculation.
I20260204 14:40:52.874871 80436 PwrCalcSwitchPower.cc:106] net segA1_3_ has no driver, skip switch power calculation.
I20260204 14:40:52.874876 80436 PwrCalcSwitchPower.cc:106] net segA1_5_ has no driver, skip switch power calculation.
I20260204 14:40:52.874881 80436 PwrCalcSwitchPower.cc:106] net segT0_0_ has no driver, skip switch power calculation.
I20260204 14:40:52.874895 80436 PwrCalcSwitchPower.cc:106] net segT1_0_ has no driver, skip switch power calculation.
I20260204 14:40:52.875569 80436 PwrCalcSwitchPower.cc:173] calc switch power result 0mw
I20260204 14:40:52.875608 80436 PwrCalcSwitchPower.cc:175] calc switch power end
I20260204 14:40:52.875654 80436 PwrCalcSwitchPower.cc:177] calc switch power memory usage 0MB
I20260204 14:40:52.875664 80436 PwrCalcSwitchPower.cc:179] calc switch power time elapsed 0.000912s
I20260204 14:40:52.877949 80436 Power.cc:275] power calculation end
I20260204 14:40:52.877996 80436 Power.cc:277] power calculation memory usage 0MB
I20260204 14:40:52.878003 80436 Power.cc:279] power calculation time elapsed 0.235922s
I20260204 14:40:52.878021 80436 Power.cc:981] power report start, output dir: /home/biruide/ysyx-workbench/yosys-sta/result/ex7N-500MHz
I20260204 14:40:52.883236 80436 Power.cc:491] 
+---------------+----------------+--------------+---------------+-------------+-----------+
| Power Group   | Internal Power | Switch Power | Leakage Power | Total Power | (%)       |
+---------------+----------------+--------------+---------------+-------------+-----------+
| combinational | 4.375e-03      | 0.000e+00    | 5.520e-07     | 4.376e-03   | (95.837%) |
| sequential    | 1.897e-04      | 0.000e+00    | 3.984e-07     | 1.901e-04   | (4.163%)  |
+---------------+----------------+--------------+---------------+-------------+-----------+
I20260204 14:40:52.883491 80436 Power.cc:543] Total Power   ==  0.00456588 W
I20260204 14:40:52.886199 80436 Power.cc:669] Instance Power Report: 
I20260204 14:40:52.886243 80436 Power.cc:670] 
+----------------------------------------------------------------------------------------------------------------------+-----------------+----------------+--------------+---------------+-------------+
| Instance Name                                                                                                        | Nominal Voltage | Internal Power | Switch Power | Leakage Power | Total Power |
+----------------------------------------------------------------------------------------------------------------------+-----------------+----------------+--------------+---------------+-------------+
| segT1[6]_reg_p_D_NAND3X1P4H7L_Y_B_OR4X1P4H7L_Y                                                                       | 1.2             | 2.207e-04      | 0.000e+00    | 1.698e-09     | 2.207e-04   |
| segT1[5]_reg_p_D_AOI22X1P4H7L_Y                                                                                      | 1.2             | 1.938e-04      | 0.000e+00    | 1.086e-09     | 1.938e-04   |
| segT1[4]_reg_p_D_OA211X4H7L_Y                                                                                        | 1.2             | 1.456e-04      | 0.000e+00    | 1.843e-09     | 1.457e-04   |
| segT0[1]_reg_p_D_OAO211X0P5H7L_Y                                                                                     | 1.2             | 1.419e-04      | 0.000e+00    | 1.553e-09     | 1.419e-04   |
| segT1[6]_reg_p_D_NAND3X1P4H7L_Y_C_OAI221X0P5H7L_Y                                                                    | 1.2             | 1.378e-04      | 0.000e+00    | 6.351e-10     | 1.378e-04   |
| segT1[2]_reg_p_D_OAOI211X1P4H7L_Y                                                                                    | 1.2             | 1.353e-04      | 0.000e+00    | 9.358e-10     | 1.353e-04   |
| segT1[6]_reg_p_D_NAND3X1P4H7L_Y                                                                                      | 1.2             | 1.309e-04      | 0.000e+00    | 5.199e-10     | 1.309e-04   |
| segT1[4]_reg_p_D_OA211X4H7L_Y_C0_OAI211X1H7L_Y                                                                       | 1.2             | 1.075e-04      | 0.000e+00    | 5.944e-10     | 1.075e-04   |
| buffer_9__XNOR2X3H7L_B_Y_XNOR3X4H7L_B                                                                                | 1.2             | 1.059e-04      | 0.000e+00    | 8.183e-09     | 1.059e-04   |
| SegT1.in_2__reg_p_D_NOR2X0P5H7L_Y_B_XNOR2X0P5H7L_Y_B_NAND3X6H7L_C                                                    | 1.2             | 9.956e-05      | 0.000e+00    | 1.731e-09     | 9.957e-05   |
| segT1[6]_reg_p_D_NAND3X1P4H7L_Y_B_OR4X1P4H7L_Y_C_MUX2X3H7L_Y                                                         | 1.2             | 9.542e-05      | 0.000e+00    | 4.281e-09     | 9.542e-05   |
| segT0[1]_reg_p_D_OAO211X0P5H7L_Y_B0_OAI211X1P4H7L_Y                                                                  | 1.2             | 9.328e-05      | 0.000e+00    | 6.904e-10     | 9.328e-05   |
| segT1[1]_reg_p_D_OAI31X1H7L_Y                                                                                        | 1.2             | 9.051e-05      | 0.000e+00    | 8.843e-10     | 9.051e-05   |
| segT0[7]_reg_p_D_AOA211X2H7L_Y_A1_OAI2BB2X1P4H7L_Y_A1N_XNOR2X3H7L_Y                                                  | 1.2             | 8.625e-05      | 0.000e+00    | 4.085e-09     | 8.625e-05   |
| segT0[4]_reg_p_D_AOI21X0P5H7L_Y_A1_OAI211X0P7H7L_Y                                                                   | 1.2             | 7.770e-05      | 0.000e+00    | 5.718e-10     | 7.770e-05   |
| segT1[5]_reg_p_D_AOI22X1P4H7L_Y_B1_OR3X1H7L_Y_C_AOI2BB2X0P5H7L_Y                                                     | 1.2             | 7.429e-05      | 0.000e+00    | 1.719e-09     | 7.429e-05   |
| segT1[2]_reg_p_D_OAOI211X1P4H7L_Y_C0_OAI211X0P7H7L_Y                                                                 | 1.2             | 6.604e-05      | 0.000e+00    | 5.694e-10     | 6.604e-05   |
| segT0[3]_reg_p_D_AOI31X0P5H7L_Y                                                                                      | 1.2             | 6.129e-05      | 0.000e+00    | 7.364e-10     | 6.129e-05   |
| segT0[4]_reg_p_D_AOI21X0P5H7L_Y_A0_AOAI211X0P5H7L_Y                                                                  | 1.2             | 6.112e-05      | 0.000e+00    | 6.859e-10     | 6.112e-05   |
| segT0[3]_reg_p_D_AOI31X0P5H7L_Y_B0_OAI221X0P5H7L_Y                                                                   | 1.2             | 6.083e-05      | 0.000e+00    | 6.810e-10     | 6.083e-05   |
| segT0[7]_reg_p_D_AOA211X2H7L_Y                                                                                       | 1.2             | 6.070e-05      | 0.000e+00    | 1.408e-09     | 6.070e-05   |
| segT1[6]_reg_p_D_NAND3X1P4H7L_Y_C_OAI221X0P5H7L_Y_B0_OA211X0P7H7L_Y                                                  | 1.2             | 6.009e-05      | 0.000e+00    | 9.814e-10     | 6.009e-05   |
| segT1[7]_reg_p_D_NOR2X1P4H7L_Y_B_OA221X0P5H7L_Y                                                                      | 1.2             | 5.997e-05      | 0.000e+00    | 1.193e-09     | 5.997e-05   |
| segT1[5]_reg_p_D_AOI22X1P4H7L_Y_B1_OR3X1H7L_Y                                                                        | 1.2             | 5.930e-05      | 0.000e+00    | 1.662e-09     | 5.930e-05   |
| over_reg_p_D_NOR4X0P5H7L_Y_C_NOR2X0P5H7L_A_Y_NOR3X1H7L_B_Y_NAND3X6H7L_C                                              | 1.2             | 5.754e-05      | 0.000e+00    | 1.473e-09     | 5.754e-05   |
| segT1[7]_reg_p_D_NOR2X1P4H7L_Y_A_AOI2XB1X1H7L_Y_A0_OAI32X1P4H7L_Y                                                    | 1.2             | 5.692e-05      | 0.000e+00    | 9.734e-10     | 5.692e-05   |
| segT1[1]_reg_p_D_OAI31X1H7L_Y_A1_AOI21X1P4H7L_Y                                                                      | 1.2             | 5.356e-05      | 0.000e+00    | 1.030e-09     | 5.356e-05   |
| buffer_9__XNOR2X3H7L_B_Y_XNOR3X4H7L_B_Y_XOR2X6H7L_A                                                                  | 1.2             | 5.193e-05      | 0.000e+00    | 6.321e-09     | 5.194e-05   |
| segT0[4]_reg_p_D_AOI21X0P5H7L_Y_A1_OAI211X0P7H7L_Y_B0_OAI211X0P7H7L_Y                                                | 1.2             | 5.127e-05      | 0.000e+00    | 5.720e-10     | 5.127e-05   |
| segT1[3]_reg_p_D_OAOI211X1P4H7L_Y                                                                                    | 1.2             | 5.086e-05      | 0.000e+00    | 1.054e-09     | 5.086e-05   |
| segT0[7]_reg_p_D_AOA211X2H7L_Y_A1_OAI2BB2X1P4H7L_Y                                                                   | 1.2             | 5.014e-05      | 0.000e+00    | 1.346e-09     | 5.014e-05   |
| segT0[3]_reg_p_D_AOI31X0P5H7L_Y_A1_NOR3X1P4H7L_Y_C_AOI21X4H7L_B0                                                     | 1.2             | 4.894e-05      | 0.000e+00    | 2.402e-09     | 4.894e-05   |
| segT1[4]_reg_p_D_OA211X4H7L_Y_A1_AND3X8H7L_Y_C_XNOR2X3H7L_Y                                                          | 1.2             | 4.889e-05      | 0.000e+00    | 4.095e-09     | 4.889e-05   |
| segT0[3]_reg_p_D_AOI31X0P5H7L_Y_A1_NOR3X1P4H7L_Y_C_AOI21X4H7L_B0_Y_NAND2X6H7L_B                                      | 1.2             | 4.876e-05      | 0.000e+00    | 2.500e-09     | 4.876e-05   |
| segT1[1]_reg_p_D_OAI31X1H7L_Y_B0_OAI211X0P7H7L_Y_A1_NOR2BX1H7L_Z_AN_AOI2XB1X4H7L_A0                                  | 1.2             | 4.799e-05      | 0.000e+00    | 2.948e-09     | 4.799e-05   |
| segT0[6]_reg_p_D_OAOI211X0P5H7L_Y                                                                                    | 1.2             | 4.763e-05      | 0.000e+00    | 6.807e-10     | 4.763e-05   |
| segT0[6]_reg_p_D_OAOI211X0P5H7L_Y_A1_OAI21X0P5H7L_Y                                                                  | 1.2             | 4.293e-05      | 0.000e+00    | 7.086e-10     | 4.293e-05   |
| segT1[1]_reg_p_D_OAI31X1H7L_Y_B0_OAI211X0P7H7L_Y                                                                     | 1.2             | 4.237e-05      | 0.000e+00    | 4.908e-10     | 4.237e-05   |
| segT0[2]_reg_p_D_OA211X1P4H7L_Y                                                                                      | 1.2             | 3.920e-05      | 0.000e+00    | 1.043e-09     | 3.920e-05   |
| segT0[4]_reg_p_D_AOI21X0P5H7L_Y                                                                                      | 1.2             | 3.899e-05      | 0.000e+00    | 7.069e-10     | 3.899e-05   |
| segT1[7]_reg_p_D_NOR2X1P4H7L_Y_A_AOI2XB1X1H7L_Y                                                                      | 1.2             | 3.670e-05      | 0.000e+00    | 1.670e-09     | 3.670e-05   |
| segT0[7]_reg_p_D_AOA211X2H7L_Y_B0_OAOI211X0P5H7L_Y                                                                   | 1.2             | 3.359e-05      | 0.000e+00    | 6.803e-10     | 3.359e-05   |
| segT1[4]_reg_p_D_OA211X4H7L_Y_B0_NAND2X0P5H7L_Y_B_OA31X1H7L_Y                                                        | 1.2             | 3.285e-05      | 0.000e+00    | 1.406e-09     | 3.285e-05   |
| segT0[6]_reg_p_D_OAOI211X0P5H7L_Y_B0_OAI211X0P7H7L_Y                                                                 | 1.2             | 3.242e-05      | 0.000e+00    | 5.669e-10     | 3.242e-05   |
| segT1[5]_reg_p_D_AOI22X1P4H7L_Y_B0_NAND2X0P5H7L_Y_B_MUXI2X0P5H7L_Y                                                   | 1.2             | 3.170e-05      | 0.000e+00    | 2.523e-09     | 3.171e-05   |
| over_reg_p_D_NOR4X0P5H7L_Y_C_NOR2X0P5H7L_A_Y_NOR3X1H7L_B_Y_NAND3X6H7L_C_Y_NOR2X6H7L_B                                | 1.2             | 3.071e-05      | 0.000e+00    | 3.637e-09     | 3.071e-05   |
| buffer_9__XNOR2X3H7L_B_Y_XNOR3X4H7L_B_Y_XOR2X6H7L_A_Y_NAND2X8H7L_A                                                   | 1.2             | 2.888e-05      | 0.000e+00    | 2.778e-09     | 2.889e-05   |
| segT1[4]_reg_p_D_OA211X4H7L_Y_C0_OAI211X1H7L_Y_B0_NAND3X0P5H7L_Y                                                     | 1.2             | 2.875e-05      | 0.000e+00    | 3.703e-10     | 2.875e-05   |
| over_OR3X1H7L_B                                                                                                      | 1.2             | 2.763e-05      | 0.000e+00    | 1.708e-09     | 2.763e-05   |
| segT1[4]_reg_p_D_OA211X4H7L_Y_C0_OAI211X1H7L_Y_A1_MUX2X0P5H7L_Y                                                      | 1.2             | 2.752e-05      | 0.000e+00    | 2.069e-09     | 2.752e-05   |
| segT1[4]_reg_p_D_OA211X4H7L_Y_A0_OAI31X1H7L_Y                                                                        | 1.2             | 2.577e-05      | 0.000e+00    | 8.720e-10     | 2.577e-05   |
| segT0[6]_reg_p_D_OAOI211X0P5H7L_Y_C0_AOAI211X0P5H7L_Y                                                                | 1.2             | 2.557e-05      | 0.000e+00    | 6.914e-10     | 2.557e-05   |
| segT0[7]_reg_p_D_AOA211X2H7L_Y_B0_OAOI211X0P5H7L_Y_B0_NAND3X0P5H7L_Y                                                 | 1.2             | 2.367e-05      | 0.000e+00    | 4.062e-10     | 2.367e-05   |
| segT0[5]_reg_p_D_OAOI211X0P5H7L_Y                                                                                    | 1.2             | 2.319e-05      | 0.000e+00    | 6.883e-10     | 2.320e-05   |
| segT0[1]_reg_p_D_OAO211X0P5H7L_Y_B0_OAI211X1P4H7L_Y_B0_NAND3X0P5H7L_Y                                                | 1.2             | 2.307e-05      | 0.000e+00    | 3.732e-10     | 2.307e-05   |
| segT0[5]_reg_p_D_OAOI211X0P5H7L_Y_B0_AOI21X0P5H7L_Y                                                                  | 1.2             | 2.147e-05      | 0.000e+00    | 8.296e-10     | 2.147e-05   |
| segT1[1]_reg_p_D_OAI31X1H7L_Y_A2_NOR2X0P5H7L_Y_B_XNOR2X0P7H7L_Y_B_NOR3BX3H7L_Y                                       | 1.2             | 2.126e-05      | 0.000e+00    | 1.987e-09     | 2.126e-05   |
| segT0[2]_reg_p_D_OA211X1P4H7L_Y_C0_NAND2BX0P5H7L_Y_AN_NAND2BX0P5H7L_Y                                                | 1.2             | 2.117e-05      | 0.000e+00    | 1.202e-09     | 2.118e-05   |
| segT0[2]_reg_p_D_OA211X1P4H7L_Y_C0_NAND2BX0P5H7L_Y                                                                   | 1.2             | 2.079e-05      | 0.000e+00    | 1.202e-09     | 2.079e-05   |
| segT1[1]_reg_p_D_OAI31X1H7L_Y_B0_OAI211X0P7H7L_Y_A1_NOR2BX1H7L_Z_AN_OAI21X1P4H7L_Y                                   | 1.2             | 2.002e-05      | 0.000e+00    | 9.155e-10     | 2.002e-05   |
| segT0[1]_reg_p_D_OAO211X0P5H7L_Y_A1_OAI32X0P5H7L_Y                                                                   | 1.2             | 1.881e-05      | 0.000e+00    | 7.667e-10     | 1.881e-05   |
| buffer_9__XNOR2X3H7L_B_Y_XNOR3X4H7L_B_Y_OAI21X0P5H7L_A0                                                              | 1.2             | 1.874e-05      | 0.000e+00    | 7.131e-10     | 1.874e-05   |
| over_reg_p_D_NOR4X0P5H7L_Y_D_OR4X1P4H7L_Y                                                                            | 1.2             | 1.821e-05      | 0.000e+00    | 1.713e-09     | 1.821e-05   |
| segT0[3]_reg_p_D_AOI31X0P5H7L_Y_A1_NOR3X1P4H7L_Y_C_AOI21X4H7L_B0_A1_NOR4X6H7L_Y                                      | 1.2             | 1.808e-05      | 0.000e+00    | 1.379e-09     | 1.808e-05   |
| segT1[1]_reg_p_D_OAI31X1H7L_Y_A2_NOR2X0P5H7L_Y_B_XNOR2X0P7H7L_Y                                                      | 1.2             | 1.798e-05      | 0.000e+00    | 3.184e-09     | 1.799e-05   |
| segT0[3]_reg_p_D_AOI31X0P5H7L_Y_A1_NOR3X1P4H7L_Y_C_AOI21X4H7L_B0_A0_NOR4X6H7L_Y                                      | 1.2             | 1.759e-05      | 0.000e+00    | 1.366e-09     | 1.759e-05   |
| segT1[1]_reg_p_D_OAI31X1H7L_Y_B0_OAI211X0P7H7L_Y_A1_NOR2BX1H7L_Z_B_NOR3X3H7L_Y                                       | 1.2             | 1.655e-05      | 0.000e+00    | 1.138e-09     | 1.655e-05   |
| fifo[0]_7__AOI21X8H7L_A1                                                                                             | 1.2             | 1.437e-05      | 0.000e+00    | 5.787e-09     | 1.438e-05   |
| segT1[1]_reg_p_D_OAI31X1H7L_Y_B0_OAI211X0P7H7L_Y_A1_NOR2BX1H7L_Z                                                     | 1.2             | 1.402e-05      | 0.000e+00    | 1.443e-09     | 1.402e-05   |
| buffer_9__XNOR2X3H7L_B_Y_XNOR3X4H7L_B_Y_NAND3BX0P5H7L_C                                                              | 1.2             | 1.340e-05      | 0.000e+00    | 9.943e-10     | 1.340e-05   |
| segT1[4]_reg_p_D_OA211X4H7L_Y_A0_OAI31X1H7L_Y_B0_AOI31X0P5H7L_Y                                                      | 1.2             | 1.314e-05      | 0.000e+00    | 7.490e-10     | 1.314e-05   |
| segT0[3]_reg_p_D_AOI31X0P5H7L_Y_A1_NOR3X1P4H7L_Y                                                                     | 1.2             | 1.292e-05      | 0.000e+00    | 9.312e-10     | 1.292e-05   |
| segT1[5]_reg_p_D_AOI22X1P4H7L_Y_B0_NAND2X0P5H7L_Y                                                                    | 1.2             | 1.214e-05      | 0.000e+00    | 5.007e-10     | 1.214e-05   |
| segT0[3]_reg_p_D_AOI31X0P5H7L_Y_A1_NOR3X1P4H7L_Y_C_AOI21X4H7L_B0_A1_NOR4X6H7L_Y_C_XOR2X3H7L_Y                        | 1.2             | 1.149e-05      | 0.000e+00    | 4.155e-09     | 1.150e-05   |
| segT1[7]_reg_p_D_NOR2X1P4H7L_Y                                                                                       | 1.2             | 1.142e-05      | 0.000e+00    | 8.817e-10     | 1.142e-05   |
| over_reg_p_CK_ICGX0P5H7L_ECK_E_INVX10H7L_Y                                                                           | 1.2             | 1.118e-05      | 0.000e+00    | 5.536e-09     | 1.119e-05   |
| segT1[6]_reg_p_D_NAND3X1P4H7L_Y_A_NAND3X0P5H7L_Y                                                                     | 1.2             | 1.079e-05      | 0.000e+00    | 3.366e-10     | 1.079e-05   |
| segT1[4]_reg_p_D_OA211X4H7L_Y_A1_AND3X8H7L_Y                                                                         | 1.2             | 9.654e-06      | 0.000e+00    | 3.262e-09     | 9.657e-06   |
| buffer_9__XNOR2X3H7L_B_Y_XNOR3X4H7L_B_Y_XOR2X6H7L_A_B_XNOR2X1P4H7L_Y                                                 | 1.2             | 9.369e-06      | 0.000e+00    | 3.358e-09     | 9.372e-06   |
| over_reg_p_D_NOR4X0P5H7L_Y_C_NOR2X0P5H7L_A_Y_OR2X1P4H7L_B                                                            | 1.2             | 8.683e-06      | 0.000e+00    | 2.040e-09     | 8.685e-06   |
| buffer_9__XNOR2X3H7L_B_Y_XNOR3X4H7L_B_A_XOR2X3H7L_Y                                                                  | 1.2             | 7.519e-06      | 0.000e+00    | 4.183e-09     | 7.523e-06   |
| over_reg_p_D_NOR4X0P5H7L_Y_C_NAND4X0P5H7L_Y                                                                          | 1.2             | 7.318e-06      | 0.000e+00    | 2.330e-10     | 7.318e-06   |
| segT1[2]_reg_p_D_OAOI211X1P4H7L_Y_B0_NAND2X0P5H7L_Y                                                                  | 1.2             | 7.246e-06      | 0.000e+00    | 4.889e-10     | 7.246e-06   |
| segT0[3]_reg_p_D_AOI31X0P5H7L_Y_A1_NOR3X1P4H7L_Y_C_AOI21X4H7L_B0_A1_NOR4X6H7L_Y_B_XNOR2X1P4H7L_Y                     | 1.2             | 7.191e-06      | 0.000e+00    | 3.322e-09     | 7.194e-06   |
| buffer_9__XNOR2X3H7L_B                                                                                               | 1.2             | 7.104e-06      | 0.000e+00    | 4.202e-09     | 7.108e-06   |
| segT0[3]_reg_p_D_AOI31X0P5H7L_Y_A1_NOR3X1P4H7L_Y_C_AOI21X4H7L_B0_A0_NOR4X6H7L_Y_A_XNOR2X1H7L_Y                       | 1.2             | 6.954e-06      | 0.000e+00    | 3.254e-09     | 6.957e-06   |
| segT0[3]_reg_p_D_AOI31X0P5H7L_Y_A1_NAND2X1P4H7L_B                                                                    | 1.2             | 6.846e-06      | 0.000e+00    | 7.194e-10     | 6.847e-06   |
| segT0[3]_reg_p_D_AOI31X0P5H7L_Y_A1_NOR3X1P4H7L_Y_C_AOI21X4H7L_B0_A0_NOR4X6H7L_Y_B_XNOR2X0P7H7L_Y                     | 1.2             | 6.731e-06      | 0.000e+00    | 3.194e-09     | 6.734e-06   |
| segT0[3]_reg_p_D_AOI31X0P5H7L_Y_A1_NOR3X1P4H7L_Y_C_AOI21X4H7L_B0_A0_NOR4X6H7L_Y_C_XNOR2X0P5H7L_Y                     | 1.2             | 6.629e-06      | 0.000e+00    | 3.162e-09     | 6.632e-06   |
| segT0[3]_reg_p_D_AOI31X0P5H7L_Y_A1_NOR3X1P4H7L_Y_C_AOI21X4H7L_B0_A0_NOR4X6H7L_Y_D_XNOR2X0P5H7L_Y                     | 1.2             | 6.570e-06      | 0.000e+00    | 3.159e-09     | 6.573e-06   |
| segT0[3]_reg_p_D_AOI31X0P5H7L_Y_A1_NOR3X1P4H7L_Y_C_AOI21X4H7L_B0_A1_NOR4X6H7L_Y_A_XNOR2X1H7L_Y                       | 1.2             | 6.286e-06      | 0.000e+00    | 3.246e-09     | 6.289e-06   |
| segT0[3]_reg_p_D_AOI31X0P5H7L_Y_A1_NOR3X1P4H7L_Y_C_AOI21X4H7L_B0_A1_NOR4X6H7L_Y_D_XNOR2X0P5H7L_Y                     | 1.2             | 6.082e-06      | 0.000e+00    | 3.144e-09     | 6.085e-06   |
| fifo[0]_4__reg_p_D_NOR2BX1P4H7L_Z                                                                                    | 1.2             | 5.868e-06      | 0.000e+00    | 1.459e-09     | 5.869e-06   |
| fifo[0]_6__reg_p_D_NOR2BX1P4H7L_Z                                                                                    | 1.2             | 5.620e-06      | 0.000e+00    | 1.470e-09     | 5.621e-06   |
| fifo[0]_5__reg_p_D_NOR2BX1P4H7L_Z                                                                                    | 1.2             | 5.602e-06      | 0.000e+00    | 1.466e-09     | 5.603e-06   |
| fifo[0]_3__reg_p_D_NOR2BX1P4H7L_Z                                                                                    | 1.2             | 5.598e-06      | 0.000e+00    | 1.471e-09     | 5.599e-06   |
| fifo[0]_0__reg_p_D_NOR2BX1P4H7L_Z                                                                                    | 1.2             | 5.565e-06      | 0.000e+00    | 1.472e-09     | 5.567e-06   |
| fifo[0]_1__reg_p_D_NOR2BX1P4H7L_Z                                                                                    | 1.2             | 5.555e-06      | 0.000e+00    | 1.472e-09     | 5.557e-06   |
| fifo[0]_2__reg_p_D_NOR2BX1P4H7L_Z                                                                                    | 1.2             | 5.538e-06      | 0.000e+00    | 1.472e-09     | 5.540e-06   |
| SegT1.in_3__reg_p_D_NOR2X0P5H7L_Y_B_XNOR2X0P5H7L_Y_B_AND3X8H7L_C_Y_MUX2X12H7L_S0                                     | 1.2             | 5.426e-06      | 0.000e+00    | 1.631e-08     | 5.442e-06   |
| fifo[1]_4__MUXI2X4H7L_A                                                                                              | 1.2             | 5.313e-06      | 0.000e+00    | 7.263e-09     | 5.320e-06   |
| fifo[1]_6__MUXI2X4H7L_A                                                                                              | 1.2             | 5.296e-06      | 0.000e+00    | 7.276e-09     | 5.303e-06   |
| buffer_9__XNOR2X3H7L_B_Y_XNOR3X4H7L_B_Y_XOR2X6H7L_A_B_XNOR2X1P4H7L_Y_B_XOR2X0P5H7L_Y                                 | 1.2             | 5.296e-06      | 0.000e+00    | 3.149e-09     | 5.299e-06   |
| fifo[1]_3__MUXI2X4H7L_A                                                                                              | 1.2             | 5.292e-06      | 0.000e+00    | 7.277e-09     | 5.299e-06   |
| fifo[1]_0__MUXI2X4H7L_A                                                                                              | 1.2             | 5.290e-06      | 0.000e+00    | 7.279e-09     | 5.298e-06   |
| fifo[1]_2__MUXI2X4H7L_A                                                                                              | 1.2             | 5.289e-06      | 0.000e+00    | 7.279e-09     | 5.296e-06   |
| segT0[4]_reg_p_D_AOI21X0P5H7L_Y_A0_AOAI211X0P5H7L_Y_B0_NOR2X0P5H7L_Y                                                 | 1.2             | 5.278e-06      | 0.000e+00    | 5.532e-10     | 5.279e-06   |
| buffer_9__XNOR2X3H7L_B_Y_XNOR3X4H7L_B_C_XNOR2X0P5H7L_Y                                                               | 1.2             | 5.063e-06      | 0.000e+00    | 3.175e-09     | 5.067e-06   |
| buffer_3__reg_p_D_MUX2X0P5H7L_Y                                                                                      | 1.2             | 5.055e-06      | 0.000e+00    | 2.050e-09     | 5.058e-06   |
| buffer_0__MUX2X0P5H7L_B                                                                                              | 1.2             | 4.621e-06      | 0.000e+00    | 2.052e-09     | 4.623e-06   |
| fifo[1]_5__MUXI2X3H7L_A                                                                                              | 1.2             | 4.357e-06      | 0.000e+00    | 5.456e-09     | 4.363e-06   |
| fifo[1]_1__MUXI2X3H7L_A                                                                                              | 1.2             | 4.346e-06      | 0.000e+00    | 5.460e-09     | 4.351e-06   |
| SegT1.in_3__reg_p_D_NOR2X0P5H7L_Y_B_XNOR2X0P5H7L_Y_B_AND3X8H7L_C                                                     | 1.2             | 4.178e-06      | 0.000e+00    | 3.545e-09     | 4.182e-06   |
| fifo[0]_7__reg_p_D_NOR2BX0P5H7L_Z                                                                                    | 1.2             | 4.093e-06      | 0.000e+00    | 1.334e-09     | 4.094e-06   |
| buffer_8__reg_p                                                                                                      | 1.2             | 3.971e-06      | 0.000e+00    | 6.604e-09     | 3.978e-06   |
| buffer_4__reg_p                                                                                                      | 1.2             | 3.971e-06      | 0.000e+00    | 6.607e-09     | 3.978e-06   |
| buffer_1__reg_p                                                                                                      | 1.2             | 3.971e-06      | 0.000e+00    | 6.604e-09     | 3.977e-06   |
| buffer_2__reg_p                                                                                                      | 1.2             | 3.971e-06      | 0.000e+00    | 6.603e-09     | 3.977e-06   |
| buffer_3__reg_p                                                                                                      | 1.2             | 3.969e-06      | 0.000e+00    | 6.602e-09     | 3.976e-06   |
| buffer_7__reg_p                                                                                                      | 1.2             | 3.969e-06      | 0.000e+00    | 6.611e-09     | 3.976e-06   |
| segT1[1]_reg_p                                                                                                       | 1.2             | 3.968e-06      | 0.000e+00    | 6.774e-09     | 3.975e-06   |
| segT0[1]_reg_p                                                                                                       | 1.2             | 3.968e-06      | 0.000e+00    | 6.757e-09     | 3.975e-06   |
| segT1[6]_reg_p                                                                                                       | 1.2             | 3.968e-06      | 0.000e+00    | 6.757e-09     | 3.975e-06   |
| segT1[5]_reg_p                                                                                                       | 1.2             | 3.968e-06      | 0.000e+00    | 6.750e-09     | 3.975e-06   |
| segT1[3]_reg_p                                                                                                       | 1.2             | 3.968e-06      | 0.000e+00    | 6.731e-09     | 3.975e-06   |
| segT0[3]_reg_p                                                                                                       | 1.2             | 3.968e-06      | 0.000e+00    | 6.694e-09     | 3.974e-06   |
| segT1[7]_reg_p                                                                                                       | 1.2             | 3.968e-06      | 0.000e+00    | 6.655e-09     | 3.974e-06   |
| segT1[2]_reg_p                                                                                                       | 1.2             | 3.968e-06      | 0.000e+00    | 6.628e-09     | 3.974e-06   |
| segT0[4]_reg_p                                                                                                       | 1.2             | 3.968e-06      | 0.000e+00    | 6.602e-09     | 3.974e-06   |
| segT0[5]_reg_p                                                                                                       | 1.2             | 3.968e-06      | 0.000e+00    | 6.529e-09     | 3.974e-06   |
| segT0[6]_reg_p                                                                                                       | 1.2             | 3.968e-06      | 0.000e+00    | 6.513e-09     | 3.974e-06   |
| segT0[7]_reg_p                                                                                                       | 1.2             | 3.968e-06      | 0.000e+00    | 6.354e-09     | 3.974e-06   |
| segT1[4]_reg_p                                                                                                       | 1.2             | 3.968e-06      | 0.000e+00    | 6.218e-09     | 3.974e-06   |
| segT0[2]_reg_p                                                                                                       | 1.2             | 3.968e-06      | 0.000e+00    | 6.215e-09     | 3.974e-06   |
| fifo[0]_7__reg_p                                                                                                     | 1.2             | 3.967e-06      | 0.000e+00    | 6.316e-09     | 3.974e-06   |
| count_3__reg_p                                                                                                       | 1.2             | 3.966e-06      | 0.000e+00    | 6.596e-09     | 3.972e-06   |
| buffer_0__reg_p                                                                                                      | 1.2             | 3.964e-06      | 0.000e+00    | 6.602e-09     | 3.971e-06   |
| over_reg_p                                                                                                           | 1.2             | 3.964e-06      | 0.000e+00    | 6.085e-09     | 3.971e-06   |
| fifo[0]_4__reg_p                                                                                                     | 1.2             | 3.963e-06      | 0.000e+00    | 6.343e-09     | 3.969e-06   |
| fifo[0]_6__reg_p                                                                                                     | 1.2             | 3.963e-06      | 0.000e+00    | 6.319e-09     | 3.969e-06   |
| fifo[0]_3__reg_p                                                                                                     | 1.2             | 3.963e-06      | 0.000e+00    | 6.317e-09     | 3.969e-06   |
| fifo[0]_0__reg_p                                                                                                     | 1.2             | 3.963e-06      | 0.000e+00    | 6.315e-09     | 3.969e-06   |
| fifo[0]_2__reg_p                                                                                                     | 1.2             | 3.963e-06      | 0.000e+00    | 6.314e-09     | 3.969e-06   |
| fifo[1]_4__reg_p                                                                                                     | 1.2             | 3.963e-06      | 0.000e+00    | 6.343e-09     | 3.969e-06   |
| fifo[1]_6__reg_p                                                                                                     | 1.2             | 3.963e-06      | 0.000e+00    | 6.319e-09     | 3.969e-06   |
| fifo[1]_3__reg_p                                                                                                     | 1.2             | 3.963e-06      | 0.000e+00    | 6.317e-09     | 3.969e-06   |
| 
I20260204 14:40:52.895238 80436 Power.cc:1047] power report end, output dir: /home/biruide/ysyx-workbench/yosys-sta/result/ex7N-500MHz
I20260204 14:40:52.895308 80436 Power.cc:1049] power report memory usage 0MB
I20260204 14:40:52.895315 80436 Power.cc:1051] power report time elapsed 0.017295s
