Generate the report at 2026-02-10T19:37:01, GitVersion: aa25008b3778a76ae1975c839d4cc459f7f7b3b7.
+--------------------+--------------------------+------------+------------+---------------+-------+-------+-----------+
| Endpoint           | Clock Group              | Delay Type | Path Delay | Path Required | CPPR  | Slack | Freq(MHz) |
+--------------------+--------------------------+------------+------------+---------------+-------+-------+-----------+
| myTime_12__reg_p:D | core_clock               | max        | 0.416f     | 1.955         | 0.000 | 1.539 | 2168.073  |
| myTime_10__reg_p:D | core_clock               | max        | 0.416f     | 1.956         | 0.000 | 1.540 | 2175.081  |
| myTime_3__reg_p:D  | core_clock               | max        | 0.416f     | 1.956         | 0.000 | 1.540 | 2175.081  |
| myTime_4__reg_p:D  | core_clock               | max        | 0.416f     | 1.956         | 0.000 | 1.540 | 2175.081  |
| myTime_16__reg_p:D | core_clock               | max        | 0.416f     | 1.956         | 0.000 | 1.540 | 2175.081  |
| is_ICGX0P5H7L_E:E  | **clock_gating_default** | max        | 0.388r     | 1.936         | 0.000 | 1.548 | NA        |
| is_ICGX0P5H7L_E:E  | **clock_gating_default** | max        | 0.230f     | 1.965         | 0.000 | 1.735 | NA        |
| out[0]_reg_p:D     | core_clock               | min        | 0.092f     | -0.009        | 0.000 | 0.100 | NA        |
| out[4]_reg_p:D     | core_clock               | min        | 0.092f     | -0.009        | 0.000 | 0.100 | NA        |
| out[3]_reg_p:D     | core_clock               | min        | 0.092f     | -0.009        | 0.000 | 0.100 | NA        |
| out[1]_reg_p:D     | core_clock               | min        | 0.092f     | -0.009        | 0.000 | 0.100 | NA        |
| out[2]_reg_p:D     | core_clock               | min        | 0.092f     | -0.009        | 0.000 | 0.100 | NA        |
| is_ICGX0P5H7L_E:E  | **clock_gating_default** | min        | 0.124f     | -0.002        | 0.000 | 0.126 | NA        |
| is_ICGX0P5H7L_E:E  | **clock_gating_default** | min        | 0.158r     | -0.025        | 0.000 | 0.183 | NA        |
+--------------------+--------------------------+------------+------------+---------------+-------+-------+-----------+
+------------+------------+-------+
| Clock      | Delay Type | TNS   |
+------------+------------+-------+
| core_clock | max        | 0.000 |
| core_clock | min        | 0.000 |
+------------+------------+-------+
+------------------------------------------------------------------------------------------------+--------+-------------+------------+------------+-------------+--------+-----------------+
| Point                                                                                          | Fanout | Capacitance | Resistance | Transition | Delta Delay | Incr   | Path            |
+------------------------------------------------------------------------------------------------+--------+-------------+------------+------------+-------------+--------+-----------------+
| clk (port)                                                                                     |        | 0.034       | 0.000      | 0.000      |             | 0.000  | 0.000r          |
| clk (clock net)                                                                                | 33     |             |            |            | NA          |        |                 |
| myTime_16__reg_p:CK (DFFQX1H7L)                                                                |        | 0.001       | 0.000      | 0.000      |             | 0.000  | 0.000r          |
| clock core_clock (rise edge)                                                                   |        |             |            |            |             | 0      | 0               |
| clock network delay (ideal)                                                                    |        |             |            |            |             | 0.000  | 0.000           |
| myTime_16__reg_p:CK (DFFQX1H7L)                                                                |        | 0.001       | 0.000      | 0.000      |             | 0.000  | 0.000r          |
| myTime_16__reg_p:Q (DFFQX1H7L)                                                                 |        | 0.005       | 0.000      | 0.061      |             | 0.108  | 0.108r          |
| myTime_16_ (net)                                                                               | 5      |             |            |            | 0.000       |        |                 |
| myTime_19__NAND4X1P4H7L_D:A (NAND4X1P4H7L)                                                     |        | 0.001       | 0.000      | 0.061      |             | 0.000  | 0.108r          |
| myTime_19__NAND4X1P4H7L_D:Y (NAND4X1P4H7L)                                                     |        | 0.003       | 0.000      | 0.075      |             | 0.062  | 0.170f          |
| myTime_19__NAND4X1P4H7L_D_Y (net)                                                              | 3      |             |            |            | 0.000       |        |                 |
| myTime_19__NAND4X1P4H7L_D_Y_OR4X1P4H7L_C:C (OR4X1P4H7L)                                        |        | 0.001       | 0.000      | 0.075      |             | 0.000  | 0.170f          |
| myTime_19__NAND4X1P4H7L_D_Y_OR4X1P4H7L_C:Y (OR4X1P4H7L)                                        |        | 0.001       | 0.000      | 0.037      |             | 0.108  | 0.278f          |
| myTime_19__NAND4X1P4H7L_D_Y_OR4X1P4H7L_C_Y (net)                                               | 1      |             |            |            | 0.000       |        |                 |
| myTime_6__reg_p_D_NOR3X0P5H7L_Y_A_OAI21X0P5H7L_Y_A0_OAI221X1P4H7L_A0:B1 (OAI221X1P4H7L)        |        | 0.001       | 0.000      | 0.037      |             | 0.000  | 0.278f          |
| myTime_6__reg_p_D_NOR3X0P5H7L_Y_A_OAI21X0P5H7L_Y_A0_OAI221X1P4H7L_A0:Y (OAI221X1P4H7L)         |        | 0.001       | 0.000      | 0.065      |             | 0.047  | 0.325r          |
| myTime_6__reg_p_D_NOR3X0P5H7L_Y_A_OAI21X0P5H7L_Y_A0_OAI221X1P4H7L_A0_Y (net)                   | 1      |             |            |            | 0.000       |        |                 |
| myTime_6__reg_p_D_NOR3X0P5H7L_Y_A_OAI21X0P5H7L_Y_A0_OAI221X1P4H7L_A0_Y_BUFX5H7L_A:A (BUFX5H7L) |        | 0.001       | 0.000      | 0.065      |             | 0.000  | 0.325r          |
| myTime_6__reg_p_D_NOR3X0P5H7L_Y_A_OAI21X0P5H7L_Y_A0_OAI221X1P4H7L_A0_Y_BUFX5H7L_A:Y (BUFX5H7L) |        | 0.019       | 0.000      | 0.073      |             | 0.072  | 0.397r          |
| myTime_11__reg_p_D_NOR2X3H7L_Y_A (net)                                                         | 18     |             |            |            | 0.000       |        |                 |
| myTime_12__reg_p_D_AOI2XB1X1H7L_Y:B0 (AOI2XB1X1H7L)                                            |        | 0.001       | 0.000      | 0.073      |             | 0.000  | 0.397r          |
| myTime_12__reg_p_D_AOI2XB1X1H7L_Y:Y (AOI2XB1X1H7L)                                             |        | 0.001       | 0.000      | 0.030      |             | 0.019  | 0.416f          |
| myTime_12__reg_p_D (net)                                                                       | 1      |             |            |            | 0.000       |        |                 |
| myTime_12__reg_p:D (DFFQX1H7L)                                                                 |        | 0.001       | 0.000      | 0.030      |             | 0.000  | 0.416f          |
|                                                                                                |        |             |            |            |             |        |                 |
| clk (port)                                                                                     |        | 0.027       | 0.000      | 0.000      |             | 0.000  | 0.000r          |
| clk (clock net)                                                                                | 33     |             |            |            | NA          |        |                 |
| myTime_12__reg_p:CK (DFFQX1H7L)                                                                |        | 0.001       | 0.000      | 0.000      |             | 0.000  | 0.000r          |
| clock core_clock (rise edge)                                                                   |        |             |            |            |             | 2      | 2               |
| clock network delay (ideal)                                                                    |        |             |            |            |             | 0.000  | 2.000           |
| myTime_12__reg_p:CK (DFFQX1H7L)                                                                |        |             |            |            |             |        | 2.000r          |
| library setup time                                                                             |        |             |            |            |             | -0.045 | 1.955           |
| clock reconvergence pessimism                                                                  |        |             |            |            |             | 0.000  | 1.955           |
|                                                                                                |        |             |            |            |             |        |                 |
| path cell delay                                                                                |        |             |            |            |             |        | 0.416(100.000%) |
| path net delay                                                                                 |        |             |            |            |             |        | 0.000(0.000%)   |
|                                                                                                |        |             |            |            |             |        |                 |
| data require time                                                                              |        |             |            |            |             |        | 1.955           |
| data arrival time                                                                              |        |             |            |            |             |        | 0.416           |
| slack (MET)                                                                                    |        |             |            |            |             |        | 1.539           |
+------------------------------------------------------------------------------------------------+--------+-------------+------------+------------+-------------+--------+-----------------+
+------------------------------------------------------------------------------------------------+--------+-------------+------------+------------+-------------+--------+-----------------+
| Point                                                                                          | Fanout | Capacitance | Resistance | Transition | Delta Delay | Incr   | Path            |
+------------------------------------------------------------------------------------------------+--------+-------------+------------+------------+-------------+--------+-----------------+
| clk (port)                                                                                     |        | 0.034       | 0.000      | 0.000      |             | 0.000  | 0.000r          |
| clk (clock net)                                                                                | 33     |             |            |            | NA          |        |                 |
| myTime_16__reg_p:CK (DFFQX1H7L)                                                                |        | 0.001       | 0.000      | 0.000      |             | 0.000  | 0.000r          |
| clock core_clock (rise edge)                                                                   |        |             |            |            |             | 0      | 0               |
| clock network delay (ideal)                                                                    |        |             |            |            |             | 0.000  | 0.000           |
| myTime_16__reg_p:CK (DFFQX1H7L)                                                                |        | 0.001       | 0.000      | 0.000      |             | 0.000  | 0.000r          |
| myTime_16__reg_p:Q (DFFQX1H7L)                                                                 |        | 0.005       | 0.000      | 0.061      |             | 0.108  | 0.108r          |
| myTime_16_ (net)                                                                               | 5      |             |            |            | 0.000       |        |                 |
| myTime_19__NAND4X1P4H7L_D:A (NAND4X1P4H7L)                                                     |        | 0.001       | 0.000      | 0.061      |             | 0.000  | 0.108r          |
| myTime_19__NAND4X1P4H7L_D:Y (NAND4X1P4H7L)                                                     |        | 0.003       | 0.000      | 0.075      |             | 0.062  | 0.170f          |
| myTime_19__NAND4X1P4H7L_D_Y (net)                                                              | 3      |             |            |            | 0.000       |        |                 |
| myTime_19__NAND4X1P4H7L_D_Y_OR4X1P4H7L_C:C (OR4X1P4H7L)                                        |        | 0.001       | 0.000      | 0.075      |             | 0.000  | 0.170f          |
| myTime_19__NAND4X1P4H7L_D_Y_OR4X1P4H7L_C:Y (OR4X1P4H7L)                                        |        | 0.001       | 0.000      | 0.037      |             | 0.108  | 0.278f          |
| myTime_19__NAND4X1P4H7L_D_Y_OR4X1P4H7L_C_Y (net)                                               | 1      |             |            |            | 0.000       |        |                 |
| myTime_6__reg_p_D_NOR3X0P5H7L_Y_A_OAI21X0P5H7L_Y_A0_OAI221X1P4H7L_A0:B1 (OAI221X1P4H7L)        |        | 0.001       | 0.000      | 0.037      |             | 0.000  | 0.278f          |
| myTime_6__reg_p_D_NOR3X0P5H7L_Y_A_OAI21X0P5H7L_Y_A0_OAI221X1P4H7L_A0:Y (OAI221X1P4H7L)         |        | 0.001       | 0.000      | 0.065      |             | 0.047  | 0.325r          |
| myTime_6__reg_p_D_NOR3X0P5H7L_Y_A_OAI21X0P5H7L_Y_A0_OAI221X1P4H7L_A0_Y (net)                   | 1      |             |            |            | 0.000       |        |                 |
| myTime_6__reg_p_D_NOR3X0P5H7L_Y_A_OAI21X0P5H7L_Y_A0_OAI221X1P4H7L_A0_Y_BUFX5H7L_A:A (BUFX5H7L) |        | 0.001       | 0.000      | 0.065      |             | 0.000  | 0.325r          |
| myTime_6__reg_p_D_NOR3X0P5H7L_Y_A_OAI21X0P5H7L_Y_A0_OAI221X1P4H7L_A0_Y_BUFX5H7L_A:Y (BUFX5H7L) |        | 0.019       | 0.000      | 0.073      |             | 0.072  | 0.397r          |
| myTime_11__reg_p_D_NOR2X3H7L_Y_A (net)                                                         | 18     |             |            |            | 0.000       |        |                 |
| myTime_10__reg_p_D_NOR2X1P4H7L_Y:A (NOR2X1P4H7L)                                               |        | 0.001       | 0.000      | 0.073      |             | 0.000  | 0.397r          |
| myTime_10__reg_p_D_NOR2X1P4H7L_Y:Y (NOR2X1P4H7L)                                               |        | 0.001       | 0.000      | 0.025      |             | 0.018  | 0.416f          |
| myTime_10__reg_p_D (net)                                                                       | 1      |             |            |            | 0.000       |        |                 |
| myTime_10__reg_p:D (DFFQX1H7L)                                                                 |        | 0.001       | 0.000      | 0.025      |             | 0.000  | 0.416f          |
|                                                                                                |        |             |            |            |             |        |                 |
| clk (port)                                                                                     |        | 0.027       | 0.000      | 0.000      |             | 0.000  | 0.000r          |
| clk (clock net)                                                                                | 33     |             |            |            | NA          |        |                 |
| myTime_10__reg_p:CK (DFFQX1H7L)                                                                |        | 0.001       | 0.000      | 0.000      |             | 0.000  | 0.000r          |
| clock core_clock (rise edge)                                                                   |        |             |            |            |             | 2      | 2               |
| clock network delay (ideal)                                                                    |        |             |            |            |             | 0.000  | 2.000           |
| myTime_10__reg_p:CK (DFFQX1H7L)                                                                |        |             |            |            |             |        | 2.000r          |
| library setup time                                                                             |        |             |            |            |             | -0.044 | 1.956           |
| clock reconvergence pessimism                                                                  |        |             |            |            |             | 0.000  | 1.956           |
|                                                                                                |        |             |            |            |             |        |                 |
| path cell delay                                                                                |        |             |            |            |             |        | 0.416(100.000%) |
| path net delay                                                                                 |        |             |            |            |             |        | 0.000(0.000%)   |
|                                                                                                |        |             |            |            |             |        |                 |
| data require time                                                                              |        |             |            |            |             |        | 1.956           |
| data arrival time                                                                              |        |             |            |            |             |        | 0.416           |
| slack (MET)                                                                                    |        |             |            |            |             |        | 1.540           |
+------------------------------------------------------------------------------------------------+--------+-------------+------------+------------+-------------+--------+-----------------+
+------------------------------------------------------------------------------------------------+--------+-------------+------------+------------+-------------+--------+-----------------+
| Point                                                                                          | Fanout | Capacitance | Resistance | Transition | Delta Delay | Incr   | Path            |
+------------------------------------------------------------------------------------------------+--------+-------------+------------+------------+-------------+--------+-----------------+
| clk (port)                                                                                     |        | 0.034       | 0.000      | 0.000      |             | 0.000  | 0.000r          |
| clk (clock net)                                                                                | 33     |             |            |            | NA          |        |                 |
| myTime_16__reg_p:CK (DFFQX1H7L)                                                                |        | 0.001       | 0.000      | 0.000      |             | 0.000  | 0.000r          |
| clock core_clock (rise edge)                                                                   |        |             |            |            |             | 0      | 0               |
| clock network delay (ideal)                                                                    |        |             |            |            |             | 0.000  | 0.000           |
| myTime_16__reg_p:CK (DFFQX1H7L)                                                                |        | 0.001       | 0.000      | 0.000      |             | 0.000  | 0.000r          |
| myTime_16__reg_p:Q (DFFQX1H7L)                                                                 |        | 0.005       | 0.000      | 0.061      |             | 0.108  | 0.108r          |
| myTime_16_ (net)                                                                               | 5      |             |            |            | 0.000       |        |                 |
| myTime_19__NAND4X1P4H7L_D:A (NAND4X1P4H7L)                                                     |        | 0.001       | 0.000      | 0.061      |             | 0.000  | 0.108r          |
| myTime_19__NAND4X1P4H7L_D:Y (NAND4X1P4H7L)                                                     |        | 0.003       | 0.000      | 0.075      |             | 0.062  | 0.170f          |
| myTime_19__NAND4X1P4H7L_D_Y (net)                                                              | 3      |             |            |            | 0.000       |        |                 |
| myTime_19__NAND4X1P4H7L_D_Y_OR4X1P4H7L_C:C (OR4X1P4H7L)                                        |        | 0.001       | 0.000      | 0.075      |             | 0.000  | 0.170f          |
| myTime_19__NAND4X1P4H7L_D_Y_OR4X1P4H7L_C:Y (OR4X1P4H7L)                                        |        | 0.001       | 0.000      | 0.037      |             | 0.108  | 0.278f          |
| myTime_19__NAND4X1P4H7L_D_Y_OR4X1P4H7L_C_Y (net)                                               | 1      |             |            |            | 0.000       |        |                 |
| myTime_6__reg_p_D_NOR3X0P5H7L_Y_A_OAI21X0P5H7L_Y_A0_OAI221X1P4H7L_A0:B1 (OAI221X1P4H7L)        |        | 0.001       | 0.000      | 0.037      |             | 0.000  | 0.278f          |
| myTime_6__reg_p_D_NOR3X0P5H7L_Y_A_OAI21X0P5H7L_Y_A0_OAI221X1P4H7L_A0:Y (OAI221X1P4H7L)         |        | 0.001       | 0.000      | 0.065      |             | 0.047  | 0.325r          |
| myTime_6__reg_p_D_NOR3X0P5H7L_Y_A_OAI21X0P5H7L_Y_A0_OAI221X1P4H7L_A0_Y (net)                   | 1      |             |            |            | 0.000       |        |                 |
| myTime_6__reg_p_D_NOR3X0P5H7L_Y_A_OAI21X0P5H7L_Y_A0_OAI221X1P4H7L_A0_Y_BUFX5H7L_A:A (BUFX5H7L) |        | 0.001       | 0.000      | 0.065      |             | 0.000  | 0.325r          |
| myTime_6__reg_p_D_NOR3X0P5H7L_Y_A_OAI21X0P5H7L_Y_A0_OAI221X1P4H7L_A0_Y_BUFX5H7L_A:Y (BUFX5H7L) |        | 0.019       | 0.000      | 0.073      |             | 0.072  | 0.397r          |
| myTime_11__reg_p_D_NOR2X3H7L_Y_A (net)                                                         | 18     |             |            |            | 0.000       |        |                 |
| myTime_3__reg_p_D_NOR2X1P4H7L_Y:A (NOR2X1P4H7L)                                                |        | 0.001       | 0.000      | 0.073      |             | 0.000  | 0.397r          |
| myTime_3__reg_p_D_NOR2X1P4H7L_Y:Y (NOR2X1P4H7L)                                                |        | 0.001       | 0.000      | 0.025      |             | 0.018  | 0.416f          |
| myTime_3__reg_p_D (net)                                                                        | 1      |             |            |            | 0.000       |        |                 |
| myTime_3__reg_p:D (DFFQX1H7L)                                                                  |        | 0.001       | 0.000      | 0.025      |             | 0.000  | 0.416f          |
|                                                                                                |        |             |            |            |             |        |                 |
| clk (port)                                                                                     |        | 0.027       | 0.000      | 0.000      |             | 0.000  | 0.000r          |
| clk (clock net)                                                                                | 33     |             |            |            | NA          |        |                 |
| myTime_3__reg_p:CK (DFFQX1H7L)                                                                 |        | 0.001       | 0.000      | 0.000      |             | 0.000  | 0.000r          |
| clock core_clock (rise edge)                                                                   |        |             |            |            |             | 2      | 2               |
| clock network delay (ideal)                                                                    |        |             |            |            |             | 0.000  | 2.000           |
| myTime_3__reg_p:CK (DFFQX1H7L)                                                                 |        |             |            |            |             |        | 2.000r          |
| library setup time                                                                             |        |             |            |            |             | -0.044 | 1.956           |
| clock reconvergence pessimism                                                                  |        |             |            |            |             | 0.000  | 1.956           |
|                                                                                                |        |             |            |            |             |        |                 |
| path cell delay                                                                                |        |             |            |            |             |        | 0.416(100.000%) |
| path net delay                                                                                 |        |             |            |            |             |        | 0.000(0.000%)   |
|                                                                                                |        |             |            |            |             |        |                 |
| data require time                                                                              |        |             |            |            |             |        | 1.956           |
| data arrival time                                                                              |        |             |            |            |             |        | 0.416           |
| slack (MET)                                                                                    |        |             |            |            |             |        | 1.540           |
+------------------------------------------------------------------------------------------------+--------+-------------+------------+------------+-------------+--------+-----------------+
+------------------------------------------------------------------------------------------------+--------+-------------+------------+------------+-------------+--------+-----------------+
| Point                                                                                          | Fanout | Capacitance | Resistance | Transition | Delta Delay | Incr   | Path            |
+------------------------------------------------------------------------------------------------+--------+-------------+------------+------------+-------------+--------+-----------------+
| clk (port)                                                                                     |        | 0.034       | 0.000      | 0.000      |             | 0.000  | 0.000r          |
| clk (clock net)                                                                                | 33     |             |            |            | NA          |        |                 |
| myTime_16__reg_p:CK (DFFQX1H7L)                                                                |        | 0.001       | 0.000      | 0.000      |             | 0.000  | 0.000r          |
| clock core_clock (rise edge)                                                                   |        |             |            |            |             | 0      | 0               |
| clock network delay (ideal)                                                                    |        |             |            |            |             | 0.000  | 0.000           |
| myTime_16__reg_p:CK (DFFQX1H7L)                                                                |        | 0.001       | 0.000      | 0.000      |             | 0.000  | 0.000r          |
| myTime_16__reg_p:Q (DFFQX1H7L)                                                                 |        | 0.005       | 0.000      | 0.061      |             | 0.108  | 0.108r          |
| myTime_16_ (net)                                                                               | 5      |             |            |            | 0.000       |        |                 |
| myTime_19__NAND4X1P4H7L_D:A (NAND4X1P4H7L)                                                     |        | 0.001       | 0.000      | 0.061      |             | 0.000  | 0.108r          |
| myTime_19__NAND4X1P4H7L_D:Y (NAND4X1P4H7L)                                                     |        | 0.003       | 0.000      | 0.075      |             | 0.062  | 0.170f          |
| myTime_19__NAND4X1P4H7L_D_Y (net)                                                              | 3      |             |            |            | 0.000       |        |                 |
| myTime_19__NAND4X1P4H7L_D_Y_OR4X1P4H7L_C:C (OR4X1P4H7L)                                        |        | 0.001       | 0.000      | 0.075      |             | 0.000  | 0.170f          |
| myTime_19__NAND4X1P4H7L_D_Y_OR4X1P4H7L_C:Y (OR4X1P4H7L)                                        |        | 0.001       | 0.000      | 0.037      |             | 0.108  | 0.278f          |
| myTime_19__NAND4X1P4H7L_D_Y_OR4X1P4H7L_C_Y (net)                                               | 1      |             |            |            | 0.000       |        |                 |
| myTime_6__reg_p_D_NOR3X0P5H7L_Y_A_OAI21X0P5H7L_Y_A0_OAI221X1P4H7L_A0:B1 (OAI221X1P4H7L)        |        | 0.001       | 0.000      | 0.037      |             | 0.000  | 0.278f          |
| myTime_6__reg_p_D_NOR3X0P5H7L_Y_A_OAI21X0P5H7L_Y_A0_OAI221X1P4H7L_A0:Y (OAI221X1P4H7L)         |        | 0.001       | 0.000      | 0.065      |             | 0.047  | 0.325r          |
| myTime_6__reg_p_D_NOR3X0P5H7L_Y_A_OAI21X0P5H7L_Y_A0_OAI221X1P4H7L_A0_Y (net)                   | 1      |             |            |            | 0.000       |        |                 |
| myTime_6__reg_p_D_NOR3X0P5H7L_Y_A_OAI21X0P5H7L_Y_A0_OAI221X1P4H7L_A0_Y_BUFX5H7L_A:A (BUFX5H7L) |        | 0.001       | 0.000      | 0.065      |             | 0.000  | 0.325r          |
| myTime_6__reg_p_D_NOR3X0P5H7L_Y_A_OAI21X0P5H7L_Y_A0_OAI221X1P4H7L_A0_Y_BUFX5H7L_A:Y (BUFX5H7L) |        | 0.019       | 0.000      | 0.073      |             | 0.072  | 0.397r          |
| myTime_11__reg_p_D_NOR2X3H7L_Y_A (net)                                                         | 18     |             |            |            | 0.000       |        |                 |
| myTime_4__reg_p_D_NOR2X1P4H7L_Y:A (NOR2X1P4H7L)                                                |        | 0.001       | 0.000      | 0.073      |             | 0.000  | 0.397r          |
| myTime_4__reg_p_D_NOR2X1P4H7L_Y:Y (NOR2X1P4H7L)                                                |        | 0.001       | 0.000      | 0.025      |             | 0.018  | 0.416f          |
| myTime_4__reg_p_D (net)                                                                        | 1      |             |            |            | 0.000       |        |                 |
| myTime_4__reg_p:D (DFFQX1H7L)                                                                  |        | 0.001       | 0.000      | 0.025      |             | 0.000  | 0.416f          |
|                                                                                                |        |             |            |            |             |        |                 |
| clk (port)                                                                                     |        | 0.027       | 0.000      | 0.000      |             | 0.000  | 0.000r          |
| clk (clock net)                                                                                | 33     |             |            |            | NA          |        |                 |
| myTime_4__reg_p:CK (DFFQX1H7L)                                                                 |        | 0.001       | 0.000      | 0.000      |             | 0.000  | 0.000r          |
| clock core_clock (rise edge)                                                                   |        |             |            |            |             | 2      | 2               |
| clock network delay (ideal)                                                                    |        |             |            |            |             | 0.000  | 2.000           |
| myTime_4__reg_p:CK (DFFQX1H7L)                                                                 |        |             |            |            |             |        | 2.000r          |
| library setup time                                                                             |        |             |            |            |             | -0.044 | 1.956           |
| clock reconvergence pessimism                                                                  |        |             |            |            |             | 0.000  | 1.956           |
|                                                                                                |        |             |            |            |             |        |                 |
| path cell delay                                                                                |        |             |            |            |             |        | 0.416(100.000%) |
| path net delay                                                                                 |        |             |            |            |             |        | 0.000(0.000%)   |
|                                                                                                |        |             |            |            |             |        |                 |
| data require time                                                                              |        |             |            |            |             |        | 1.956           |
| data arrival time                                                                              |        |             |            |            |             |        | 0.416           |
| slack (MET)                                                                                    |        |             |            |            |             |        | 1.540           |
+------------------------------------------------------------------------------------------------+--------+-------------+------------+------------+-------------+--------+-----------------+
+------------------------------------------------------------------------------------------------+--------+-------------+------------+------------+-------------+--------+-----------------+
| Point                                                                                          | Fanout | Capacitance | Resistance | Transition | Delta Delay | Incr   | Path            |
+------------------------------------------------------------------------------------------------+--------+-------------+------------+------------+-------------+--------+-----------------+
| clk (port)                                                                                     |        | 0.034       | 0.000      | 0.000      |             | 0.000  | 0.000r          |
| clk (clock net)                                                                                | 33     |             |            |            | NA          |        |                 |
| myTime_16__reg_p:CK (DFFQX1H7L)                                                                |        | 0.001       | 0.000      | 0.000      |             | 0.000  | 0.000r          |
| clock core_clock (rise edge)                                                                   |        |             |            |            |             | 0      | 0               |
| clock network delay (ideal)                                                                    |        |             |            |            |             | 0.000  | 0.000           |
| myTime_16__reg_p:CK (DFFQX1H7L)                                                                |        | 0.001       | 0.000      | 0.000      |             | 0.000  | 0.000r          |
| myTime_16__reg_p:Q (DFFQX1H7L)                                                                 |        | 0.005       | 0.000      | 0.061      |             | 0.108  | 0.108r          |
| myTime_16_ (net)                                                                               | 5      |             |            |            | 0.000       |        |                 |
| myTime_19__NAND4X1P4H7L_D:A (NAND4X1P4H7L)                                                     |        | 0.001       | 0.000      | 0.061      |             | 0.000  | 0.108r          |
| myTime_19__NAND4X1P4H7L_D:Y (NAND4X1P4H7L)                                                     |        | 0.003       | 0.000      | 0.075      |             | 0.062  | 0.170f          |
| myTime_19__NAND4X1P4H7L_D_Y (net)                                                              | 3      |             |            |            | 0.000       |        |                 |
| myTime_19__NAND4X1P4H7L_D_Y_OR4X1P4H7L_C:C (OR4X1P4H7L)                                        |        | 0.001       | 0.000      | 0.075      |             | 0.000  | 0.170f          |
| myTime_19__NAND4X1P4H7L_D_Y_OR4X1P4H7L_C:Y (OR4X1P4H7L)                                        |        | 0.001       | 0.000      | 0.037      |             | 0.108  | 0.278f          |
| myTime_19__NAND4X1P4H7L_D_Y_OR4X1P4H7L_C_Y (net)                                               | 1      |             |            |            | 0.000       |        |                 |
| myTime_6__reg_p_D_NOR3X0P5H7L_Y_A_OAI21X0P5H7L_Y_A0_OAI221X1P4H7L_A0:B1 (OAI221X1P4H7L)        |        | 0.001       | 0.000      | 0.037      |             | 0.000  | 0.278f          |
| myTime_6__reg_p_D_NOR3X0P5H7L_Y_A_OAI21X0P5H7L_Y_A0_OAI221X1P4H7L_A0:Y (OAI221X1P4H7L)         |        | 0.001       | 0.000      | 0.065      |             | 0.047  | 0.325r          |
| myTime_6__reg_p_D_NOR3X0P5H7L_Y_A_OAI21X0P5H7L_Y_A0_OAI221X1P4H7L_A0_Y (net)                   | 1      |             |            |            | 0.000       |        |                 |
| myTime_6__reg_p_D_NOR3X0P5H7L_Y_A_OAI21X0P5H7L_Y_A0_OAI221X1P4H7L_A0_Y_BUFX5H7L_A:A (BUFX5H7L) |        | 0.001       | 0.000      | 0.065      |             | 0.000  | 0.325r          |
| myTime_6__reg_p_D_NOR3X0P5H7L_Y_A_OAI21X0P5H7L_Y_A0_OAI221X1P4H7L_A0_Y_BUFX5H7L_A:Y (BUFX5H7L) |        | 0.019       | 0.000      | 0.073      |             | 0.072  | 0.397r          |
| myTime_11__reg_p_D_NOR2X3H7L_Y_A (net)                                                         | 18     |             |            |            | 0.000       |        |                 |
| myTime_16__reg_p_D_NOR2X1P4H7L_Y:A (NOR2X1P4H7L)                                               |        | 0.001       | 0.000      | 0.073      |             | 0.000  | 0.397r          |
| myTime_16__reg_p_D_NOR2X1P4H7L_Y:Y (NOR2X1P4H7L)                                               |        | 0.001       | 0.000      | 0.025      |             | 0.018  | 0.416f          |
| myTime_16__reg_p_D (net)                                                                       | 1      |             |            |            | 0.000       |        |                 |
| myTime_16__reg_p:D (DFFQX1H7L)                                                                 |        | 0.001       | 0.000      | 0.025      |             | 0.000  | 0.416f          |
|                                                                                                |        |             |            |            |             |        |                 |
| clk (port)                                                                                     |        | 0.027       | 0.000      | 0.000      |             | 0.000  | 0.000r          |
| clk (clock net)                                                                                | 33     |             |            |            | NA          |        |                 |
| myTime_16__reg_p:CK (DFFQX1H7L)                                                                |        | 0.001       | 0.000      | 0.000      |             | 0.000  | 0.000r          |
| clock core_clock (rise edge)                                                                   |        |             |            |            |             | 2      | 2               |
| clock network delay (ideal)                                                                    |        |             |            |            |             | 0.000  | 2.000           |
| myTime_16__reg_p:CK (DFFQX1H7L)                                                                |        |             |            |            |             |        | 2.000r          |
| library setup time                                                                             |        |             |            |            |             | -0.044 | 1.956           |
| clock reconvergence pessimism                                                                  |        |             |            |            |             | 0.000  | 1.956           |
|                                                                                                |        |             |            |            |             |        |                 |
| path cell delay                                                                                |        |             |            |            |             |        | 0.416(100.000%) |
| path net delay                                                                                 |        |             |            |            |             |        | 0.000(0.000%)   |
|                                                                                                |        |             |            |            |             |        |                 |
| data require time                                                                              |        |             |            |            |             |        | 1.956           |
| data arrival time                                                                              |        |             |            |            |             |        | 0.416           |
| slack (MET)                                                                                    |        |             |            |            |             |        | 1.540           |
+------------------------------------------------------------------------------------------------+--------+-------------+------------+------------+-------------+--------+-----------------+
+-------------------------------------------------------+--------+-------------+------------+------------+-------------+--------+-----------------+
| Point                                                 | Fanout | Capacitance | Resistance | Transition | Delta Delay | Incr   | Path            |
+-------------------------------------------------------+--------+-------------+------------+------------+-------------+--------+-----------------+
| clk (port)                                            |        | 0.034       | 0.000      | 0.000      |             | 0.000  | 0.000r          |
| clk (clock net)                                       | 33     |             |            |            | NA          |        |                 |
| myTime_16__reg_p:CK (DFFQX1H7L)                       |        | 0.001       | 0.000      | 0.000      |             | 0.000  | 0.000r          |
| clock core_clock (rise edge)                          |        |             |            |            |             | 0      | 0               |
| clock network delay (ideal)                           |        |             |            |            |             | 0.000  | 0.000           |
| myTime_16__reg_p:CK (DFFQX1H7L)                       |        | 0.001       | 0.000      | 0.000      |             | 0.000  | 0.000r          |
| myTime_16__reg_p:Q (DFFQX1H7L)                        |        | 0.005       | 0.000      | 0.061      |             | 0.108  | 0.108r          |
| myTime_16_ (net)                                      | 5      |             |            |            | 0.000       |        |                 |
| myTime_19__NAND4X1P4H7L_D:A (NAND4X1P4H7L)            |        | 0.001       | 0.000      | 0.061      |             | 0.000  | 0.108r          |
| myTime_19__NAND4X1P4H7L_D:Y (NAND4X1P4H7L)            |        | 0.003       | 0.000      | 0.075      |             | 0.062  | 0.170f          |
| myTime_19__NAND4X1P4H7L_D_Y (net)                     | 3      |             |            |            | 0.000       |        |                 |
| myTime_19__NAND4X1P4H7L_D_Y_NOR4X1H7L_C:C (NOR4X1H7L) |        | 0.001       | 0.000      | 0.075      |             | 0.000  | 0.170f          |
| myTime_19__NAND4X1P4H7L_D_Y_NOR4X1H7L_C:Y (NOR4X1H7L) |        | 0.002       | 0.000      | 0.144      |             | 0.110  | 0.280r          |
| myTime_6__reg_p_D_NOR3X0P5H7L_Y_B (net)               | 3      |             |            |            | 0.000       |        |                 |
| is_NOR4X0P5H7L_Y_D_NAND2X0P5H7L_Y:B (NAND2X0P5H7L)    |        | 0.001       | 0.000      | 0.144      |             | 0.000  | 0.280r          |
| is_NOR4X0P5H7L_Y_D_NAND2X0P5H7L_Y:Y (NAND2X0P5H7L)    |        | 0.001       | 0.000      | 0.043      |             | 0.035  | 0.314f          |
| is_NOR4X0P5H7L_Y_D (net)                              | 1      |             |            |            | 0.000       |        |                 |
| is_NOR4X0P5H7L_Y:D (NOR4X0P5H7L)                      |        | 0.001       | 0.000      | 0.043      |             | 0.000  | 0.314f          |
| is_NOR4X0P5H7L_Y:Y (NOR4X0P5H7L)                      |        | 0.001       | 0.000      | 0.103      |             | 0.074  | 0.388r          |
| is (net)                                              | 1      |             |            |            | 0.000       |        |                 |
| is_ICGX0P5H7L_E:E (ICGX0P5H7L)                        |        | 0.001       | 0.000      | 0.103      |             | 0.000  | 0.388r          |
|                                                       |        |             |            |            |             |        |                 |
| clk (port)                                            |        | 0.027       | 0.000      | 0.000      |             | 0.000  | 0.000r          |
| clk (clock net)                                       | 33     |             |            |            | NA          |        |                 |
| is_ICGX0P5H7L_E:CK (ICGX0P5H7L)                       |        | 0.002       | 0.000      | 0.000      |             | 0.000  | 0.000r          |
| clock core_clock (rise edge)                          |        |             |            |            |             | 2      | 2               |
| clock network delay (ideal)                           |        |             |            |            |             | 0.000  | 2.000           |
| is_ICGX0P5H7L_E:CK (ICGX0P5H7L)                       |        |             |            |            |             |        | 2.000r          |
| library setup time                                    |        |             |            |            |             | -0.064 | 1.936           |
| clock reconvergence pessimism                         |        |             |            |            |             | 0.000  | 1.936           |
|                                                       |        |             |            |            |             |        |                 |
| path cell delay                                       |        |             |            |            |             |        | 0.388(100.000%) |
| path net delay                                        |        |             |            |            |             |        | 0.000(0.000%)   |
|                                                       |        |             |            |            |             |        |                 |
| data require time                                     |        |             |            |            |             |        | 1.936           |
| data arrival time                                     |        |             |            |            |             |        | 0.388           |
| slack (MET)                                           |        |             |            |            |             |        | 1.548           |
+-------------------------------------------------------+--------+-------------+------------+------------+-------------+--------+-----------------+
+-----------------------------------------------------------------------+--------+-------------+------------+------------+-------------+--------+-----------------+
| Point                                                                 | Fanout | Capacitance | Resistance | Transition | Delta Delay | Incr   | Path            |
+-----------------------------------------------------------------------+--------+-------------+------------+------------+-------------+--------+-----------------+
| clk (port)                                                            |        | 0.034       | 0.000      | 0.000      |             | 0.000  | 0.000r          |
| clk (clock net)                                                       | 33     |             |            |            | NA          |        |                 |
| myTime_13__reg_p:CK (DFFQX1H7L)                                       |        | 0.001       | 0.000      | 0.000      |             | 0.000  | 0.000r          |
| clock core_clock (rise edge)                                          |        |             |            |            |             | 0      | 0               |
| clock network delay (ideal)                                           |        |             |            |            |             | 0.000  | 0.000           |
| myTime_13__reg_p:CK (DFFQX1H7L)                                       |        | 0.001       | 0.000      | 0.000      |             | 0.000  | 0.000r          |
| myTime_13__reg_p:Q (DFFQX1H7L)                                        |        | 0.004       | 0.000      | 0.053      |             | 0.103  | 0.103r          |
| myTime_13_ (net)                                                      | 5      |             |            |            | 0.000       |        |                 |
| myTime_19__NAND4X1P4H7L_D_Y_NOR4X1H7L_C_B_OR2X0P5H7L_Y:A (OR2X0P5H7L) |        | 0.001       | 0.000      | 0.053      |             | 0.000  | 0.103r          |
| myTime_19__NAND4X1P4H7L_D_Y_NOR4X1H7L_C_B_OR2X0P5H7L_Y:Y (OR2X0P5H7L) |        | 0.002       | 0.000      | 0.046      |             | 0.053  | 0.156r          |
| myTime_19__NAND4X1P4H7L_D_Y_NOR4X1H7L_C_B (net)                       | 3      |             |            |            | 0.000       |        |                 |
| myTime_19__NAND4X1P4H7L_D_Y_NOR4X1H7L_C:B (NOR4X1H7L)                 |        | 0.001       | 0.000      | 0.046      |             | 0.000  | 0.156r          |
| myTime_19__NAND4X1P4H7L_D_Y_NOR4X1H7L_C:Y (NOR4X1H7L)                 |        | 0.002       | 0.000      | 0.031      |             | 0.029  | 0.185f          |
| myTime_6__reg_p_D_NOR3X0P5H7L_Y_B (net)                               | 3      |             |            |            | 0.000       |        |                 |
| is_NOR4X0P5H7L_Y_D_NAND2X0P5H7L_Y:B (NAND2X0P5H7L)                    |        | 0.001       | 0.000      | 0.031      |             | 0.000  | 0.185f          |
| is_NOR4X0P5H7L_Y_D_NAND2X0P5H7L_Y:Y (NAND2X0P5H7L)                    |        | 0.001       | 0.000      | 0.028      |             | 0.026  | 0.211r          |
| is_NOR4X0P5H7L_Y_D (net)                                              | 1      |             |            |            | 0.000       |        |                 |
| is_NOR4X0P5H7L_Y:D (NOR4X0P5H7L)                                      |        | 0.001       | 0.000      | 0.028      |             | 0.000  | 0.211r          |
| is_NOR4X0P5H7L_Y:Y (NOR4X0P5H7L)                                      |        | 0.001       | 0.000      | 0.034      |             | 0.019  | 0.230f          |
| is (net)                                                              | 1      |             |            |            | 0.000       |        |                 |
| is_ICGX0P5H7L_E:E (ICGX0P5H7L)                                        |        | 0.001       | 0.000      | 0.034      |             | 0.000  | 0.230f          |
|                                                                       |        |             |            |            |             |        |                 |
| clk (port)                                                            |        | 0.027       | 0.000      | 0.000      |             | 0.000  | 0.000r          |
| clk (clock net)                                                       | 33     |             |            |            | NA          |        |                 |
| is_ICGX0P5H7L_E:CK (ICGX0P5H7L)                                       |        | 0.002       | 0.000      | 0.000      |             | 0.000  | 0.000r          |
| clock core_clock (rise edge)                                          |        |             |            |            |             | 2      | 2               |
| clock network delay (ideal)                                           |        |             |            |            |             | 0.000  | 2.000           |
| is_ICGX0P5H7L_E:CK (ICGX0P5H7L)                                       |        |             |            |            |             |        | 2.000r          |
| library setup time                                                    |        |             |            |            |             | -0.035 | 1.965           |
| clock reconvergence pessimism                                         |        |             |            |            |             | 0.000  | 1.965           |
|                                                                       |        |             |            |            |             |        |                 |
| path cell delay                                                       |        |             |            |            |             |        | 0.230(100.000%) |
| path net delay                                                        |        |             |            |            |             |        | 0.000(0.000%)   |
|                                                                       |        |             |            |            |             |        |                 |
| data require time                                                     |        |             |            |            |             |        | 1.965           |
| data arrival time                                                     |        |             |            |            |             |        | 0.230           |
| slack (MET)                                                           |        |             |            |            |             |        | 1.735           |
+-----------------------------------------------------------------------+--------+-------------+------------+------------+-------------+--------+-----------------+
+-------------------------------------------------+--------+-------------+------------+------------+-------------+--------+-----------------+
| Point                                           | Fanout | Capacitance | Resistance | Transition | Delta Delay | Incr   | Path            |
+-------------------------------------------------+--------+-------------+------------+------------+-------------+--------+-----------------+
| clk (port)                                      |        | 0.027       | 0.000      | 0.000      |             | 0.000  | 0.000r          |
| clk (clock net)                                 | 33     |             |            |            | NA          |        |                 |
| is_ICGX0P5H7L_E:CK (ICGX0P5H7L)                 |        | 0.002       | 0.000      | 0.000      |             | 0.000  | 0.000r          |
| is_ICGX0P5H7L_E:ECK (ICGX0P5H7L)                |        | 0.008       | 0.000      | 0.000      |             | 0.000  | 0.000r          |
| out[0]_reg_p_CK (clock net)                     | 10     |             |            |            | NA          |        |                 |
| out[9]_reg_p:CK (DFFQX1H7L)                     |        | 0.001       | 0.000      | 0.000      |             | 0.000  | 0.000r          |
| clock core_clock (rise edge)                    |        |             |            |            |             | 0      | 0               |
| clock network delay (ideal)                     |        |             |            |            |             | 0.000  | 0.000           |
| out[9]_reg_p:CK (DFFQX1H7L)                     |        | 0.001       | 0.000      | 0.000      |             | 0.000  | 0.000r          |
| out[9]_reg_p:Q (DFFQX1H7L)                      |        | 0.001       | 0.000      | 0.021      |             | 0.058  | 0.058f          |
| out_9_ (net)                                    | 2      |             |            |            | 0.000       |        |                 |
| out[0]_reg_p_D_NOR2BX1P4H7L_Z:AN (NOR2BX1P4H7L) |        | 0.001       | 0.000      | 0.021      |             | 0.000  | 0.058f          |
| out[0]_reg_p_D_NOR2BX1P4H7L_Z:Z (NOR2BX1P4H7L)  |        | 0.001       | 0.000      | 0.014      |             | 0.033  | 0.092f          |
| out[0]_reg_p_D (net)                            | 1      |             |            |            | 0.000       |        |                 |
| out[0]_reg_p:D (DFFQX1H7L)                      |        | 0.001       | 0.000      | 0.014      |             | 0.000  | 0.092f          |
|                                                 |        |             |            |            |             |        |                 |
| clk (port)                                      |        | 0.034       | 0.000      | 0.000      |             | 0.000  | 0.000r          |
| clk (clock net)                                 | 33     |             |            |            | NA          |        |                 |
| is_ICGX0P5H7L_E:CK (ICGX0P5H7L)                 |        | 0.002       | 0.000      | 0.000      |             | 0.000  | 0.000r          |
| is_ICGX0P5H7L_E:ECK (ICGX0P5H7L)                |        | 0.010       | 0.000      | 0.000      |             | 0.000  | 0.000r          |
| out[0]_reg_p_CK (clock net)                     | 10     |             |            |            | NA          |        |                 |
| out[0]_reg_p:CK (DFFQX1H7L)                     |        | 0.001       | 0.000      | 0.000      |             | 0.000  | 0.000r          |
| clock core_clock (rise edge)                    |        |             |            |            |             | 0      | 0               |
| clock network delay (ideal)                     |        |             |            |            |             | 0.000  | 0.000           |
| out[0]_reg_p:CK (DFFQX1H7L)                     |        |             |            |            |             |        | 0.000r          |
| library hold time                               |        |             |            |            |             | -0.009 | -0.009          |
| clock reconvergence pessimism                   |        |             |            |            |             | -0.000 | -0.009          |
|                                                 |        |             |            |            |             |        |                 |
| path cell delay                                 |        |             |            |            |             |        | 0.092(100.000%) |
| path net delay                                  |        |             |            |            |             |        | 0.000(0.000%)   |
|                                                 |        |             |            |            |             |        |                 |
| data require time                               |        |             |            |            |             |        | -0.009          |
| data arrival time                               |        |             |            |            |             |        | 0.092           |
| slack (MET)                                     |        |             |            |            |             |        | 0.100           |
+-------------------------------------------------+--------+-------------+------------+------------+-------------+--------+-----------------+
+-------------------------------------------------+--------+-------------+------------+------------+-------------+--------+-----------------+
| Point                                           | Fanout | Capacitance | Resistance | Transition | Delta Delay | Incr   | Path            |
+-------------------------------------------------+--------+-------------+------------+------------+-------------+--------+-----------------+
| clk (port)                                      |        | 0.027       | 0.000      | 0.000      |             | 0.000  | 0.000r          |
| clk (clock net)                                 | 33     |             |            |            | NA          |        |                 |
| is_ICGX0P5H7L_E:CK (ICGX0P5H7L)                 |        | 0.002       | 0.000      | 0.000      |             | 0.000  | 0.000r          |
| is_ICGX0P5H7L_E:ECK (ICGX0P5H7L)                |        | 0.008       | 0.000      | 0.000      |             | 0.000  | 0.000r          |
| out[0]_reg_p_CK (clock net)                     | 10     |             |            |            | NA          |        |                 |
| out[3]_reg_p:CK (DFFQX1H7L)                     |        | 0.001       | 0.000      | 0.000      |             | 0.000  | 0.000r          |
| clock core_clock (rise edge)                    |        |             |            |            |             | 0      | 0               |
| clock network delay (ideal)                     |        |             |            |            |             | 0.000  | 0.000           |
| out[3]_reg_p:CK (DFFQX1H7L)                     |        | 0.001       | 0.000      | 0.000      |             | 0.000  | 0.000r          |
| out[3]_reg_p:Q (DFFQX1H7L)                      |        | 0.001       | 0.000      | 0.021      |             | 0.058  | 0.058f          |
| out_3_ (net)                                    | 2      |             |            |            | 0.000       |        |                 |
| out[4]_reg_p_D_NOR2BX1P4H7L_Z:AN (NOR2BX1P4H7L) |        | 0.001       | 0.000      | 0.021      |             | 0.000  | 0.058f          |
| out[4]_reg_p_D_NOR2BX1P4H7L_Z:Z (NOR2BX1P4H7L)  |        | 0.001       | 0.000      | 0.014      |             | 0.033  | 0.092f          |
| out[4]_reg_p_D (net)                            | 1      |             |            |            | 0.000       |        |                 |
| out[4]_reg_p:D (DFFQX1H7L)                      |        | 0.001       | 0.000      | 0.014      |             | 0.000  | 0.092f          |
|                                                 |        |             |            |            |             |        |                 |
| clk (port)                                      |        | 0.034       | 0.000      | 0.000      |             | 0.000  | 0.000r          |
| clk (clock net)                                 | 33     |             |            |            | NA          |        |                 |
| is_ICGX0P5H7L_E:CK (ICGX0P5H7L)                 |        | 0.002       | 0.000      | 0.000      |             | 0.000  | 0.000r          |
| is_ICGX0P5H7L_E:ECK (ICGX0P5H7L)                |        | 0.010       | 0.000      | 0.000      |             | 0.000  | 0.000r          |
| out[0]_reg_p_CK (clock net)                     | 10     |             |            |            | NA          |        |                 |
| out[4]_reg_p:CK (DFFQX1H7L)                     |        | 0.001       | 0.000      | 0.000      |             | 0.000  | 0.000r          |
| clock core_clock (rise edge)                    |        |             |            |            |             | 0      | 0               |
| clock network delay (ideal)                     |        |             |            |            |             | 0.000  | 0.000           |
| out[4]_reg_p:CK (DFFQX1H7L)                     |        |             |            |            |             |        | 0.000r          |
| library hold time                               |        |             |            |            |             | -0.009 | -0.009          |
| clock reconvergence pessimism                   |        |             |            |            |             | -0.000 | -0.009          |
|                                                 |        |             |            |            |             |        |                 |
| path cell delay                                 |        |             |            |            |             |        | 0.092(100.000%) |
| path net delay                                  |        |             |            |            |             |        | 0.000(0.000%)   |
|                                                 |        |             |            |            |             |        |                 |
| data require time                               |        |             |            |            |             |        | -0.009          |
| data arrival time                               |        |             |            |            |             |        | 0.092           |
| slack (MET)                                     |        |             |            |            |             |        | 0.100           |
+-------------------------------------------------+--------+-------------+------------+------------+-------------+--------+-----------------+
+-------------------------------------------------+--------+-------------+------------+------------+-------------+--------+-----------------+
| Point                                           | Fanout | Capacitance | Resistance | Transition | Delta Delay | Incr   | Path            |
+-------------------------------------------------+--------+-------------+------------+------------+-------------+--------+-----------------+
| clk (port)                                      |        | 0.027       | 0.000      | 0.000      |             | 0.000  | 0.000r          |
| clk (clock net)                                 | 33     |             |            |            | NA          |        |                 |
| is_ICGX0P5H7L_E:CK (ICGX0P5H7L)                 |        | 0.002       | 0.000      | 0.000      |             | 0.000  | 0.000r          |
| is_ICGX0P5H7L_E:ECK (ICGX0P5H7L)                |        | 0.008       | 0.000      | 0.000      |             | 0.000  | 0.000r          |
| out[0]_reg_p_CK (clock net)                     | 10     |             |            |            | NA          |        |                 |
| out[2]_reg_p:CK (DFFQX1H7L)                     |        | 0.001       | 0.000      | 0.000      |             | 0.000  | 0.000r          |
| clock core_clock (rise edge)                    |        |             |            |            |             | 0      | 0               |
| clock network delay (ideal)                     |        |             |            |            |             | 0.000  | 0.000           |
| out[2]_reg_p:CK (DFFQX1H7L)                     |        | 0.001       | 0.000      | 0.000      |             | 0.000  | 0.000r          |
| out[2]_reg_p:Q (DFFQX1H7L)                      |        | 0.001       | 0.000      | 0.021      |             | 0.058  | 0.058f          |
| out_2_ (net)                                    | 2      |             |            |            | 0.000       |        |                 |
| out[3]_reg_p_D_NOR2BX1P4H7L_Z:AN (NOR2BX1P4H7L) |        | 0.001       | 0.000      | 0.021      |             | 0.000  | 0.058f          |
| out[3]_reg_p_D_NOR2BX1P4H7L_Z:Z (NOR2BX1P4H7L)  |        | 0.001       | 0.000      | 0.014      |             | 0.033  | 0.092f          |
| out[3]_reg_p_D (net)                            | 1      |             |            |            | 0.000       |        |                 |
| out[3]_reg_p:D (DFFQX1H7L)                      |        | 0.001       | 0.000      | 0.014      |             | 0.000  | 0.092f          |
|                                                 |        |             |            |            |             |        |                 |
| clk (port)                                      |        | 0.034       | 0.000      | 0.000      |             | 0.000  | 0.000r          |
| clk (clock net)                                 | 33     |             |            |            | NA          |        |                 |
| is_ICGX0P5H7L_E:CK (ICGX0P5H7L)                 |        | 0.002       | 0.000      | 0.000      |             | 0.000  | 0.000r          |
| is_ICGX0P5H7L_E:ECK (ICGX0P5H7L)                |        | 0.010       | 0.000      | 0.000      |             | 0.000  | 0.000r          |
| out[0]_reg_p_CK (clock net)                     | 10     |             |            |            | NA          |        |                 |
| out[3]_reg_p:CK (DFFQX1H7L)                     |        | 0.001       | 0.000      | 0.000      |             | 0.000  | 0.000r          |
| clock core_clock (rise edge)                    |        |             |            |            |             | 0      | 0               |
| clock network delay (ideal)                     |        |             |            |            |             | 0.000  | 0.000           |
| out[3]_reg_p:CK (DFFQX1H7L)                     |        |             |            |            |             |        | 0.000r          |
| library hold time                               |        |             |            |            |             | -0.009 | -0.009          |
| clock reconvergence pessimism                   |        |             |            |            |             | -0.000 | -0.009          |
|                                                 |        |             |            |            |             |        |                 |
| path cell delay                                 |        |             |            |            |             |        | 0.092(100.000%) |
| path net delay                                  |        |             |            |            |             |        | 0.000(0.000%)   |
|                                                 |        |             |            |            |             |        |                 |
| data require time                               |        |             |            |            |             |        | -0.009          |
| data arrival time                               |        |             |            |            |             |        | 0.092           |
| slack (MET)                                     |        |             |            |            |             |        | 0.100           |
+-------------------------------------------------+--------+-------------+------------+------------+-------------+--------+-----------------+
+-------------------------------------------------+--------+-------------+------------+------------+-------------+--------+-----------------+
| Point                                           | Fanout | Capacitance | Resistance | Transition | Delta Delay | Incr   | Path            |
+-------------------------------------------------+--------+-------------+------------+------------+-------------+--------+-----------------+
| clk (port)                                      |        | 0.027       | 0.000      | 0.000      |             | 0.000  | 0.000r          |
| clk (clock net)                                 | 33     |             |            |            | NA          |        |                 |
| is_ICGX0P5H7L_E:CK (ICGX0P5H7L)                 |        | 0.002       | 0.000      | 0.000      |             | 0.000  | 0.000r          |
| is_ICGX0P5H7L_E:ECK (ICGX0P5H7L)                |        | 0.008       | 0.000      | 0.000      |             | 0.000  | 0.000r          |
| out[0]_reg_p_CK (clock net)                     | 10     |             |            |            | NA          |        |                 |
| out[0]_reg_p:CK (DFFQX1H7L)                     |        | 0.001       | 0.000      | 0.000      |             | 0.000  | 0.000r          |
| clock core_clock (rise edge)                    |        |             |            |            |             | 0      | 0               |
| clock network delay (ideal)                     |        |             |            |            |             | 0.000  | 0.000           |
| out[0]_reg_p:CK (DFFQX1H7L)                     |        | 0.001       | 0.000      | 0.000      |             | 0.000  | 0.000r          |
| out[0]_reg_p:Q (DFFQX1H7L)                      |        | 0.001       | 0.000      | 0.021      |             | 0.058  | 0.058f          |
| out_0_ (net)                                    | 2      |             |            |            | 0.000       |        |                 |
| out[1]_reg_p_D_NOR2BX1P4H7L_Z:AN (NOR2BX1P4H7L) |        | 0.001       | 0.000      | 0.021      |             | 0.000  | 0.058f          |
| out[1]_reg_p_D_NOR2BX1P4H7L_Z:Z (NOR2BX1P4H7L)  |        | 0.001       | 0.000      | 0.014      |             | 0.033  | 0.092f          |
| out[1]_reg_p_D (net)                            | 1      |             |            |            | 0.000       |        |                 |
| out[1]_reg_p:D (DFFQX1H7L)                      |        | 0.001       | 0.000      | 0.014      |             | 0.000  | 0.092f          |
|                                                 |        |             |            |            |             |        |                 |
| clk (port)                                      |        | 0.034       | 0.000      | 0.000      |             | 0.000  | 0.000r          |
| clk (clock net)                                 | 33     |             |            |            | NA          |        |                 |
| is_ICGX0P5H7L_E:CK (ICGX0P5H7L)                 |        | 0.002       | 0.000      | 0.000      |             | 0.000  | 0.000r          |
| is_ICGX0P5H7L_E:ECK (ICGX0P5H7L)                |        | 0.010       | 0.000      | 0.000      |             | 0.000  | 0.000r          |
| out[0]_reg_p_CK (clock net)                     | 10     |             |            |            | NA          |        |                 |
| out[1]_reg_p:CK (DFFQX1H7L)                     |        | 0.001       | 0.000      | 0.000      |             | 0.000  | 0.000r          |
| clock core_clock (rise edge)                    |        |             |            |            |             | 0      | 0               |
| clock network delay (ideal)                     |        |             |            |            |             | 0.000  | 0.000           |
| out[1]_reg_p:CK (DFFQX1H7L)                     |        |             |            |            |             |        | 0.000r          |
| library hold time                               |        |             |            |            |             | -0.009 | -0.009          |
| clock reconvergence pessimism                   |        |             |            |            |             | -0.000 | -0.009          |
|                                                 |        |             |            |            |             |        |                 |
| path cell delay                                 |        |             |            |            |             |        | 0.092(100.000%) |
| path net delay                                  |        |             |            |            |             |        | 0.000(0.000%)   |
|                                                 |        |             |            |            |             |        |                 |
| data require time                               |        |             |            |            |             |        | -0.009          |
| data arrival time                               |        |             |            |            |             |        | 0.092           |
| slack (MET)                                     |        |             |            |            |             |        | 0.100           |
+-------------------------------------------------+--------+-------------+------------+------------+-------------+--------+-----------------+
+-------------------------------------------------+--------+-------------+------------+------------+-------------+--------+-----------------+
| Point                                           | Fanout | Capacitance | Resistance | Transition | Delta Delay | Incr   | Path            |
+-------------------------------------------------+--------+-------------+------------+------------+-------------+--------+-----------------+
| clk (port)                                      |        | 0.027       | 0.000      | 0.000      |             | 0.000  | 0.000r          |
| clk (clock net)                                 | 33     |             |            |            | NA          |        |                 |
| is_ICGX0P5H7L_E:CK (ICGX0P5H7L)                 |        | 0.002       | 0.000      | 0.000      |             | 0.000  | 0.000r          |
| is_ICGX0P5H7L_E:ECK (ICGX0P5H7L)                |        | 0.008       | 0.000      | 0.000      |             | 0.000  | 0.000r          |
| out[0]_reg_p_CK (clock net)                     | 10     |             |            |            | NA          |        |                 |
| out[1]_reg_p:CK (DFFQX1H7L)                     |        | 0.001       | 0.000      | 0.000      |             | 0.000  | 0.000r          |
| clock core_clock (rise edge)                    |        |             |            |            |             | 0      | 0               |
| clock network delay (ideal)                     |        |             |            |            |             | 0.000  | 0.000           |
| out[1]_reg_p:CK (DFFQX1H7L)                     |        | 0.001       | 0.000      | 0.000      |             | 0.000  | 0.000r          |
| out[1]_reg_p:Q (DFFQX1H7L)                      |        | 0.001       | 0.000      | 0.021      |             | 0.058  | 0.058f          |
| out_1_ (net)                                    | 2      |             |            |            | 0.000       |        |                 |
| out[2]_reg_p_D_NOR2BX1P4H7L_Z:AN (NOR2BX1P4H7L) |        | 0.001       | 0.000      | 0.021      |             | 0.000  | 0.058f          |
| out[2]_reg_p_D_NOR2BX1P4H7L_Z:Z (NOR2BX1P4H7L)  |        | 0.001       | 0.000      | 0.014      |             | 0.033  | 0.092f          |
| out[2]_reg_p_D (net)                            | 1      |             |            |            | 0.000       |        |                 |
| out[2]_reg_p:D (DFFQX1H7L)                      |        | 0.001       | 0.000      | 0.014      |             | 0.000  | 0.092f          |
|                                                 |        |             |            |            |             |        |                 |
| clk (port)                                      |        | 0.034       | 0.000      | 0.000      |             | 0.000  | 0.000r          |
| clk (clock net)                                 | 33     |             |            |            | NA          |        |                 |
| is_ICGX0P5H7L_E:CK (ICGX0P5H7L)                 |        | 0.002       | 0.000      | 0.000      |             | 0.000  | 0.000r          |
| is_ICGX0P5H7L_E:ECK (ICGX0P5H7L)                |        | 0.010       | 0.000      | 0.000      |             | 0.000  | 0.000r          |
| out[0]_reg_p_CK (clock net)                     | 10     |             |            |            | NA          |        |                 |
| out[2]_reg_p:CK (DFFQX1H7L)                     |        | 0.001       | 0.000      | 0.000      |             | 0.000  | 0.000r          |
| clock core_clock (rise edge)                    |        |             |            |            |             | 0      | 0               |
| clock network delay (ideal)                     |        |             |            |            |             | 0.000  | 0.000           |
| out[2]_reg_p:CK (DFFQX1H7L)                     |        |             |            |            |             |        | 0.000r          |
| library hold time                               |        |             |            |            |             | -0.009 | -0.009          |
| clock reconvergence pessimism                   |        |             |            |            |             | -0.000 | -0.009          |
|                                                 |        |             |            |            |             |        |                 |
| path cell delay                                 |        |             |            |            |             |        | 0.092(100.000%) |
| path net delay                                  |        |             |            |            |             |        | 0.000(0.000%)   |
|                                                 |        |             |            |            |             |        |                 |
| data require time                               |        |             |            |            |             |        | -0.009          |
| data arrival time                               |        |             |            |            |             |        | 0.092           |
| slack (MET)                                     |        |             |            |            |             |        | 0.100           |
+-------------------------------------------------+--------+-------------+------------+------------+-------------+--------+-----------------+
+----------------------------------+--------+-------------+------------+------------+-------------+--------+-----------------+
| Point                            | Fanout | Capacitance | Resistance | Transition | Delta Delay | Incr   | Path            |
+----------------------------------+--------+-------------+------------+------------+-------------+--------+-----------------+
| clk (port)                       |        | 0.027       | 0.000      | 0.000      |             | 0.000  | 0.000r          |
| clk (clock net)                  | 33     |             |            |            | NA          |        |                 |
| myTime_7__reg_p:CK (DFFQX1H7L)   |        | 0.001       | 0.000      | 0.000      |             | 0.000  | 0.000r          |
| clock core_clock (rise edge)     |        |             |            |            |             | 0      | 0               |
| clock network delay (ideal)      |        |             |            |            |             | 0.000  | 0.000           |
| myTime_7__reg_p:CK (DFFQX1H7L)   |        | 0.001       | 0.000      | 0.000      |             | 0.000  | 0.000r          |
| myTime_7__reg_p:Q (DFFQX1H7L)    |        | 0.004       | 0.000      | 0.048      |             | 0.100  | 0.100r          |
| myTime_7_ (net)                  | 4      |             |            |            | 0.000       |        |                 |
| is_NOR4X0P5H7L_Y:B (NOR4X0P5H7L) |        | 0.001       | 0.000      | 0.048      |             | 0.000  | 0.100r          |
| is_NOR4X0P5H7L_Y:Y (NOR4X0P5H7L) |        | 0.001       | 0.000      | 0.017      |             | 0.024  | 0.124f          |
| is (net)                         | 1      |             |            |            | 0.000       |        |                 |
| is_ICGX0P5H7L_E:E (ICGX0P5H7L)   |        | 0.001       | 0.000      | 0.017      |             | 0.000  | 0.124f          |
|                                  |        |             |            |            |             |        |                 |
| clk (port)                       |        | 0.034       | 0.000      | 0.000      |             | 0.000  | 0.000r          |
| clk (clock net)                  | 33     |             |            |            | NA          |        |                 |
| is_ICGX0P5H7L_E:CK (ICGX0P5H7L)  |        | 0.002       | 0.000      | 0.000      |             | 0.000  | 0.000r          |
| clock core_clock (rise edge)     |        |             |            |            |             | 0      | 0               |
| clock network delay (ideal)      |        |             |            |            |             | 0.000  | 0.000           |
| is_ICGX0P5H7L_E:CK (ICGX0P5H7L)  |        |             |            |            |             |        | 0.000r          |
| library hold time                |        |             |            |            |             | -0.002 | -0.002          |
| clock reconvergence pessimism    |        |             |            |            |             | -0.000 | -0.002          |
|                                  |        |             |            |            |             |        |                 |
| path cell delay                  |        |             |            |            |             |        | 0.124(100.000%) |
| path net delay                   |        |             |            |            |             |        | 0.000(0.000%)   |
|                                  |        |             |            |            |             |        |                 |
| data require time                |        |             |            |            |             |        | -0.002          |
| data arrival time                |        |             |            |            |             |        | 0.124           |
| slack (MET)                      |        |             |            |            |             |        | 0.126           |
+----------------------------------+--------+-------------+------------+------------+-------------+--------+-----------------+
+----------------------------------+--------+-------------+------------+------------+-------------+--------+-----------------+
| Point                            | Fanout | Capacitance | Resistance | Transition | Delta Delay | Incr   | Path            |
+----------------------------------+--------+-------------+------------+------------+-------------+--------+-----------------+
| clk (port)                       |        | 0.027       | 0.000      | 0.000      |             | 0.000  | 0.000r          |
| clk (clock net)                  | 33     |             |            |            | NA          |        |                 |
| myTime_7__reg_p:CK (DFFQX1H7L)   |        | 0.001       | 0.000      | 0.000      |             | 0.000  | 0.000r          |
| clock core_clock (rise edge)     |        |             |            |            |             | 0      | 0               |
| clock network delay (ideal)      |        |             |            |            |             | 0.000  | 0.000           |
| myTime_7__reg_p:CK (DFFQX1H7L)   |        | 0.001       | 0.000      | 0.000      |             | 0.000  | 0.000r          |
| myTime_7__reg_p:Q (DFFQX1H7L)    |        | 0.004       | 0.000      | 0.041      |             | 0.078  | 0.078f          |
| myTime_7_ (net)                  | 4      |             |            |            | 0.000       |        |                 |
| is_NOR4X0P5H7L_Y:B (NOR4X0P5H7L) |        | 0.001       | 0.000      | 0.041      |             | 0.000  | 0.078f          |
| is_NOR4X0P5H7L_Y:Y (NOR4X0P5H7L) |        | 0.001       | 0.000      | 0.099      |             | 0.080  | 0.158r          |
| is (net)                         | 1      |             |            |            | 0.000       |        |                 |
| is_ICGX0P5H7L_E:E (ICGX0P5H7L)   |        | 0.001       | 0.000      | 0.099      |             | 0.000  | 0.158r          |
|                                  |        |             |            |            |             |        |                 |
| clk (port)                       |        | 0.034       | 0.000      | 0.000      |             | 0.000  | 0.000r          |
| clk (clock net)                  | 33     |             |            |            | NA          |        |                 |
| is_ICGX0P5H7L_E:CK (ICGX0P5H7L)  |        | 0.002       | 0.000      | 0.000      |             | 0.000  | 0.000r          |
| clock core_clock (rise edge)     |        |             |            |            |             | 0      | 0               |
| clock network delay (ideal)      |        |             |            |            |             | 0.000  | 0.000           |
| is_ICGX0P5H7L_E:CK (ICGX0P5H7L)  |        |             |            |            |             |        | 0.000r          |
| library hold time                |        |             |            |            |             | -0.025 | -0.025          |
| clock reconvergence pessimism    |        |             |            |            |             | -0.000 | -0.025          |
|                                  |        |             |            |            |             |        |                 |
| path cell delay                  |        |             |            |            |             |        | 0.158(100.000%) |
| path net delay                   |        |             |            |            |             |        | 0.000(0.000%)   |
|                                  |        |             |            |            |             |        |                 |
| data require time                |        |             |            |            |             |        | -0.025          |
| data arrival time                |        |             |            |            |             |        | 0.158           |
| slack (MET)                      |        |             |            |            |             |        | 0.183           |
+----------------------------------+--------+-------------+------------+------------+-------------+--------+-----------------+
