Generate the report at 2026-01-21T12:06:17, GitVersion: aa25008b3778a76ae1975c839d4cc459f7f7b3b7.
+--------------------------------------------------------------+--------------------------+------------+------------+---------------+-------+-------+-----------+
| Endpoint                                                     | Clock Group              | Delay Type | Path Delay | Path Required | CPPR  | Slack | Freq(MHz) |
+--------------------------------------------------------------+--------------------------+------------+------------+---------------+-------+-------+-----------+
| gpr[2]_4__reg_p:D                                            | core_clock               | max        | 0.559f     | 1.940         | 0.000 | 1.381 | 1615.723  |
| gpr[2]_7__reg_p:D                                            | core_clock               | max        | 0.557r     | 1.949         | 0.000 | 1.393 | 1647.208  |
| gpr[2]_7__reg_p:D                                            | core_clock               | max        | 0.538f     | 1.936         | 0.000 | 1.398 | 1660.787  |
| gpr[2]_3__reg_p:D                                            | core_clock               | max        | 0.525f     | 1.937         | 0.000 | 1.412 | 1700.044  |
| gpr[2]_4__reg_p:D                                            | core_clock               | max        | 0.540r     | 1.952         | 0.000 | 1.412 | 1700.365  |
| pc_2__reg_p_D_XNOR2X0P5H7L_Y_B_NOR2BX1H7L_B_Z_ICGX0P5H7L_E:E | **clock_gating_default** | max        | 0.252r     | 1.946         | 0.000 | 1.694 | NA        |
| pc_2__reg_p_D_XNOR2X0P5H7L_Y_B_NOR2BX1H7L_B_Z_ICGX0P5H7L_E:E | **clock_gating_default** | max        | 0.231f     | 1.968         | 0.000 | 1.737 | NA        |
| gpr[3]_7__reg_p:D                                            | core_clock               | min        | 0.105r     | -0.007        | 0.000 | 0.112 | NA        |
| gpr[3]_6__reg_p:D                                            | core_clock               | min        | 0.105r     | -0.007        | 0.000 | 0.112 | NA        |
| gpr[3]_5__reg_p:D                                            | core_clock               | min        | 0.105r     | -0.007        | 0.000 | 0.112 | NA        |
| gpr[3]_1__reg_p:D                                            | core_clock               | min        | 0.105r     | -0.007        | 0.000 | 0.112 | NA        |
| gpr[3]_4__reg_p:D                                            | core_clock               | min        | 0.105r     | -0.007        | 0.000 | 0.112 | NA        |
| pc_2__reg_p_D_XNOR2X0P5H7L_Y_B_NOR2BX1H7L_B_Z_ICGX0P5H7L_E:E | **clock_gating_default** | min        | 0.150f     | -0.000        | 0.000 | 0.150 | NA        |
| pc_2__reg_p_D_XNOR2X0P5H7L_Y_B_NOR2BX1H7L_B_Z_ICGX0P5H7L_E:E | **clock_gating_default** | min        | 0.177r     | -0.014        | 0.000 | 0.191 | NA        |
+--------------------------------------------------------------+--------------------------+------------+------------+---------------+-------+-------+-----------+
+------------+------------+-------+
| Clock      | Delay Type | TNS   |
+------------+------------+-------+
| core_clock | max        | 0.000 |
| core_clock | min        | 0.000 |
+------------+------------+-------+
+------------------------------------------------------------------------------------+--------+-------------+------------+------------+-------------+--------+-----------------+
| Point                                                                              | Fanout | Capacitance | Resistance | Transition | Delta Delay | Incr   | Path            |
+------------------------------------------------------------------------------------+--------+-------------+------------+------------+-------------+--------+-----------------+
| clk (port)                                                                         |        | 0.044       | 0.000      | 0.000      |             | 0.000  | 0.000r          |
| clk (clock net)                                                                    | 37     |             |            |            | NA          |        |                 |
| pc_0__reg_p:CK (DFFRQX2H7L)                                                        |        | 0.001       | 0.000      | 0.000      |             | 0.000  | 0.000r          |
| clock core_clock (rise edge)                                                       |        |             |            |            |             | 0      | 0               |
| clock network delay (ideal)                                                        |        |             |            |            |             | 0.000  | 0.000           |
| pc_0__reg_p:CK (DFFRQX2H7L)                                                        |        | 0.001       | 0.000      | 0.000      |             | 0.000  | 0.000r          |
| pc_0__reg_p:Q (DFFRQX2H7L)                                                         |        | 0.002       | 0.000      | 0.036      |             | 0.083  | 0.083r          |
| pc_0_ (net)                                                                        | 1      |             |            |            | 0.000       |        |                 |
| pc_0__BUFX7H7L_A:A (BUFX7H7L)                                                      |        | 0.002       | 0.000      | 0.036      |             | 0.000  | 0.083r          |
| pc_0__BUFX7H7L_A:Y (BUFX7H7L)                                                      |        | 0.024       | 0.000      | 0.067      |             | 0.062  | 0.145r          |
| pc_0__BUFX7H7L_A_Y (net)                                                           | 17     |             |            |            | 0.000       |        |                 |
| pc_3__NOR4BX4H7L_B:C (NOR4BX4H7L)                                                  |        | 0.002       | 0.000      | 0.067      |             | 0.000  | 0.145r          |
| pc_3__NOR4BX4H7L_B:Y (NOR4BX4H7L)                                                  |        | 0.003       | 0.000      | 0.036      |             | 0.025  | 0.169f          |
| pc_3__NOR4BX4H7L_B_Y (net)                                                         | 1      |             |            |            | 0.000       |        |                 |
| pc_3__NOR4BX4H7L_B_Y_BUFX16H7L_A:A (BUFX16H7L)                                     |        | 0.003       | 0.000      | 0.036      |             | 0.000  | 0.169f          |
| pc_3__NOR4BX4H7L_B_Y_BUFX16H7L_A:Y (BUFX16H7L)                                     |        | 0.033       | 0.000      | 0.030      |             | 0.051  | 0.220f          |
| gpr[1]_2__MUX2X8H7L_B_S0 (net)                                                     | 10     |             |            |            | 0.000       |        |                 |
| gpr[1]_2__MUX2X8H7L_B:S0 (MUX2X8H7L)                                               |        | 0.004       | 0.000      | 0.030      |             | 0.000  | 0.220f          |
| gpr[1]_2__MUX2X8H7L_B:Y (MUX2X8H7L)                                                |        | 0.006       | 0.000      | 0.030      |             | 0.056  | 0.277f          |
| gpr[1]_2__MUX2X8H7L_B_Y (net)                                                      | 6      |             |            |            | 0.000       |        |                 |
| gpr[1]_4__MUX2X8H7L_B_Y_XOR2X3H7L_B_Y_OAI211X2H7L_C0_A0_OA31X1H7L_Y:A1 (OA31X1H7L) |        | 0.001       | 0.000      | 0.030      |             | 0.000  | 0.277f          |
| gpr[1]_4__MUX2X8H7L_B_Y_XOR2X3H7L_B_Y_OAI211X2H7L_C0_A0_OA31X1H7L_Y:Y (OA31X1H7L)  |        | 0.002       | 0.000      | 0.040      |             | 0.098  | 0.375f          |
| gpr[1]_4__MUX2X8H7L_B_Y_XOR2X3H7L_B_Y_OAI211X2H7L_C0_A0 (net)                      | 2      |             |            |            | 0.000       |        |                 |
| gpr[1]_4__MUX2X8H7L_B_Y_XOR2X3H7L_B_Y_OAI211X2H7L_C0_A0_OR2X6H7L_A:A (OR2X6H7L)    |        | 0.001       | 0.000      | 0.040      |             | 0.000  | 0.375f          |
| gpr[1]_4__MUX2X8H7L_B_Y_XOR2X3H7L_B_Y_OAI211X2H7L_C0_A0_OR2X6H7L_A:Y (OR2X6H7L)    |        | 0.005       | 0.000      | 0.029      |             | 0.067  | 0.442f          |
| gpr[0]_4__reg_p_D_AO22X0P7H7L_Y_A0 (net)                                           | 6      |             |            |            | 0.000       |        |                 |
| gpr[2]_4__AO211X1P4H7L_A0_B0_AND4X1P4H7L_Y:C (AND4X1P4H7L)                         |        | 0.001       | 0.000      | 0.029      |             | 0.000  | 0.442f          |
| gpr[2]_4__AO211X1P4H7L_A0_B0_AND4X1P4H7L_Y:Y (AND4X1P4H7L)                         |        | 0.001       | 0.000      | 0.018      |             | 0.046  | 0.488f          |
| gpr[2]_4__AO211X1P4H7L_A0_B0 (net)                                                 | 1      |             |            |            | 0.000       |        |                 |
| gpr[2]_4__AO211X1P4H7L_A0:B0 (AO211X1P4H7L)                                        |        | 0.001       | 0.000      | 0.018      |             | 0.000  | 0.488f          |
| gpr[2]_4__AO211X1P4H7L_A0:Y (AO211X1P4H7L)                                         |        | 0.001       | 0.000      | 0.032      |             | 0.071  | 0.559f          |
| gpr[2]_4__reg_p_D (net)                                                            | 1      |             |            |            | 0.000       |        |                 |
| gpr[2]_4__reg_p:D (DFFRQX2H7L)                                                     |        | 0.001       | 0.000      | 0.032      |             | 0.000  | 0.559f          |
|                                                                                    |        |             |            |            |             |        |                 |
| clk (port)                                                                         |        | 0.033       | 0.000      | 0.000      |             | 0.000  | 0.000r          |
| clk (clock net)                                                                    | 37     |             |            |            | NA          |        |                 |
| gpr[2]_4__reg_p:CK (DFFRQX2H7L)                                                    |        | 0.001       | 0.000      | 0.000      |             | 0.000  | 0.000r          |
| clock core_clock (rise edge)                                                       |        |             |            |            |             | 2      | 2               |
| clock network delay (ideal)                                                        |        |             |            |            |             | 0.000  | 2.000           |
| gpr[2]_4__reg_p:CK (DFFRQX2H7L)                                                    |        |             |            |            |             |        | 2.000r          |
| library setup time                                                                 |        |             |            |            |             | -0.060 | 1.940           |
| clock reconvergence pessimism                                                      |        |             |            |            |             | 0.000  | 1.940           |
|                                                                                    |        |             |            |            |             |        |                 |
| path cell delay                                                                    |        |             |            |            |             |        | 0.559(100.000%) |
| path net delay                                                                     |        |             |            |            |             |        | 0.000(0.000%)   |
|                                                                                    |        |             |            |            |             |        |                 |
| data require time                                                                  |        |             |            |            |             |        | 1.940           |
| data arrival time                                                                  |        |             |            |            |             |        | 0.559           |
| slack (MET)                                                                        |        |             |            |            |             |        | 1.381           |
+------------------------------------------------------------------------------------+--------+-------------+------------+------------+-------------+--------+-----------------+
+------------------------------------------------------------------------------------+--------+-------------+------------+------------+-------------+--------+-----------------+
| Point                                                                              | Fanout | Capacitance | Resistance | Transition | Delta Delay | Incr   | Path            |
+------------------------------------------------------------------------------------+--------+-------------+------------+------------+-------------+--------+-----------------+
| clk (port)                                                                         |        | 0.044       | 0.000      | 0.000      |             | 0.000  | 0.000r          |
| clk (clock net)                                                                    | 37     |             |            |            | NA          |        |                 |
| pc_0__reg_p:CK (DFFRQX2H7L)                                                        |        | 0.001       | 0.000      | 0.000      |             | 0.000  | 0.000r          |
| clock core_clock (rise edge)                                                       |        |             |            |            |             | 0      | 0               |
| clock network delay (ideal)                                                        |        |             |            |            |             | 0.000  | 0.000           |
| pc_0__reg_p:CK (DFFRQX2H7L)                                                        |        | 0.001       | 0.000      | 0.000      |             | 0.000  | 0.000r          |
| pc_0__reg_p:Q (DFFRQX2H7L)                                                         |        | 0.002       | 0.000      | 0.036      |             | 0.083  | 0.083r          |
| pc_0_ (net)                                                                        | 1      |             |            |            | 0.000       |        |                 |
| pc_0__BUFX7H7L_A:A (BUFX7H7L)                                                      |        | 0.002       | 0.000      | 0.036      |             | 0.000  | 0.083r          |
| pc_0__BUFX7H7L_A:Y (BUFX7H7L)                                                      |        | 0.024       | 0.000      | 0.067      |             | 0.062  | 0.145r          |
| pc_0__BUFX7H7L_A_Y (net)                                                           | 17     |             |            |            | 0.000       |        |                 |
| pc_3__NOR4BX4H7L_B:C (NOR4BX4H7L)                                                  |        | 0.002       | 0.000      | 0.067      |             | 0.000  | 0.145r          |
| pc_3__NOR4BX4H7L_B:Y (NOR4BX4H7L)                                                  |        | 0.003       | 0.000      | 0.036      |             | 0.025  | 0.169f          |
| pc_3__NOR4BX4H7L_B_Y (net)                                                         | 1      |             |            |            | 0.000       |        |                 |
| pc_3__NOR4BX4H7L_B_Y_BUFX16H7L_A:A (BUFX16H7L)                                     |        | 0.003       | 0.000      | 0.036      |             | 0.000  | 0.169f          |
| pc_3__NOR4BX4H7L_B_Y_BUFX16H7L_A:Y (BUFX16H7L)                                     |        | 0.033       | 0.000      | 0.030      |             | 0.051  | 0.220f          |
| gpr[1]_2__MUX2X8H7L_B_S0 (net)                                                     | 10     |             |            |            | 0.000       |        |                 |
| gpr[1]_2__MUX2X8H7L_B:S0 (MUX2X8H7L)                                               |        | 0.004       | 0.000      | 0.030      |             | 0.000  | 0.220f          |
| gpr[1]_2__MUX2X8H7L_B:Y (MUX2X8H7L)                                                |        | 0.006       | 0.000      | 0.030      |             | 0.056  | 0.277f          |
| gpr[1]_2__MUX2X8H7L_B_Y (net)                                                      | 6      |             |            |            | 0.000       |        |                 |
| gpr[1]_4__MUX2X8H7L_B_Y_XOR2X3H7L_B_Y_OAI211X2H7L_C0_A0_OA31X1H7L_Y:A1 (OA31X1H7L) |        | 0.001       | 0.000      | 0.030      |             | 0.000  | 0.277f          |
| gpr[1]_4__MUX2X8H7L_B_Y_XOR2X3H7L_B_Y_OAI211X2H7L_C0_A0_OA31X1H7L_Y:Y (OA31X1H7L)  |        | 0.002       | 0.000      | 0.040      |             | 0.098  | 0.375f          |
| gpr[1]_4__MUX2X8H7L_B_Y_XOR2X3H7L_B_Y_OAI211X2H7L_C0_A0 (net)                      | 2      |             |            |            | 0.000       |        |                 |
| gpr[1]_4__MUX2X8H7L_B_Y_XOR2X3H7L_B_Y_OAI211X2H7L_C0:A0 (OAI211X2H7L)              |        | 0.001       | 0.000      | 0.040      |             | 0.000  | 0.375f          |
| gpr[1]_4__MUX2X8H7L_B_Y_XOR2X3H7L_B_Y_OAI211X2H7L_C0:Y (OAI211X2H7L)               |        | 0.003       | 0.000      | 0.084      |             | 0.065  | 0.440r          |
| gpr[2]_7__AOI2BB2X0P5H7L_B0_A1N_NOR4BBX2H7L_C_D (net)                              | 3      |             |            |            | 0.000       |        |                 |
| gpr[2]_7__reg_p_D_AOI211X2H7L_Y_A0_NAND2BX0P7H7L_Y:AN (NAND2BX0P7H7L)              |        | 0.001       | 0.000      | 0.084      |             | 0.000  | 0.440r          |
| gpr[2]_7__reg_p_D_AOI211X2H7L_Y_A0_NAND2BX0P7H7L_Y:Y (NAND2BX0P7H7L)               |        | 0.001       | 0.000      | 0.038      |             | 0.056  | 0.496f          |
| gpr[2]_7__reg_p_D_AOI211X2H7L_Y_A0 (net)                                           | 1      |             |            |            | 0.000       |        |                 |
| gpr[2]_7__reg_p_D_AOI211X2H7L_Y:A0 (AOI211X2H7L)                                   |        | 0.001       | 0.000      | 0.038      |             | 0.000  | 0.496f          |
| gpr[2]_7__reg_p_D_AOI211X2H7L_Y:Y (AOI211X2H7L)                                    |        | 0.001       | 0.000      | 0.064      |             | 0.061  | 0.557r          |
| gpr[2]_7__reg_p_D (net)                                                            | 1      |             |            |            | 0.000       |        |                 |
| gpr[2]_7__reg_p:D (DFFRQX2H7L)                                                     |        | 0.001       | 0.000      | 0.064      |             | 0.000  | 0.557r          |
|                                                                                    |        |             |            |            |             |        |                 |
| clk (port)                                                                         |        | 0.033       | 0.000      | 0.000      |             | 0.000  | 0.000r          |
| clk (clock net)                                                                    | 37     |             |            |            | NA          |        |                 |
| gpr[2]_7__reg_p:CK (DFFRQX2H7L)                                                    |        | 0.001       | 0.000      | 0.000      |             | 0.000  | 0.000r          |
| clock core_clock (rise edge)                                                       |        |             |            |            |             | 2      | 2               |
| clock network delay (ideal)                                                        |        |             |            |            |             | 0.000  | 2.000           |
| gpr[2]_7__reg_p:CK (DFFRQX2H7L)                                                    |        |             |            |            |             |        | 2.000r          |
| library setup time                                                                 |        |             |            |            |             | -0.051 | 1.949           |
| clock reconvergence pessimism                                                      |        |             |            |            |             | 0.000  | 1.949           |
|                                                                                    |        |             |            |            |             |        |                 |
| path cell delay                                                                    |        |             |            |            |             |        | 0.557(100.000%) |
| path net delay                                                                     |        |             |            |            |             |        | 0.000(0.000%)   |
|                                                                                    |        |             |            |            |             |        |                 |
| data require time                                                                  |        |             |            |            |             |        | 1.949           |
| data arrival time                                                                  |        |             |            |            |             |        | 0.557           |
| slack (MET)                                                                        |        |             |            |            |             |        | 1.393           |
+------------------------------------------------------------------------------------+--------+-------------+------------+------------+-------------+--------+-----------------+
+------------------------------------------------------------------------+--------+-------------+------------+------------+-------------+--------+-----------------+
| Point                                                                  | Fanout | Capacitance | Resistance | Transition | Delta Delay | Incr   | Path            |
+------------------------------------------------------------------------+--------+-------------+------------+------------+-------------+--------+-----------------+
| clk (port)                                                             |        | 0.044       | 0.000      | 0.000      |             | 0.000  | 0.000r          |
| clk (clock net)                                                        | 37     |             |            |            | NA          |        |                 |
| pc_2__reg_p:CK (DFFRQX2H7L)                                            |        | 0.001       | 0.000      | 0.000      |             | 0.000  | 0.000r          |
| clock core_clock (rise edge)                                           |        |             |            |            |             | 0      | 0               |
| clock network delay (ideal)                                            |        |             |            |            |             | 0.000  | 0.000           |
| pc_2__reg_p:CK (DFFRQX2H7L)                                            |        | 0.001       | 0.000      | 0.000      |             | 0.000  | 0.000r          |
| pc_2__reg_p:Q (DFFRQX2H7L)                                             |        | 0.008       | 0.000      | 0.086      |             | 0.119  | 0.119r          |
| pc_2_ (net)                                                            | 7      |             |            |            | 0.000       |        |                 |
| pc_3__NOR4BX4H7L_B:AN (NOR4BX4H7L)                                     |        | 0.001       | 0.000      | 0.086      |             | 0.000  | 0.119r          |
| pc_3__NOR4BX4H7L_B:Y (NOR4BX4H7L)                                      |        | 0.003       | 0.000      | 0.100      |             | 0.108  | 0.227r          |
| pc_3__NOR4BX4H7L_B_Y (net)                                             | 1      |             |            |            | 0.000       |        |                 |
| pc_3__NOR4BX4H7L_B_Y_BUFX16H7L_A:A (BUFX16H7L)                         |        | 0.003       | 0.000      | 0.100      |             | 0.000  | 0.227r          |
| pc_3__NOR4BX4H7L_B_Y_BUFX16H7L_A:Y (BUFX16H7L)                         |        | 0.033       | 0.000      | 0.045      |             | 0.060  | 0.287r          |
| gpr[1]_2__MUX2X8H7L_B_S0 (net)                                         | 10     |             |            |            | 0.000       |        |                 |
| gpr[0]_0__MUX2X8H7L_A:S0 (MUX2X8H7L)                                   |        | 0.004       | 0.000      | 0.045      |             | 0.000  | 0.287r          |
| gpr[0]_0__MUX2X8H7L_A:Y (MUX2X8H7L)                                    |        | 0.005       | 0.000      | 0.026      |             | 0.050  | 0.337r          |
| gpr[0]_0__MUX2X8H7L_A_Y (net)                                          | 3      |             |            |            | 0.000       |        |                 |
| gpr[0]_0__MUX2X8H7L_A_Y_AOI22X6H7L_A1:A1 (AOI22X6H7L)                  |        | 0.004       | 0.000      | 0.026      |             | 0.000  | 0.337r          |
| gpr[0]_0__MUX2X8H7L_A_Y_AOI22X6H7L_A1:Y (AOI22X6H7L)                   |        | 0.007       | 0.000      | 0.065      |             | 0.028  | 0.365f          |
| gpr[0]_0__MUX2X8H7L_A_Y_AOI22X6H7L_A1_Y (net)                          | 3      |             |            |            | 0.000       |        |                 |
| gpr[0]_1__MUX2X12H7L_A_Y_NOR2X3H7L_B_Y_OAI211X6H7L_A0:A1 (OAI211X6H7L) |        | 0.003       | 0.000      | 0.065      |             | 0.000  | 0.365f          |
| gpr[0]_1__MUX2X12H7L_A_Y_NOR2X3H7L_B_Y_OAI211X6H7L_A0:Y (OAI211X6H7L)  |        | 0.007       | 0.000      | 0.075      |             | 0.064  | 0.429r          |
| gpr[2]_4__AO211X1P4H7L_A0_B0_AND4X1P4H7L_Y_D (net)                     | 8      |             |            |            | 0.000       |        |                 |
| gpr[2]_7__AOI2BB2X0P5H7L_B0_A1N_NOR4BBX2H7L_C:AN (NOR4BBX2H7L)         |        | 0.001       | 0.000      | 0.075      |             | 0.000  | 0.429r          |
| gpr[2]_7__AOI2BB2X0P5H7L_B0_A1N_NOR4BBX2H7L_C:Y (NOR4BBX2H7L)          |        | 0.001       | 0.000      | 0.081      |             | 0.089  | 0.518r          |
| gpr[2]_7__reg_p_D_AOI211X2H7L_Y_B0 (net)                               | 1      |             |            |            | 0.000       |        |                 |
| gpr[2]_7__reg_p_D_AOI211X2H7L_Y:B0 (AOI211X2H7L)                       |        | 0.001       | 0.000      | 0.081      |             | 0.000  | 0.518r          |
| gpr[2]_7__reg_p_D_AOI211X2H7L_Y:Y (AOI211X2H7L)                        |        | 0.001       | 0.000      | 0.051      |             | 0.020  | 0.538f          |
| gpr[2]_7__reg_p_D (net)                                                | 1      |             |            |            | 0.000       |        |                 |
| gpr[2]_7__reg_p:D (DFFRQX2H7L)                                         |        | 0.001       | 0.000      | 0.051      |             | 0.000  | 0.538f          |
|                                                                        |        |             |            |            |             |        |                 |
| clk (port)                                                             |        | 0.033       | 0.000      | 0.000      |             | 0.000  | 0.000r          |
| clk (clock net)                                                        | 37     |             |            |            | NA          |        |                 |
| gpr[2]_7__reg_p:CK (DFFRQX2H7L)                                        |        | 0.001       | 0.000      | 0.000      |             | 0.000  | 0.000r          |
| clock core_clock (rise edge)                                           |        |             |            |            |             | 2      | 2               |
| clock network delay (ideal)                                            |        |             |            |            |             | 0.000  | 2.000           |
| gpr[2]_7__reg_p:CK (DFFRQX2H7L)                                        |        |             |            |            |             |        | 2.000r          |
| library setup time                                                     |        |             |            |            |             | -0.064 | 1.936           |
| clock reconvergence pessimism                                          |        |             |            |            |             | 0.000  | 1.936           |
|                                                                        |        |             |            |            |             |        |                 |
| path cell delay                                                        |        |             |            |            |             |        | 0.538(100.000%) |
| path net delay                                                         |        |             |            |            |             |        | 0.000(0.000%)   |
|                                                                        |        |             |            |            |             |        |                 |
| data require time                                                      |        |             |            |            |             |        | 1.936           |
| data arrival time                                                      |        |             |            |            |             |        | 0.538           |
| slack (MET)                                                            |        |             |            |            |             |        | 1.398           |
+------------------------------------------------------------------------+--------+-------------+------------+------------+-------------+--------+-----------------+
+-----------------------------------------------------------------------+--------+-------------+------------+------------+-------------+--------+-----------------+
| Point                                                                 | Fanout | Capacitance | Resistance | Transition | Delta Delay | Incr   | Path            |
+-----------------------------------------------------------------------+--------+-------------+------------+------------+-------------+--------+-----------------+
| clk (port)                                                            |        | 0.044       | 0.000      | 0.000      |             | 0.000  | 0.000r          |
| clk (clock net)                                                       | 37     |             |            |            | NA          |        |                 |
| pc_2__reg_p:CK (DFFRQX2H7L)                                           |        | 0.001       | 0.000      | 0.000      |             | 0.000  | 0.000r          |
| clock core_clock (rise edge)                                          |        |             |            |            |             | 0      | 0               |
| clock network delay (ideal)                                           |        |             |            |            |             | 0.000  | 0.000           |
| pc_2__reg_p:CK (DFFRQX2H7L)                                           |        | 0.001       | 0.000      | 0.000      |             | 0.000  | 0.000r          |
| pc_2__reg_p:Q (DFFRQX2H7L)                                            |        | 0.008       | 0.000      | 0.086      |             | 0.119  | 0.119r          |
| pc_2_ (net)                                                           | 7      |             |            |            | 0.000       |        |                 |
| pc_3__NOR4BX4H7L_B:AN (NOR4BX4H7L)                                    |        | 0.001       | 0.000      | 0.086      |             | 0.000  | 0.119r          |
| pc_3__NOR4BX4H7L_B:Y (NOR4BX4H7L)                                     |        | 0.003       | 0.000      | 0.100      |             | 0.108  | 0.227r          |
| pc_3__NOR4BX4H7L_B_Y (net)                                            | 1      |             |            |            | 0.000       |        |                 |
| pc_3__NOR4BX4H7L_B_Y_BUFX16H7L_A:A (BUFX16H7L)                        |        | 0.003       | 0.000      | 0.100      |             | 0.000  | 0.227r          |
| pc_3__NOR4BX4H7L_B_Y_BUFX16H7L_A:Y (BUFX16H7L)                        |        | 0.033       | 0.000      | 0.045      |             | 0.060  | 0.287r          |
| gpr[1]_2__MUX2X8H7L_B_S0 (net)                                        | 10     |             |            |            | 0.000       |        |                 |
| gpr[0]_0__MUX2X8H7L_A:S0 (MUX2X8H7L)                                  |        | 0.004       | 0.000      | 0.045      |             | 0.000  | 0.287r          |
| gpr[0]_0__MUX2X8H7L_A:Y (MUX2X8H7L)                                   |        | 0.005       | 0.000      | 0.026      |             | 0.050  | 0.337r          |
| gpr[0]_0__MUX2X8H7L_A_Y (net)                                         | 3      |             |            |            | 0.000       |        |                 |
| gpr[0]_0__MUX2X8H7L_A_Y_AOI22X6H7L_A1:A1 (AOI22X6H7L)                 |        | 0.004       | 0.000      | 0.026      |             | 0.000  | 0.337r          |
| gpr[0]_0__MUX2X8H7L_A_Y_AOI22X6H7L_A1:Y (AOI22X6H7L)                  |        | 0.007       | 0.000      | 0.065      |             | 0.028  | 0.365f          |
| gpr[0]_0__MUX2X8H7L_A_Y_AOI22X6H7L_A1_Y (net)                         | 3      |             |            |            | 0.000       |        |                 |
| gpr[0]_1__MUX2X12H7L_A_Y_NOR2X3H7L_B_Y_OAI31X3H7L_A0:A1 (OAI31X3H7L)  |        | 0.002       | 0.000      | 0.065      |             | 0.000  | 0.365f          |
| gpr[0]_1__MUX2X12H7L_A_Y_NOR2X3H7L_B_Y_OAI31X3H7L_A0:Y (OAI31X3H7L)   |        | 0.003       | 0.000      | 0.087      |             | 0.075  | 0.440r          |
| gpr[2]_3__reg_p_D_NAND3X0P5H7L_Y_B_OAI211X1H7L_Y_B0 (net)             | 3      |             |            |            | 0.000       |        |                 |
| gpr[2]_3__reg_p_D_NAND3X0P5H7L_Y_C_OAO211X0P5H7L_Y:B0 (OAO211X0P5H7L) |        | 0.001       | 0.000      | 0.087      |             | 0.000  | 0.440r          |
| gpr[2]_3__reg_p_D_NAND3X0P5H7L_Y_C_OAO211X0P5H7L_Y:Y (OAO211X0P5H7L)  |        | 0.001       | 0.000      | 0.026      |             | 0.050  | 0.490r          |
| gpr[2]_3__reg_p_D_NAND3X0P5H7L_Y_C (net)                              | 1      |             |            |            | 0.000       |        |                 |
| gpr[2]_3__reg_p_D_NAND3X0P5H7L_Y:C (NAND3X0P5H7L)                     |        | 0.001       | 0.000      | 0.026      |             | 0.000  | 0.490r          |
| gpr[2]_3__reg_p_D_NAND3X0P5H7L_Y:Y (NAND3X0P5H7L)                     |        | 0.001       | 0.000      | 0.048      |             | 0.035  | 0.525f          |
| gpr[2]_3__reg_p_D (net)                                               | 1      |             |            |            | 0.000       |        |                 |
| gpr[2]_3__reg_p:D (DFFRQX2H7L)                                        |        | 0.001       | 0.000      | 0.048      |             | 0.000  | 0.525f          |
|                                                                       |        |             |            |            |             |        |                 |
| clk (port)                                                            |        | 0.033       | 0.000      | 0.000      |             | 0.000  | 0.000r          |
| clk (clock net)                                                       | 37     |             |            |            | NA          |        |                 |
| gpr[2]_3__reg_p:CK (DFFRQX2H7L)                                       |        | 0.001       | 0.000      | 0.000      |             | 0.000  | 0.000r          |
| clock core_clock (rise edge)                                          |        |             |            |            |             | 2      | 2               |
| clock network delay (ideal)                                           |        |             |            |            |             | 0.000  | 2.000           |
| gpr[2]_3__reg_p:CK (DFFRQX2H7L)                                       |        |             |            |            |             |        | 2.000r          |
| library setup time                                                    |        |             |            |            |             | -0.063 | 1.937           |
| clock reconvergence pessimism                                         |        |             |            |            |             | 0.000  | 1.937           |
|                                                                       |        |             |            |            |             |        |                 |
| path cell delay                                                       |        |             |            |            |             |        | 0.525(100.000%) |
| path net delay                                                        |        |             |            |            |             |        | 0.000(0.000%)   |
|                                                                       |        |             |            |            |             |        |                 |
| data require time                                                     |        |             |            |            |             |        | 1.937           |
| data arrival time                                                     |        |             |            |            |             |        | 0.525           |
| slack (MET)                                                           |        |             |            |            |             |        | 1.412           |
+-----------------------------------------------------------------------+--------+-------------+------------+------------+-------------+--------+-----------------+
+------------------------------------------------------------------------------------+--------+-------------+------------+------------+-------------+--------+-----------------+
| Point                                                                              | Fanout | Capacitance | Resistance | Transition | Delta Delay | Incr   | Path            |
+------------------------------------------------------------------------------------+--------+-------------+------------+------------+-------------+--------+-----------------+
| clk (port)                                                                         |        | 0.044       | 0.000      | 0.000      |             | 0.000  | 0.000r          |
| clk (clock net)                                                                    | 37     |             |            |            | NA          |        |                 |
| pc_0__reg_p:CK (DFFRQX2H7L)                                                        |        | 0.001       | 0.000      | 0.000      |             | 0.000  | 0.000r          |
| clock core_clock (rise edge)                                                       |        |             |            |            |             | 0      | 0               |
| clock network delay (ideal)                                                        |        |             |            |            |             | 0.000  | 0.000           |
| pc_0__reg_p:CK (DFFRQX2H7L)                                                        |        | 0.001       | 0.000      | 0.000      |             | 0.000  | 0.000r          |
| pc_0__reg_p:Q (DFFRQX2H7L)                                                         |        | 0.002       | 0.000      | 0.036      |             | 0.083  | 0.083r          |
| pc_0_ (net)                                                                        | 1      |             |            |            | 0.000       |        |                 |
| pc_0__BUFX7H7L_A:A (BUFX7H7L)                                                      |        | 0.002       | 0.000      | 0.036      |             | 0.000  | 0.083r          |
| pc_0__BUFX7H7L_A:Y (BUFX7H7L)                                                      |        | 0.024       | 0.000      | 0.067      |             | 0.062  | 0.145r          |
| pc_0__BUFX7H7L_A_Y (net)                                                           | 17     |             |            |            | 0.000       |        |                 |
| pc_3__NOR4BX4H7L_B:C (NOR4BX4H7L)                                                  |        | 0.002       | 0.000      | 0.067      |             | 0.000  | 0.145r          |
| pc_3__NOR4BX4H7L_B:Y (NOR4BX4H7L)                                                  |        | 0.003       | 0.000      | 0.036      |             | 0.025  | 0.169f          |
| pc_3__NOR4BX4H7L_B_Y (net)                                                         | 1      |             |            |            | 0.000       |        |                 |
| pc_3__NOR4BX4H7L_B_Y_BUFX16H7L_A:A (BUFX16H7L)                                     |        | 0.003       | 0.000      | 0.036      |             | 0.000  | 0.169f          |
| pc_3__NOR4BX4H7L_B_Y_BUFX16H7L_A:Y (BUFX16H7L)                                     |        | 0.033       | 0.000      | 0.030      |             | 0.051  | 0.220f          |
| gpr[1]_2__MUX2X8H7L_B_S0 (net)                                                     | 10     |             |            |            | 0.000       |        |                 |
| gpr[1]_2__MUX2X8H7L_B:S0 (MUX2X8H7L)                                               |        | 0.004       | 0.000      | 0.030      |             | 0.000  | 0.220f          |
| gpr[1]_2__MUX2X8H7L_B:Y (MUX2X8H7L)                                                |        | 0.006       | 0.000      | 0.030      |             | 0.056  | 0.277f          |
| gpr[1]_2__MUX2X8H7L_B_Y (net)                                                      | 6      |             |            |            | 0.000       |        |                 |
| gpr[1]_4__MUX2X8H7L_B_Y_XOR2X3H7L_B_Y_OAI211X2H7L_C0_A0_OA31X1H7L_Y:A1 (OA31X1H7L) |        | 0.001       | 0.000      | 0.030      |             | 0.000  | 0.277f          |
| gpr[1]_4__MUX2X8H7L_B_Y_XOR2X3H7L_B_Y_OAI211X2H7L_C0_A0_OA31X1H7L_Y:Y (OA31X1H7L)  |        | 0.002       | 0.000      | 0.040      |             | 0.098  | 0.375f          |
| gpr[1]_4__MUX2X8H7L_B_Y_XOR2X3H7L_B_Y_OAI211X2H7L_C0_A0 (net)                      | 2      |             |            |            | 0.000       |        |                 |
| gpr[1]_4__MUX2X8H7L_B_Y_XOR2X3H7L_B_Y_OAI211X2H7L_C0_A0_OR2X6H7L_A:A (OR2X6H7L)    |        | 0.001       | 0.000      | 0.040      |             | 0.000  | 0.375f          |
| gpr[1]_4__MUX2X8H7L_B_Y_XOR2X3H7L_B_Y_OAI211X2H7L_C0_A0_OR2X6H7L_A:Y (OR2X6H7L)    |        | 0.005       | 0.000      | 0.029      |             | 0.067  | 0.442f          |
| gpr[0]_4__reg_p_D_AO22X0P7H7L_Y_A0 (net)                                           | 6      |             |            |            | 0.000       |        |                 |
| gpr[2]_4__AO211X1P4H7L_A0_C0_AOI211X2H7L_Y:A0 (AOI211X2H7L)                        |        | 0.001       | 0.000      | 0.029      |             | 0.000  | 0.442f          |
| gpr[2]_4__AO211X1P4H7L_A0_C0_AOI211X2H7L_Y:Y (AOI211X2H7L)                         |        | 0.001       | 0.000      | 0.082      |             | 0.055  | 0.497r          |
| gpr[2]_4__AO211X1P4H7L_A0_C0 (net)                                                 | 1      |             |            |            | 0.000       |        |                 |
| gpr[2]_4__AO211X1P4H7L_A0:C0 (AO211X1P4H7L)                                        |        | 0.001       | 0.000      | 0.082      |             | 0.000  | 0.497r          |
| gpr[2]_4__AO211X1P4H7L_A0:Y (AO211X1P4H7L)                                         |        | 0.001       | 0.000      | 0.028      |             | 0.043  | 0.540r          |
| gpr[2]_4__reg_p_D (net)                                                            | 1      |             |            |            | 0.000       |        |                 |
| gpr[2]_4__reg_p:D (DFFRQX2H7L)                                                     |        | 0.001       | 0.000      | 0.028      |             | 0.000  | 0.540r          |
|                                                                                    |        |             |            |            |             |        |                 |
| clk (port)                                                                         |        | 0.033       | 0.000      | 0.000      |             | 0.000  | 0.000r          |
| clk (clock net)                                                                    | 37     |             |            |            | NA          |        |                 |
| gpr[2]_4__reg_p:CK (DFFRQX2H7L)                                                    |        | 0.001       | 0.000      | 0.000      |             | 0.000  | 0.000r          |
| clock core_clock (rise edge)                                                       |        |             |            |            |             | 2      | 2               |
| clock network delay (ideal)                                                        |        |             |            |            |             | 0.000  | 2.000           |
| gpr[2]_4__reg_p:CK (DFFRQX2H7L)                                                    |        |             |            |            |             |        | 2.000r          |
| library setup time                                                                 |        |             |            |            |             | -0.048 | 1.952           |
| clock reconvergence pessimism                                                      |        |             |            |            |             | 0.000  | 1.952           |
|                                                                                    |        |             |            |            |             |        |                 |
| path cell delay                                                                    |        |             |            |            |             |        | 0.540(100.000%) |
| path net delay                                                                     |        |             |            |            |             |        | 0.000(0.000%)   |
|                                                                                    |        |             |            |            |             |        |                 |
| data require time                                                                  |        |             |            |            |             |        | 1.952           |
| data arrival time                                                                  |        |             |            |            |             |        | 0.540           |
| slack (MET)                                                                        |        |             |            |            |             |        | 1.412           |
+------------------------------------------------------------------------------------+--------+-------------+------------+------------+-------------+--------+-----------------+
+----------------------------------------------------------------------------+--------+-------------+------------+------------+-------------+--------+-----------------+
| Point                                                                      | Fanout | Capacitance | Resistance | Transition | Delta Delay | Incr   | Path            |
+----------------------------------------------------------------------------+--------+-------------+------------+------------+-------------+--------+-----------------+
| clk (port)                                                                 |        | 0.044       | 0.000      | 0.000      |             | 0.000  | 0.000r          |
| clk (clock net)                                                            | 37     |             |            |            | NA          |        |                 |
| pc_3__reg_p:CK (DFFRQX2H7L)                                                |        | 0.001       | 0.000      | 0.000      |             | 0.000  | 0.000r          |
| clock core_clock (rise edge)                                               |        |             |            |            |             | 0      | 0               |
| clock network delay (ideal)                                                |        |             |            |            |             | 0.000  | 0.000           |
| pc_3__reg_p:CK (DFFRQX2H7L)                                                |        | 0.001       | 0.000      | 0.000      |             | 0.000  | 0.000r          |
| pc_3__reg_p:Q (DFFRQX2H7L)                                                 |        | 0.009       | 0.000      | 0.070      |             | 0.107  | 0.107f          |
| pc_3_ (net)                                                                | 7      |             |            |            | 0.000       |        |                 |
| pc_2__NOR2X3H7L_A:B (NOR2X3H7L)                                            |        | 0.002       | 0.000      | 0.070      |             | 0.000  | 0.107f          |
| pc_2__NOR2X3H7L_A:Y (NOR2X3H7L)                                            |        | 0.002       | 0.000      | 0.048      |             | 0.043  | 0.151r          |
| pc_2__NOR2X3H7L_A_Y (net)                                                  | 1      |             |            |            | 0.000       |        |                 |
| pc_2__NOR2X3H7L_A_Y_BUFX10H7L_A:A (BUFX10H7L)                              |        | 0.002       | 0.000      | 0.048      |             | 0.000  | 0.151r          |
| pc_2__NOR2X3H7L_A_Y_BUFX10H7L_A:Y (BUFX10H7L)                              |        | 0.023       | 0.000      | 0.049      |             | 0.055  | 0.205r          |
| gpr[0]_1__MUX2X3H7L_A_S0 (net)                                             | 13     |             |            |            | 0.000       |        |                 |
| pc_2__reg_p_D_XNOR2X0P5H7L_Y_B_NOR2BX1H7L_B:AN (NOR2BX1H7L)                |        | 0.001       | 0.000      | 0.049      |             | 0.000  | 0.205r          |
| pc_2__reg_p_D_XNOR2X0P5H7L_Y_B_NOR2BX1H7L_B:Z (NOR2BX1H7L)                 |        | 0.001       | 0.000      | 0.038      |             | 0.047  | 0.252r          |
| pc_2__reg_p_D_XNOR2X0P5H7L_Y_B_NOR2BX1H7L_B_Z (net)                        | 1      |             |            |            | 0.000       |        |                 |
| pc_2__reg_p_D_XNOR2X0P5H7L_Y_B_NOR2BX1H7L_B_Z_ICGX0P5H7L_E:E (ICGX0P5H7L)  |        | 0.001       | 0.000      | 0.038      |             | 0.000  | 0.252r          |
|                                                                            |        |             |            |            |             |        |                 |
| clk (port)                                                                 |        | 0.033       | 0.000      | 0.000      |             | 0.000  | 0.000r          |
| clk (clock net)                                                            | 37     |             |            |            | NA          |        |                 |
| pc_2__reg_p_D_XNOR2X0P5H7L_Y_B_NOR2BX1H7L_B_Z_ICGX0P5H7L_E:CK (ICGX0P5H7L) |        | 0.002       | 0.000      | 0.000      |             | 0.000  | 0.000r          |
| clock core_clock (rise edge)                                               |        |             |            |            |             | 2      | 2               |
| clock network delay (ideal)                                                |        |             |            |            |             | 0.000  | 2.000           |
| pc_2__reg_p_D_XNOR2X0P5H7L_Y_B_NOR2BX1H7L_B_Z_ICGX0P5H7L_E:CK (ICGX0P5H7L) |        |             |            |            |             |        | 2.000r          |
| library setup time                                                         |        |             |            |            |             | -0.054 | 1.946           |
| clock reconvergence pessimism                                              |        |             |            |            |             | 0.000  | 1.946           |
|                                                                            |        |             |            |            |             |        |                 |
| path cell delay                                                            |        |             |            |            |             |        | 0.252(100.000%) |
| path net delay                                                             |        |             |            |            |             |        | 0.000(0.000%)   |
|                                                                            |        |             |            |            |             |        |                 |
| data require time                                                          |        |             |            |            |             |        | 1.946           |
| data arrival time                                                          |        |             |            |            |             |        | 0.252           |
| slack (MET)                                                                |        |             |            |            |             |        | 1.694           |
+----------------------------------------------------------------------------+--------+-------------+------------+------------+-------------+--------+-----------------+
+----------------------------------------------------------------------------+--------+-------------+------------+------------+-------------+--------+-----------------+
| Point                                                                      | Fanout | Capacitance | Resistance | Transition | Delta Delay | Incr   | Path            |
+----------------------------------------------------------------------------+--------+-------------+------------+------------+-------------+--------+-----------------+
| clk (port)                                                                 |        | 0.044       | 0.000      | 0.000      |             | 0.000  | 0.000r          |
| clk (clock net)                                                            | 37     |             |            |            | NA          |        |                 |
| pc_3__reg_p:CK (DFFRQX2H7L)                                                |        | 0.001       | 0.000      | 0.000      |             | 0.000  | 0.000r          |
| clock core_clock (rise edge)                                               |        |             |            |            |             | 0      | 0               |
| clock network delay (ideal)                                                |        |             |            |            |             | 0.000  | 0.000           |
| pc_3__reg_p:CK (DFFRQX2H7L)                                                |        | 0.001       | 0.000      | 0.000      |             | 0.000  | 0.000r          |
| pc_3__reg_p:Q (DFFRQX2H7L)                                                 |        | 0.009       | 0.000      | 0.091      |             | 0.123  | 0.123r          |
| pc_3_ (net)                                                                | 7      |             |            |            | 0.000       |        |                 |
| pc_2__NOR2X3H7L_A:B (NOR2X3H7L)                                            |        | 0.002       | 0.000      | 0.091      |             | 0.000  | 0.123r          |
| pc_2__NOR2X3H7L_A:Y (NOR2X3H7L)                                            |        | 0.002       | 0.000      | 0.031      |             | 0.021  | 0.143f          |
| pc_2__NOR2X3H7L_A_Y (net)                                                  | 1      |             |            |            | 0.000       |        |                 |
| pc_2__NOR2X3H7L_A_Y_BUFX10H7L_A:A (BUFX10H7L)                              |        | 0.002       | 0.000      | 0.031      |             | 0.000  | 0.143f          |
| pc_2__NOR2X3H7L_A_Y_BUFX10H7L_A:Y (BUFX10H7L)                              |        | 0.023       | 0.000      | 0.033      |             | 0.051  | 0.195f          |
| gpr[0]_1__MUX2X3H7L_A_S0 (net)                                             | 13     |             |            |            | 0.000       |        |                 |
| pc_2__reg_p_D_XNOR2X0P5H7L_Y_B_NOR2BX1H7L_B:AN (NOR2BX1H7L)                |        | 0.001       | 0.000      | 0.033      |             | 0.000  | 0.195f          |
| pc_2__reg_p_D_XNOR2X0P5H7L_Y_B_NOR2BX1H7L_B:Z (NOR2BX1H7L)                 |        | 0.001       | 0.000      | 0.021      |             | 0.037  | 0.231f          |
| pc_2__reg_p_D_XNOR2X0P5H7L_Y_B_NOR2BX1H7L_B_Z (net)                        | 1      |             |            |            | 0.000       |        |                 |
| pc_2__reg_p_D_XNOR2X0P5H7L_Y_B_NOR2BX1H7L_B_Z_ICGX0P5H7L_E:E (ICGX0P5H7L)  |        | 0.001       | 0.000      | 0.021      |             | 0.000  | 0.231f          |
|                                                                            |        |             |            |            |             |        |                 |
| clk (port)                                                                 |        | 0.033       | 0.000      | 0.000      |             | 0.000  | 0.000r          |
| clk (clock net)                                                            | 37     |             |            |            | NA          |        |                 |
| pc_2__reg_p_D_XNOR2X0P5H7L_Y_B_NOR2BX1H7L_B_Z_ICGX0P5H7L_E:CK (ICGX0P5H7L) |        | 0.002       | 0.000      | 0.000      |             | 0.000  | 0.000r          |
| clock core_clock (rise edge)                                               |        |             |            |            |             | 2      | 2               |
| clock network delay (ideal)                                                |        |             |            |            |             | 0.000  | 2.000           |
| pc_2__reg_p_D_XNOR2X0P5H7L_Y_B_NOR2BX1H7L_B_Z_ICGX0P5H7L_E:CK (ICGX0P5H7L) |        |             |            |            |             |        | 2.000r          |
| library setup time                                                         |        |             |            |            |             | -0.032 | 1.968           |
| clock reconvergence pessimism                                              |        |             |            |            |             | 0.000  | 1.968           |
|                                                                            |        |             |            |            |             |        |                 |
| path cell delay                                                            |        |             |            |            |             |        | 0.231(100.000%) |
| path net delay                                                             |        |             |            |            |             |        | 0.000(0.000%)   |
|                                                                            |        |             |            |            |             |        |                 |
| data require time                                                          |        |             |            |            |             |        | 1.968           |
| data arrival time                                                          |        |             |            |            |             |        | 0.231           |
| slack (MET)                                                                |        |             |            |            |             |        | 1.737           |
+----------------------------------------------------------------------------+--------+-------------+------------+------------+-------------+--------+-----------------+
+-----------------------------------+--------+-------------+------------+------------+-------------+--------+-----------------+
| Point                             | Fanout | Capacitance | Resistance | Transition | Delta Delay | Incr   | Path            |
+-----------------------------------+--------+-------------+------------+------------+-------------+--------+-----------------+
| clk (port)                        |        | 0.033       | 0.000      | 0.000      |             | 0.000  | 0.000r          |
| clk (clock net)                   | 37     |             |            |            | NA          |        |                 |
| gpr[3]_7__reg_p:CK (DFFRQX2H7L)   |        | 0.001       | 0.000      | 0.000      |             | 0.000  | 0.000r          |
| clock core_clock (rise edge)      |        |             |            |            |             | 0      | 0               |
| clock network delay (ideal)       |        |             |            |            |             | 0.000  | 0.000           |
| gpr[3]_7__reg_p:CK (DFFRQX2H7L)   |        | 0.001       | 0.000      | 0.000      |             | 0.000  | 0.000r          |
| gpr[3]_7__reg_p:Q (DFFRQX2H7L)    |        | 0.001       | 0.000      | 0.026      |             | 0.075  | 0.075r          |
| gpr[3]_7_ (net)                   | 1      |             |            |            | 0.000       |        |                 |
| gpr[3]_7__BUFX1H7L_A:A (BUFX1H7L) |        | 0.001       | 0.000      | 0.026      |             | 0.000  | 0.075r          |
| gpr[3]_7__BUFX1H7L_A:Y (BUFX1H7L) |        | 0.001       | 0.000      | 0.019      |             | 0.031  | 0.105r          |
| gpr[3]_7__reg_p_D (net)           | 1      |             |            |            | 0.000       |        |                 |
| gpr[3]_7__reg_p:D (DFFRQX2H7L)    |        | 0.001       | 0.000      | 0.019      |             | 0.000  | 0.105r          |
|                                   |        |             |            |            |             |        |                 |
| clk (port)                        |        | 0.044       | 0.000      | 0.000      |             | 0.000  | 0.000r          |
| clk (clock net)                   | 37     |             |            |            | NA          |        |                 |
| gpr[3]_7__reg_p:CK (DFFRQX2H7L)   |        | 0.001       | 0.000      | 0.000      |             | 0.000  | 0.000r          |
| clock core_clock (rise edge)      |        |             |            |            |             | 0      | 0               |
| clock network delay (ideal)       |        |             |            |            |             | 0.000  | 0.000           |
| gpr[3]_7__reg_p:CK (DFFRQX2H7L)   |        |             |            |            |             |        | 0.000r          |
| library hold time                 |        |             |            |            |             | -0.007 | -0.007          |
| clock reconvergence pessimism     |        |             |            |            |             | -0.000 | -0.007          |
|                                   |        |             |            |            |             |        |                 |
| path cell delay                   |        |             |            |            |             |        | 0.105(100.000%) |
| path net delay                    |        |             |            |            |             |        | 0.000(0.000%)   |
|                                   |        |             |            |            |             |        |                 |
| data require time                 |        |             |            |            |             |        | -0.007          |
| data arrival time                 |        |             |            |            |             |        | 0.105           |
| slack (MET)                       |        |             |            |            |             |        | 0.112           |
+-----------------------------------+--------+-------------+------------+------------+-------------+--------+-----------------+
+-----------------------------------+--------+-------------+------------+------------+-------------+--------+-----------------+
| Point                             | Fanout | Capacitance | Resistance | Transition | Delta Delay | Incr   | Path            |
+-----------------------------------+--------+-------------+------------+------------+-------------+--------+-----------------+
| clk (port)                        |        | 0.033       | 0.000      | 0.000      |             | 0.000  | 0.000r          |
| clk (clock net)                   | 37     |             |            |            | NA          |        |                 |
| gpr[3]_6__reg_p:CK (DFFRQX2H7L)   |        | 0.001       | 0.000      | 0.000      |             | 0.000  | 0.000r          |
| clock core_clock (rise edge)      |        |             |            |            |             | 0      | 0               |
| clock network delay (ideal)       |        |             |            |            |             | 0.000  | 0.000           |
| gpr[3]_6__reg_p:CK (DFFRQX2H7L)   |        | 0.001       | 0.000      | 0.000      |             | 0.000  | 0.000r          |
| gpr[3]_6__reg_p:Q (DFFRQX2H7L)    |        | 0.001       | 0.000      | 0.026      |             | 0.075  | 0.075r          |
| gpr[3]_6_ (net)                   | 1      |             |            |            | 0.000       |        |                 |
| gpr[3]_6__BUFX1H7L_A:A (BUFX1H7L) |        | 0.001       | 0.000      | 0.026      |             | 0.000  | 0.075r          |
| gpr[3]_6__BUFX1H7L_A:Y (BUFX1H7L) |        | 0.001       | 0.000      | 0.019      |             | 0.031  | 0.105r          |
| gpr[3]_6__reg_p_D (net)           | 1      |             |            |            | 0.000       |        |                 |
| gpr[3]_6__reg_p:D (DFFRQX2H7L)    |        | 0.001       | 0.000      | 0.019      |             | 0.000  | 0.105r          |
|                                   |        |             |            |            |             |        |                 |
| clk (port)                        |        | 0.044       | 0.000      | 0.000      |             | 0.000  | 0.000r          |
| clk (clock net)                   | 37     |             |            |            | NA          |        |                 |
| gpr[3]_6__reg_p:CK (DFFRQX2H7L)   |        | 0.001       | 0.000      | 0.000      |             | 0.000  | 0.000r          |
| clock core_clock (rise edge)      |        |             |            |            |             | 0      | 0               |
| clock network delay (ideal)       |        |             |            |            |             | 0.000  | 0.000           |
| gpr[3]_6__reg_p:CK (DFFRQX2H7L)   |        |             |            |            |             |        | 0.000r          |
| library hold time                 |        |             |            |            |             | -0.007 | -0.007          |
| clock reconvergence pessimism     |        |             |            |            |             | -0.000 | -0.007          |
|                                   |        |             |            |            |             |        |                 |
| path cell delay                   |        |             |            |            |             |        | 0.105(100.000%) |
| path net delay                    |        |             |            |            |             |        | 0.000(0.000%)   |
|                                   |        |             |            |            |             |        |                 |
| data require time                 |        |             |            |            |             |        | -0.007          |
| data arrival time                 |        |             |            |            |             |        | 0.105           |
| slack (MET)                       |        |             |            |            |             |        | 0.112           |
+-----------------------------------+--------+-------------+------------+------------+-------------+--------+-----------------+
+-----------------------------------+--------+-------------+------------+------------+-------------+--------+-----------------+
| Point                             | Fanout | Capacitance | Resistance | Transition | Delta Delay | Incr   | Path            |
+-----------------------------------+--------+-------------+------------+------------+-------------+--------+-----------------+
| clk (port)                        |        | 0.033       | 0.000      | 0.000      |             | 0.000  | 0.000r          |
| clk (clock net)                   | 37     |             |            |            | NA          |        |                 |
| gpr[3]_5__reg_p:CK (DFFRQX2H7L)   |        | 0.001       | 0.000      | 0.000      |             | 0.000  | 0.000r          |
| clock core_clock (rise edge)      |        |             |            |            |             | 0      | 0               |
| clock network delay (ideal)       |        |             |            |            |             | 0.000  | 0.000           |
| gpr[3]_5__reg_p:CK (DFFRQX2H7L)   |        | 0.001       | 0.000      | 0.000      |             | 0.000  | 0.000r          |
| gpr[3]_5__reg_p:Q (DFFRQX2H7L)    |        | 0.001       | 0.000      | 0.026      |             | 0.075  | 0.075r          |
| gpr[3]_5_ (net)                   | 1      |             |            |            | 0.000       |        |                 |
| gpr[3]_5__BUFX1H7L_A:A (BUFX1H7L) |        | 0.001       | 0.000      | 0.026      |             | 0.000  | 0.075r          |
| gpr[3]_5__BUFX1H7L_A:Y (BUFX1H7L) |        | 0.001       | 0.000      | 0.019      |             | 0.031  | 0.105r          |
| gpr[3]_5__reg_p_D (net)           | 1      |             |            |            | 0.000       |        |                 |
| gpr[3]_5__reg_p:D (DFFRQX2H7L)    |        | 0.001       | 0.000      | 0.019      |             | 0.000  | 0.105r          |
|                                   |        |             |            |            |             |        |                 |
| clk (port)                        |        | 0.044       | 0.000      | 0.000      |             | 0.000  | 0.000r          |
| clk (clock net)                   | 37     |             |            |            | NA          |        |                 |
| gpr[3]_5__reg_p:CK (DFFRQX2H7L)   |        | 0.001       | 0.000      | 0.000      |             | 0.000  | 0.000r          |
| clock core_clock (rise edge)      |        |             |            |            |             | 0      | 0               |
| clock network delay (ideal)       |        |             |            |            |             | 0.000  | 0.000           |
| gpr[3]_5__reg_p:CK (DFFRQX2H7L)   |        |             |            |            |             |        | 0.000r          |
| library hold time                 |        |             |            |            |             | -0.007 | -0.007          |
| clock reconvergence pessimism     |        |             |            |            |             | -0.000 | -0.007          |
|                                   |        |             |            |            |             |        |                 |
| path cell delay                   |        |             |            |            |             |        | 0.105(100.000%) |
| path net delay                    |        |             |            |            |             |        | 0.000(0.000%)   |
|                                   |        |             |            |            |             |        |                 |
| data require time                 |        |             |            |            |             |        | -0.007          |
| data arrival time                 |        |             |            |            |             |        | 0.105           |
| slack (MET)                       |        |             |            |            |             |        | 0.112           |
+-----------------------------------+--------+-------------+------------+------------+-------------+--------+-----------------+
+-----------------------------------+--------+-------------+------------+------------+-------------+--------+-----------------+
| Point                             | Fanout | Capacitance | Resistance | Transition | Delta Delay | Incr   | Path            |
+-----------------------------------+--------+-------------+------------+------------+-------------+--------+-----------------+
| clk (port)                        |        | 0.033       | 0.000      | 0.000      |             | 0.000  | 0.000r          |
| clk (clock net)                   | 37     |             |            |            | NA          |        |                 |
| gpr[3]_1__reg_p:CK (DFFRQX2H7L)   |        | 0.001       | 0.000      | 0.000      |             | 0.000  | 0.000r          |
| clock core_clock (rise edge)      |        |             |            |            |             | 0      | 0               |
| clock network delay (ideal)       |        |             |            |            |             | 0.000  | 0.000           |
| gpr[3]_1__reg_p:CK (DFFRQX2H7L)   |        | 0.001       | 0.000      | 0.000      |             | 0.000  | 0.000r          |
| gpr[3]_1__reg_p:Q (DFFRQX2H7L)    |        | 0.001       | 0.000      | 0.026      |             | 0.075  | 0.075r          |
| gpr[3]_1_ (net)                   | 1      |             |            |            | 0.000       |        |                 |
| gpr[3]_1__BUFX1H7L_A:A (BUFX1H7L) |        | 0.001       | 0.000      | 0.026      |             | 0.000  | 0.075r          |
| gpr[3]_1__BUFX1H7L_A:Y (BUFX1H7L) |        | 0.001       | 0.000      | 0.019      |             | 0.031  | 0.105r          |
| gpr[3]_1__reg_p_D (net)           | 1      |             |            |            | 0.000       |        |                 |
| gpr[3]_1__reg_p:D (DFFRQX2H7L)    |        | 0.001       | 0.000      | 0.019      |             | 0.000  | 0.105r          |
|                                   |        |             |            |            |             |        |                 |
| clk (port)                        |        | 0.044       | 0.000      | 0.000      |             | 0.000  | 0.000r          |
| clk (clock net)                   | 37     |             |            |            | NA          |        |                 |
| gpr[3]_1__reg_p:CK (DFFRQX2H7L)   |        | 0.001       | 0.000      | 0.000      |             | 0.000  | 0.000r          |
| clock core_clock (rise edge)      |        |             |            |            |             | 0      | 0               |
| clock network delay (ideal)       |        |             |            |            |             | 0.000  | 0.000           |
| gpr[3]_1__reg_p:CK (DFFRQX2H7L)   |        |             |            |            |             |        | 0.000r          |
| library hold time                 |        |             |            |            |             | -0.007 | -0.007          |
| clock reconvergence pessimism     |        |             |            |            |             | -0.000 | -0.007          |
|                                   |        |             |            |            |             |        |                 |
| path cell delay                   |        |             |            |            |             |        | 0.105(100.000%) |
| path net delay                    |        |             |            |            |             |        | 0.000(0.000%)   |
|                                   |        |             |            |            |             |        |                 |
| data require time                 |        |             |            |            |             |        | -0.007          |
| data arrival time                 |        |             |            |            |             |        | 0.105           |
| slack (MET)                       |        |             |            |            |             |        | 0.112           |
+-----------------------------------+--------+-------------+------------+------------+-------------+--------+-----------------+
+-----------------------------------+--------+-------------+------------+------------+-------------+--------+-----------------+
| Point                             | Fanout | Capacitance | Resistance | Transition | Delta Delay | Incr   | Path            |
+-----------------------------------+--------+-------------+------------+------------+-------------+--------+-----------------+
| clk (port)                        |        | 0.033       | 0.000      | 0.000      |             | 0.000  | 0.000r          |
| clk (clock net)                   | 37     |             |            |            | NA          |        |                 |
| gpr[3]_4__reg_p:CK (DFFRQX2H7L)   |        | 0.001       | 0.000      | 0.000      |             | 0.000  | 0.000r          |
| clock core_clock (rise edge)      |        |             |            |            |             | 0      | 0               |
| clock network delay (ideal)       |        |             |            |            |             | 0.000  | 0.000           |
| gpr[3]_4__reg_p:CK (DFFRQX2H7L)   |        | 0.001       | 0.000      | 0.000      |             | 0.000  | 0.000r          |
| gpr[3]_4__reg_p:Q (DFFRQX2H7L)    |        | 0.001       | 0.000      | 0.026      |             | 0.075  | 0.075r          |
| gpr[3]_4_ (net)                   | 1      |             |            |            | 0.000       |        |                 |
| gpr[3]_4__BUFX1H7L_A:A (BUFX1H7L) |        | 0.001       | 0.000      | 0.026      |             | 0.000  | 0.075r          |
| gpr[3]_4__BUFX1H7L_A:Y (BUFX1H7L) |        | 0.001       | 0.000      | 0.019      |             | 0.031  | 0.105r          |
| gpr[3]_4__reg_p_D (net)           | 1      |             |            |            | 0.000       |        |                 |
| gpr[3]_4__reg_p:D (DFFRQX2H7L)    |        | 0.001       | 0.000      | 0.019      |             | 0.000  | 0.105r          |
|                                   |        |             |            |            |             |        |                 |
| clk (port)                        |        | 0.044       | 0.000      | 0.000      |             | 0.000  | 0.000r          |
| clk (clock net)                   | 37     |             |            |            | NA          |        |                 |
| gpr[3]_4__reg_p:CK (DFFRQX2H7L)   |        | 0.001       | 0.000      | 0.000      |             | 0.000  | 0.000r          |
| clock core_clock (rise edge)      |        |             |            |            |             | 0      | 0               |
| clock network delay (ideal)       |        |             |            |            |             | 0.000  | 0.000           |
| gpr[3]_4__reg_p:CK (DFFRQX2H7L)   |        |             |            |            |             |        | 0.000r          |
| library hold time                 |        |             |            |            |             | -0.007 | -0.007          |
| clock reconvergence pessimism     |        |             |            |            |             | -0.000 | -0.007          |
|                                   |        |             |            |            |             |        |                 |
| path cell delay                   |        |             |            |            |             |        | 0.105(100.000%) |
| path net delay                    |        |             |            |            |             |        | 0.000(0.000%)   |
|                                   |        |             |            |            |             |        |                 |
| data require time                 |        |             |            |            |             |        | -0.007          |
| data arrival time                 |        |             |            |            |             |        | 0.105           |
| slack (MET)                       |        |             |            |            |             |        | 0.112           |
+-----------------------------------+--------+-------------+------------+------------+-------------+--------+-----------------+
+----------------------------------------------------------------------------+--------+-------------+------------+------------+-------------+--------+-----------------+
| Point                                                                      | Fanout | Capacitance | Resistance | Transition | Delta Delay | Incr   | Path            |
+----------------------------------------------------------------------------+--------+-------------+------------+------------+-------------+--------+-----------------+
| clk (port)                                                                 |        | 0.033       | 0.000      | 0.000      |             | 0.000  | 0.000r          |
| clk (clock net)                                                            | 37     |             |            |            | NA          |        |                 |
| pc_1__reg_p:CK (DFFRQX2H7L)                                                |        | 0.001       | 0.000      | 0.000      |             | 0.000  | 0.000r          |
| clock core_clock (rise edge)                                               |        |             |            |            |             | 0      | 0               |
| clock network delay (ideal)                                                |        |             |            |            |             | 0.000  | 0.000           |
| pc_1__reg_p:CK (DFFRQX2H7L)                                                |        | 0.001       | 0.000      | 0.000      |             | 0.000  | 0.000r          |
| pc_1__reg_p:Q (DFFRQX2H7L)                                                 |        | 0.006       | 0.000      | 0.058      |             | 0.097  | 0.097f          |
| pc_1_ (net)                                                                | 9      |             |            |            | 0.000       |        |                 |
| pc_2__reg_p_D_XNOR2X0P5H7L_Y_B_NAND2X0P5H7L_Y:B (NAND2X0P5H7L)             |        | 0.001       | 0.000      | 0.058      |             | 0.000  | 0.097f          |
| pc_2__reg_p_D_XNOR2X0P5H7L_Y_B_NAND2X0P5H7L_Y:Y (NAND2X0P5H7L)             |        | 0.001       | 0.000      | 0.032      |             | 0.038  | 0.136r          |
| pc_2__reg_p_D_XNOR2X0P5H7L_Y_B (net)                                       | 2      |             |            |            | 0.000       |        |                 |
| pc_2__reg_p_D_XNOR2X0P5H7L_Y_B_NOR2BX1H7L_B:B (NOR2BX1H7L)                 |        | 0.001       | 0.000      | 0.032      |             | 0.000  | 0.136r          |
| pc_2__reg_p_D_XNOR2X0P5H7L_Y_B_NOR2BX1H7L_B:Z (NOR2BX1H7L)                 |        | 0.001       | 0.000      | 0.015      |             | 0.014  | 0.150f          |
| pc_2__reg_p_D_XNOR2X0P5H7L_Y_B_NOR2BX1H7L_B_Z (net)                        | 1      |             |            |            | 0.000       |        |                 |
| pc_2__reg_p_D_XNOR2X0P5H7L_Y_B_NOR2BX1H7L_B_Z_ICGX0P5H7L_E:E (ICGX0P5H7L)  |        | 0.001       | 0.000      | 0.015      |             | 0.000  | 0.150f          |
|                                                                            |        |             |            |            |             |        |                 |
| clk (port)                                                                 |        | 0.044       | 0.000      | 0.000      |             | 0.000  | 0.000r          |
| clk (clock net)                                                            | 37     |             |            |            | NA          |        |                 |
| pc_2__reg_p_D_XNOR2X0P5H7L_Y_B_NOR2BX1H7L_B_Z_ICGX0P5H7L_E:CK (ICGX0P5H7L) |        | 0.002       | 0.000      | 0.000      |             | 0.000  | 0.000r          |
| clock core_clock (rise edge)                                               |        |             |            |            |             | 0      | 0               |
| clock network delay (ideal)                                                |        |             |            |            |             | 0.000  | 0.000           |
| pc_2__reg_p_D_XNOR2X0P5H7L_Y_B_NOR2BX1H7L_B_Z_ICGX0P5H7L_E:CK (ICGX0P5H7L) |        |             |            |            |             |        | 0.000r          |
| library hold time                                                          |        |             |            |            |             | -0.000 | -0.000          |
| clock reconvergence pessimism                                              |        |             |            |            |             | -0.000 | -0.000          |
|                                                                            |        |             |            |            |             |        |                 |
| path cell delay                                                            |        |             |            |            |             |        | 0.150(100.000%) |
| path net delay                                                             |        |             |            |            |             |        | 0.000(0.000%)   |
|                                                                            |        |             |            |            |             |        |                 |
| data require time                                                          |        |             |            |            |             |        | -0.000          |
| data arrival time                                                          |        |             |            |            |             |        | 0.150           |
| slack (MET)                                                                |        |             |            |            |             |        | 0.150           |
+----------------------------------------------------------------------------+--------+-------------+------------+------------+-------------+--------+-----------------+
+----------------------------------------------------------------------------+--------+-------------+------------+------------+-------------+--------+-----------------+
| Point                                                                      | Fanout | Capacitance | Resistance | Transition | Delta Delay | Incr   | Path            |
+----------------------------------------------------------------------------+--------+-------------+------------+------------+-------------+--------+-----------------+
| clk (port)                                                                 |        | 0.033       | 0.000      | 0.000      |             | 0.000  | 0.000r          |
| clk (clock net)                                                            | 37     |             |            |            | NA          |        |                 |
| pc_1__reg_p:CK (DFFRQX2H7L)                                                |        | 0.001       | 0.000      | 0.000      |             | 0.000  | 0.000r          |
| clock core_clock (rise edge)                                               |        |             |            |            |             | 0      | 0               |
| clock network delay (ideal)                                                |        |             |            |            |             | 0.000  | 0.000           |
| pc_1__reg_p:CK (DFFRQX2H7L)                                                |        | 0.001       | 0.000      | 0.000      |             | 0.000  | 0.000r          |
| pc_1__reg_p:Q (DFFRQX2H7L)                                                 |        | 0.006       | 0.000      | 0.073      |             | 0.110  | 0.110r          |
| pc_1_ (net)                                                                | 9      |             |            |            | 0.000       |        |                 |
| pc_2__reg_p_D_XNOR2X0P5H7L_Y_B_NAND2X0P5H7L_Y:B (NAND2X0P5H7L)             |        | 0.001       | 0.000      | 0.073      |             | 0.000  | 0.110r          |
| pc_2__reg_p_D_XNOR2X0P5H7L_Y_B_NAND2X0P5H7L_Y:Y (NAND2X0P5H7L)             |        | 0.001       | 0.000      | 0.037      |             | 0.035  | 0.145f          |
| pc_2__reg_p_D_XNOR2X0P5H7L_Y_B (net)                                       | 2      |             |            |            | 0.000       |        |                 |
| pc_2__reg_p_D_XNOR2X0P5H7L_Y_B_NOR2BX1H7L_B:B (NOR2BX1H7L)                 |        | 0.001       | 0.000      | 0.037      |             | 0.000  | 0.145f          |
| pc_2__reg_p_D_XNOR2X0P5H7L_Y_B_NOR2BX1H7L_B:Z (NOR2BX1H7L)                 |        | 0.001       | 0.000      | 0.032      |             | 0.032  | 0.177r          |
| pc_2__reg_p_D_XNOR2X0P5H7L_Y_B_NOR2BX1H7L_B_Z (net)                        | 1      |             |            |            | 0.000       |        |                 |
| pc_2__reg_p_D_XNOR2X0P5H7L_Y_B_NOR2BX1H7L_B_Z_ICGX0P5H7L_E:E (ICGX0P5H7L)  |        | 0.001       | 0.000      | 0.032      |             | 0.000  | 0.177r          |
|                                                                            |        |             |            |            |             |        |                 |
| clk (port)                                                                 |        | 0.044       | 0.000      | 0.000      |             | 0.000  | 0.000r          |
| clk (clock net)                                                            | 37     |             |            |            | NA          |        |                 |
| pc_2__reg_p_D_XNOR2X0P5H7L_Y_B_NOR2BX1H7L_B_Z_ICGX0P5H7L_E:CK (ICGX0P5H7L) |        | 0.002       | 0.000      | 0.000      |             | 0.000  | 0.000r          |
| clock core_clock (rise edge)                                               |        |             |            |            |             | 0      | 0               |
| clock network delay (ideal)                                                |        |             |            |            |             | 0.000  | 0.000           |
| pc_2__reg_p_D_XNOR2X0P5H7L_Y_B_NOR2BX1H7L_B_Z_ICGX0P5H7L_E:CK (ICGX0P5H7L) |        |             |            |            |             |        | 0.000r          |
| library hold time                                                          |        |             |            |            |             | -0.014 | -0.014          |
| clock reconvergence pessimism                                              |        |             |            |            |             | -0.000 | -0.014          |
|                                                                            |        |             |            |            |             |        |                 |
| path cell delay                                                            |        |             |            |            |             |        | 0.177(100.000%) |
| path net delay                                                             |        |             |            |            |             |        | 0.000(0.000%)   |
|                                                                            |        |             |            |            |             |        |                 |
| data require time                                                          |        |             |            |            |             |        | -0.014          |
| data arrival time                                                          |        |             |            |            |             |        | 0.177           |
| slack (MET)                                                                |        |             |            |            |             |        | 0.191           |
+----------------------------------------------------------------------------+--------+-------------+------------+------------+-------------+--------+-----------------+
