I20260203 14:39:18.840617 80835 Sta.cc:383] read verilog file /home/biruide/ysyx-workbench/yosys-sta/result/ex7NW-500MHz/ex7NW.netlist.v start
I20260203 14:39:18.841049 80835 VerilogParserRustC.cc:41] load verilog file /home/biruide/ysyx-workbench/yosys-sta/result/ex7NW-500MHz/ex7NW.netlist.v
r str /home/biruide/ysyx-workbench/yosys-sta/result/ex7NW-500MHz/ex7NW.netlist.v
I20260203 14:39:18.843436 80835 Sta.cc:391] read verilog end
I20260203 14:39:18.843513 80835 Sta.cc:309] load lib start
I20260203 14:39:18.845983 80868 Sta.cc:287] read liberty /home/biruide/ysyx-workbench/yosys-sta/scripts/../pdk/icsprout55/IP/STD_cell/ics55_LLSC_H7C_V1p10C100/ics55_LLSC_H7CL/liberty/ics55_LLSC_H7CL_typ_tt_1p2_25_nldm.lib start 
I20260203 14:39:18.846261 80868 LibParserRustC.cc:1285] load liberty file /home/biruide/ysyx-workbench/yosys-sta/scripts/../pdk/icsprout55/IP/STD_cell/ics55_LLSC_H7C_V1p10C100/ics55_LLSC_H7CL/liberty/ics55_LLSC_H7CL_typ_tt_1p2_25_nldm.lib
rust read lib file /home/biruide/ysyx-workbench/yosys-sta/scripts/../pdk/icsprout55/IP/STD_cell/ics55_LLSC_H7C_V1p10C100/ics55_LLSC_H7CL/liberty/ics55_LLSC_H7CL_typ_tt_1p2_25_nldm.lib
I20260203 14:39:24.981216 80868 LibParserRustC.cc:1294] load liberty file /home/biruide/ysyx-workbench/yosys-sta/scripts/../pdk/icsprout55/IP/STD_cell/ics55_LLSC_H7C_V1p10C100/ics55_LLSC_H7CL/liberty/ics55_LLSC_H7CL_typ_tt_1p2_25_nldm.lib success.
I20260203 14:39:24.981330 80868 Sta.cc:297] read liberty /home/biruide/ysyx-workbench/yosys-sta/scripts/../pdk/icsprout55/IP/STD_cell/ics55_LLSC_H7C_V1p10C100/ics55_LLSC_H7CL/liberty/ics55_LLSC_H7CL_typ_tt_1p2_25_nldm.lib end 
I20260203 14:39:24.981716 80835 Sta.cc:328] load lib end
I20260203 14:39:24.981817 80835 Sta.cc:417] link design ex7NW start
I20260203 14:39:24.984066 80962 LibParserRustC.cc:1304] link liberty file /home/biruide/ysyx-workbench/yosys-sta/scripts/../pdk/icsprout55/IP/STD_cell/ics55_LLSC_H7C_V1p10C100/ics55_LLSC_H7CL/liberty/ics55_LLSC_H7CL_typ_tt_1p2_25_nldm.lib start.
I20260203 14:39:24.986048 80962 LibParserRustC.cc:666] unkown attri name: voltage_map in /home/biruide/ysyx-workbench/yosys-sta/scripts/../pdk/icsprout55/IP/STD_cell/ics55_LLSC_H7C_V1p10C100/ics55_LLSC_H7CL/liberty/ics55_LLSC_H7CL_typ_tt_1p2_25_nldm.lib line no 28
I20260203 14:39:43.188964 80962 LibParserRustC.cc:1310] link liberty file /home/biruide/ysyx-workbench/yosys-sta/scripts/../pdk/icsprout55/IP/STD_cell/ics55_LLSC_H7C_V1p10C100/ics55_LLSC_H7CL/liberty/ics55_LLSC_H7CL_typ_tt_1p2_25_nldm.lib success.
I20260203 14:39:43.196048 80835 Sta.cc:1106] link design ex7NW end
I20260203 14:39:43.196084 80835 Sta.cc:1108] design ex7NW inst num: 233
I20260203 14:39:43.196095 80835 Sta.cc:1110] design ex7NW net num: 238
I20260203 14:39:43.196099 80835 Sta.cc:1112] design ex7NW port num: 15
I20260203 14:39:43.196195 80835 Sta.cc:181] read sdc /home/biruide/ysyx-workbench/yosys-sta/scripts/default.sdc start 
I20260203 14:39:43.199980 80835 CmdCreateClock.cc:124] create clock core_clock for pin/port: clk
I20260203 14:39:43.200014 80835 Sta.cc:198] read sdc /home/biruide/ysyx-workbench/yosys-sta/scripts/default.sdc end 
I20260203 14:39:43.200059 80835 StaBuildGraph.cc:315] build graph start
I20260203 14:39:43.206003 80835 StaBuildGraph.cc:332] build graph end
I20260203 14:39:43.206151 80835 Sta.cc:2834] update timing start
I20260203 14:39:43.206370 80835 StaApplySdc.cc:698] apply sdc start
I20260203 14:39:43.206413 80835 StaApplySdc.cc:729] apply sdc end
I20260203 14:39:43.206420 80835 StaClockPropagation.cc:324] ideal clock propagation start
I20260203 14:39:43.206429 80835 StaClockPropagation.cc:354] clock propagation clock num: 1
I20260203 14:39:43.206473 80835 StaClockPropagation.cc:203] clock propagate end to vertex fifo[3]_0__reg_p:CK
I20260203 14:39:43.206782 80835 StaClockPropagation.cc:422] ideal clock propagation end
I20260203 14:39:43.206815 80835 StaCheck.cc:129] found loop fwd start
I20260203 14:39:43.206908 80835 StaCheck.cc:148] found loop fwd end
I20260203 14:39:43.206935 80835 StaCheck.cc:150] found loop bwd start
I20260203 14:39:43.207065 80835 StaCheck.cc:172] found loop bwd end
I20260203 14:39:43.207134 80835 StaClockSlewDelayPropagation.cc:112] clock slew delay propagation start
I20260203 14:39:43.207154 80835 StaClockSlewDelayPropagation.cc:130] propagating current clock queue vertexes number is 1
I20260203 14:39:43.208447 80835 StaClockSlewDelayPropagation.cc:130] propagating current clock queue vertexes number is 19
I20260203 14:39:43.208743 80835 StaClockSlewDelayPropagation.cc:130] propagating current clock queue vertexes number is 12
I20260203 14:39:43.209228 80835 StaClockSlewDelayPropagation.cc:130] propagating current clock queue vertexes number is 85
I20260203 14:39:43.210126 80835 StaClockSlewDelayPropagation.cc:163] clock slew delay propagation end
I20260203 14:39:43.210474 80835 StaClockSlewDelayPropagation.cc:166] clock slew delay propagation memory usage 0MB
I20260203 14:39:43.210579 80835 StaClockSlewDelayPropagation.cc:169] clock slew delay propagation time elapsed 0.003445s
I20260203 14:39:43.210765 80835 StaClockPropagation.cc:326] propagated(kNormal) clock propagation start
I20260203 14:39:43.210791 80835 StaClockPropagation.cc:354] clock propagation clock num: 1
I20260203 14:39:43.210803 80835 StaClockPropagation.cc:424] propagated(kNormal) clock propagation end
I20260203 14:39:43.210810 80835 StaApplySdc.cc:698] apply sdc start
I20260203 14:39:43.210815 80835 StaApplySdc.cc:729] apply sdc end
I20260203 14:39:43.210820 80835 StaClockPropagation.cc:328] propagated(kGenerated) clock propagation start
I20260203 14:39:43.210824 80835 StaClockPropagation.cc:354] clock propagation clock num: 1
I20260203 14:39:43.210829 80835 StaClockPropagation.cc:426] propagated(kGenerated) clock propagation end
I20260203 14:39:43.210832 80835 StaApplySdc.cc:698] apply sdc start
I20260203 14:39:43.210836 80835 StaApplySdc.cc:729] apply sdc end
I20260203 14:39:43.210841 80835 StaBuildPropTag.cc:325] build propagation tag start
I20260203 14:39:43.210846 80835 StaBuildPropTag.cc:338] build propagation tag end
I20260203 14:39:43.210851 80835 StaDataPropagation.cc:676] data fwd propagation start
I20260203 14:39:43.210892 80835 StaDataPropagationBFS.cc:166] data fwd propagation bfs start
I20260203 14:39:43.210963 80835 StaDataPropagationBFS.cc:190] propagating current data queue vertexes number is 96
I20260203 14:39:43.215843 81103 StaDataPropagationBFS.cc:82] Thread 138459008202304 date fwd propagate found start vertex.ps2_data
I20260203 14:39:43.215775 81134 StaDataPropagationBFS.cc:82] Thread 138458714588736 date fwd propagate found start vertex.ps2_clk
I20260203 14:39:43.215937 81116 StaDataPropagationBFS.cc:82] Thread 138459117241920 date fwd propagate found start vertex.buffer_2__reg_p:CK
I20260203 14:39:43.215950 81122 StaDataPropagationBFS.cc:82] Thread 138458957846080 date fwd propagate found start vertex.buffer_3__reg_p:CK
I20260203 14:39:43.215893 81107 StaDataPropagationBFS.cc:82] Thread 138459399308864 date fwd propagate found start vertex.buffer_0__reg_p:CK
I20260203 14:39:43.215965 81120 StaDataPropagationBFS.cc:82] Thread 138458974631488 date fwd propagate found start vertex.buffer_5__reg_p:CK
I20260203 14:39:43.215749 81102 StaDataPropagationBFS.cc:82] Thread 138458999809600 date fwd propagate found start vertex.clrn
[0;31mE20260203 14:39:43.216054 81120 Lib.cc:181] Warning: val outside table ranges:  val = 0; min_val = 0.0121961; max_val = 0.795659
[m[0;31mE20260203 14:39:43.215997 81116 Lib.cc:181] Warning: val outside table ranges:  val = 0; min_val = 0.0121961; max_val = 0.795659
[mI20260203 14:39:43.215857 81104 StaDataPropagationBFS.cc:82] Thread 138459088778816 date fwd propagate found start vertex.nextdata_n
[0;31mE20260203 14:39:43.215997 81134 Lib.cc:181] Warning: val outside table ranges:  val = 0; min_val = 0.0121961; max_val = 0.795659
[m[0;31mE20260203 14:39:43.216176 81106 Lib.cc:181] Warning: val outside table ranges:  val = 0; min_val = 0.0121961; max_val = 0.795659
[m[0;31mE20260203 14:39:43.216219 81105 Lib.cc:181] Warning: val outside table ranges:  val = 0; min_val = 0.0121961; max_val = 0.795659
[mI20260203 14:39:43.216225 81108 StaDataPropagationBFS.cc:82] Thread 138459390916160 date fwd propagate found start vertex.buffer_1__reg_p:CK
[0;31mE20260203 14:39:43.216012 81107 Lib.cc:181] Warning: val outside table ranges:  val = 0; min_val = 0.0121961; max_val = 0.795659
[m[0;31mE20260203 14:39:43.216001 81122 Lib.cc:181] Warning: val outside table ranges:  val = 0; min_val = 0.0121961; max_val = 0.795659
[m[0;31mE20260203 14:39:43.216327 81124 Lib.cc:181] Warning: val outside table ranges:  val = 0; min_val = 0.0121961; max_val = 0.795659
[m[0;31mE20260203 14:39:43.216440 81109 Lib.cc:181] Warning: val outside table ranges:  val = 0; min_val = 0.0121961; max_val = 0.795659
[m[0;31mE20260203 14:39:43.216495 81123 Lib.cc:181] Warning: val outside table ranges:  val = 0; min_val = 0.0121961; max_val = 0.795659
[mI20260203 14:39:43.215956 81103 StaDataPropagationBFS.cc:82] Thread 138459008202304 date fwd propagate found start vertex.buffer_4__reg_p:CK
I20260203 14:39:43.441635 80835 StaDataPropagationBFS.cc:190] propagating current data queue vertexes number is 102
I20260203 14:39:43.446255 80835 StaDataPropagationBFS.cc:190] propagating current data queue vertexes number is 218
I20260203 14:39:43.453522 80835 StaDataPropagationBFS.cc:190] propagating current data queue vertexes number is 46
I20260203 14:39:43.458459 80835 StaDataPropagationBFS.cc:190] propagating current data queue vertexes number is 95
I20260203 14:39:43.464195 80835 StaDataPropagationBFS.cc:190] propagating current data queue vertexes number is 34
I20260203 14:39:43.467097 80835 StaDataPropagationBFS.cc:190] propagating current data queue vertexes number is 55
I20260203 14:39:43.471055 80835 StaDataPropagationBFS.cc:190] propagating current data queue vertexes number is 46
I20260203 14:39:43.474996 80835 StaDataPropagationBFS.cc:190] propagating current data queue vertexes number is 60
I20260203 14:39:43.479522 80835 StaDataPropagationBFS.cc:190] propagating current data queue vertexes number is 27
I20260203 14:39:43.483062 80835 StaDataPropagationBFS.cc:190] propagating current data queue vertexes number is 27
I20260203 14:39:43.486490 80835 StaDataPropagationBFS.cc:190] propagating current data queue vertexes number is 2
I20260203 14:39:43.489192 80835 StaDataPropagationBFS.cc:190] propagating current data queue vertexes number is 2
I20260203 14:39:43.491154 80835 StaDataPropagationBFS.cc:229] data fwd propagation bfs end
I20260203 14:39:43.491222 80835 StaDataPropagationBFS.cc:232] data fwd propagation bfs memory usage 1703.7MB
I20260203 14:39:43.491238 80835 StaDataPropagationBFS.cc:234] data fwd propagation bfs time elapsed 0.280345s
I20260203 14:39:43.491245 80835 StaDataPropagation.cc:695] data fwd propagation end
I20260203 14:39:43.491250 80835 StaDataPropagation.cc:676] data fwd propagation start
I20260203 14:39:43.491264 80835 StaDataPropagationBFS.cc:166] data fwd propagation bfs start
I20260203 14:39:43.491309 80835 StaDataPropagationBFS.cc:190] propagating current data queue vertexes number is 0
I20260203 14:39:43.495538 80835 StaDataPropagationBFS.cc:229] data fwd propagation bfs end
I20260203 14:39:43.495632 80835 StaDataPropagationBFS.cc:232] data fwd propagation bfs memory usage 0.132MB
I20260203 14:39:43.495646 80835 StaDataPropagationBFS.cc:234] data fwd propagation bfs time elapsed 0.004382s
I20260203 14:39:43.495653 80835 StaDataPropagation.cc:695] data fwd propagation end
I20260203 14:39:43.495661 80835 StaAnalyze.cc:557] analyze timing path start
I20260203 14:39:43.495667 80835 StaAnalyze.cc:565] analyze timing path end vertex 1 total 114 start
[0;31mE20260203 14:39:43.495674 80835 StaAnalyze.cc:328] The output port data_5_ is not constrained
[m[0;31mE20260203 14:39:43.495707 80835 StaAnalyze.cc:328] The output port data_5_ is not constrained
[mI20260203 14:39:43.495714 80835 StaAnalyze.cc:599] analyze timing path end vertex 1 total 114 end
[0;31mE20260203 14:39:43.496047 80835 StaAnalyze.cc:328] The output port data_6_ is not constrained
[m[0;31mE20260203 14:39:43.496068 80835 StaAnalyze.cc:328] The output port data_6_ is not constrained
[m[0;31mE20260203 14:39:43.496075 80835 StaAnalyze.cc:328] The output port data_7_ is not constrained
[m[0;31mE20260203 14:39:43.496080 80835 StaAnalyze.cc:328] The output port data_7_ is not constrained
[m[0;31mE20260203 14:39:43.496085 80835 StaAnalyze.cc:328] The output port ready is not constrained
[m[0;31mE20260203 14:39:43.496090 80835 StaAnalyze.cc:328] The output port ready is not constrained
[m[0;31mE20260203 14:39:43.496094 80835 StaAnalyze.cc:328] The output port overflow is not constrained
[m[0;31mE20260203 14:39:43.496099 80835 StaAnalyze.cc:328] The output port overflow is not constrained
[mI20260203 14:39:43.496119 80835 StaAnalyze.cc:565] analyze timing path end vertex 11 total 114 start
I20260203 14:39:43.496191 80835 StaAnalyze.cc:303] add path data num 2 to buffer_0__reg_p:D
I20260203 14:39:43.496210 80835 StaAnalyze.cc:599] analyze timing path end vertex 11 total 114 end
I20260203 14:39:43.496315 80835 StaAnalyze.cc:565] analyze timing path end vertex 21 total 114 start
I20260203 14:39:43.496351 80835 StaAnalyze.cc:599] analyze timing path end vertex 21 total 114 end
I20260203 14:39:43.496407 80835 StaAnalyze.cc:565] analyze timing path end vertex 31 total 114 start
I20260203 14:39:43.496434 80835 StaAnalyze.cc:599] analyze timing path end vertex 31 total 114 end
I20260203 14:39:43.496507 80835 StaAnalyze.cc:565] analyze timing path end vertex 41 total 114 start
I20260203 14:39:43.496521 80835 StaAnalyze.cc:599] analyze timing path end vertex 41 total 114 end
I20260203 14:39:43.496572 80835 StaAnalyze.cc:565] analyze timing path end vertex 51 total 114 start
I20260203 14:39:43.496582 80835 StaAnalyze.cc:599] analyze timing path end vertex 51 total 114 end
I20260203 14:39:43.496625 80835 StaAnalyze.cc:565] analyze timing path end vertex 61 total 114 start
I20260203 14:39:43.496637 80835 StaAnalyze.cc:599] analyze timing path end vertex 61 total 114 end
I20260203 14:39:43.496657 80835 StaAnalyze.cc:303] add path data num 2 to fifo[4]_1__MUX4X1P4H7L_A_S0_BUFX1P4H7L_Y_A_DFFQX1H7L_Q:D
I20260203 14:39:43.496690 80835 StaAnalyze.cc:565] analyze timing path end vertex 71 total 114 start
I20260203 14:39:43.496697 80835 StaAnalyze.cc:599] analyze timing path end vertex 71 total 114 end
I20260203 14:39:43.496749 80835 StaAnalyze.cc:565] analyze timing path end vertex 81 total 114 start
I20260203 14:39:43.496759 80835 StaAnalyze.cc:599] analyze timing path end vertex 81 total 114 end
I20260203 14:39:43.496804 80835 StaAnalyze.cc:565] analyze timing path end vertex 91 total 114 start
I20260203 14:39:43.496814 80835 StaAnalyze.cc:599] analyze timing path end vertex 91 total 114 end
I20260203 14:39:43.496922 80835 StaAnalyze.cc:565] analyze timing path end vertex 101 total 114 start
I20260203 14:39:43.496951 80835 StaAnalyze.cc:599] analyze timing path end vertex 101 total 114 end
I20260203 14:39:43.497010 80835 StaAnalyze.cc:565] analyze timing path end vertex 111 total 114 start
I20260203 14:39:43.497025 80835 StaAnalyze.cc:599] analyze timing path end vertex 111 total 114 end
I20260203 14:39:43.497046 80835 StaAnalyze.cc:603] analyze timing path end
I20260203 14:39:43.497056 80835 StaApplySdc.cc:698] apply sdc start
I20260203 14:39:43.497061 80835 StaApplySdc.cc:729] apply sdc end
I20260203 14:39:43.497066 80835 StaDataPropagation.cc:698] data bwd propagation start
I20260203 14:39:43.498951 80835 StaDataPropagation.cc:249] propagate start vertex buffer_0__reg_p:CK
I20260203 14:39:43.498993 80835 StaDataPropagation.cc:172] Thread 138459436572800 data bwd propagate found end vertex.clrn_NAND3BX0P5H7L_C_Y_NOR4BX2H7L_D_Y_ICGX0P5H7L_E:E
I20260203 14:39:43.499014 80835 StaDataPropagation.cc:172] Thread 138459436572800 data bwd propagate found end vertex.clrn_NAND3BX0P5H7L_C_Y_NOR4X2H7L_D_Y_ICGX0P5H7L_E:E
I20260203 14:39:43.499023 80835 StaDataPropagation.cc:172] Thread 138459436572800 data bwd propagate found end vertex.clrn_NAND3X0P5H7L_A_Y_NOR4BX2H7L_D_Y_ICGX0P5H7L_E:E
I20260203 14:39:43.499033 80835 StaDataPropagation.cc:172] Thread 138459436572800 data bwd propagate found end vertex.clrn_NAND3X0P5H7L_A_Y_NOR4X2H7L_D_Y_ICGX0P5H7L_E:E
I20260203 14:39:43.499045 80835 StaDataPropagation.cc:172] Thread 138459436572800 data bwd propagate found end vertex.overflow_reg_p_CK_ICGX0P5H7L_ECK:E
I20260203 14:39:43.499054 80835 StaDataPropagation.cc:172] Thread 138459436572800 data bwd propagate found end vertex.ready_reg_p:D
I20260203 14:39:43.499064 80835 StaDataPropagation.cc:172] Thread 138459436572800 data bwd propagate found end vertex.w_ptr_0__reg_p_D_NAND2BX0P5H7L_B_Y_NOR4BX2H7L_D_Y_ICGX0P5H7L_E:E
I20260203 14:39:43.499184 80835 StaDataPropagation.cc:172] Thread 138459436572800 data bwd propagate found end vertex.w_ptr_0__reg_p_D_NAND2BX0P5H7L_B_Y_NOR4X2H7L_D_Y_ICGX0P5H7L_E:E
I20260203 14:39:43.499251 80835 StaDataPropagation.cc:172] Thread 138459436572800 data bwd propagate found end vertex.w_ptr_0__reg_p_D_NAND2X0P5H7L_B_Y_NOR4BX2H7L_D_Y_ICGX0P5H7L_E:E
I20260203 14:39:43.499264 80835 StaDataPropagation.cc:172] Thread 138459436572800 data bwd propagate found end vertex.w_ptr_0__reg_p_D_NAND2X0P5H7L_B_Y_NOR4X2H7L_D_Y_ICGX0P5H7L_E:E
I20260203 14:39:43.500994 80835 StaDataPropagation.cc:703] data bwd propagation end
I20260203 14:39:43.501032 80835 Sta.cc:2895] update timing end
I20260203 14:39:43.501080 80835 Sta.cc:2898] update timing memory usage 1703.83MB
I20260203 14:39:43.501091 80835 Sta.cc:2900] update timing time elapsed 0.29494s
I20260203 14:39:43.501303 80835 Sta.cc:2998] start write sta report.
I20260203 14:39:43.501317 80835 Sta.cc:2999] output sta report path: /home/biruide/ysyx-workbench/yosys-sta/result/ex7NW-500MHz
I20260203 14:39:43.502173 80835 StaReport.cc:211] report the clock group core_clock 5 timing paths.
I20260203 14:39:43.502211 80835 StaReport.cc:206] report the clock group **clock_gating_default** 5 timing paths.
I20260203 14:39:43.502900 80835 StaReport.cc:211] report the clock group core_clock 5 timing paths.
I20260203 14:39:43.503433 80835 StaReport.cc:206] report the clock group **clock_gating_default** 5 timing paths.
I20260203 14:39:43.503469 80835 StaReport.cc:211] report the clock group core_clock 1 timing paths.
I20260203 14:39:43.503475 80835 StaReport.cc:206] report the clock group **clock_gating_default** 1 timing paths.
I20260203 14:39:43.503515 80835 StaReport.cc:211] report the clock group core_clock 5 timing paths.
I20260203 14:39:43.503562 80835 StaReport.cc:206] report the clock group **clock_gating_default** 5 timing paths.
I20260203 14:39:43.504369 80835 StaReport.cc:211] report the clock group core_clock 5 timing paths.
I20260203 14:39:43.504812 80835 StaReport.cc:206] report the clock group **clock_gating_default** 5 timing paths.
I20260203 14:39:43.504873 80835 StaReport.cc:211] report the clock group core_clock 1 timing paths.
I20260203 14:39:43.504882 80835 StaReport.cc:206] report the clock group **clock_gating_default** 1 timing paths.
I20260203 14:39:43.504886 80835 Sta.cc:1885] 
+------------------------------------------------------------------+--------------------------+------------+------------+---------------+-------+-------+-----------+
| Endpoint                                                         | Clock Group              | Delay Type | Path Delay | Path Required | CPPR  | Slack | Freq(MHz) |
+------------------------------------------------------------------+--------------------------+------------+------------+---------------+-------+-------+-----------+
| ready_reg_p:D                                                    | core_clock               | max        | 0.408f     | 1.955         | 0.000 | 1.547 | 2208.237  |
| ready_reg_p:D                                                    | core_clock               | max        | 0.402r     | 1.969         | 0.000 | 1.568 | 2312.625  |
| overflow_reg_p:D                                                 | core_clock               | max        | 0.359f     | 1.954         | 0.000 | 1.595 | 2467.205  |
| overflow_reg_p:D                                                 | core_clock               | max        | 0.371r     | 1.969         | 0.000 | 1.598 | 2488.732  |
| buffer_4__reg_p:D                                                | core_clock               | max        | 0.328r     | 1.973         | 0.000 | 1.645 | 2812.995  |
| w_ptr_0__reg_p_D_NAND2BX0P5H7L_B_Y_NOR4BX2H7L_D_Y_ICGX0P5H7L_E:E | **clock_gating_default** | max        | 0.406r     | 1.940         | 0.000 | 1.534 | NA        |
| clrn_NAND3X0P5H7L_A_Y_NOR4BX2H7L_D_Y_ICGX0P5H7L_E:E              | **clock_gating_default** | max        | 0.406r     | 1.940         | 0.000 | 1.534 | NA        |
| clrn_NAND3BX0P5H7L_C_Y_NOR4BX2H7L_D_Y_ICGX0P5H7L_E:E             | **clock_gating_default** | max        | 0.406r     | 1.940         | 0.000 | 1.534 | NA        |
| w_ptr_0__reg_p_D_NAND2X0P5H7L_B_Y_NOR4BX2H7L_D_Y_ICGX0P5H7L_E:E  | **clock_gating_default** | max        | 0.406r     | 1.940         | 0.000 | 1.534 | NA        |
| w_ptr_0__reg_p_D_NAND2X0P5H7L_B_Y_NOR4X2H7L_D_Y_ICGX0P5H7L_E:E   | **clock_gating_default** | max        | 0.406r     | 1.940         | 0.000 | 1.534 | NA        |
| ps2_clk_sync_1__reg_p:D                                          | core_clock               | min        | 0.059f     | -0.008        | 0.000 | 0.067 | NA        |
| ps2_clk_sync_2__reg_p:D                                          | core_clock               | min        | 0.064f     | -0.008        | 0.000 | 0.072 | NA        |
| ps2_clk_sync_1__reg_p:D                                          | core_clock               | min        | 0.080r     | -0.015        | 0.000 | 0.095 | NA        |
| ps2_clk_sync_2__reg_p:D                                          | core_clock               | min        | 0.085r     | -0.018        | 0.000 | 0.103 | NA        |
| fifo[6]_6__reg_p:D                                               | core_clock               | min        | 0.093f     | -0.015        | 0.000 | 0.107 | NA        |
| sampling_ICGX0P5H7L_E:E                                          | **clock_gating_default** | min        | 0.099f     | -0.007        | 0.000 | 0.106 | NA        |
| r_ptr_0__reg_p_CK_ICGX0P5H7L_ECK:E                               | **clock_gating_default** | min        | 0.105f     | -0.009        | 0.000 | 0.113 | NA        |
| w_ptr_0__reg_p_D_NAND2X0P5H7L_B_Y_NOR4X2H7L_D_Y_ICGX0P5H7L_E:E   | **clock_gating_default** | min        | 0.128f     | -0.001        | 0.000 | 0.130 | NA        |
| w_ptr_0__reg_p_D_NAND2X0P5H7L_B_Y_NOR4BX2H7L_D_Y_ICGX0P5H7L_E:E  | **clock_gating_default** | min        | 0.128f     | -0.002        | 0.000 | 0.130 | NA        |
| clrn_NAND3X0P5H7L_A_Y_NOR4X2H7L_D_Y_ICGX0P5H7L_E:E               | **clock_gating_default** | min        | 0.130f     | -0.002        | 0.000 | 0.132 | NA        |
+------------------------------------------------------------------+--------------------------+------------+------------+---------------+-------+-------+-----------+
I20260203 14:39:43.505321 80835 Sta.cc:1886] 
+------------+------------+-------+
| Clock      | Delay Type | TNS   |
+------------+------------+-------+
| core_clock | max        | 0.000 |
| core_clock | min        | 0.000 |
+------------+------------+-------+
I20260203 14:39:43.525345 80835 NetlistWriter.cc:52] start write verilog file /home/biruide/ysyx-workbench/yosys-sta/result/ex7NW-500MHz/ex7NW.v
I20260203 14:39:43.527206 80835 NetlistWriter.cc:71] finish write verilog file /home/biruide/ysyx-workbench/yosys-sta/result/ex7NW-500MHz/ex7NW.v
I20260203 14:39:43.527266 80835 Sta.cc:3111] used lib: /home/biruide/ysyx-workbench/yosys-sta/scripts/../pdk/icsprout55/IP/STD_cell/ics55_LLSC_H7C_V1p10C100/ics55_LLSC_H7CL/liberty/ics55_LLSC_H7CL_typ_tt_1p2_25_nldm.lib
I20260203 14:39:43.527272 80835 Sta.cc:3096] The timing engine run success.
I20260203 14:39:43.527375 80835 Power.cc:854] build graph and seq graph start
I20260203 14:39:43.527395 80835 PwrBuildGraph.cc:80] build power graph start
I20260203 14:39:43.528406 80835 PwrBuildGraph.cc:170] build power graph end
I20260203 14:39:43.528445 80835 PwrBuildGraph.cc:172] build power graph memory usage 0MB
I20260203 14:39:43.528455 80835 PwrBuildGraph.cc:174] build power graph time elapsed 0.001059s
I20260203 14:39:43.528472 80835 PwrBuildSeqGraph.cc:326] build seq graph start
I20260203 14:39:43.539151 80835 PwrBuildSeqGraph.cc:330] build seq graph end
I20260203 14:39:43.539204 80835 PwrBuildSeqGraph.cc:332] seq inst num: 92
I20260203 14:39:43.539209 80835 PwrBuildSeqGraph.cc:333] input port num: 5
I20260203 14:39:43.539212 80835 PwrBuildSeqGraph.cc:334] output port num: 10
I20260203 14:39:43.539215 80835 PwrBuildSeqGraph.cc:335] seq macro num: 0
I20260203 14:39:43.539232 80835 PwrBuildSeqGraph.cc:336] seq arc num: 303
I20260203 14:39:43.539235 80835 PwrBuildSeqGraph.cc:339] seq vertex max fanout: 15
I20260203 14:39:43.539242 80835 PwrBuildSeqGraph.cc:340] seq vertex max fanin: 26
I20260203 14:39:43.539321 80835 PwrBuildSeqGraph.cc:343] build seq graph memory usage 591.34MB
I20260203 14:39:43.539336 80835 PwrBuildSeqGraph.cc:345] build seq graph time elapsed 0.010864s
I20260203 14:39:43.539381 80835 Power.cc:861] build graph and seq graph end
I20260203 14:39:43.539404 80835 Power.cc:863] build graph and seq graph memory usage 591.34MB
I20260203 14:39:43.539410 80835 Power.cc:866] build graph and seq graph time elapsed 0.012036s
I20260203 14:39:43.539422 80835 Power.cc:871] power annotate vcd start
I20260203 14:39:43.539425 80835 Power.cc:128] annotate toggle sp start
I20260203 14:39:43.539429 80835 Power.cc:134] annotate toggle sp end
I20260203 14:39:43.539433 80835 Power.cc:878] power vcd annotate end
I20260203 14:39:43.539443 80835 Power.cc:880] power vcd annotate memory usage 0MB
I20260203 14:39:43.539446 80835 Power.cc:882] power vcd annotate time elapsed 2.5e-05s
I20260203 14:39:43.539458 80835 Power.cc:896] power propagation start
I20260203 14:39:43.539482 80835 PwrCheckPipelineLoop.cc:122] check pipeline loop start
I20260203 14:39:43.539508 80835 PwrCheckPipelineLoop.cc:129] check pipeline loop end
I20260203 14:39:43.539531 80835 PwrCheckPipelineLoop.cc:137] check pipeline loop memory usage 0MB
I20260203 14:39:43.539536 80835 PwrCheckPipelineLoop.cc:139] check pipeline loop time elapsed 5.4e-05s
I20260203 14:39:43.539556 80835 PwrLevelizeSeqGraph.cc:93] seq levelization start
I20260203 14:39:43.539572 80835 PwrLevelizeSeqGraph.cc:101] seq levelization end
I20260203 14:39:43.539575 80835 PwrLevelizeSeqGraph.cc:103] the seq graph's level depth 9
I20260203 14:39:43.539589 80835 PwrLevelizeSeqGraph.cc:116] levelization memory usage 0MB
I20260203 14:39:43.539593 80835 PwrLevelizeSeqGraph.cc:118] levelization time elapsed 3.7e-05s
I20260203 14:39:43.539609 80835 PwrPropagateConst.cc:184] propagate const start
I20260203 14:39:43.539676 80835 PwrPropagateConst.cc:288] propagate const end
I20260203 14:39:43.539695 80835 PwrPropagateConst.cc:290] propagate const memory usage 0MB
I20260203 14:39:43.539700 80835 PwrPropagateConst.cc:292] propagate const time elapsed 9e-05s
I20260203 14:39:43.539713 80835 PwrPropagateToggleSP.cc:202] propagate toggle sp start
I20260203 14:39:43.544160 81686 PwrPropagateToggleSP.cc:66] power vertex ps2_clk_sync_0__reg_p:D not found launch clock domain.
I20260203 14:39:43.548494 80835 PwrPropagateToggleSP.cc:316] propagate toggle sp end
I20260203 14:39:43.548588 80835 PwrPropagateToggleSP.cc:319] propagate toggle sp memory usage 0MB
I20260203 14:39:43.548600 80835 PwrPropagateToggleSP.cc:321] propagate toggle sp time elapsed 0.008888s
I20260203 14:39:43.548620 80835 PwrPropagateClock.cc:68] propagate clock start
I20260203 14:39:43.548646 80835 PwrPropagateClock.cc:80] propagate clock end
I20260203 14:39:43.548661 80835 PwrPropagateClock.cc:82] propagate clock memory usage 0MB
I20260203 14:39:43.548666 80835 PwrPropagateClock.cc:84] propagate clock time elapsed 4.5e-05s
I20260203 14:39:43.548669 80835 Power.cc:914] power propagation end
I20260203 14:39:43.548681 80835 Power.cc:916] power propagation memory usage 0MB
I20260203 14:39:43.548684 80835 Power.cc:918] power propagation time elapsed 0.009227s
I20260203 14:39:43.548702 80835 Power.cc:267] power calculation start
I20260203 14:39:43.548720 80835 PwrCalcLeakagePower.cc:85] calc leakage power start
I20260203 14:39:43.608357 80835 PwrCalcLeakagePower.cc:119] calc leakage power result 0.00090895mw
I20260203 14:39:43.608449 80835 PwrCalcLeakagePower.cc:122] calc leakage power end
I20260203 14:39:43.608523 80835 PwrCalcLeakagePower.cc:124] calc leakage power memory usage 0MB
I20260203 14:39:43.608531 80835 PwrCalcLeakagePower.cc:126] calc leakage power time elapsed 0.059811s
I20260203 14:39:43.608557 80835 PwrCalcInternalPower.cc:565] calc internal power start
[0;31mE20260203 14:39:43.608870 80835 PwrCalcInternalPower.cc:97] buffer_0__NAND4BX3H7L_AN:B rise slew is not exist.
[m[0;31mE20260203 14:39:43.608918 80835 PwrCalcInternalPower.cc:97] buffer_0__NAND4BX3H7L_AN:B rise slew is not exist.
[m[0;31mE20260203 14:39:43.608927 80835 PwrCalcInternalPower.cc:97] buffer_0__NAND4BX3H7L_AN:B rise slew is not exist.
[m[0;31mE20260203 14:39:43.608949 80835 PwrCalcInternalPower.cc:97] buffer_0__NAND4BX3H7L_AN:B rise slew is not exist.
[m[0;31mE20260203 14:39:43.608956 80835 PwrCalcInternalPower.cc:97] buffer_0__NAND4BX3H7L_AN:B rise slew is not exist.
[m[0;31mE20260203 14:39:43.608963 80835 PwrCalcInternalPower.cc:97] buffer_0__NAND4BX3H7L_AN:B rise slew is not exist.
[m[0;31mE20260203 14:39:43.608968 80835 PwrCalcInternalPower.cc:97] buffer_0__NAND4BX3H7L_AN:B rise slew is not exist.
[m[0;31mE20260203 14:39:43.608974 80835 PwrCalcInternalPower.cc:97] buffer_0__NAND4BX3H7L_AN:B rise slew is not exist.
[m[0;31mE20260203 14:39:43.608981 80835 PwrCalcInternalPower.cc:97] buffer_0__NAND4BX3H7L_AN:B rise slew is not exist.
[m[0;31mE20260203 14:39:43.608989 80835 PwrCalcInternalPower.cc:97] buffer_0__NAND4BX3H7L_AN:B rise slew is not exist.
[m[0;31mE20260203 14:39:43.608994 80835 PwrCalcInternalPower.cc:97] buffer_0__NAND4BX3H7L_AN:B rise slew is not exist.
[m[0;31mE20260203 14:39:43.609000 80835 PwrCalcInternalPower.cc:97] buffer_0__NAND4BX3H7L_AN:B rise slew is not exist.
[m[0;31mE20260203 14:39:43.609007 80835 PwrCalcInternalPower.cc:97] buffer_0__NAND4BX3H7L_AN:B rise slew is not exist.
[m[0;31mE20260203 14:39:43.609014 80835 PwrCalcInternalPower.cc:97] buffer_0__NAND4BX3H7L_AN:B rise slew is not exist.
[m[0;31mE20260203 14:39:43.609302 80835 PwrCalcInternalPower.cc:205] buffer_0__NAND4BX3H7L_AN:B input slew is not exist.
[m[0;31mE20260203 14:39:43.609579 80835 PwrCalcInternalPower.cc:97] buffer_0__reg_p_D_MUX2X0P5H7L_Y:B rise slew is not exist.
[m[0;31mE20260203 14:39:43.609602 80835 PwrCalcInternalPower.cc:97] buffer_0__reg_p_D_MUX2X0P5H7L_Y:B rise slew is not exist.
[m[0;31mE20260203 14:39:43.610788 80835 PwrCalcInternalPower.cc:97] buffer_1__reg_p_D_MUX2X0P5H7L_Y:B rise slew is not exist.
[m[0;31mE20260203 14:39:43.610810 80835 PwrCalcInternalPower.cc:97] buffer_1__reg_p_D_MUX2X0P5H7L_Y:B rise slew is not exist.
[m[0;31mE20260203 14:39:43.610879 80835 PwrCalcInternalPower.cc:205] buffer_1__reg_p_D_MUX2X0P5H7L_Y:B input slew is not exist.
[m[0;31mE20260203 14:39:43.611301 80835 PwrCalcInternalPower.cc:97] buffer_2__reg_p_D_MUX2X0P5H7L_Y:B rise slew is not exist.
[m[0;31mE20260203 14:39:43.611321 80835 PwrCalcInternalPower.cc:97] buffer_2__reg_p_D_MUX2X0P5H7L_Y:B rise slew is not exist.
[m[0;31mE20260203 14:39:43.611682 80835 PwrCalcInternalPower.cc:97] buffer_3__reg_p_D_MUX2X0P5H7L_Y:B rise slew is not exist.
[m[0;31mE20260203 14:39:43.611693 80835 PwrCalcInternalPower.cc:97] buffer_3__reg_p_D_MUX2X0P5H7L_Y:B rise slew is not exist.
[m[0;31mE20260203 14:39:43.612154 80835 PwrCalcInternalPower.cc:97] buffer_4__reg_p_D_MUX2X0P5H7L_Y:B rise slew is not exist.
[m[0;31mE20260203 14:39:43.612176 80835 PwrCalcInternalPower.cc:97] buffer_4__reg_p_D_MUX2X0P5H7L_Y:B rise slew is not exist.
[m[0;31mE20260203 14:39:43.612241 80835 PwrCalcInternalPower.cc:205] buffer_4__reg_p_D_MUX2X0P5H7L_Y:B input slew is not exist.
[m[0;31mE20260203 14:39:43.612553 80835 PwrCalcInternalPower.cc:97] buffer_5__reg_p_D_MUX2X0P5H7L_Y:B rise slew is not exist.
[m[0;31mE20260203 14:39:43.612567 80835 PwrCalcInternalPower.cc:97] buffer_5__reg_p_D_MUX2X0P5H7L_Y:B rise slew is not exist.
[m[0;31mE20260203 14:39:43.612818 80835 PwrCalcInternalPower.cc:97] buffer_6__reg_p_D_MUX2X0P5H7L_Y:B rise slew is not exist.
[m[0;31mE20260203 14:39:43.612828 80835 PwrCalcInternalPower.cc:97] buffer_6__reg_p_D_MUX2X0P5H7L_Y:B rise slew is not exist.
[m[0;31mE20260203 14:39:43.612890 80835 PwrCalcInternalPower.cc:205] buffer_6__reg_p_D_MUX2X0P5H7L_Y:B input slew is not exist.
[m[0;31mE20260203 14:39:43.613075 80835 PwrCalcInternalPower.cc:97] buffer_7__reg_p_D_MUX2X0P5H7L_Y:B rise slew is not exist.
[m[0;31mE20260203 14:39:43.613102 80835 PwrCalcInternalPower.cc:97] buffer_7__reg_p_D_MUX2X0P5H7L_Y:B rise slew is not exist.
[m[0;31mE20260203 14:39:43.613325 80835 PwrCalcInternalPower.cc:97] buffer_8__reg_p_D_MUX2X0P5H7L_Y:B rise slew is not exist.
[m[0;31mE20260203 14:39:43.613336 80835 PwrCalcInternalPower.cc:97] buffer_8__reg_p_D_MUX2X0P5H7L_Y:B rise slew is not exist.
[m[0;31mE20260203 14:39:43.614543 80835 PwrCalcInternalPower.cc:97] buffer_9__reg_p_D_MUX2X0P5H7L_Y:B rise slew is not exist.
[m[0;31mE20260203 14:39:43.614562 80835 PwrCalcInternalPower.cc:97] buffer_9__reg_p_D_MUX2X0P5H7L_Y:B rise slew is not exist.
[m[0;31mE20260203 14:39:43.614634 80835 PwrCalcInternalPower.cc:205] buffer_9__reg_p_D_MUX2X0P5H7L_Y:B input slew is not exist.
[m[0;31mE20260203 14:39:43.614944 80835 PwrCalcInternalPower.cc:97] clrn_NAND3BX0P5H7L_C:C rise slew is not exist.
[m[0;31mE20260203 14:39:43.614957 80835 PwrCalcInternalPower.cc:97] clrn_NAND3BX0P5H7L_C:C rise slew is not exist.
[m[0;31mE20260203 14:39:43.614964 80835 PwrCalcInternalPower.cc:97] clrn_NAND3BX0P5H7L_C:C rise slew is not exist.
[m[0;31mE20260203 14:39:43.614970 80835 PwrCalcInternalPower.cc:97] clrn_NAND3BX0P5H7L_C:C rise slew is not exist.
[m[0;31mE20260203 14:39:43.615021 80835 PwrCalcInternalPower.cc:205] clrn_NAND3BX0P5H7L_C:C input slew is not exist.
[m[0;31mE20260203 14:39:43.616694 80835 PwrCalcInternalPower.cc:97] clrn_NAND3X0P5H7L_A:A rise slew is not exist.
[m[0;31mE20260203 14:39:43.616719 80835 PwrCalcInternalPower.cc:97] clrn_NAND3X0P5H7L_A:A rise slew is not exist.
[m[0;31mE20260203 14:39:43.616725 80835 PwrCalcInternalPower.cc:97] clrn_NAND3X0P5H7L_A:A rise slew is not exist.
[m[0;31mE20260203 14:39:43.616732 80835 PwrCalcInternalPower.cc:97] clrn_NAND3X0P5H7L_A:A rise slew is not exist.
[m[0;31mE20260203 14:39:43.616739 80835 PwrCalcInternalPower.cc:97] clrn_NAND3X0P5H7L_A:A rise slew is not exist.
[m[0;31mE20260203 14:39:43.616744 80835 PwrCalcInternalPower.cc:97] clrn_NAND3X0P5H7L_A:A rise slew is not exist.
[m[0;31mE20260203 14:39:43.618904 80835 PwrCalcInternalPower.cc:97] count_2__reg_p_D_NOR2X0P5H7L_Y:A rise slew is not exist.
[m[0;31mE20260203 14:39:43.618944 80835 PwrCalcInternalPower.cc:97] count_2__reg_p_D_NOR2X0P5H7L_Y:A rise slew is not exist.
[m[0;31mE20260203 14:39:43.619493 80835 PwrCalcInternalPower.cc:97] count_3__reg_p_D_AOI21X0P5H7L_Y:B0 rise slew is not exist.
[m[0;31mE20260203 14:39:43.619509 80835 PwrCalcInternalPower.cc:97] count_3__reg_p_D_AOI21X0P5H7L_Y:B0 rise slew is not exist.
[m[0;31mE20260203 14:39:43.619532 80835 PwrCalcInternalPower.cc:205] count_3__reg_p_D_AOI21X0P5H7L_Y:B0 input slew is not exist.
[m[0;31mE20260203 14:39:43.619599 80835 PwrCalcInternalPower.cc:205] count_3__reg_p_D_AOI21X0P5H7L_Y:B0 input slew is not exist.
[m[0;31mE20260203 14:39:43.641677 80835 PwrCalcInternalPower.cc:97] fifo[4]_1__MUX4X1P4H7L_A_S0_BUFX1P4H7L_Y_A_DFFQX1H7L_Q_D_NOR2X0P5H7L_Y:A rise slew is not exist.
[m[0;31mE20260203 14:39:43.641786 80835 PwrCalcInternalPower.cc:97] fifo[4]_1__MUX4X1P4H7L_A_S0_BUFX1P4H7L_Y_A_DFFQX1H7L_Q_D_NOR2X0P5H7L_Y:A rise slew is not exist.
[m[0;31mE20260203 14:39:43.653589 80835 PwrCalcInternalPower.cc:97] nextdata_n_NAND2BX0P5H7L_AN:AN rise slew is not exist.
[m[0;31mE20260203 14:39:43.653700 80835 PwrCalcInternalPower.cc:97] nextdata_n_NAND2BX0P5H7L_AN:AN rise slew is not exist.
[m[0;31mE20260203 14:39:43.653750 80835 PwrCalcInternalPower.cc:205] nextdata_n_NAND2BX0P5H7L_AN:AN input slew is not exist.
[m[0;31mE20260203 14:39:43.653913 80835 PwrCalcInternalPower.cc:97] nextdata_n_NAND3BBX0P5H7L_AN:AN rise slew is not exist.
[m[0;31mE20260203 14:39:43.653928 80835 PwrCalcInternalPower.cc:97] nextdata_n_NAND3BBX0P5H7L_AN:AN rise slew is not exist.
[m[0;31mE20260203 14:39:43.653968 80835 PwrCalcInternalPower.cc:97] nextdata_n_NAND3BBX0P5H7L_AN:AN rise slew is not exist.
[m[0;31mE20260203 14:39:43.653978 80835 PwrCalcInternalPower.cc:97] nextdata_n_NAND3BBX0P5H7L_AN:AN rise slew is not exist.
[m[0;31mE20260203 14:39:43.655822 80835 PwrCalcInternalPower.cc:97] overflow_reg_p_D_OAOI211X0P5H7L_Y:C0 rise slew is not exist.
[m[0;31mE20260203 14:39:43.655853 80835 PwrCalcInternalPower.cc:97] overflow_reg_p_D_OAOI211X0P5H7L_Y:C0 rise slew is not exist.
[m[0;31mE20260203 14:39:43.655861 80835 PwrCalcInternalPower.cc:97] overflow_reg_p_D_OAOI211X0P5H7L_Y:C0 rise slew is not exist.
[m[0;31mE20260203 14:39:43.655869 80835 PwrCalcInternalPower.cc:97] overflow_reg_p_D_OAOI211X0P5H7L_Y:C0 rise slew is not exist.
[m[0;31mE20260203 14:39:43.656057 80835 PwrCalcInternalPower.cc:205] overflow_reg_p_D_OAOI211X0P5H7L_Y:C0 input slew is not exist.
[m[0;31mE20260203 14:39:43.656163 80835 PwrCalcInternalPower.cc:205] overflow_reg_p_D_OAOI211X0P5H7L_Y:C0 input slew is not exist.
[m[0;31mE20260203 14:39:43.657569 80835 PwrCalcInternalPower.cc:205] ps2_data_BUFX0P7H7L_A:A input slew is not exist.
[m[0;31mE20260203 14:39:43.657691 80835 PwrCalcInternalPower.cc:97] r_ptr_0__reg_p_D_NOR2X0P5H7L_Y:A rise slew is not exist.
[m[0;31mE20260203 14:39:43.657721 80835 PwrCalcInternalPower.cc:97] r_ptr_0__reg_p_D_NOR2X0P5H7L_Y:A rise slew is not exist.
[m[0;31mE20260203 14:39:43.657954 80835 PwrCalcInternalPower.cc:97] r_ptr_1__XOR2X0P5H7L_A_Y_NOR2X0P5H7L_B:A rise slew is not exist.
[m[0;31mE20260203 14:39:43.657968 80835 PwrCalcInternalPower.cc:97] r_ptr_1__XOR2X0P5H7L_A_Y_NOR2X0P5H7L_B:A rise slew is not exist.
[m[0;31mE20260203 14:39:43.658068 80835 PwrCalcInternalPower.cc:97] r_ptr_1__reg_p_D_NOR2X0P5H7L_Y:A rise slew is not exist.
[m[0;31mE20260203 14:39:43.658082 80835 PwrCalcInternalPower.cc:97] r_ptr_1__reg_p_D_NOR2X0P5H7L_Y:A rise slew is not exist.
[m[0;31mE20260203 14:39:43.658109 80835 PwrCalcInternalPower.cc:205] r_ptr_1__reg_p_D_NOR2X0P5H7L_Y:A input slew is not exist.
[m[0;31mE20260203 14:39:43.658550 80835 PwrCalcInternalPower.cc:97] r_ptr_2__XOR2X0P5H7L_A_1_Y_NOR2X0P5H7L_B:A rise slew is not exist.
[m[0;31mE20260203 14:39:43.658563 80835 PwrCalcInternalPower.cc:97] r_ptr_2__XOR2X0P5H7L_A_1_Y_NOR2X0P5H7L_B:A rise slew is not exist.
[m[0;31mE20260203 14:39:43.658763 80835 PwrCalcInternalPower.cc:97] r_ptr_2__reg_p_D_NOR2X0P5H7L_Y:A rise slew is not exist.
[m[0;31mE20260203 14:39:43.658777 80835 PwrCalcInternalPower.cc:97] r_ptr_2__reg_p_D_NOR2X0P5H7L_Y:A rise slew is not exist.
[m[0;31mE20260203 14:39:43.658809 80835 PwrCalcInternalPower.cc:205] r_ptr_2__reg_p_D_NOR2X0P5H7L_Y:A input slew is not exist.
[m[0;31mE20260203 14:39:43.658849 80835 PwrCalcInternalPower.cc:97] ready_NOR2BX1P4H7L_AN:B rise slew is not exist.
[m[0;31mE20260203 14:39:43.658871 80835 PwrCalcInternalPower.cc:97] ready_NOR2BX1P4H7L_AN:B rise slew is not exist.
[m[0;31mE20260203 14:39:43.660470 80835 PwrCalcInternalPower.cc:97] ready_OA31X1H7L_B0_Y_OAI211X0P7H7L_B0:C0 rise slew is not exist.
[m[0;31mE20260203 14:39:43.660498 80835 PwrCalcInternalPower.cc:97] ready_OA31X1H7L_B0_Y_OAI211X0P7H7L_B0:C0 rise slew is not exist.
[m[0;31mE20260203 14:39:43.660506 80835 PwrCalcInternalPower.cc:97] ready_OA31X1H7L_B0_Y_OAI211X0P7H7L_B0:C0 rise slew is not exist.
[m[0;31mE20260203 14:39:43.660513 80835 PwrCalcInternalPower.cc:97] ready_OA31X1H7L_B0_Y_OAI211X0P7H7L_B0:C0 rise slew is not exist.
[m[0;31mE20260203 14:39:43.660521 80835 PwrCalcInternalPower.cc:97] ready_OA31X1H7L_B0_Y_OAI211X0P7H7L_B0:C0 rise slew is not exist.
[m[0;31mE20260203 14:39:43.660527 80835 PwrCalcInternalPower.cc:97] ready_OA31X1H7L_B0_Y_OAI211X0P7H7L_B0:C0 rise slew is not exist.
[m[0;31mE20260203 14:39:43.660702 80835 PwrCalcInternalPower.cc:205] ready_OA31X1H7L_B0_Y_OAI211X0P7H7L_B0:C0 input slew is not exist.
[m[0;31mE20260203 14:39:43.660782 80835 PwrCalcInternalPower.cc:205] ready_OA31X1H7L_B0_Y_OAI211X0P7H7L_B0:C0 input slew is not exist.
[m[0;31mE20260203 14:39:43.661137 80835 PwrCalcInternalPower.cc:97] ready_reg_p_D_OAI31X1P4H7L_Y:A0 rise slew is not exist.
[m[0;31mE20260203 14:39:43.661159 80835 PwrCalcInternalPower.cc:97] ready_reg_p_D_OAI31X1P4H7L_Y:A0 rise slew is not exist.
[m[0;31mE20260203 14:39:43.661166 80835 PwrCalcInternalPower.cc:97] ready_reg_p_D_OAI31X1P4H7L_Y:A0 rise slew is not exist.
[m[0;31mE20260203 14:39:43.661173 80835 PwrCalcInternalPower.cc:97] ready_reg_p_D_OAI31X1P4H7L_Y:A0 rise slew is not exist.
[m[0;31mE20260203 14:39:43.661180 80835 PwrCalcInternalPower.cc:97] ready_reg_p_D_OAI31X1P4H7L_Y:A0 rise slew is not exist.
[m[0;31mE20260203 14:39:43.661187 80835 PwrCalcInternalPower.cc:97] ready_reg_p_D_OAI31X1P4H7L_Y:A0 rise slew is not exist.
[m[0;31mE20260203 14:39:43.661194 80835 PwrCalcInternalPower.cc:97] ready_reg_p_D_OAI31X1P4H7L_Y:A0 rise slew is not exist.
[m[0;31mE20260203 14:39:43.661203 80835 PwrCalcInternalPower.cc:97] ready_reg_p_D_OAI31X1P4H7L_Y:A0 rise slew is not exist.
[m[0;31mE20260203 14:39:43.661211 80835 PwrCalcInternalPower.cc:97] ready_reg_p_D_OAI31X1P4H7L_Y:A0 rise slew is not exist.
[m[0;31mE20260203 14:39:43.661217 80835 PwrCalcInternalPower.cc:97] ready_reg_p_D_OAI31X1P4H7L_Y:A0 rise slew is not exist.
[m[0;31mE20260203 14:39:43.661226 80835 PwrCalcInternalPower.cc:97] ready_reg_p_D_OAI31X1P4H7L_Y:A0 rise slew is not exist.
[m[0;31mE20260203 14:39:43.661232 80835 PwrCalcInternalPower.cc:97] ready_reg_p_D_OAI31X1P4H7L_Y:A0 rise slew is not exist.
[m[0;31mE20260203 14:39:43.662189 80835 PwrCalcInternalPower.cc:97] sampling_NOR2BX1H7L_AN_B_OAI21X0P5H7L_Y:B0 rise slew is not exist.
[m[0;31mE20260203 14:39:43.662213 80835 PwrCalcInternalPower.cc:97] sampling_NOR2BX1H7L_AN_B_OAI21X0P5H7L_Y:B0 rise slew is not exist.
[m[0;31mE20260203 14:39:43.662276 80835 PwrCalcInternalPower.cc:205] sampling_NOR2BX1H7L_AN_B_OAI21X0P5H7L_Y:B0 input slew is not exist.
[m[0;31mE20260203 14:39:43.662340 80835 PwrCalcInternalPower.cc:205] sampling_NOR2BX1H7L_AN_B_OAI21X0P5H7L_Y:B0 input slew is not exist.
[m[0;31mE20260203 14:39:43.665669 80835 PwrCalcInternalPower.cc:97] w_ptr_0__reg_p_D_NOR2X0P5H7L_Y:A rise slew is not exist.
[m[0;31mE20260203 14:39:43.665728 80835 PwrCalcInternalPower.cc:97] w_ptr_0__reg_p_D_NOR2X0P5H7L_Y:A rise slew is not exist.
[m[0;31mE20260203 14:39:43.665812 80835 PwrCalcInternalPower.cc:97] w_ptr_1__reg_p_D_NOR2X0P5H7L_Y:A rise slew is not exist.
[m[0;31mE20260203 14:39:43.665820 80835 PwrCalcInternalPower.cc:97] w_ptr_1__reg_p_D_NOR2X0P5H7L_Y:A rise slew is not exist.
[m[0;31mE20260203 14:39:43.665993 80835 PwrCalcInternalPower.cc:97] w_ptr_2__reg_p_D_NOR2X0P5H7L_Y:A rise slew is not exist.
[m[0;31mE20260203 14:39:43.666033 80835 PwrCalcInternalPower.cc:97] w_ptr_2__reg_p_D_NOR2X0P5H7L_Y:A rise slew is not exist.
[m[0;31mE20260203 14:39:43.666066 80835 PwrCalcInternalPower.cc:205] w_ptr_2__reg_p_D_NOR2X0P5H7L_Y:A input slew is not exist.
[mI20260203 14:39:43.666330 80835 PwrCalcInternalPower.cc:605] calc internal power result 0.725008mW
I20260203 14:39:43.666381 80835 PwrCalcInternalPower.cc:607] calc internal power end
I20260203 14:39:43.666814 80835 PwrCalcInternalPower.cc:609] calc internal power memory usage 0MB
I20260203 14:39:43.667009 80835 PwrCalcInternalPower.cc:611] calc internal power time elapsed 0.058451s
I20260203 14:39:43.667160 80835 PwrCalcSwitchPower.cc:89] calc switch power start
I20260203 14:39:43.667656 80835 PwrCalcSwitchPower.cc:173] calc switch power result 0mw
I20260203 14:39:43.667698 80835 PwrCalcSwitchPower.cc:175] calc switch power end
I20260203 14:39:43.667766 80835 PwrCalcSwitchPower.cc:177] calc switch power memory usage 0MB
I20260203 14:39:43.667806 80835 PwrCalcSwitchPower.cc:179] calc switch power time elapsed 0.000645s
I20260203 14:39:43.668934 80835 Power.cc:275] power calculation end
I20260203 14:39:43.668979 80835 Power.cc:277] power calculation memory usage 0MB
I20260203 14:39:43.668987 80835 Power.cc:279] power calculation time elapsed 0.120286s
I20260203 14:39:43.669008 80835 Power.cc:981] power report start, output dir: /home/biruide/ysyx-workbench/yosys-sta/result/ex7NW-500MHz
I20260203 14:39:43.669703 80835 Power.cc:491] 
+---------------+----------------+--------------+---------------+-------------+-----------+
| Power Group   | Internal Power | Switch Power | Leakage Power | Total Power | (%)       |
+---------------+----------------+--------------+---------------+-------------+-----------+
| combinational | 3.902e-04      | 0.000e+00    | 2.421e-07     | 3.904e-04   | (53.783%) |
| sequential    | 3.348e-04      | 0.000e+00    | 6.668e-07     | 3.355e-04   | (46.217%) |
+---------------+----------------+--------------+---------------+-------------+-----------+
I20260203 14:39:43.669893 80835 Power.cc:543] Total Power   ==  0.000725917 W
I20260203 14:39:43.671327 80835 Power.cc:669] Instance Power Report: 
I20260203 14:39:43.671358 80835 Power.cc:670] 
+-----------------------------------------------------------------------------------------+-----------------+----------------+--------------+---------------+-------------+
| Instance Name                                                                           | Nominal Voltage | Internal Power | Switch Power | Leakage Power | Total Power |
+-----------------------------------------------------------------------------------------+-----------------+----------------+--------------+---------------+-------------+
| buffer_9__XNOR2X4H7L_B_Y_XNOR3X4H7L_B                                                   | 1.2             | 1.125e-04      | 0.000e+00    | 8.194e-09     | 1.125e-04   |
| buffer_9__XNOR2X4H7L_B_Y_XNOR3X4H7L_B_Y_XNOR2X4H7L_A                                    | 1.2             | 4.348e-05      | 0.000e+00    | 4.977e-09     | 4.348e-05   |
| ready_reg_p_D_OAI31X1P4H7L_Y                                                            | 1.2             | 1.470e-05      | 0.000e+00    | 9.336e-10     | 1.470e-05   |
| buffer_0__NAND4BX3H7L_AN                                                                | 1.2             | 1.088e-05      | 0.000e+00    | 1.238e-09     | 1.088e-05   |
| overflow_reg_p_D_OAOI211X0P5H7L_Y_A1_OA31X1H7L_Y                                        | 1.2             | 9.726e-06      | 0.000e+00    | 1.404e-09     | 9.727e-06   |
| buffer_9__XNOR2X4H7L_B_Y_XNOR3X4H7L_B_Y_XNOR2X4H7L_A_B_XNOR2X0P5H7L_Y                   | 1.2             | 8.598e-06      | 0.000e+00    | 3.164e-09     | 8.601e-06   |
| buffer_9__XNOR2X4H7L_B                                                                  | 1.2             | 8.339e-06      | 0.000e+00    | 4.928e-09     | 8.344e-06   |
| count_3__reg_p_D_AOI21X0P5H7L_Y_A1_OAO211X0P5H7L_Y                                      | 1.2             | 6.529e-06      | 0.000e+00    | 1.523e-09     | 6.531e-06   |
| ready_OA31X1H7L_B0                                                                      | 1.2             | 6.494e-06      | 0.000e+00    | 1.413e-09     | 6.495e-06   |
| ready_OA31X1H7L_B0_Y_OAI211X0P7H7L_B0                                                   | 1.2             | 6.076e-06      | 0.000e+00    | 5.502e-10     | 6.077e-06   |
| buffer_9__XNOR2X4H7L_B_Y_XNOR3X4H7L_B_A_XOR2X1P4H7L_Y                                   | 1.2             | 5.954e-06      | 0.000e+00    | 3.289e-09     | 5.957e-06   |
| buffer_9__XNOR2X4H7L_B_Y_XNOR3X4H7L_B_C_XNOR2X0P5H7L_Y                                  | 1.2             | 5.618e-06      | 0.000e+00    | 3.160e-09     | 5.622e-06   |
| buffer_9__XNOR2X4H7L_B_Y_XNOR3X4H7L_B_Y_XNOR2X4H7L_A_B_XNOR2X0P5H7L_Y_B_XOR2X0P5H7L_Y   | 1.2             | 5.425e-06      | 0.000e+00    | 3.129e-09     | 5.428e-06   |
| count_2__reg_p_D_NOR2X0P5H7L_Y_B_XOR2X0P5H7L_Y                                          | 1.2             | 4.358e-06      | 0.000e+00    | 3.110e-09     | 4.361e-06   |
| r_ptr_2__XOR2X0P5H7L_A_1                                                                | 1.2             | 4.304e-06      | 0.000e+00    | 3.092e-09     | 4.308e-06   |
| buffer_4__reg_p                                                                         | 1.2             | 3.976e-06      | 0.000e+00    | 6.649e-09     | 3.983e-06   |
| buffer_1__reg_p                                                                         | 1.2             | 3.976e-06      | 0.000e+00    | 6.654e-09     | 3.983e-06   |
| buffer_2__reg_p                                                                         | 1.2             | 3.976e-06      | 0.000e+00    | 6.654e-09     | 3.983e-06   |
| buffer_5__reg_p                                                                         | 1.2             | 3.975e-06      | 0.000e+00    | 6.643e-09     | 3.982e-06   |
| buffer_3__reg_p                                                                         | 1.2             | 3.975e-06      | 0.000e+00    | 6.644e-09     | 3.981e-06   |
| buffer_7__reg_p                                                                         | 1.2             | 3.975e-06      | 0.000e+00    | 6.634e-09     | 3.981e-06   |
| count_3__reg_p                                                                          | 1.2             | 3.971e-06      | 0.000e+00    | 6.581e-09     | 3.977e-06   |
| count_1__reg_p                                                                          | 1.2             | 3.969e-06      | 0.000e+00    | 6.602e-09     | 3.975e-06   |
| fifo[2]_0__reg_p                                                                        | 1.2             | 3.965e-06      | 0.000e+00    | 6.654e-09     | 3.972e-06   |
| fifo[2]_1__reg_p                                                                        | 1.2             | 3.965e-06      | 0.000e+00    | 6.654e-09     | 3.972e-06   |
| fifo[6]_0__reg_p                                                                        | 1.2             | 3.965e-06      | 0.000e+00    | 6.654e-09     | 3.972e-06   |
| fifo[6]_1__reg_p                                                                        | 1.2             | 3.965e-06      | 0.000e+00    | 6.654e-09     | 3.972e-06   |
| fifo[6]_3__reg_p                                                                        | 1.2             | 3.965e-06      | 0.000e+00    | 6.649e-09     | 3.972e-06   |
| fifo[2]_3__reg_p                                                                        | 1.2             | 3.965e-06      | 0.000e+00    | 6.649e-09     | 3.972e-06   |
| fifo[2]_2__reg_p                                                                        | 1.2             | 3.965e-06      | 0.000e+00    | 6.644e-09     | 3.972e-06   |
| fifo[6]_2__reg_p                                                                        | 1.2             | 3.965e-06      | 0.000e+00    | 6.644e-09     | 3.972e-06   |
| fifo[2]_4__reg_p                                                                        | 1.2             | 3.965e-06      | 0.000e+00    | 6.643e-09     | 3.972e-06   |
| fifo[6]_4__reg_p                                                                        | 1.2             | 3.965e-06      | 0.000e+00    | 6.643e-09     | 3.972e-06   |
| fifo[2]_6__reg_p                                                                        | 1.2             | 3.965e-06      | 0.000e+00    | 6.634e-09     | 3.972e-06   |
| fifo[6]_6__reg_p                                                                        | 1.2             | 3.965e-06      | 0.000e+00    | 6.634e-09     | 3.972e-06   |
| fifo[1]_1__reg_p                                                                        | 1.2             | 3.965e-06      | 0.000e+00    | 6.654e-09     | 3.971e-06   |
| fifo[1]_0__reg_p                                                                        | 1.2             | 3.965e-06      | 0.000e+00    | 6.654e-09     | 3.971e-06   |
| fifo[5]_0__reg_p                                                                        | 1.2             | 3.965e-06      | 0.000e+00    | 6.654e-09     | 3.971e-06   |
| fifo[5]_1__reg_p                                                                        | 1.2             | 3.965e-06      | 0.000e+00    | 6.654e-09     | 3.971e-06   |
| fifo[1]_3__reg_p                                                                        | 1.2             | 3.965e-06      | 0.000e+00    | 6.649e-09     | 3.971e-06   |
| fifo[5]_3__reg_p                                                                        | 1.2             | 3.965e-06      | 0.000e+00    | 6.649e-09     | 3.971e-06   |
| fifo[1]_2__reg_p                                                                        | 1.2             | 3.965e-06      | 0.000e+00    | 6.644e-09     | 3.971e-06   |
| fifo[5]_2__reg_p                                                                        | 1.2             | 3.965e-06      | 0.000e+00    | 6.644e-09     | 3.971e-06   |
| fifo[1]_4__reg_p                                                                        | 1.2             | 3.965e-06      | 0.000e+00    | 6.643e-09     | 3.971e-06   |
| fifo[5]_4__reg_p                                                                        | 1.2             | 3.965e-06      | 0.000e+00    | 6.643e-09     | 3.971e-06   |
| fifo[1]_6__reg_p                                                                        | 1.2             | 3.965e-06      | 0.000e+00    | 6.634e-09     | 3.971e-06   |
| fifo[5]_6__reg_p                                                                        | 1.2             | 3.965e-06      | 0.000e+00    | 6.634e-09     | 3.971e-06   |
| fifo[0]_0__reg_p                                                                        | 1.2             | 3.965e-06      | 0.000e+00    | 6.654e-09     | 3.971e-06   |
| fifo[4]_1__reg_p                                                                        | 1.2             | 3.965e-06      | 0.000e+00    | 6.654e-09     | 3.971e-06   |
| fifo[0]_1__reg_p                                                                        | 1.2             | 3.965e-06      | 0.000e+00    | 6.654e-09     | 3.971e-06   |
| fifo[4]_0__reg_p                                                                        | 1.2             | 3.965e-06      | 0.000e+00    | 6.654e-09     | 3.971e-06   |
| fifo[0]_3__reg_p                                                                        | 1.2             | 3.965e-06      | 0.000e+00    | 6.649e-09     | 3.971e-06   |
| fifo[4]_3__reg_p                                                                        | 1.2             | 3.965e-06      | 0.000e+00    | 6.649e-09     | 3.971e-06   |
| fifo[0]_2__reg_p                                                                        | 1.2             | 3.965e-06      | 0.000e+00    | 6.644e-09     | 3.971e-06   |
| fifo[4]_2__reg_p                                                                        | 1.2             | 3.965e-06      | 0.000e+00    | 6.644e-09     | 3.971e-06   |
| fifo[4]_4__reg_p                                                                        | 1.2             | 3.965e-06      | 0.000e+00    | 6.643e-09     | 3.971e-06   |
| fifo[0]_4__reg_p                                                                        | 1.2             | 3.965e-06      | 0.000e+00    | 6.643e-09     | 3.971e-06   |
| fifo[0]_6__reg_p                                                                        | 1.2             | 3.965e-06      | 0.000e+00    | 6.634e-09     | 3.971e-06   |
| fifo[4]_6__reg_p                                                                        | 1.2             | 3.965e-06      | 0.000e+00    | 6.634e-09     | 3.971e-06   |
| fifo[7]_1__reg_p                                                                        | 1.2             | 3.965e-06      | 0.000e+00    | 6.654e-09     | 3.971e-06   |
| fifo[3]_0__reg_p                                                                        | 1.2             | 3.965e-06      | 0.000e+00    | 6.654e-09     | 3.971e-06   |
| fifo[3]_1__reg_p                                                                        | 1.2             | 3.965e-06      | 0.000e+00    | 6.654e-09     | 3.971e-06   |
| fifo[7]_0__reg_p                                                                        | 1.2             | 3.965e-06      | 0.000e+00    | 6.654e-09     | 3.971e-06   |
| fifo[7]_3__reg_p                                                                        | 1.2             | 3.965e-06      | 0.000e+00    | 6.649e-09     | 3.971e-06   |
| fifo[3]_3__reg_p                                                                        | 1.2             | 3.965e-06      | 0.000e+00    | 6.649e-09     | 3.971e-06   |
| fifo[7]_2__reg_p                                                                        | 1.2             | 3.965e-06      | 0.000e+00    | 6.644e-09     | 3.971e-06   |
| fifo[3]_2__reg_p                                                                        | 1.2             | 3.965e-06      | 0.000e+00    | 6.644e-09     | 3.971e-06   |
| fifo[7]_4__reg_p                                                                        | 1.2             | 3.965e-06      | 0.000e+00    | 6.643e-09     | 3.971e-06   |
| fifo[3]_4__reg_p                                                                        | 1.2             | 3.965e-06      | 0.000e+00    | 6.643e-09     | 3.971e-06   |
| fifo[7]_6__reg_p                                                                        | 1.2             | 3.965e-06      | 0.000e+00    | 6.634e-09     | 3.971e-06   |
| fifo[3]_6__reg_p                                                                        | 1.2             | 3.965e-06      | 0.000e+00    | 6.634e-09     | 3.971e-06   |
| overflow_reg_p                                                                          | 1.2             | 3.964e-06      | 0.000e+00    | 6.554e-09     | 3.971e-06   |
| buffer_0__reg_p                                                                         | 1.2             | 3.961e-06      | 0.000e+00    | 6.659e-09     | 3.968e-06   |
| ready_reg_p                                                                             | 1.2             | 3.961e-06      | 0.000e+00    | 6.757e-09     | 3.967e-06   |
| buffer_6__reg_p                                                                         | 1.2             | 3.826e-06      | 0.000e+00    | 6.643e-09     | 3.833e-06   |
| fifo[2]_5__reg_p                                                                        | 1.2             | 3.815e-06      | 0.000e+00    | 6.643e-09     | 3.822e-06   |
| fifo[6]_5__reg_p                                                                        | 1.2             | 3.815e-06      | 0.000e+00    | 6.643e-09     | 3.822e-06   |
| fifo[1]_5__reg_p                                                                        | 1.2             | 3.815e-06      | 0.000e+00    | 6.643e-09     | 3.822e-06   |
| fifo[5]_5__reg_p                                                                        | 1.2             | 3.815e-06      | 0.000e+00    | 6.643e-09     | 3.822e-06   |
| fifo[4]_5__reg_p                                                                        | 1.2             | 3.815e-06      | 0.000e+00    | 6.643e-09     | 3.822e-06   |
| fifo[0]_5__reg_p                                                                        | 1.2             | 3.815e-06      | 0.000e+00    | 6.643e-09     | 3.822e-06   |
| fifo[3]_5__reg_p                                                                        | 1.2             | 3.815e-06      | 0.000e+00    | 6.643e-09     | 3.822e-06   |
| fifo[7]_5__reg_p                                                                        | 1.2             | 3.815e-06      | 0.000e+00    | 6.643e-09     | 3.822e-06   |
| r_ptr_2__XOR2X0P5H7L_A_1_Y_NOR2X0P5H7L_B_Y_DFFQX1H7L_D                                  | 1.2             | 3.677e-06      | 0.000e+00    | 6.500e-09     | 3.684e-06   |
| count_2__reg_p                                                                          | 1.2             | 3.673e-06      | 0.000e+00    | 6.512e-09     | 3.680e-06   |
| buffer_3__reg_p_D_MUX2X0P5H7L_Y                                                         | 1.2             | 3.665e-06      | 0.000e+00    | 2.128e-09     | 3.667e-06   |
| buffer_7__reg_p_D_MUX2X0P5H7L_Y                                                         | 1.2             | 3.630e-06      | 0.000e+00    | 2.119e-09     | 3.632e-06   |
| buffer_8__reg_p                                                                         | 1.2             | 3.529e-06      | 0.000e+00    | 6.649e-09     | 3.536e-06   |
| fifo[6]_7__reg_p                                                                        | 1.2             | 3.519e-06      | 0.000e+00    | 6.649e-09     | 3.526e-06   |
| fifo[2]_7__reg_p                                                                        | 1.2             | 3.519e-06      | 0.000e+00    | 6.649e-09     | 3.526e-06   |
| fifo[1]_7__reg_p                                                                        | 1.2             | 3.519e-06      | 0.000e+00    | 6.649e-09     | 3.525e-06   |
| fifo[5]_7__reg_p                                                                        | 1.2             | 3.519e-06      | 0.000e+00    | 6.649e-09     | 3.525e-06   |
| fifo[0]_7__reg_p                                                                        | 1.2             | 3.519e-06      | 0.000e+00    | 6.649e-09     | 3.525e-06   |
| fifo[4]_7__reg_p                                                                        | 1.2             | 3.519e-06      | 0.000e+00    | 6.649e-09     | 3.525e-06   |
| fifo[7]_7__reg_p                                                                        | 1.2             | 3.519e-06      | 0.000e+00    | 6.649e-09     | 3.525e-06   |
| fifo[3]_7__reg_p                                                                        | 1.2             | 3.519e-06      | 0.000e+00    | 6.649e-09     | 3.525e-06   |
| ready_OA31X1H7L_B0_Y_OAI211X0P7H7L_B0_A1_MUX2X0P5H7L_Y                                  | 1.2             | 3.358e-06      | 0.000e+00    | 2.103e-09     | 3.360e-06   |
| overflow_reg_p_D_OAOI211X0P5H7L_Y                                                       | 1.2             | 3.119e-06      | 0.000e+00    | 6.992e-10     | 3.120e-06   |
| r_ptr_1__XOR2X0P5H7L_A                                                                  | 1.2             | 3.029e-06      | 0.000e+00    | 3.092e-09     | 3.032e-06   |
| buffer_0__reg_p_D_MUX2X0P5H7L_Y                                                         | 1.2             | 2.982e-06      | 0.000e+00    | 2.140e-09     | 2.984e-06   |
| buffer_4__reg_p_D_MUX2X0P5H7L_Y                                                         | 1.2             | 2.927e-06      | 0.000e+00    | 2.132e-09     | 2.929e-06   |
| fifo[0]_7__MUX4X1P4H7L_A                                                                | 1.2             | 2.857e-06      | 0.000e+00    | 4.270e-09     | 2.862e-06   |
| fifo[0]_0__MUX4X1P4H7L_A                                                                | 1.2             | 2.857e-06      | 0.000e+00    | 4.270e-09     | 2.862e-06   |
| fifo[0]_1__MUX4X1P4H7L_A                                                                | 1.2             | 2.857e-06      | 0.000e+00    | 4.270e-09     | 2.862e-06   |
| fifo[0]_2__MUX4X1P4H7L_A                                                                | 1.2             | 2.857e-06      | 0.000e+00    | 4.270e-09     | 2.862e-06   |
| fifo[0]_3__MUX4X1P4H7L_A                                                                | 1.2             | 2.857e-06      | 0.000e+00    | 4.270e-09     | 2.862e-06   |
| fifo[0]_4__MUX4X1P4H7L_A                                                                | 1.2             | 2.857e-06      | 0.000e+00    | 4.270e-09     | 2.862e-06   |
| fifo[0]_5__MUX4X1P4H7L_A                                                                | 1.2             | 2.857e-06      | 0.000e+00    | 4.270e-09     | 2.862e-06   |
| fifo[0]_6__MUX4X1P4H7L_A                                                                | 1.2             | 2.857e-06      | 0.000e+00    | 4.270e-09     | 2.862e-06   |
| fifo[4]_4__MUX4X1P4H7L_A                                                                | 1.2             | 2.853e-06      | 0.000e+00    | 4.270e-09     | 2.857e-06   |
| fifo[4]_5__MUX4X1P4H7L_A                                                                | 1.2             | 2.853e-06      | 0.000e+00    | 4.270e-09     | 2.857e-06   |
| fifo[4]_6__MUX4X1P4H7L_A                                                                | 1.2             | 2.853e-06      | 0.000e+00    | 4.270e-09     | 2.857e-06   |
| fifo[4]_7__MUX4X1P4H7L_A                                                                | 1.2             | 2.853e-06      | 0.000e+00    | 4.270e-09     | 2.857e-06   |
| fifo[4]_3__MUX4X1P4H7L_A                                                                | 1.2             | 2.853e-06      | 0.000e+00    | 4.270e-09     | 2.857e-06   |
| fifo[4]_2__MUX4X1P4H7L_A                                                                | 1.2             | 2.853e-06      | 0.000e+00    | 4.270e-09     | 2.857e-06   |
| fifo[4]_1__MUX4X1P4H7L_A                                                                | 1.2             | 2.845e-06      | 0.000e+00    | 4.270e-09     | 2.849e-06   |
| fifo[4]_0__MUX4X1P4H7L_A                                                                | 1.2             | 2.845e-06      | 0.000e+00    | 4.270e-09     | 2.849e-06   |
| buffer_9__reg_p                                                                         | 1.2             | 2.772e-06      | 0.000e+00    | 6.643e-09     | 2.779e-06   |
| r_ptr_1__XOR2X0P5H7L_A_Y_NOR2X0P5H7L_B_Y_DFFQX1H7L_D                                    | 1.2             | 2.711e-06      | 0.000e+00    | 6.500e-09     | 2.717e-06   |
| buffer_1__reg_p_D_MUX2X0P5H7L_Y                                                         | 1.2             | 2.635e-06      | 0.000e+00    | 2.136e-09     | 2.637e-06   |
| buffer_5__reg_p_D_MUX2X0P5H7L_Y                                                         | 1.2             | 2.516e-06      | 0.000e+00    | 2.128e-09     | 2.518e-06   |
| count_3__reg_p_D_AOI21X0P5H7L_Y_A0_AOAI211X0P5H7L_Y                                     | 1.2             | 2.517e-06      | 0.000e+00    | 6.948e-10     | 2.518e-06   |
| buffer_2__reg_p_D_MUX2X0P5H7L_Y                                                         | 1.2             | 2.425e-06      | 0.000e+00    | 2.136e-09     | 2.427e-06   |
| r_ptr_2__XOR2X0P5H7L_A_2                                                                | 1.2             | 2.394e-06      | 0.000e+00    | 3.200e-09     | 2.397e-06   |
| fifo[4]_1__MUX4X1P4H7L_A_S0_BUFX1P4H7L_Y_A_DFFQX1H7L_Q_D_NOR2X0P5H7L_Y_B_XNOR2X0P5H7L_Y | 1.2             | 2.323e-06      | 0.000e+00    | 3.146e-09     | 2.326e-06   |
| buffer_6__reg_p_D_MUX2X0P5H7L_Y                                                         | 1.2             | 2.281e-06      | 0.000e+00    | 2.128e-09     | 2.283e-06   |
| buffer_8__reg_p_D_MUX2X0P5H7L_Y                                                         | 1.2             | 2.117e-06      | 0.000e+00    | 2.132e-09     | 2.119e-06   |
| fifo[4]_1__MUX4X1P4H7L_A_S0_BUFX1P4H7L_Y_A_DFFQX1H7L_Q                                  | 1.2             | 2.056e-06      | 0.000e+00    | 6.490e-09     | 2.063e-06   |
| r_ptr_2__XOR2X0P5H7L_A                                                                  | 1.2             | 1.978e-06      | 0.000e+00    | 3.089e-09     | 1.981e-06   |
| count_3__reg_p_D_AOI21X0P5H7L_Y                                                         | 1.2             | 1.952e-06      | 0.000e+00    | 6.967e-10     | 1.953e-06   |
| buffer_0__reg_p_D_MUX2X0P5H7L_Y_S0_NOR4X0P5H7L_Y                                        | 1.2             | 1.949e-06      | 0.000e+00    | 3.738e-10     | 1.950e-06   |
| r_ptr_2__reg_p                                                                          | 1.2             | 1.935e-06      | 0.000e+00    | 6.513e-09     | 1.942e-06   |
| w_ptr_2__reg_p                                                                          | 1.2             | 1.688e-06      | 0.000e+00    | 6.513e-09     | 1.694e-06   |
| buffer_9__reg_p_D_MUX2X0P5H7L_Y                                                         | 1.2             | 1.655e-06      | 0.000e+00    | 2.128e-09     | 1.657e-06   |
| w_ptr_2__reg_p_D_NOR2X0P5H7L_Y_B_XOR2X0P5H7L_Y                                          | 1.2             | 1.642e-06      | 0.000e+00    | 3.089e-09     | 1.645e-06   |
| count_0__reg_p                                                                          | 1.2             | 1.588e-06      | 0.000e+00    | 6.417e-09     | 1.595e-06   |
| buffer_3__reg_p_D_MUX2X0P5H7L_Y_S0_NOR3X0P5H7L_Y                                        | 1.2             | 1.516e-06      | 0.000e+00    | 4.884e-10     | 1.516e-06   |
| count_1__reg_p_D_AOI21X0P5H7L_Y                                                         | 1.2             | 1.489e-06      | 0.000e+00    | 7.069e-10     | 1.490e-06   |
| ready_OA31X1H7L_B0_A1_XOR2X0P5H7L_Y                                                     | 1.2             | 1.435e-06      | 0.000e+00    | 3.092e-09     | 1.438e-06   |
| nextdata_n_NAND3BBX0P5H7L_AN                                                            | 1.2             | 1.385e-06      | 0.000e+00    | 1.666e-09     | 1.386e-06   |
| r_ptr_1__reg_p                                                                          | 1.2             | 1.292e-06      | 0.000e+00    | 6.513e-09     | 1.298e-06   |
| r_ptr_2__XOR2X0P5H7L_A_1_B_NAND3X0P5H7L_Y                                               | 1.2             | 1.285e-06      | 0.000e+00    | 3.586e-10     | 1.285e-06   |
| w_ptr_1__reg_p                                                                          | 1.2             | 1.263e-06      | 0.000e+00    | 6.490e-09     | 1.270e-06   |
| count_3__NAND2BX0P5H7L_AN                                                               | 1.2             | 1.173e-06      | 0.000e+00    | 1.202e-09     | 1.174e-06   |
| buffer_4__reg_p_D_MUX2X0P5H7L_Y_S0_NOR3X0P5H7L_Y                                        | 1.2             | 1.167e-06      | 0.000e+00    | 4.770e-10     | 1.167e-06   |
| w_ptr_1__reg_p_D_NOR2X0P5H7L_Y_B_XNOR2X0P5H7L_Y                                         | 1.2             | 1.154e-06      | 0.000e+00    | 3.237e-09     | 1.158e-06   |
| overflow_AOI21X0P5H7L_B0                                                                | 1.2             | 1.157e-06      | 0.000e+00    | 7.722e-10     | 1.158e-06   |
| r_ptr_1__reg_p_D_NOR2X0P5H7L_Y_B_XNOR2X0P5H7L_Y                                         | 1.2             | 1.122e-06      | 0.000e+00    | 3.089e-09     | 1.125e-06   |
| buffer_1__reg_p_D_MUX2X0P5H7L_Y_S0_NOR3X0P5H7L_Y                                        | 1.2             | 1.026e-06      | 0.000e+00    | 4.632e-10     | 1.027e-06   |
| buffer_2__reg_p_D_MUX2X0P5H7L_Y_S0_NOR3X0P5H7L_Y                                        | 1.2             | 9.252e-07      | 0.000e+00    | 4.632e-10     | 9.257e-07   |
| sampling_NOR2BX1H7L_AN_B_OAI21X0P5H7L_Y                                                 | 1.2             | 8.754e-07      | 0.000e+00    | 7.087e-10     | 8.761e-07   |
| count_2__reg_p_D_NOR2X0P5H7L_Y_B_XOR2X0P5H7L_Y_B_NAND2X0P5H7L_Y                         | 1.2             | 8.305e-07      | 0.000e+00    | 5.166e-10     | 8.310e-07   |
| ready_NOR2BX1P4H7L_AN                                                                   | 1.2             | 8.100e-07      | 0.000e+00    | 1.432e-09     | 8.114e-07   |
| w_ptr_0__reg_p                                                                          | 1.2             | 7.951e-07      | 0.000e+00    | 6.417e-09     | 8.015e-07   |
| ps2_clk_sync_0__reg_p                                                                   | 1.2             | 7.928e-07      | 0.000e+00    | 6.757e-09     | 7.996e-07   |
| ps2_clk_sync_2__reg_p                                                                   | 1.2             | 7.927e-07      | 0.000e+00    | 6.757e-09     | 7.995e-07   |
| r_ptr_0__reg_p                                                                          | 1.2             | 7.927e-07      | 0.000e+00    | 6.417e-09     | 7.991e-07   |
| ps2_clk_sync_1__reg_p                                                                   | 1.2             | 7.922e-07      | 0.000e+00    | 6.757e-09     | 7.989e-07   |
| ready_OA31X1H7L_B0_A1_NAND2BX0P5H7L_AN                                                  | 1.2             | 7.821e-07      | 0.000e+00    | 1.265e-09     | 7.834e-07   |
| buffer_8__reg_p_D_MUX2X0P5H7L_Y_S0_NOR3X0P5H7L_Y                                        | 1.2             | 7.784e-07      | 0.000e+00    | 4.770e-10     | 7.788e-07   |
| buffer_7__reg_p_D_MUX2X0P5H7L_Y_S0_NOR2X0P5H7L_Y                                        | 1.2             | 7.067e-07      | 0.000e+00    | 5.776e-10     | 7.073e-07   |
| sampling_NOR2BX1H7L_AN_Z_ICGX0P5H7L_E                                                   | 1.2             | 6.838e-07      | 0.000e+00    | 4.747e-09     | 6.885e-07   |
| w_ptr_0__reg_p_D_NAND2BX0P5H7L_B_Y_NOR4BX2H7L_D_Y_ICGX0P5H7L_E                          | 1.2             | 6.836e-07      | 0.000e+00    | 4.747e-09     | 6.884e-07   |
| w_ptr_0__reg_p_D_NAND2X0P5H7L_B_Y_NOR4BX2H7L_D_Y_ICGX0P5H7L_E                           | 1.2             | 6.836e-07      | 0.000e+00    | 4.747e-09     | 6.884e-07   |
| w_ptr_0__reg_p_D_NAND2BX0P5H7L_B_Y_NOR4X2H7L_D_Y_ICGX0P5H7L_E                           | 1.2             | 6.836e-07      | 0.000e+00    | 4.747e-09     | 6.884e-07   |
| w_ptr_0__reg_p_D_NAND2X0P5H7L_B_Y_NOR4X2H7L_D_Y_ICGX0P5H7L_E                            | 1.2             | 6.836e-07      | 0.000e+00    | 4.747e-09     | 6.884e-07   |
| clrn_NAND3X0P5H7L_A_Y_NOR4X2H7L_D_Y_ICGX0P5H7L_E                                        | 1.2             | 6.836e-07      | 0.000e+00    | 4.747e-09     | 6.884e-07   |
| clrn_NAND3BX0P5H7L_C_Y_NOR4BX2H7L_D_Y_ICGX0P5H7L_E                                      | 1.2             | 6.836e-07      | 0.000e+00    | 4.747e-09     | 6.884e-07   |
| clrn_NAND3BX0P5H7L_C_Y_NOR4X2H7L_D_Y_ICGX0P5H7L_E                                       | 1.2             | 6.836e-07      | 0.000e+00    | 4.747e-09     | 6.884e-07   |
| clrn_NAND3X0P5H7L_A_Y_NOR4BX2H7L_D_Y_ICGX0P5H7L_E                                       | 1.2             | 6.836e-07      | 0.000e+00    | 4.747e-09     | 6.884e-07   |
| overflow_reg_p_CK_ICGX0P5H7L_ECK                                                        | 1.2             | 6.823e-07      | 0.000e+00    | 4.747e-09     | 6.871e-07   |
| sampling_ICGX0P5H7L_E
I20260203 14:39:43.677384 80835 Power.cc:1047] power report end, output dir: /home/biruide/ysyx-workbench/yosys-sta/result/ex7NW-500MHz
I20260203 14:39:43.677474 80835 Power.cc:1049] power report memory usage 0MB
I20260203 14:39:43.677484 80835 Power.cc:1051] power report time elapsed 0.008477s
