I20260210 11:00:08.439828 59466 Sta.cc:383] read verilog file /home/biruide/ysyx-workbench/yosys-sta/result/ex8sta-500MHz/ex8sta.netlist.v start
I20260210 11:00:08.443228 59466 VerilogParserRustC.cc:41] load verilog file /home/biruide/ysyx-workbench/yosys-sta/result/ex8sta-500MHz/ex8sta.netlist.v
r str /home/biruide/ysyx-workbench/yosys-sta/result/ex8sta-500MHz/ex8sta.netlist.v
I20260210 11:00:08.449065 59466 Sta.cc:391] read verilog end
I20260210 11:00:08.449126 59466 Sta.cc:309] load lib start
I20260210 11:00:08.453285 59499 Sta.cc:287] read liberty /home/biruide/ysyx-workbench/yosys-sta/scripts/../pdk/icsprout55/IP/STD_cell/ics55_LLSC_H7C_V1p10C100/ics55_LLSC_H7CL/liberty/ics55_LLSC_H7CL_typ_tt_1p2_25_nldm.lib start 
I20260210 11:00:08.453473 59499 LibParserRustC.cc:1285] load liberty file /home/biruide/ysyx-workbench/yosys-sta/scripts/../pdk/icsprout55/IP/STD_cell/ics55_LLSC_H7C_V1p10C100/ics55_LLSC_H7CL/liberty/ics55_LLSC_H7CL_typ_tt_1p2_25_nldm.lib
rust read lib file /home/biruide/ysyx-workbench/yosys-sta/scripts/../pdk/icsprout55/IP/STD_cell/ics55_LLSC_H7C_V1p10C100/ics55_LLSC_H7CL/liberty/ics55_LLSC_H7CL_typ_tt_1p2_25_nldm.lib
I20260210 11:00:14.702553 59499 LibParserRustC.cc:1294] load liberty file /home/biruide/ysyx-workbench/yosys-sta/scripts/../pdk/icsprout55/IP/STD_cell/ics55_LLSC_H7C_V1p10C100/ics55_LLSC_H7CL/liberty/ics55_LLSC_H7CL_typ_tt_1p2_25_nldm.lib success.
I20260210 11:00:14.702659 59499 Sta.cc:297] read liberty /home/biruide/ysyx-workbench/yosys-sta/scripts/../pdk/icsprout55/IP/STD_cell/ics55_LLSC_H7C_V1p10C100/ics55_LLSC_H7CL/liberty/ics55_LLSC_H7CL_typ_tt_1p2_25_nldm.lib end 
I20260210 11:00:14.703187 59466 Sta.cc:328] load lib end
I20260210 11:00:14.703258 59466 Sta.cc:417] link design ex8sta start
I20260210 11:00:14.727422 59618 LibParserRustC.cc:1304] link liberty file /home/biruide/ysyx-workbench/yosys-sta/scripts/../pdk/icsprout55/IP/STD_cell/ics55_LLSC_H7C_V1p10C100/ics55_LLSC_H7CL/liberty/ics55_LLSC_H7CL_typ_tt_1p2_25_nldm.lib start.
I20260210 11:00:14.729987 59618 LibParserRustC.cc:666] unkown attri name: voltage_map in /home/biruide/ysyx-workbench/yosys-sta/scripts/../pdk/icsprout55/IP/STD_cell/ics55_LLSC_H7C_V1p10C100/ics55_LLSC_H7CL/liberty/ics55_LLSC_H7CL_typ_tt_1p2_25_nldm.lib line no 28
I20260210 11:00:33.660104 59618 LibParserRustC.cc:1310] link liberty file /home/biruide/ysyx-workbench/yosys-sta/scripts/../pdk/icsprout55/IP/STD_cell/ics55_LLSC_H7C_V1p10C100/ics55_LLSC_H7CL/liberty/ics55_LLSC_H7CL_typ_tt_1p2_25_nldm.lib success.
I20260210 11:00:33.673458 59466 Sta.cc:889] assign vgaB_2_ = vAddr_9_
I20260210 11:00:33.673559 59466 Sta.cc:889] assign vgaB_1_ = vAddr_9_
I20260210 11:00:33.673578 59466 Sta.cc:889] assign vgaB_0_ = vAddr_9_
I20260210 11:00:33.673588 59466 Sta.cc:889] assign vgaG_7_ = vAddr_9_
I20260210 11:00:33.673597 59466 Sta.cc:889] assign vgaG_6_ = vAddr_9_
I20260210 11:00:33.673605 59466 Sta.cc:889] assign vgaG_5_ = vAddr_9_
I20260210 11:00:33.673614 59466 Sta.cc:889] assign vgaG_4_ = vAddr_9_
I20260210 11:00:33.673620 59466 Sta.cc:889] assign vgaG_3_ = vAddr_9_
I20260210 11:00:33.673627 59466 Sta.cc:889] assign vgaG_2_ = vAddr_9_
I20260210 11:00:33.673635 59466 Sta.cc:889] assign vgaG_1_ = vAddr_9_
I20260210 11:00:33.673641 59466 Sta.cc:889] assign vgaG_0_ = vAddr_9_
I20260210 11:00:33.673648 59466 Sta.cc:889] assign vgaR_7_ = vAddr_9_
I20260210 11:00:33.673655 59466 Sta.cc:889] assign vgaR_6_ = vAddr_9_
I20260210 11:00:33.673661 59466 Sta.cc:889] assign vgaR_5_ = vAddr_9_
I20260210 11:00:33.673668 59466 Sta.cc:889] assign vgaR_4_ = vAddr_9_
I20260210 11:00:33.673676 59466 Sta.cc:889] assign vgaR_3_ = vAddr_9_
I20260210 11:00:33.673682 59466 Sta.cc:889] assign vgaR_2_ = vAddr_9_
I20260210 11:00:33.673692 59466 Sta.cc:889] assign vgaR_1_ = vAddr_9_
I20260210 11:00:33.673699 59466 Sta.cc:889] assign vgaR_0_ = vAddr_9_
I20260210 11:00:33.673707 59466 Sta.cc:889] assign vgaB_4_ = vAddr_9_
I20260210 11:00:33.673714 59466 Sta.cc:889] assign vgaB_3_ = vAddr_9_
I20260210 11:00:33.673722 59466 Sta.cc:889] assign vgaB_7_ = vAddr_9_
I20260210 11:00:33.673728 59466 Sta.cc:889] assign vgaB_6_ = vAddr_9_
I20260210 11:00:33.673761 59466 Sta.cc:889] assign vgaB_5_ = vAddr_9_
I20260210 11:00:33.673893 59466 Sta.cc:1106] link design ex8sta end
I20260210 11:00:33.673934 59466 Sta.cc:1108] design ex8sta inst num: 175
I20260210 11:00:33.675123 59466 Sta.cc:1110] design ex8sta net num: 201
I20260210 11:00:33.675148 59466 Sta.cc:1112] design ex8sta port num: 49
I20260210 11:00:33.675184 59466 Sta.cc:181] read sdc /home/biruide/ysyx-workbench/yosys-sta/scripts/default.sdc start 
I20260210 11:00:33.682024 59466 CmdCreateClock.cc:124] create clock core_clock for pin/port: clk
I20260210 11:00:33.682097 59466 Sta.cc:198] read sdc /home/biruide/ysyx-workbench/yosys-sta/scripts/default.sdc end 
I20260210 11:00:33.683035 59466 StaBuildGraph.cc:315] build graph start
I20260210 11:00:33.686874 59466 StaBuildGraph.cc:216] net vgaR_0_ has no driver.
I20260210 11:00:33.686933 59466 StaBuildGraph.cc:216] net vgaR_1_ has no driver.
I20260210 11:00:33.686939 59466 StaBuildGraph.cc:216] net vgaR_2_ has no driver.
I20260210 11:00:33.686944 59466 StaBuildGraph.cc:216] net vgaR_3_ has no driver.
I20260210 11:00:33.686947 59466 StaBuildGraph.cc:216] net vgaR_4_ has no driver.
I20260210 11:00:33.686950 59466 StaBuildGraph.cc:216] net vgaR_5_ has no driver.
I20260210 11:00:33.686954 59466 StaBuildGraph.cc:216] net vgaR_6_ has no driver.
I20260210 11:00:33.686959 59466 StaBuildGraph.cc:216] net vgaR_7_ has no driver.
I20260210 11:00:33.686961 59466 StaBuildGraph.cc:216] net vgaG_0_ has no driver.
I20260210 11:00:33.686964 59466 StaBuildGraph.cc:216] net vgaG_1_ has no driver.
I20260210 11:00:33.686968 59466 StaBuildGraph.cc:216] net vgaG_2_ has no driver.
I20260210 11:00:33.686971 59466 StaBuildGraph.cc:216] net vgaG_3_ has no driver.
I20260210 11:00:33.686975 59466 StaBuildGraph.cc:216] net vgaG_4_ has no driver.
I20260210 11:00:33.686978 59466 StaBuildGraph.cc:216] net vgaG_5_ has no driver.
I20260210 11:00:33.686981 59466 StaBuildGraph.cc:216] net vgaG_6_ has no driver.
I20260210 11:00:33.686985 59466 StaBuildGraph.cc:216] net vgaG_7_ has no driver.
I20260210 11:00:33.686988 59466 StaBuildGraph.cc:216] net vgaB_0_ has no driver.
I20260210 11:00:33.686991 59466 StaBuildGraph.cc:216] net vgaB_1_ has no driver.
I20260210 11:00:33.686995 59466 StaBuildGraph.cc:216] net vgaB_2_ has no driver.
I20260210 11:00:33.686998 59466 StaBuildGraph.cc:216] net vgaB_3_ has no driver.
I20260210 11:00:33.687003 59466 StaBuildGraph.cc:216] net vgaB_4_ has no driver.
I20260210 11:00:33.687006 59466 StaBuildGraph.cc:216] net vgaB_5_ has no driver.
I20260210 11:00:33.687011 59466 StaBuildGraph.cc:216] net vgaB_6_ has no driver.
I20260210 11:00:33.687013 59466 StaBuildGraph.cc:216] net vgaB_7_ has no driver.
I20260210 11:00:33.688021 59466 StaBuildGraph.cc:332] build graph end
I20260210 11:00:33.688112 59466 Sta.cc:2834] update timing start
I20260210 11:00:33.688236 59466 StaApplySdc.cc:698] apply sdc start
I20260210 11:00:33.688261 59466 StaApplySdc.cc:729] apply sdc end
I20260210 11:00:33.688266 59466 StaClockPropagation.cc:324] ideal clock propagation start
I20260210 11:00:33.688406 59466 StaClockPropagation.cc:354] clock propagation clock num: 1
I20260210 11:00:33.688452 59466 StaClockPropagation.cc:203] clock propagate end to vertex y_0__reg_p:CK
I20260210 11:00:33.688493 59466 StaClockPropagation.cc:422] ideal clock propagation end
I20260210 11:00:33.688499 59466 StaCheck.cc:129] found loop fwd start
I20260210 11:00:33.688606 59466 StaCheck.cc:148] found loop fwd end
I20260210 11:00:33.688634 59466 StaCheck.cc:150] found loop bwd start
I20260210 11:00:33.688706 59466 StaCheck.cc:172] found loop bwd end
I20260210 11:00:33.688769 59466 StaClockSlewDelayPropagation.cc:112] clock slew delay propagation start
I20260210 11:00:33.689457 59466 StaClockSlewDelayPropagation.cc:130] propagating current clock queue vertexes number is 1
I20260210 11:00:33.690073 59466 StaClockSlewDelayPropagation.cc:130] propagating current clock queue vertexes number is 11
I20260210 11:00:33.690152 59466 StaClockSlewDelayPropagation.cc:130] propagating current clock queue vertexes number is 1
I20260210 11:00:33.690224 59466 StaClockSlewDelayPropagation.cc:130] propagating current clock queue vertexes number is 10
I20260210 11:00:33.690260 59466 StaClockSlewDelayPropagation.cc:163] clock slew delay propagation end
I20260210 11:00:33.690292 59466 StaClockSlewDelayPropagation.cc:166] clock slew delay propagation memory usage 0MB
I20260210 11:00:33.690315 59466 StaClockSlewDelayPropagation.cc:169] clock slew delay propagation time elapsed 0.001546s
I20260210 11:00:33.690418 59466 StaClockPropagation.cc:326] propagated(kNormal) clock propagation start
I20260210 11:00:33.690443 59466 StaClockPropagation.cc:354] clock propagation clock num: 1
I20260210 11:00:33.690451 59466 StaClockPropagation.cc:424] propagated(kNormal) clock propagation end
I20260210 11:00:33.690456 59466 StaApplySdc.cc:698] apply sdc start
I20260210 11:00:33.690461 59466 StaApplySdc.cc:729] apply sdc end
I20260210 11:00:33.690465 59466 StaClockPropagation.cc:328] propagated(kGenerated) clock propagation start
I20260210 11:00:33.690469 59466 StaClockPropagation.cc:354] clock propagation clock num: 1
I20260210 11:00:33.690472 59466 StaClockPropagation.cc:426] propagated(kGenerated) clock propagation end
I20260210 11:00:33.690475 59466 StaApplySdc.cc:698] apply sdc start
I20260210 11:00:33.690478 59466 StaApplySdc.cc:729] apply sdc end
I20260210 11:00:33.690481 59466 StaBuildPropTag.cc:325] build propagation tag start
I20260210 11:00:33.690510 59466 StaBuildPropTag.cc:338] build propagation tag end
I20260210 11:00:33.690518 59466 StaDataPropagation.cc:676] data fwd propagation start
I20260210 11:00:33.690542 59466 StaDataPropagationBFS.cc:166] data fwd propagation bfs start
I20260210 11:00:33.690603 59466 StaDataPropagationBFS.cc:190] propagating current data queue vertexes number is 22
I20260210 11:00:33.694060 59715 StaDataPropagationBFS.cc:82] Thread 132527839651392 date fwd propagate found start vertex.reset
I20260210 11:00:33.694180 59715 StaDataPropagationBFS.cc:82] Thread 132527839651392 date fwd propagate found start vertex.x_6__reg_p:CK
I20260210 11:00:33.694141 59719 StaDataPropagationBFS.cc:82] Thread 132527993910848 date fwd propagate found start vertex.x_4__reg_p:CK
I20260210 11:00:33.694157 59720 StaDataPropagationBFS.cc:82] Thread 132527985518144 date fwd propagate found start vertex.x_5__reg_p:CK
I20260210 11:00:33.694243 59721 StaDataPropagationBFS.cc:82] Thread 132527977125440 date fwd propagate found start vertex.x_7__reg_p:CK
I20260210 11:00:33.694074 59716 StaDataPropagationBFS.cc:82] Thread 132527848044096 date fwd propagate found start vertex.x_0__reg_p:CK
I20260210 11:00:33.694090 59746 StaDataPropagationBFS.cc:82] Thread 132527314429504 date fwd propagate found start vertex.x_1__reg_p:CK
I20260210 11:00:33.694109 59717 StaDataPropagationBFS.cc:82] Thread 132527856436800 date fwd propagate found start vertex.x_2__reg_p:CK
[0;31mE20260210 11:00:33.694319 59732 Lib.cc:181] Warning: val outside table ranges:  val = 0; min_val = 0.0121961; max_val = 0.795659
[m[0;31mE20260210 11:00:33.694236 59720 Lib.cc:181] Warning: val outside table ranges:  val = 0; min_val = 0.0121961; max_val = 0.795659
[m[0;31mE20260210 11:00:33.694408 59725 Lib.cc:181] Warning: val outside table ranges:  val = 0; min_val = 0.0121961; max_val = 0.795659
[m[0;31mE20260210 11:00:33.694370 59734 Lib.cc:181] Warning: val outside table ranges:  val = 0; min_val = 0.0121961; max_val = 0.795659
[m[0;31mE20260210 11:00:33.694357 59723 Lib.cc:181] Warning: val outside table ranges:  val = 0; min_val = 0.0121961; max_val = 0.795659
[m[0;31mE20260210 11:00:33.694375 59715 Lib.cc:181] Warning: val outside table ranges:  val = 0; min_val = 0.0121961; max_val = 0.795659
[m[0;31mE20260210 11:00:33.694327 59716 Lib.cc:181] Warning: val outside table ranges:  val = 0; min_val = 0.0121961; max_val = 0.795659
[m[0;31mE20260210 11:00:33.694315 59721 Lib.cc:181] Warning: val outside table ranges:  val = 0; min_val = 0.0121961; max_val = 0.795659
[m[0;31mE20260210 11:00:33.694235 59719 Lib.cc:181] Warning: val outside table ranges:  val = 0; min_val = 0.0121961; max_val = 0.795659
[mI20260210 11:00:33.694728 59722 StaDataPropagationBFS.cc:82] Thread 132527968732736 date fwd propagate found start vertex.x_8__reg_p:CK
I20260210 11:00:33.694743 59718 StaDataPropagationBFS.cc:82] Thread 132527864829504 date fwd propagate found start vertex.x_3__reg_p:CK
[0;31mE20260210 11:00:33.694427 59726 Lib.cc:181] Warning: val outside table ranges:  val = 0; min_val = 0.0121961; max_val = 0.795659
[mI20260210 11:00:33.696020 59466 StaDataPropagationBFS.cc:190] propagating current data queue vertexes number is 21
I20260210 11:00:33.699105 59466 StaDataPropagationBFS.cc:190] propagating current data queue vertexes number is 97
I20260210 11:00:33.703990 59466 StaDataPropagationBFS.cc:190] propagating current data queue vertexes number is 35
I20260210 11:00:33.707918 59466 StaDataPropagationBFS.cc:190] propagating current data queue vertexes number is 123
I20260210 11:00:33.716436 59466 StaDataPropagationBFS.cc:190] propagating current data queue vertexes number is 43
I20260210 11:00:33.719548 59466 StaDataPropagationBFS.cc:190] propagating current data queue vertexes number is 103
I20260210 11:00:33.725219 59466 StaDataPropagationBFS.cc:190] propagating current data queue vertexes number is 50
I20260210 11:00:33.734179 59466 StaDataPropagationBFS.cc:190] propagating current data queue vertexes number is 87
I20260210 11:00:33.740801 59466 StaDataPropagationBFS.cc:190] propagating current data queue vertexes number is 33
I20260210 11:00:33.744958 59466 StaDataPropagationBFS.cc:190] propagating current data queue vertexes number is 41
I20260210 11:00:33.751222 59466 StaDataPropagationBFS.cc:190] propagating current data queue vertexes number is 9
I20260210 11:00:33.760660 59466 StaDataPropagationBFS.cc:190] propagating current data queue vertexes number is 9
I20260210 11:00:33.768390 59466 StaDataPropagationBFS.cc:229] data fwd propagation bfs end
I20260210 11:00:33.768476 59466 StaDataPropagationBFS.cc:232] data fwd propagation bfs memory usage 64.972MB
I20260210 11:00:33.768489 59466 StaDataPropagationBFS.cc:234] data fwd propagation bfs time elapsed 0.077947s
I20260210 11:00:33.768496 59466 StaDataPropagation.cc:695] data fwd propagation end
I20260210 11:00:33.768501 59466 StaDataPropagation.cc:676] data fwd propagation start
I20260210 11:00:33.768517 59466 StaDataPropagationBFS.cc:166] data fwd propagation bfs start
I20260210 11:00:33.768556 59466 StaDataPropagationBFS.cc:190] propagating current data queue vertexes number is 1
I20260210 11:00:33.774055 59466 StaDataPropagationBFS.cc:229] data fwd propagation bfs end
I20260210 11:00:33.774142 59466 StaDataPropagationBFS.cc:232] data fwd propagation bfs memory usage 0MB
I20260210 11:00:33.774155 59466 StaDataPropagationBFS.cc:234] data fwd propagation bfs time elapsed 0.005639s
I20260210 11:00:33.774161 59466 StaDataPropagation.cc:695] data fwd propagation end
I20260210 11:00:33.774168 59466 StaAnalyze.cc:557] analyze timing path start
I20260210 11:00:33.774173 59466 StaAnalyze.cc:565] analyze timing path end vertex 1 total 68 start
[0;31mE20260210 11:00:33.774180 59466 StaAnalyze.cc:328] The output port vgaHsync is not constrained
[m[0;31mE20260210 11:00:33.774219 59466 StaAnalyze.cc:328] The output port vgaHsync is not constrained
[mI20260210 11:00:33.774225 59466 StaAnalyze.cc:599] analyze timing path end vertex 1 total 68 end
[0;31mE20260210 11:00:33.774230 59466 StaAnalyze.cc:328] The output port vgaVsync is not constrained
[m[0;31mE20260210 11:00:33.774235 59466 StaAnalyze.cc:328] The output port vgaVsync is not constrained
[m[0;31mE20260210 11:00:33.774240 59466 StaAnalyze.cc:328] The output port vgaBlank is not constrained
[m[0;31mE20260210 11:00:33.774246 59466 StaAnalyze.cc:328] The output port vgaBlank is not constrained
[m[0;31mE20260210 11:00:33.774252 59466 StaAnalyze.cc:328] The output port vAddr_0_ is not constrained
[m[0;31mE20260210 11:00:33.774258 59466 StaAnalyze.cc:328] The output port vAddr_0_ is not constrained
[m[0;31mE20260210 11:00:33.774264 59466 StaAnalyze.cc:328] The output port vAddr_1_ is not constrained
[m[0;31mE20260210 11:00:33.774273 59466 StaAnalyze.cc:328] The output port vAddr_1_ is not constrained
[mI20260210 11:00:33.774281 59466 StaAnalyze.cc:565] analyze timing path end vertex 11 total 68 start
I20260210 11:00:33.774283 59466 StaAnalyze.cc:599] analyze timing path end vertex 11 total 68 end
I20260210 11:00:33.774288 59466 StaAnalyze.cc:565] analyze timing path end vertex 21 total 68 start
I20260210 11:00:33.774292 59466 StaAnalyze.cc:599] analyze timing path end vertex 21 total 68 end
I20260210 11:00:33.774297 59466 StaAnalyze.cc:565] analyze timing path end vertex 31 total 68 start
I20260210 11:00:33.774314 59466 StaAnalyze.cc:599] analyze timing path end vertex 31 total 68 end
I20260210 11:00:33.774319 59466 StaAnalyze.cc:565] analyze timing path end vertex 41 total 68 start
I20260210 11:00:33.774323 59466 StaAnalyze.cc:599] analyze timing path end vertex 41 total 68 end
I20260210 11:00:33.774371 59466 StaAnalyze.cc:303] add path data num 2 to x_0__reg_p:D
I20260210 11:00:33.774389 59466 StaAnalyze.cc:565] analyze timing path end vertex 51 total 68 start
I20260210 11:00:33.774399 59466 StaAnalyze.cc:599] analyze timing path end vertex 51 total 68 end
I20260210 11:00:33.774456 59466 StaAnalyze.cc:565] analyze timing path end vertex 61 total 68 start
I20260210 11:00:33.774472 59466 StaAnalyze.cc:599] analyze timing path end vertex 61 total 68 end
I20260210 11:00:33.774518 59466 StaAnalyze.cc:603] analyze timing path end
I20260210 11:00:33.774525 59466 StaApplySdc.cc:698] apply sdc start
I20260210 11:00:33.774530 59466 StaApplySdc.cc:729] apply sdc end
I20260210 11:00:33.774534 59466 StaDataPropagation.cc:698] data bwd propagation start
I20260210 11:00:33.782648 59466 StaDataPropagation.cc:249] propagate start vertex x_0__reg_p:CK
I20260210 11:00:33.782709 59466 StaDataPropagation.cc:172] Thread 132528094867584 data bwd propagate found end vertex.hAddr_0_
I20260210 11:00:33.782733 59466 StaDataPropagation.cc:172] Thread 132528094867584 data bwd propagate found end vertex.x_0__reg_p:D
I20260210 11:00:33.782747 59466 StaDataPropagation.cc:172] Thread 132528094867584 data bwd propagate found end vertex.hAddr_2_
I20260210 11:00:33.782765 59466 StaDataPropagation.cc:172] Thread 132528094867584 data bwd propagate found end vertex.x_1__reg_p:D
I20260210 11:00:33.782774 59466 StaDataPropagation.cc:172] Thread 132528094867584 data bwd propagate found end vertex.hAddr_1_
I20260210 11:00:33.782788 59466 StaDataPropagation.cc:172] Thread 132528094867584 data bwd propagate found end vertex.x_2__reg_p:D
I20260210 11:00:33.782822 59466 StaDataPropagation.cc:172] Thread 132528094867584 data bwd propagate found end vertex.x_5__reg_p:D
I20260210 11:00:33.782840 59466 StaDataPropagation.cc:172] Thread 132528094867584 data bwd propagate found end vertex.x_6__reg_p:D
I20260210 11:00:33.782858 59466 StaDataPropagation.cc:172] Thread 132528094867584 data bwd propagate found end vertex.x_7__reg_p:D
I20260210 11:00:33.782873 59466 StaDataPropagation.cc:172] Thread 132528094867584 data bwd propagate found end vertex.x_8__reg_p:D
I20260210 11:00:33.784837 59466 StaDataPropagation.cc:703] data bwd propagation end
I20260210 11:00:33.784868 59466 Sta.cc:2895] update timing end
I20260210 11:00:33.784912 59466 Sta.cc:2898] update timing memory usage 64.972MB
I20260210 11:00:33.784924 59466 Sta.cc:2900] update timing time elapsed 0.096813s
I20260210 11:00:33.785111 59466 Sta.cc:2998] start write sta report.
I20260210 11:00:33.785125 59466 Sta.cc:2999] output sta report path: /home/biruide/ysyx-workbench/yosys-sta/result/ex8sta-500MHz
I20260210 11:00:33.790158 59466 StaReport.cc:211] report the clock group core_clock 5 timing paths.
I20260210 11:00:33.790216 59466 StaReport.cc:206] report the clock group **clock_gating_default** 2 timing paths.
I20260210 11:00:33.791294 59466 StaReport.cc:211] report the clock group core_clock 5 timing paths.
I20260210 11:00:33.791564 59466 StaReport.cc:206] report the clock group **clock_gating_default** 2 timing paths.
I20260210 11:00:33.791590 59466 StaReport.cc:211] report the clock group core_clock 1 timing paths.
I20260210 11:00:33.791595 59466 StaReport.cc:206] report the clock group **clock_gating_default** 1 timing paths.
I20260210 11:00:33.791628 59466 StaReport.cc:211] report the clock group core_clock 5 timing paths.
I20260210 11:00:33.791639 59466 StaReport.cc:206] report the clock group **clock_gating_default** 2 timing paths.
I20260210 11:00:33.792177 59466 StaReport.cc:211] report the clock group core_clock 5 timing paths.
I20260210 11:00:33.792375 59466 StaReport.cc:206] report the clock group **clock_gating_default** 2 timing paths.
I20260210 11:00:33.792390 59466 StaReport.cc:211] report the clock group core_clock 1 timing paths.
I20260210 11:00:33.792421 59466 StaReport.cc:206] report the clock group **clock_gating_default** 1 timing paths.
I20260210 11:00:33.792426 59466 Sta.cc:1885] 
+---------------------+--------------------------+------------+------------+---------------+-------+-------+-----------+
| Endpoint            | Clock Group              | Delay Type | Path Delay | Path Required | CPPR  | Slack | Freq(MHz) |
+---------------------+--------------------------+------------+------------+---------------+-------+-------+-----------+
| x_9__reg_p:D        | core_clock               | max        | 0.435r     | 1.971         | 0.000 | 1.537 | 2158.918  |
| x_8__reg_p:D        | core_clock               | max        | 0.407f     | 1.952         | 0.000 | 1.545 | 2197.735  |
| x_6__reg_p:D        | core_clock               | max        | 0.407f     | 1.952         | 0.000 | 1.545 | 2197.735  |
| x_9__reg_p:D        | core_clock               | max        | 0.407f     | 1.952         | 0.000 | 1.545 | 2197.735  |
| x_5__reg_p:D        | core_clock               | max        | 0.407f     | 1.952         | 0.000 | 1.545 | 2197.735  |
| clk_ICGX0P5H7L_CK:E | **clock_gating_default** | max        | 0.382r     | 1.933         | 0.000 | 1.551 | NA        |
| clk_ICGX0P5H7L_CK:E | **clock_gating_default** | max        | 0.263f     | 1.962         | 0.000 | 1.699 | NA        |
| y_1__reg_p:D        | core_clock               | min        | 0.129f     | -0.008        | 0.000 | 0.137 | NA        |
| x_8__reg_p:D        | core_clock               | min        | 0.130f     | -0.008        | 0.000 | 0.138 | NA        |
| y_8__reg_p:D        | core_clock               | min        | 0.132f     | -0.008        | 0.000 | 0.140 | NA        |
| x_9__reg_p:D        | core_clock               | min        | 0.133f     | -0.008        | 0.000 | 0.141 | NA        |
| x_0__reg_p:D        | core_clock               | min        | 0.132r     | -0.017        | 0.000 | 0.148 | NA        |
| clk_ICGX0P5H7L_CK:E | **clock_gating_default** | min        | 0.148f     | -0.009        | 0.000 | 0.157 | NA        |
| clk_ICGX0P5H7L_CK:E | **clock_gating_default** | min        | 0.232r     | -0.028        | 0.000 | 0.260 | NA        |
+---------------------+--------------------------+------------+------------+---------------+-------+-------+-----------+
I20260210 11:00:33.792642 59466 Sta.cc:1886] 
+------------+------------+-------+
| Clock      | Delay Type | TNS   |
+------------+------------+-------+
| core_clock | max        | 0.000 |
| core_clock | min        | 0.000 |
+------------+------------+-------+
I20260210 11:00:33.807798 59466 NetlistWriter.cc:52] start write verilog file /home/biruide/ysyx-workbench/yosys-sta/result/ex8sta-500MHz/ex8sta.v
I20260210 11:00:33.809562 59466 NetlistWriter.cc:71] finish write verilog file /home/biruide/ysyx-workbench/yosys-sta/result/ex8sta-500MHz/ex8sta.v
I20260210 11:00:33.809615 59466 Sta.cc:3111] used lib: /home/biruide/ysyx-workbench/yosys-sta/scripts/../pdk/icsprout55/IP/STD_cell/ics55_LLSC_H7C_V1p10C100/ics55_LLSC_H7CL/liberty/ics55_LLSC_H7CL_typ_tt_1p2_25_nldm.lib
I20260210 11:00:33.809624 59466 Sta.cc:3096] The timing engine run success.
I20260210 11:00:33.810817 59466 Power.cc:854] build graph and seq graph start
I20260210 11:00:33.811532 59466 PwrBuildGraph.cc:80] build power graph start
I20260210 11:00:33.812542 59466 PwrBuildGraph.cc:170] build power graph end
I20260210 11:00:33.812578 59466 PwrBuildGraph.cc:172] build power graph memory usage 0MB
I20260210 11:00:33.812587 59466 PwrBuildGraph.cc:174] build power graph time elapsed 0.001056s
I20260210 11:00:33.812606 59466 PwrBuildSeqGraph.cc:326] build seq graph start
I20260210 11:00:33.823290 59466 PwrBuildSeqGraph.cc:330] build seq graph end
I20260210 11:00:33.823334 59466 PwrBuildSeqGraph.cc:332] seq inst num: 20
I20260210 11:00:33.823340 59466 PwrBuildSeqGraph.cc:333] input port num: 2
I20260210 11:00:33.823343 59466 PwrBuildSeqGraph.cc:334] output port num: 47
I20260210 11:00:33.823347 59466 PwrBuildSeqGraph.cc:335] seq macro num: 0
I20260210 11:00:33.823385 59466 PwrBuildSeqGraph.cc:336] seq arc num: 417
I20260210 11:00:33.823390 59466 PwrBuildSeqGraph.cc:339] seq vertex max fanout: 22
I20260210 11:00:33.823392 59466 PwrBuildSeqGraph.cc:340] seq vertex max fanin: 18
I20260210 11:00:33.823438 59466 PwrBuildSeqGraph.cc:343] build seq graph memory usage 132.196MB
I20260210 11:00:33.823454 59466 PwrBuildSeqGraph.cc:345] build seq graph time elapsed 0.010847s
I20260210 11:00:33.823462 59466 Power.cc:861] build graph and seq graph end
I20260210 11:00:33.823477 59466 Power.cc:863] build graph and seq graph memory usage 132.196MB
I20260210 11:00:33.823483 59466 Power.cc:866] build graph and seq graph time elapsed 0.012668s
I20260210 11:00:33.823496 59466 Power.cc:871] power annotate vcd start
I20260210 11:00:33.823503 59466 Power.cc:128] annotate toggle sp start
I20260210 11:00:33.823508 59466 Power.cc:134] annotate toggle sp end
I20260210 11:00:33.823511 59466 Power.cc:878] power vcd annotate end
I20260210 11:00:33.823523 59466 Power.cc:880] power vcd annotate memory usage 0MB
I20260210 11:00:33.823529 59466 Power.cc:882] power vcd annotate time elapsed 3.2e-05s
I20260210 11:00:33.823544 59466 Power.cc:896] power propagation start
I20260210 11:00:33.823640 59466 PwrCheckPipelineLoop.cc:122] check pipeline loop start
I20260210 11:00:33.823818 59466 PwrCheckPipelineLoop.cc:129] check pipeline loop end
I20260210 11:00:33.823885 59466 PwrCheckPipelineLoop.cc:137] check pipeline loop memory usage 0MB
I20260210 11:00:33.823892 59466 PwrCheckPipelineLoop.cc:139] check pipeline loop time elapsed 0.000252s
I20260210 11:00:33.823913 59466 PwrLevelizeSeqGraph.cc:93] seq levelization start
I20260210 11:00:33.823935 59466 PwrLevelizeSeqGraph.cc:101] seq levelization end
I20260210 11:00:33.823938 59466 PwrLevelizeSeqGraph.cc:103] the seq graph's level depth 12
I20260210 11:00:33.823956 59466 PwrLevelizeSeqGraph.cc:116] levelization memory usage 0MB
I20260210 11:00:33.823961 59466 PwrLevelizeSeqGraph.cc:118] levelization time elapsed 4.7e-05s
I20260210 11:00:33.824020 59466 PwrPropagateConst.cc:184] propagate const start
I20260210 11:00:33.824039 59466 PwrPropagateConst.cc:109] set tie cell fanout from vAddr_TIELOH7L_Z:Z data in vertex vAddr_9_
I20260210 11:00:33.824049 59466 PwrPropagateConst.cc:288] propagate const end
I20260210 11:00:33.824061 59466 PwrPropagateConst.cc:290] propagate const memory usage 0MB
I20260210 11:00:33.824066 59466 PwrPropagateConst.cc:292] propagate const time elapsed 4.6e-05s
I20260210 11:00:33.824080 59466 PwrPropagateToggleSP.cc:202] propagate toggle sp start
I20260210 11:00:33.833068 59466 PwrPropagateToggleSP.cc:316] propagate toggle sp end
I20260210 11:00:33.833173 59466 PwrPropagateToggleSP.cc:319] propagate toggle sp memory usage 524.288MB
I20260210 11:00:33.833196 59466 PwrPropagateToggleSP.cc:321] propagate toggle sp time elapsed 0.009116s
I20260210 11:00:33.833214 59466 PwrPropagateClock.cc:68] propagate clock start
I20260210 11:00:33.833233 59466 PwrPropagateClock.cc:80] propagate clock end
I20260210 11:00:33.833245 59466 PwrPropagateClock.cc:82] propagate clock memory usage 0MB
I20260210 11:00:33.833249 59466 PwrPropagateClock.cc:84] propagate clock time elapsed 3.4e-05s
I20260210 11:00:33.833253 59466 Power.cc:914] power propagation end
I20260210 11:00:33.833263 59466 Power.cc:916] power propagation memory usage 524.288MB
I20260210 11:00:33.833267 59466 Power.cc:918] power propagation time elapsed 0.009724s
I20260210 11:00:33.833283 59466 Power.cc:267] power calculation start
I20260210 11:00:33.833305 59466 PwrCalcLeakagePower.cc:85] calc leakage power start
I20260210 11:00:33.867509 59466 PwrCalcLeakagePower.cc:119] calc leakage power result 0.000297321mw
I20260210 11:00:33.867609 59466 PwrCalcLeakagePower.cc:122] calc leakage power end
I20260210 11:00:33.867686 59466 PwrCalcLeakagePower.cc:124] calc leakage power memory usage 0MB
I20260210 11:00:33.867694 59466 PwrCalcLeakagePower.cc:126] calc leakage power time elapsed 0.034389s
I20260210 11:00:33.867715 59466 PwrCalcInternalPower.cc:565] calc internal power start
[0;31mE20260210 11:00:33.874130 59466 PwrCalcInternalPower.cc:205] reset_BUFX1P4H7L_A:A input slew is not exist.
[m[0;31mE20260210 11:00:33.884552 59466 PwrCalcInternalPower.cc:97] x_0__reg_p_D_NAND3BBX6H7L_Y:AN rise slew is not exist.
[m[0;31mE20260210 11:00:33.884662 59466 PwrCalcInternalPower.cc:97] x_0__reg_p_D_NAND3BBX6H7L_Y:AN rise slew is not exist.
[m[0;31mE20260210 11:00:33.884677 59466 PwrCalcInternalPower.cc:97] x_0__reg_p_D_NAND3BBX6H7L_Y:AN rise slew is not exist.
[m[0;31mE20260210 11:00:33.884684 59466 PwrCalcInternalPower.cc:97] x_0__reg_p_D_NAND3BBX6H7L_Y:AN rise slew is not exist.
[m[0;31mE20260210 11:00:33.885156 59466 PwrCalcInternalPower.cc:97] x_1__reg_p_D_NOR3X1P4H7L_Y:A rise slew is not exist.
[m[0;31mE20260210 11:00:33.885210 59466 PwrCalcInternalPower.cc:97] x_1__reg_p_D_NOR3X1P4H7L_Y:A rise slew is not exist.
[m[0;31mE20260210 11:00:33.885218 59466 PwrCalcInternalPower.cc:97] x_1__reg_p_D_NOR3X1P4H7L_Y:A rise slew is not exist.
[m[0;31mE20260210 11:00:33.885224 59466 PwrCalcInternalPower.cc:97] x_1__reg_p_D_NOR3X1P4H7L_Y:A rise slew is not exist.
[m[0;31mE20260210 11:00:33.885231 59466 PwrCalcInternalPower.cc:97] x_1__reg_p_D_NOR3X1P4H7L_Y:A rise slew is not exist.
[m[0;31mE20260210 11:00:33.885236 59466 PwrCalcInternalPower.cc:97] x_1__reg_p_D_NOR3X1P4H7L_Y:A rise slew is not exist.
[m[0;31mE20260210 11:00:33.885376 59466 PwrCalcInternalPower.cc:205] x_1__reg_p_D_NOR3X1P4H7L_Y:A input slew is not exist.
[m[0;31mE20260210 11:00:33.885725 59466 PwrCalcInternalPower.cc:97] x_2__reg_p_D_NOR3X1P4H7L_Y:A rise slew is not exist.
[m[0;31mE20260210 11:00:33.885738 59466 PwrCalcInternalPower.cc:97] x_2__reg_p_D_NOR3X1P4H7L_Y:A rise slew is not exist.
[m[0;31mE20260210 11:00:33.885744 59466 PwrCalcInternalPower.cc:97] x_2__reg_p_D_NOR3X1P4H7L_Y:A rise slew is not exist.
[m[0;31mE20260210 11:00:33.885763 59466 PwrCalcInternalPower.cc:97] x_2__reg_p_D_NOR3X1P4H7L_Y:A rise slew is not exist.
[m[0;31mE20260210 11:00:33.885769 59466 PwrCalcInternalPower.cc:97] x_2__reg_p_D_NOR3X1P4H7L_Y:A rise slew is not exist.
[m[0;31mE20260210 11:00:33.885775 59466 PwrCalcInternalPower.cc:97] x_2__reg_p_D_NOR3X1P4H7L_Y:A rise slew is not exist.
[m[0;31mE20260210 11:00:33.888875 59466 PwrCalcInternalPower.cc:97] x_3__reg_p_D_NOR3X1P4H7L_Y:A rise slew is not exist.
[m[0;31mE20260210 11:00:33.888906 59466 PwrCalcInternalPower.cc:97] x_3__reg_p_D_NOR3X1P4H7L_Y:A rise slew is not exist.
[m[0;31mE20260210 11:00:33.888912 59466 PwrCalcInternalPower.cc:97] x_3__reg_p_D_NOR3X1P4H7L_Y:A rise slew is not exist.
[m[0;31mE20260210 11:00:33.888918 59466 PwrCalcInternalPower.cc:97] x_3__reg_p_D_NOR3X1P4H7L_Y:A rise slew is not exist.
[m[0;31mE20260210 11:00:33.888924 59466 PwrCalcInternalPower.cc:97] x_3__reg_p_D_NOR3X1P4H7L_Y:A rise slew is not exist.
[m[0;31mE20260210 11:00:33.888929 59466 PwrCalcInternalPower.cc:97] x_3__reg_p_D_NOR3X1P4H7L_Y:A rise slew is not exist.
[m[0;31mE20260210 11:00:33.889482 59466 PwrCalcInternalPower.cc:97] x_4__reg_p_D_NOR3X1P4H7L_Y:A rise slew is not exist.
[m[0;31mE20260210 11:00:33.889499 59466 PwrCalcInternalPower.cc:97] x_4__reg_p_D_NOR3X1P4H7L_Y:A rise slew is not exist.
[m[0;31mE20260210 11:00:33.889506 59466 PwrCalcInternalPower.cc:97] x_4__reg_p_D_NOR3X1P4H7L_Y:A rise slew is not exist.
[m[0;31mE20260210 11:00:33.889511 59466 PwrCalcInternalPower.cc:97] x_4__reg_p_D_NOR3X1P4H7L_Y:A rise slew is not exist.
[m[0;31mE20260210 11:00:33.889518 59466 PwrCalcInternalPower.cc:97] x_4__reg_p_D_NOR3X1P4H7L_Y:A rise slew is not exist.
[m[0;31mE20260210 11:00:33.889524 59466 PwrCalcInternalPower.cc:97] x_4__reg_p_D_NOR3X1P4H7L_Y:A rise slew is not exist.
[m[0;31mE20260210 11:00:33.889633 59466 PwrCalcInternalPower.cc:205] x_4__reg_p_D_NOR3X1P4H7L_Y:A input slew is not exist.
[m[0;31mE20260210 11:00:33.890956 59466 PwrCalcInternalPower.cc:97] x_5__reg_p_D_AOI211X1P4H7L_Y:B0 rise slew is not exist.
[m[0;31mE20260210 11:00:33.891034 59466 PwrCalcInternalPower.cc:97] x_5__reg_p_D_AOI211X1P4H7L_Y:B0 rise slew is not exist.
[m[0;31mE20260210 11:00:33.891047 59466 PwrCalcInternalPower.cc:97] x_5__reg_p_D_AOI211X1P4H7L_Y:B0 rise slew is not exist.
[m[0;31mE20260210 11:00:33.891054 59466 PwrCalcInternalPower.cc:97] x_5__reg_p_D_AOI211X1P4H7L_Y:B0 rise slew is not exist.
[m[0;31mE20260210 11:00:33.891059 59466 PwrCalcInternalPower.cc:97] x_5__reg_p_D_AOI211X1P4H7L_Y:B0 rise slew is not exist.
[m[0;31mE20260210 11:00:33.891078 59466 PwrCalcInternalPower.cc:97] x_5__reg_p_D_AOI211X1P4H7L_Y:B0 rise slew is not exist.
[m[0;31mE20260210 11:00:33.891263 59466 PwrCalcInternalPower.cc:205] x_5__reg_p_D_AOI211X1P4H7L_Y:B0 input slew is not exist.
[m[0;31mE20260210 11:00:33.893610 59466 PwrCalcInternalPower.cc:97] x_6__reg_p_D_AOI211X1P4H7L_Y:B0 rise slew is not exist.
[m[0;31mE20260210 11:00:33.893636 59466 PwrCalcInternalPower.cc:97] x_6__reg_p_D_AOI211X1P4H7L_Y:B0 rise slew is not exist.
[m[0;31mE20260210 11:00:33.893643 59466 PwrCalcInternalPower.cc:97] x_6__reg_p_D_AOI211X1P4H7L_Y:B0 rise slew is not exist.
[m[0;31mE20260210 11:00:33.893649 59466 PwrCalcInternalPower.cc:97] x_6__reg_p_D_AOI211X1P4H7L_Y:B0 rise slew is not exist.
[m[0;31mE20260210 11:00:33.893656 59466 PwrCalcInternalPower.cc:97] x_6__reg_p_D_AOI211X1P4H7L_Y:B0 rise slew is not exist.
[m[0;31mE20260210 11:00:33.893661 59466 PwrCalcInternalPower.cc:97] x_6__reg_p_D_AOI211X1P4H7L_Y:B0 rise slew is not exist.
[m[0;31mE20260210 11:00:33.893775 59466 PwrCalcInternalPower.cc:205] x_6__reg_p_D_AOI211X1P4H7L_Y:B0 input slew is not exist.
[m[0;31mE20260210 11:00:33.893846 59466 PwrCalcInternalPower.cc:205] x_6__reg_p_D_AOI211X1P4H7L_Y:B0 input slew is not exist.
[m[0;31mE20260210 11:00:33.894898 59466 PwrCalcInternalPower.cc:97] x_7__reg_p_D_AOI211X1P4H7L_Y:B0 rise slew is not exist.
[m[0;31mE20260210 11:00:33.894941 59466 PwrCalcInternalPower.cc:97] x_7__reg_p_D_AOI211X1P4H7L_Y:B0 rise slew is not exist.
[m[0;31mE20260210 11:00:33.894948 59466 PwrCalcInternalPower.cc:97] x_7__reg_p_D_AOI211X1P4H7L_Y:B0 rise slew is not exist.
[m[0;31mE20260210 11:00:33.894953 59466 PwrCalcInternalPower.cc:97] x_7__reg_p_D_AOI211X1P4H7L_Y:B0 rise slew is not exist.
[m[0;31mE20260210 11:00:33.894959 59466 PwrCalcInternalPower.cc:97] x_7__reg_p_D_AOI211X1P4H7L_Y:B0 rise slew is not exist.
[m[0;31mE20260210 11:00:33.894973 59466 PwrCalcInternalPower.cc:97] x_7__reg_p_D_AOI211X1P4H7L_Y:B0 rise slew is not exist.
[m[0;31mE20260210 11:00:33.895114 59466 PwrCalcInternalPower.cc:205] x_7__reg_p_D_AOI211X1P4H7L_Y:B0 input slew is not exist.
[m[0;31mE20260210 11:00:33.895174 59466 PwrCalcInternalPower.cc:205] x_7__reg_p_D_AOI211X1P4H7L_Y:B0 input slew is not exist.
[m[0;31mE20260210 11:00:33.897354 59466 PwrCalcInternalPower.cc:97] x_8__reg_p_D_AOI211X1P4H7L_Y:B0 rise slew is not exist.
[m[0;31mE20260210 11:00:33.897379 59466 PwrCalcInternalPower.cc:97] x_8__reg_p_D_AOI211X1P4H7L_Y:B0 rise slew is not exist.
[m[0;31mE20260210 11:00:33.897387 59466 PwrCalcInternalPower.cc:97] x_8__reg_p_D_AOI211X1P4H7L_Y:B0 rise slew is not exist.
[m[0;31mE20260210 11:00:33.897392 59466 PwrCalcInternalPower.cc:97] x_8__reg_p_D_AOI211X1P4H7L_Y:B0 rise slew is not exist.
[m[0;31mE20260210 11:00:33.897397 59466 PwrCalcInternalPower.cc:97] x_8__reg_p_D_AOI211X1P4H7L_Y:B0 rise slew is not exist.
[m[0;31mE20260210 11:00:33.897403 59466 PwrCalcInternalPower.cc:97] x_8__reg_p_D_AOI211X1P4H7L_Y:B0 rise slew is not exist.
[m[0;31mE20260210 11:00:33.897590 59466 PwrCalcInternalPower.cc:205] x_8__reg_p_D_AOI211X1P4H7L_Y:B0 input slew is not exist.
[m[0;31mE20260210 11:00:33.901672 59466 PwrCalcInternalPower.cc:97] x_9__reg_p_D_AOI211X1P4H7L_Y:B0 rise slew is not exist.
[m[0;31mE20260210 11:00:33.901710 59466 PwrCalcInternalPower.cc:97] x_9__reg_p_D_AOI211X1P4H7L_Y:B0 rise slew is not exist.
[m[0;31mE20260210 11:00:33.901716 59466 PwrCalcInternalPower.cc:97] x_9__reg_p_D_AOI211X1P4H7L_Y:B0 rise slew is not exist.
[m[0;31mE20260210 11:00:33.901722 59466 PwrCalcInternalPower.cc:97] x_9__reg_p_D_AOI211X1P4H7L_Y:B0 rise slew is not exist.
[m[0;31mE20260210 11:00:33.901728 59466 PwrCalcInternalPower.cc:97] x_9__reg_p_D_AOI211X1P4H7L_Y:B0 rise slew is not exist.
[m[0;31mE20260210 11:00:33.901734 59466 PwrCalcInternalPower.cc:97] x_9__reg_p_D_AOI211X1P4H7L_Y:B0 rise slew is not exist.
[m[0;31mE20260210 11:00:33.901855 59466 PwrCalcInternalPower.cc:205] x_9__reg_p_D_AOI211X1P4H7L_Y:B0 input slew is not exist.
[m[0;31mE20260210 11:00:33.901922 59466 PwrCalcInternalPower.cc:205] x_9__reg_p_D_AOI211X1P4H7L_Y:B0 input slew is not exist.
[m[0;31mE20260210 11:00:33.907574 59466 PwrCalcInternalPower.cc:97] y_4__reg_p_D_AOI21X0P5H7L_Y:B0 rise slew is not exist.
[m[0;31mE20260210 11:00:33.907648 59466 PwrCalcInternalPower.cc:97] y_4__reg_p_D_AOI21X0P5H7L_Y:B0 rise slew is not exist.
[m[0;31mE20260210 11:00:33.907709 59466 PwrCalcInternalPower.cc:205] y_4__reg_p_D_AOI21X0P5H7L_Y:B0 input slew is not exist.
[m[0;31mE20260210 11:00:33.907956 59466 PwrCalcInternalPower.cc:97] y_5__reg_p_D_AOI21X0P5H7L_Y:B0 rise slew is not exist.
[m[0;31mE20260210 11:00:33.907967 59466 PwrCalcInternalPower.cc:97] y_5__reg_p_D_AOI21X0P5H7L_Y:B0 rise slew is not exist.
[m[0;31mE20260210 11:00:33.907981 59466 PwrCalcInternalPower.cc:205] y_5__reg_p_D_AOI21X0P5H7L_Y:B0 input slew is not exist.
[m[0;31mE20260210 11:00:33.908020 59466 PwrCalcInternalPower.cc:205] y_5__reg_p_D_AOI21X0P5H7L_Y:B0 input slew is not exist.
[m[0;31mE20260210 11:00:33.909488 59466 PwrCalcInternalPower.cc:97] y_6__reg_p_D_AOI21X0P5H7L_Y:B0 rise slew is not exist.
[m[0;31mE20260210 11:00:33.909586 59466 PwrCalcInternalPower.cc:97] y_6__reg_p_D_AOI21X0P5H7L_Y:B0 rise slew is not exist.
[m[0;31mE20260210 11:00:33.909746 59466 PwrCalcInternalPower.cc:205] y_6__reg_p_D_AOI21X0P5H7L_Y:B0 input slew is not exist.
[m[0;31mE20260210 11:00:33.909915 59466 PwrCalcInternalPower.cc:205] y_6__reg_p_D_AOI21X0P5H7L_Y:B0 input slew is not exist.
[m[0;31mE20260210 11:00:33.912155 59466 PwrCalcInternalPower.cc:97] y_7__reg_p_D_MUX2X0P5H7L_Y_A_NOR2X0P5H7L_Y:A rise slew is not exist.
[m[0;31mE20260210 11:00:33.912209 59466 PwrCalcInternalPower.cc:97] y_7__reg_p_D_MUX2X0P5H7L_Y_A_NOR2X0P5H7L_Y:A rise slew is not exist.
[m[0;31mE20260210 11:00:33.912287 59466 PwrCalcInternalPower.cc:97] y_7__reg_p_D_MUX2X0P5H7L_Y_B_NOR2BX1H7L_Z:B rise slew is not exist.
[m[0;31mE20260210 11:00:33.912298 59466 PwrCalcInternalPower.cc:97] y_7__reg_p_D_MUX2X0P5H7L_Y_B_NOR2BX1H7L_Z:B rise slew is not exist.
[m[0;31mE20260210 11:00:33.915067 59466 PwrCalcInternalPower.cc:97] y_8__reg_p_D_AOI21X0P5H7L_Y:B0 rise slew is not exist.
[m[0;31mE20260210 11:00:33.915123 59466 PwrCalcInternalPower.cc:97] y_8__reg_p_D_AOI21X0P5H7L_Y:B0 rise slew is not exist.
[m[0;31mE20260210 11:00:33.915171 59466 PwrCalcInternalPower.cc:205] y_8__reg_p_D_AOI21X0P5H7L_Y:B0 input slew is not exist.
[m[0;31mE20260210 11:00:33.915239 59466 PwrCalcInternalPower.cc:205] y_8__reg_p_D_AOI21X0P5H7L_Y:B0 input slew is not exist.
[m[0;31mE20260210 11:00:33.919317 59466 PwrCalcInternalPower.cc:97] y_9__reg_p_D_NOR4X1H7L_Y_A_NOR3X0P5H7L_Y_B_OAI31X1P4H7L_A1:B0 rise slew is not exist.
[m[0;31mE20260210 11:00:33.919351 59466 PwrCalcInternalPower.cc:97] y_9__reg_p_D_NOR4X1H7L_Y_A_NOR3X0P5H7L_Y_B_OAI31X1P4H7L_A1:B0 rise slew is not exist.
[m[0;31mE20260210 11:00:33.919420 59466 PwrCalcInternalPower.cc:205] y_9__reg_p_D_NOR4X1H7L_Y_A_NOR3X0P5H7L_Y_B_OAI31X1P4H7L_A1:B0 input slew is not exist.
[m[0;31mE20260210 11:00:33.919512 59466 PwrCalcInternalPower.cc:205] y_9__reg_p_D_NOR4X1H7L_Y_A_NOR3X0P5H7L_Y_B_OAI31X1P4H7L_A1:B0 input slew is not exist.
[m[0;31mE20260210 11:00:33.919585 59466 PwrCalcInternalPower.cc:205] y_9__reg_p_D_NOR4X1H7L_Y_A_NOR3X0P5H7L_Y_B_OAI31X1P4H7L_A1:B0 input slew is not exist.
[m[0;31mE20260210 11:00:33.923635 59466 PwrCalcInternalPower.cc:97] y_9__reg_p_D_NOR4X1H7L_Y_D_OAI21X0P5H7L_Y:B0 rise slew is not exist.
[m[0;31mE20260210 11:00:33.923697 59466 PwrCalcInternalPower.cc:97] y_9__reg_p_D_NOR4X1H7L_Y_D_OAI21X0P5H7L_Y:B0 rise slew is not exist.
[m[0;31mE20260210 11:00:33.923756 59466 PwrCalcInternalPower.cc:205] y_9__reg_p_D_NOR4X1H7L_Y_D_OAI21X0P5H7L_Y:B0 input slew is not exist.
[m[0;31mE20260210 11:00:33.923800 59466 PwrCalcInternalPower.cc:205] y_9__reg_p_D_NOR4X1H7L_Y_D_OAI21X0P5H7L_Y_B0_INVX0P5H7L_Y:A input slew is not exist.
[mI20260210 11:00:33.923822 59466 PwrCalcInternalPower.cc:605] calc internal power result 0.286393mW
I20260210 11:00:33.923833 59466 PwrCalcInternalPower.cc:607] calc internal power end
I20260210 11:00:33.923887 59466 PwrCalcInternalPower.cc:609] calc internal power memory usage 0MB
I20260210 11:00:33.923899 59466 PwrCalcInternalPower.cc:611] calc internal power time elapsed 0.056184s
I20260210 11:00:33.923920 59466 PwrCalcSwitchPower.cc:89] calc switch power start
I20260210 11:00:33.923966 59466 PwrCalcSwitchPower.cc:106] net vgaR_0_ has no driver, skip switch power calculation.
I20260210 11:00:33.923974 59466 PwrCalcSwitchPower.cc:106] net vgaR_1_ has no driver, skip switch power calculation.
I20260210 11:00:33.923977 59466 PwrCalcSwitchPower.cc:106] net vgaR_2_ has no driver, skip switch power calculation.
I20260210 11:00:33.923993 59466 PwrCalcSwitchPower.cc:106] net vgaR_3_ has no driver, skip switch power calculation.
I20260210 11:00:33.923997 59466 PwrCalcSwitchPower.cc:106] net vgaR_4_ has no driver, skip switch power calculation.
I20260210 11:00:33.924001 59466 PwrCalcSwitchPower.cc:106] net vgaR_5_ has no driver, skip switch power calculation.
I20260210 11:00:33.924005 59466 PwrCalcSwitchPower.cc:106] net vgaR_6_ has no driver, skip switch power calculation.
I20260210 11:00:33.924008 59466 PwrCalcSwitchPower.cc:106] net vgaR_7_ has no driver, skip switch power calculation.
I20260210 11:00:33.924012 59466 PwrCalcSwitchPower.cc:106] net vgaG_0_ has no driver, skip switch power calculation.
I20260210 11:00:33.924016 59466 PwrCalcSwitchPower.cc:106] net vgaG_1_ has no driver, skip switch power calculation.
I20260210 11:00:33.924021 59466 PwrCalcSwitchPower.cc:106] net vgaG_2_ has no driver, skip switch power calculation.
I20260210 11:00:33.924026 59466 PwrCalcSwitchPower.cc:106] net vgaG_3_ has no driver, skip switch power calculation.
I20260210 11:00:33.924029 59466 PwrCalcSwitchPower.cc:106] net vgaG_4_ has no driver, skip switch power calculation.
I20260210 11:00:33.924033 59466 PwrCalcSwitchPower.cc:106] net vgaG_5_ has no driver, skip switch power calculation.
I20260210 11:00:33.924041 59466 PwrCalcSwitchPower.cc:106] net vgaG_6_ has no driver, skip switch power calculation.
I20260210 11:00:33.924043 59466 PwrCalcSwitchPower.cc:106] net vgaG_7_ has no driver, skip switch power calculation.
I20260210 11:00:33.924047 59466 PwrCalcSwitchPower.cc:106] net vgaB_0_ has no driver, skip switch power calculation.
I20260210 11:00:33.924050 59466 PwrCalcSwitchPower.cc:106] net vgaB_1_ has no driver, skip switch power calculation.
I20260210 11:00:33.924054 59466 PwrCalcSwitchPower.cc:106] net vgaB_2_ has no driver, skip switch power calculation.
I20260210 11:00:33.924057 59466 PwrCalcSwitchPower.cc:106] net vgaB_3_ has no driver, skip switch power calculation.
I20260210 11:00:33.924062 59466 PwrCalcSwitchPower.cc:106] net vgaB_4_ has no driver, skip switch power calculation.
I20260210 11:00:33.924064 59466 PwrCalcSwitchPower.cc:106] net vgaB_5_ has no driver, skip switch power calculation.
I20260210 11:00:33.924068 59466 PwrCalcSwitchPower.cc:106] net vgaB_6_ has no driver, skip switch power calculation.
I20260210 11:00:33.924072 59466 PwrCalcSwitchPower.cc:106] net vgaB_7_ has no driver, skip switch power calculation.
I20260210 11:00:33.924261 59466 PwrCalcSwitchPower.cc:173] calc switch power result 0mw
I20260210 11:00:33.924270 59466 PwrCalcSwitchPower.cc:175] calc switch power end
I20260210 11:00:33.924288 59466 PwrCalcSwitchPower.cc:177] calc switch power memory usage 0MB
I20260210 11:00:33.924292 59466 PwrCalcSwitchPower.cc:179] calc switch power time elapsed 0.000372s
I20260210 11:00:33.925421 59466 Power.cc:275] power calculation end
I20260210 11:00:33.925491 59466 Power.cc:277] power calculation memory usage 0MB
I20260210 11:00:33.925503 59466 Power.cc:279] power calculation time elapsed 0.092219s
I20260210 11:00:33.925523 59466 Power.cc:981] power report start, output dir: /home/biruide/ysyx-workbench/yosys-sta/result/ex8sta-500MHz
I20260210 11:00:33.930131 59466 Power.cc:491] 
+---------------+----------------+--------------+---------------+-------------+-----------+
| Power Group   | Internal Power | Switch Power | Leakage Power | Total Power | (%)       |
+---------------+----------------+--------------+---------------+-------------+-----------+
| combinational | 2.177e-04      | 0.000e+00    | 1.616e-07     | 2.178e-04   | (75.976%) |
| sequential    | 6.874e-05      | 0.000e+00    | 1.358e-07     | 6.887e-05   | (24.024%) |
+---------------+----------------+--------------+---------------+-------------+-----------+
I20260210 11:00:33.930326 59466 Power.cc:543] Total Power   ==  0.000286691 W
I20260210 11:00:33.931728 59466 Power.cc:669] Instance Power Report: 
I20260210 11:00:33.931751 59466 Power.cc:670] 
+-------------------------------------------------------------------------------------------------------+-----------------+----------------+--------------+---------------+-------------+
| Instance Name                                                                                         | Nominal Voltage | Internal Power | Switch Power | Leakage Power | Total Power |
+-------------------------------------------------------------------------------------------------------+-----------------+----------------+--------------+---------------+-------------+
| x_9__reg_p_D_AOI211X1P4H7L_Y_A1_OR4X1P4H7L_Y                                                          | 1.2             | 1.854e-05      | 0.000e+00    | 1.614e-09     | 1.854e-05   |
| x_7__reg_p_D_AOI211X1P4H7L_Y_A1_OR3X1H7L_Y                                                            | 1.2             | 9.918e-06      | 0.000e+00    | 1.585e-09     | 9.920e-06   |
| x_7__reg_p_D_AOI211X1P4H7L_Y                                                                          | 1.2             | 9.480e-06      | 0.000e+00    | 8.733e-10     | 9.481e-06   |
| x_9__reg_p_D_AOI211X1P4H7L_Y                                                                          | 1.2             | 8.945e-06      | 0.000e+00    | 8.733e-10     | 8.946e-06   |
| x_6__reg_p_D_AOI211X1P4H7L_Y                                                                          | 1.2             | 7.159e-06      | 0.000e+00    | 8.733e-10     | 7.160e-06   |
| x_6__reg_p_D_AOI211X1P4H7L_Y_A1_OR3X1H7L_Y                                                            | 1.2             | 7.123e-06      | 0.000e+00    | 1.585e-09     | 7.124e-06   |
| x_8__reg_p_D_AOI211X1P4H7L_Y                                                                          | 1.2             | 7.000e-06      | 0.000e+00    | 8.733e-10     | 7.001e-06   |
| y_3__reg_p_D_NOR2X0P5H7L_Y_B_XOR2X0P5H7L_Y                                                            | 1.2             | 6.339e-06      | 0.000e+00    | 3.089e-09     | 6.343e-06   |
| vgaVsync_NAND4BX0P5H7L_Y_C_XOR2X0P5H7L_B                                                              | 1.2             | 5.860e-06      | 0.000e+00    | 3.089e-09     | 5.863e-06   |
| x_3__NAND4X2H7L_D                                                                                     | 1.2             | 5.465e-06      | 0.000e+00    | 3.356e-10     | 5.466e-06   |
| x_3__OR4X3H7L_D                                                                                       | 1.2             | 5.446e-06      | 0.000e+00    | 2.815e-09     | 5.448e-06   |
| y_0__NAND4X0P5H7L_C                                                                                   | 1.2             | 4.704e-06      | 0.000e+00    | 2.573e-10     | 4.704e-06   |
| x_6__reg_p                                                                                            | 1.2             | 3.975e-06      | 0.000e+00    | 6.580e-09     | 3.982e-06   |
| y_8__reg_p                                                                                            | 1.2             | 3.972e-06      | 0.000e+00    | 6.602e-09     | 3.979e-06   |
| x_9__reg_p                                                                                            | 1.2             | 3.972e-06      | 0.000e+00    | 6.580e-09     | 3.978e-06   |
| x_8__reg_p                                                                                            | 1.2             | 3.971e-06      | 0.000e+00    | 6.580e-09     | 3.977e-06   |
| y_1__reg_p                                                                                            | 1.2             | 3.970e-06      | 0.000e+00    | 6.602e-09     | 3.977e-06   |
| y_6__reg_p                                                                                            | 1.2             | 3.964e-06      | 0.000e+00    | 6.602e-09     | 3.970e-06   |
| y_5__reg_p                                                                                            | 1.2             | 3.964e-06      | 0.000e+00    | 6.602e-09     | 3.970e-06   |
| y_4__reg_p                                                                                            | 1.2             | 3.964e-06      | 0.000e+00    | 6.602e-09     | 3.970e-06   |
| x_7__reg_p                                                                                            | 1.2             | 3.964e-06      | 0.000e+00    | 6.580e-09     | 3.970e-06   |
| x_5__reg_p                                                                                            | 1.2             | 3.964e-06      | 0.000e+00    | 6.580e-09     | 3.970e-06   |
| y_3__reg_p                                                                                            | 1.2             | 3.964e-06      | 0.000e+00    | 6.513e-09     | 3.970e-06   |
| y_2__reg_p                                                                                            | 1.2             | 3.964e-06      | 0.000e+00    | 6.513e-09     | 3.970e-06   |
| x_5__reg_p_D_AOI211X1P4H7L_Y                                                                          | 1.2             | 3.754e-06      | 0.000e+00    | 8.733e-10     | 3.755e-06   |
| x_3__reg_p_D_NOR3X1P4H7L_Y_C_XOR2X0P5H7L_Y                                                            | 1.2             | 3.701e-06      | 0.000e+00    | 3.089e-09     | 3.704e-06   |
| y_9__reg_p_D_NOR4X1H7L_Y_A_NOR3X0P5H7L_Y_B_OR4X1P4H7L_Y                                               | 1.2             | 3.657e-06      | 0.000e+00    | 1.614e-09     | 3.658e-06   |
| y_9__reg_p                                                                                            | 1.2             | 3.635e-06      | 0.000e+00    | 6.344e-09     | 3.641e-06   |
| y_0__reg_p                                                                                            | 1.2             | 3.572e-06      | 0.000e+00    | 6.757e-09     | 3.578e-06   |
| x_3__reg_p                                                                                            | 1.2             | 3.281e-06      | 0.000e+00    | 6.484e-09     | 3.288e-06   |
| x_9__reg_p_D_AOI211X1P4H7L_Y_A1_OR4X1P4H7L_Y_D_NAND4X0P5H7L_Y                                         | 1.2             | 3.262e-06      | 0.000e+00    | 2.563e-10     | 3.262e-06   |
| x_8__reg_p_D_AOI211X1P4H7L_Y_A1_NAND3BX0P5H7L_Y                                                       | 1.2             | 2.984e-06      | 0.000e+00    | 1.010e-09     | 2.985e-06   |
| x_8__reg_p_D_AOI211X1P4H7L_Y_A0_OAI21X0P5H7L_Y                                                        | 1.2             | 2.819e-06      | 0.000e+00    | 7.087e-10     | 2.819e-06   |
| x_7__reg_p_D_AOI211X1P4H7L_Y_A0_OAI21X0P5H7L_Y                                                        | 1.2             | 2.672e-06      | 0.000e+00    | 7.087e-10     | 2.673e-06   |
| x_0__reg_p                                                                                            | 1.2             | 2.576e-06      | 0.000e+00    | 6.757e-09     | 2.583e-06   |
| y_7__reg_p                                                                                            | 1.2             | 2.478e-06      | 0.000e+00    | 6.367e-09     | 2.484e-06   |
| y_3__reg_p_D_NOR2X0P5H7L_Y_B_XOR2X0P5H7L_Y_B_NAND3X0P5H7L_Y                                           | 1.2             | 2.387e-06      | 0.000e+00    | 3.890e-10     | 2.388e-06   |
| x_9__reg_p_D_AOI211X1P4H7L_Y_A0_OAI31X0P5H7L_Y                                                        | 1.2             | 2.337e-06      | 0.000e+00    | 7.296e-10     | 2.338e-06   |
| y_4__reg_p_D_AOI21X0P5H7L_Y                                                                           | 1.2             | 2.268e-06      | 0.000e+00    | 7.069e-10     | 2.269e-06   |
| x_2__reg_p                                                                                            | 1.2             | 2.236e-06      | 0.000e+00    | 6.484e-09     | 2.242e-06   |
| y_8__reg_p_D_AOI21X0P5H7L_Y_A0_OAI31X0P5H7L_Y                                                         | 1.2             | 2.200e-06      | 0.000e+00    | 7.296e-10     | 2.201e-06   |
| x_2__reg_p_D_NOR3X1P4H7L_Y_C_XOR2X0P5H7L_Y                                                            | 1.2             | 2.171e-06      | 0.000e+00    | 3.089e-09     | 2.174e-06   |
| x_0__reg_p_D_NAND3BBX6H7L_Y                                                                           | 1.2             | 2.105e-06      | 0.000e+00    | 2.745e-09     | 2.108e-06   |
| y_5__reg_p_D_AOI21X0P5H7L_Y_A0_OAI21X0P5H7L_Y                                                         | 1.2             | 2.085e-06      | 0.000e+00    | 7.087e-10     | 2.086e-06   |
| x_9__NAND3BX0P5H7L_B_Y_NOR4X6H7L_D                                                                    | 1.2             | 2.083e-06      | 0.000e+00    | 1.147e-09     | 2.084e-06   |
| y_9__reg_p_D_NOR4X1H7L_Y_A_NOR3X0P5H7L_Y_B_OAI31X1P4H7L_A1                                            | 1.2             | 2.026e-06      | 0.000e+00    | 9.292e-10     | 2.027e-06   |
| y_6__reg_p_D_AOI21X0P5H7L_Y_A1_NAND4BX0P5H7L_Y                                                        | 1.2             | 2.004e-06      | 0.000e+00    | 8.619e-10     | 2.005e-06   |
| y_8__reg_p_D_AOI21X0P5H7L_Y_A1_NAND4BX0P5H7L_Y                                                        | 1.2             | 1.985e-06      | 0.000e+00    | 8.348e-10     | 1.986e-06   |
| x_6__reg_p_D_AOI211X1P4H7L_Y_A0_OAI21X0P5H7L_Y                                                        | 1.2             | 1.961e-06      | 0.000e+00    | 7.087e-10     | 1.962e-06   |
| y_9__reg_p_D_NOR4X1H7L_Y                                                                              | 1.2             | 1.941e-06      | 0.000e+00    | 4.376e-10     | 1.941e-06   |
| y_9__reg_p_D_NOR4X1H7L_Y_A_NOR3X0P5H7L_Y_C_NAND4BX0P5H7L_Y                                            | 1.2             | 1.896e-06      | 0.000e+00    | 9.099e-10     | 1.897e-06   |
| x_5__reg_p_D_AOI211X1P4H7L_Y_A0_OAI21X0P5H7L_Y                                                        | 1.2             | 1.843e-06      | 0.000e+00    | 7.087e-10     | 1.844e-06   |
| y_6__reg_p_D_AOI21X0P5H7L_Y_A0_OAI31X0P5H7L_Y                                                         | 1.2             | 1.819e-06      | 0.000e+00    | 7.296e-10     | 1.819e-06   |
| y_7__reg_p_D_MUX2X0P5H7L_Y_S0_NAND4X0P5H7L_Y                                                          | 1.2             | 1.717e-06      | 0.000e+00    | 2.383e-10     | 1.717e-06   |
| y_5__reg_p_D_AOI21X0P5H7L_Y                                                                           | 1.2             | 1.691e-06      | 0.000e+00    | 7.069e-10     | 1.691e-06   |
| y_9__reg_p_D_NOR4X1H7L_Y_B_AOI31X0P5H7L_Y                                                             | 1.2             | 1.674e-06      | 0.000e+00    | 7.297e-10     | 1.675e-06   |
| y_0__reg_p_D_OR2X1P4H7L_Y                                                                             | 1.2             | 1.620e-06      | 0.000e+00    | 1.715e-09     | 1.621e-06   |
| x_7__reg_p_D_AOI211X1P4H7L_Y_A1_OR3X1H7L_Y_C_NAND3X0P5H7L_Y                                           | 1.2             | 1.605e-06      | 0.000e+00    | 3.953e-10     | 1.605e-06   |
| y_4__reg_p_D_AOI21X0P5H7L_Y_A0_NAND2X0P5H7L_Y                                                         | 1.2             | 1.582e-06      | 0.000e+00    | 5.628e-10     | 1.582e-06   |
| y_8__reg_p_D_AOI21X0P5H7L_Y                                                                           | 1.2             | 1.574e-06      | 0.000e+00    | 7.069e-10     | 1.575e-06   |
| x_1__reg_p                                                                                            | 1.2             | 1.522e-06      | 0.000e+00    | 6.484e-09     | 1.528e-06   |
| y_1__reg_p_D_AOI21X0P5H7L_Y                                                                           | 1.2             | 1.507e-06      | 0.000e+00    | 7.069e-10     | 1.508e-06   |
| y_6__reg_p_D_AOI21X0P5H7L_Y                                                                           | 1.2             | 1.435e-06      | 0.000e+00    | 7.069e-10     | 1.436e-06   |
| y_7__reg_p_D_MUX2X0P5H7L_Y                                                                            | 1.2             | 1.372e-06      | 0.000e+00    | 2.170e-09     | 1.374e-06   |
| x_3__reg_p_D_NOR3X1P4H7L_Y_C_XOR2X0P5H7L_Y_B_NAND3X0P5H7L_Y                                           | 1.2             | 1.308e-06      | 0.000e+00    | 3.595e-10     | 1.309e-06   |
| x_3__reg_p_D_NOR3X1P4H7L_Y                                                                            | 1.2             | 1.197e-06      | 0.000e+00    | 6.829e-10     | 1.198e-06   |
| y_9__reg_p_D_NOR4X1H7L_Y_C_NOR4X0P5H7L_Y_C_NAND3X0P5H7L_Y                                             | 1.2             | 1.175e-06      | 0.000e+00    | 3.852e-10     | 1.175e-06   |
| y_9__reg_p_D_NOR4X1H7L_Y_D_OAI21X0P5H7L_Y                                                             | 1.2             | 1.163e-06      | 0.000e+00    | 7.108e-10     | 1.164e-06   |
| x_4__reg_p                                                                                            | 1.2             | 1.149e-06      | 0.000e+00    | 6.397e-09     | 1.156e-06   |
| vgaVsync_NAND4BX0P5H7L_Y_C_NAND2X0P5H7L_Y                                                             | 1.2             | 1.111e-06      | 0.000e+00    | 5.626e-10     | 1.112e-06   |
| x_1__reg_p_D_NOR3X1P4H7L_Y_C_XNOR2X0P5H7L_Y                                                           | 1.2             | 1.106e-06      | 0.000e+00    | 3.089e-09     | 1.109e-06   |
| y_9__reg_p_D_NOR4X1H7L_Y_C_NOR4X0P5H7L_Y                                                              | 1.2             | 1.098e-06      | 0.000e+00    | 2.570e-10     | 1.098e-06   |
| x_9__AOA211X1P4H7L_C0                                                                                 | 1.2             | 1.070e-06      | 0.000e+00    | 1.292e-09     | 1.071e-06   |
| y_0__AND4X1P4H7L_C                                                                                    | 1.2             | 1.069e-06      | 0.000e+00    | 6.826e-10     | 1.070e-06   |
| vgaHsync_NAND3BX0P5H7L_Y_B_OA211X1P4H7L_C0                                                            | 1.2             | 1.047e-06      | 0.000e+00    | 1.003e-09     | 1.048e-06   |
| hAddr_OA211X1P4H7L_Y                                                                                  | 1.2             | 1.044e-06      | 0.000e+00    | 1.003e-09     | 1.045e-06   |
| y_8__OAI31X0P5H7L_B0_A2_OA31X1H7L_Y                                                                   | 1.2             | 1.040e-06      | 0.000e+00    | 1.403e-09     | 1.042e-06   |
| x_3__NOR4X3H7L_D                                                                                      | 1.2             | 9.798e-07      | 0.000e+00    | 7.718e-10     | 9.806e-07   |
| x_9__NAND3BX0P5H7L_B                                                                                  | 1.2             | 9.496e-07      | 0.000e+00    | 1.045e-09     | 9.506e-07   |
| y_3__reg_p_D_NOR2X0P5H7L_Y                                                                            | 1.2             | 8.589e-07      | 0.000e+00    | 5.996e-10     | 8.595e-07   |
| vAddr_AOI2BB2X1P4H7L_Y                                                                                | 1.2             | 8.395e-07      | 0.000e+00    | 1.954e-09     | 8.415e-07   |
| x_4__reg_p_D_NOR3X1P4H7L_Y_C_XNOR2X0P5H7L_Y                                                           | 1.2             | 8.357e-07      | 0.000e+00    | 3.258e-09     | 8.389e-07   |
| x_2__reg_p_D_NOR3X1P4H7L_Y                                                                            | 1.2             | 8.152e-07      | 0.000e+00    | 6.829e-10     | 8.159e-07   |
| y_2__reg_p_D_NOR2X0P5H7L_Y                                                                            | 1.2             | 8.047e-07      | 0.000e+00    | 5.996e-10     | 8.053e-07   |
| y_5__reg_p_D_AOI21X0P5H7L_Y_A1_NAND3X0P5H7L_Y                                                         | 1.2             | 7.325e-07      | 0.000e+00    | 3.729e-10     | 7.329e-07   |
| y_9__reg_p_D_NOR4X1H7L_Y_C_NOR4X0P5H7L_Y_D_NAND2X0P5H7L_Y                                             | 1.2             | 7.045e-07      | 0.000e+00    | 5.626e-10     | 7.051e-07   |
| clk_ICGX0P5H7L_CK                                                                                     | 1.2             | 6.838e-07      | 0.000e+00    | 4.747e-09     | 6.885e-07   |
| y_9__AO21X1H7L_B0                                                                                     | 1.2             | 6.613e-07      | 0.000e+00    | 1.611e-09     | 6.629e-07   |
| vAddr_AOI22X1P4H7L_Y                                                                                  | 1.2             | 6.598e-07      | 0.000e+00    | 1.053e-09     | 6.609e-07   |
| x_9__AOA211X1P4H7L_C0_A0_AO21X1H7L_Y                                                                  | 1.2             | 6.568e-07      | 0.000e+00    | 1.611e-09     | 6.584e-07   |
| hAddr_AOI211X1P4H7L_Y                                                                                 | 1.2             | 6.468e-07      | 0.000e+00    | 7.766e-10     | 6.476e-07   |
| vgaBlank_AOI211X1P4H7L_Y                                                                              | 1.2             | 6.390e-07      | 0.000e+00    | 7.766e-10     | 6.397e-07   |
| x_9__AOA211X1P4H7L_C0_B0_AOI211X1P4H7L_Y                                                              | 1.2             | 6.130e-07      | 0.000e+00    | 7.766e-10     | 6.137e-07   |
| vAddr_AOI211X1P4H7L_Y                                                                                 | 1.2             | 6.016e-07      | 0.000e+00    | 7.766e-10     | 6.023e-07   |
| hAddr_MUX2X1P4H7L_Y_S0_AOAI211X1P4H7L_Y                                                               | 1.2             | 6.013e-07      | 0.000e+00    | 8.846e-10     | 6.022e-07   |
| vgaVsync_NAND4BX0P5H7L_Y_B_NAND3X3H7L_B                                                               | 1.2             | 5.929e-07      | 0.000e+00    | 9.842e-10     | 5.938e-07   |
| vgaHsync_NAND3BX0P5H7L_Y_C_OAI211X1P4H7L_Y                                                            | 1.2             | 5.882e-07      | 0.000e+00    | 6.930e-10     | 5.889e-07   |
| x_8__NAND2X0P5H7L_A_Y_OAOI211X1P4H7L_C0                                                               | 1.2             | 5.759e-07      | 0.000e+00    | 9.471e-10     | 5.769e-07   |
| vAddr_AOI21X1P4H7L_Y_3_B0_XNOR2X0P5H7L_Y                                                              | 1.2             | 5.640e-07      | 0.000e+00    | 3.095e-09     | 5.671e-07   |
| vAddr_AOI21X1P4H7L_Y_2_B0_XOR2X0P5H7L_Y                                                               | 1.2             | 5.607e-07      | 0.000e+00    | 3.095e-09     | 5.638e-07   |
| hAddr_NOR3X0P5H7L_Y_2_C_XNOR2X0P5H7L_Y                                                                | 1.2             | 5.605e-07      | 0.000e+00    | 3.095e-09     | 5.636e-07   |
| y_9__reg_p_D_NOR4X1H7L_Y_A_NOR3X0P5H7L_Y                                                              | 1.2             | 5.611e-07      | 0.000e+00    | 3.897e-10     | 5.615e-07   |
| x_2__XNOR2X0P5H7L_A                                                                                   | 1.2             | 5.577e-07      | 0.000e+00    | 3.095e-09     | 5.608e-07   |
| vAddr_AOI22X1P4H7L_Y_B1_OR3X1H7L_Y                                                                    | 1.2             | 5.543e-07      | 0.000e+00    | 1.585e-09     | 5.559e-07   |
| x_1__reg_p_D_NOR3X1P4H7L_Y                                                                            | 1.2             | 5.551e-07      | 0.000e+00    | 6.829e-10     | 5.558e-07   |
| x_5__reg_p_D_AOI211X1P4H7L_Y_A1_NAND3X0P5H7L_Y                                                        | 1.2             | 5.454e-07      | 0.000e+00    | 3.704e-10     | 5.458e-07   |
| hAddr_MUX2X1P4H7L_Y                                                                                   | 1.2             | 5.275e-07      | 0.000e+00    | 2.220e-09     | 5.298e-07   |
| vgaVsync_NAND4BX0P5H7L_Y_B_NOR4X1P4H7L_Y                                                              | 1.2             | 5.192e-07      | 0.000e+00    | 4.082e-10     | 5.197e-07   |
| hAddr_AOI211X0P5H7L_Y                                                                                 | 1.2             | 5.103e-07      | 0.000e+00    | 6.114e-10     | 5.109e-07   |
| x_5__reg_p_D_AOI211X1P4H7L_Y_A1_NAND3X0P5H7L_Y_B_OAI21X0P5H7L_B0_Y_AOI211X0P5H7L_A0                   | 1.2             | 5.103e-07      | 0.000e+00    | 6.114e-10     | 5.109e-07   |
| y_9__reg_p_D_NOR4X1H7L_Y_B_AOI31X0P5H7L_Y_A2_AND3X0P5H7L_Y                                            | 1.2             | 5.085e-07      | 0.000e+00    | 7.929e-10     | 5.093e-07   |
| hAddr_AOI211X1P4H7L_Y_A1_AOAI211X0P5H7L_Y                                                             | 1.2             | 4.801e-07      | 0.000e+00    | 6.914e-10     | 4.808e-07   |
| vgaVsync_NAND4BX0P5H7L_Y                                                                              | 1.2             | 4.718e-07      | 0.000e+00    | 9.099e-10     | 4.727e-07   |
| x_8__NAND2BX0P5H7L_B                                                                                  | 1.2             | 4.223e-07      | 0.000e+00    | 1.202e-09     | 4.235e-07   |
| x_4__reg_p_D_NOR3X1P4H7L_Y                                                                            | 1.2             | 4.203e-07      | 0.000e+00    | 6.095e-10     | 4.210e-07   |
| y_1__reg_p_D_AOI21X0P5H7L_Y_A0_NAND2BX0P5H7L_Y                                                        | 1.2             | 4.124e-07      | 0.000e+00    | 1.202e-09     | 4.136e-07   |
| vAddr_AOI2BB2X1P4H7L_Y_A1N_AOI2BB1X0P5H7L_Y                                                           | 1.2             | 4.097e-07      | 0.000e+00    | 1.534e-09     | 4.112e-07   |
| y_9__AO21X1H7L_B0_A0_OAI31X0P5H7L_Y                                                                   | 1.2             | 4.095e-07      | 0.000e+00    | 7.296e-10     | 4.102e-07   |
| x_3__OAI31X0P5H7L_B0                                                                                  | 1.2             | 4.062e-07      | 0.000e+00    | 7.296e-10     | 4.069e-07   |
| y_8__OAI31X0P5H7L_B0                                                                                  | 1.2             | 4.053e-07      | 0.000e+00    | 7.296e-10     | 4.061e-07   |
| vAddr_AOI21X1P4H7L_Y_1                                                                                | 1.2             | 3.677e-07      | 0.000e+00    | 9.524e-10     | 3.686e-07   |
| y_0__reg_p_D_OR2X1P4H7L_Y_A_AOI21X1P4H7L_B0                                                           | 1.2             | 3.452e-07      | 0.000e+00    | 9.524e-10     | 3.462e-07   |
| vAddr_AOI21X1P4H7L_Y_2                                                                                | 1.2             | 3.427e-07      | 0.000e+00    | 9.524e-10     | 3.436e-07   |
| vAddr_AOI21X1P4H7L_Y_3                                                                                | 1.2             | 3.426e-07      | 0.000e+00    | 9.524e-10     | 3.436e-07   |
| vAddr_AOI21X1P4H7L_Y                                                                                  | 1.2             | 3.425e-07      | 0.000e+00    | 9.524e-10     | 3.434e-07   |
| x_2__reg_p_D_NOR3X1P4H7L_Y_C_XOR2X0P5H7L_Y_B_NAND2X0P5H7L_Y                                           | 1.2             | 3.410e-07      | 0.000e+00    | 5.381e-10     | 3.416e-07   |
| x_1__reg_p_D_NOR3X1P4H7L_Y_C_NOR3BX0P5H7L_AN                                                          | 1.2             | 3.281e-07      | 0.000e+00    | 1.113e-09     | 3.292e-07   |
| x_4__reg_p_D_NOR3X1P4H7L_Y_C_XNOR2X0P5H7L_Y_B_AND4X0P5H7L_Y                                           | 1.2             | 3.158e-07      | 0.000e+00    | 5.512e-10     | 3.163e-07   |
| x_9__AOA211X1P4H7L_C0_A0_AO21X1H7L_Y_B0_OR2X0P5H7L_Y                                                  | 1.2             | 3.076e-07      | 0.000e+00    | 1.488e-09     | 3.091e-07   |
| vgaHsync_NAND3BX0P5H7L_Y                                                                              | 1.2             | 3.066e-07      | 0.000e+00    | 1.045e-09     | 3.076e-07   |
| x_0__BUFX3P5H7L_A                                                                                     | 1.2             | 2.977e-07      | 0.000e+00    | 2.428e-09     | 3.001e-07   |
| x_4__BUFX3H7L_A                                                                                       | 1.2             | 2.871e-07      | 0.000e+00    | 2.213e-09     | 2.893e-07   |
| vgaVsync_NAND4BX0P5H7L_Y_D_NOR3X1P4H7L_Y                                                              | 1.2             | 2.872e-07      | 0.000e+00    | 6.000e-10     | 2.878e-07   |
| y_9__OAI21X0P5H7L_A0                                                                                  | 1.2             | 2.870e-07      | 0.000e+00    | 7.087e-10     | 2.877e-07   |
| hAddr_OA211X1P4H7L_Y_B0_OAI21X0P5H7L_Y                                                                | 1.2             | 2.837e-07      | 0.000e+00    | 7.087e-10     | 2.844e-07   |
| vAddr_AOI22X1P4H7L_Y_B0_OAI21X0P5H7L_Y                                                                | 1.2             | 2.822e-07      | 0.000e+00    | 7.087e-10     | 2.830e-07   |
| vgaHsync_NAND3BX0P5H7L_Y_B_OA211X1P4H7L_C0_B0_OAI21X0P5H7L_Y                                          | 1.2             | 2.821e-07      | 0.000e+00    | 7.087e-10     | 2.828e-07   |
| x_5__reg_p_D_AOI211X1P4H7L_Y_A1_NAND3X0P5H7L_Y_B_OAI21X0P5H7L_B0                                      | 1.2             | 2.777e-07      | 0.000e+00    | 7.087e-10     | 2.784e-07   |
| y_4__reg_p_D_AOI21X0P5H7L_Y_A1_NAND2X0P5H7L_Y                                                         | 1.2             | 2.614e-07      | 0.000e+00    | 5.087e-10     | 2.619e-07   |
| vAddr_AOI211X1P4H7L_Y_B0_NOR2BX1H7L_Z                                                                 | 1.2             | 2.462e-07      | 0.000e+00    | 1.364e-09     | 2.476e-07   |
| hAddr_NOR3X0P5H7L_Y                                                                                   | 1.2             | 2.417e-07      | 0.000e+00    | 4.734e-10     | 2.422e-07   |
| y_7__reg_p_D_MUX2X0P5H7L_Y_B_NOR2BX1H7L_Z                                                             | 1.2             | 2.399e-07      | 0.000e+00    | 1.369e-09     | 2.413e-07   |
| x_6__reg_p_D_AOI211X1P4H7L_Y_A1_OR3X1H7L_Y_C_NAND2X0P5H7L_Y                                           | 1.2             | 2.385e-07      | 0.000e+00    | 5.628e-10     | 2.391e-07   |
| x_8__NOR2BX1H7L_B_1                                                                                   | 1.2             | 2.370e-07      | 0.000e+00    | 1.364e-09     | 2.384e-07   |
| x_8__NOR2BX1H7L_B                                                                                     | 1.2             | 2.367e-07      | 0.000e+00    | 1.364e-09     | 2.380e-07   |
| hAddr_NOR3X0P5H7L_Y_1                                                                                 | 1.2             | 2.367e-07      | 0.000e+00    | 4.734e-10     | 2.372e-07   |
| hAddr_NOR3X0P5H7L_Y_2                                                                                 | 1.2             | 2.367e-07      | 0.000e+00    | 4.734e-10     | 2.371e-07   |
| y_1__reg_p_D_AOI21X0P5H7L_Y_A1_NAND2X0P5H7L_Y                                                         | 1.2             | 2.303e-07      | 0.000e+00    | 5.628e-10     | 2.308e-07   |
| hAddr_OA211X1P4H7L_Y_B0_OAI21X0P5H7L_Y_B0_NOR3X0P5H7L_Y                                               | 1.2             | 2.286e-07      | 0.000e+00    | 4.734e-10     | 2.291e-07   |
| x_5__reg_p_D_AOI211X1P4H7L_Y_A1_NAND3X0P5H7L_Y_B_OAI21X0P5H7L_B0_Y_AOI211X0P5H7L_A0_A1_NAND3X0P5H7L_Y | 1.2             | 2.276e-07      | 0.000e+00    | 4.054e-10     | 2.280e-07   |
| y_8__NOR3X0P5H7L_C                                                                                    | 1.2             | 2.275e-07      | 0.000e+00    | 4.734e-10     | 2.279e-07   |
| reset_BUFX1P4H7L_A                                                                                    | 1.2             | 1.826e-07      | 0.000e+00    | 1.449e-09     | 1.840e-07   |
| y_2__BUFX1P4H7L_A                                                                                     | 1.2             | 1.746e-07      | 0.000e+00    | 1.449e-09     | 1.760e-07   |
| y_6__BUFX1P4H7L_A                                                                                     | 1.2             | 1.745e-07      | 0.000e+00    | 1.449e-09     | 1.759e-07   |
| x_5__BUFX1P4H7L_A                                                                                     | 1.2             | 1.744e-07      | 0.000e+00    | 1.449e-09     | 1.759e-07   |
| y_5__BUFX1P4H7L_A                                                                                     | 1.2             | 1.744e-07      | 0.000e+00    | 1.449e-09     | 1.758e-07   |
| y_4__BUFX1P4H7L_A                                                                                     | 1.2             | 1.743e-07      | 0.000e+00    | 1.449e-09     | 1.758e-07   |
| y_9__AO21X1H7L_B0_Y_BUFX1P4H7L_A                                                                      | 1.2             | 1.743e-07      | 0.000e+00    | 1.449e-09     | 1.758e-07   |
| x_7
I20260210 11:00:33.935796 59466 Power.cc:1047] power report end, output dir: /home/biruide/ysyx-workbench/yosys-sta/result/ex8sta-500MHz
I20260210 11:00:33.935863 59466 Power.cc:1049] power report memory usage 0MB
I20260210 11:00:33.935869 59466 Power.cc:1051] power report time elapsed 0.010348s
