I20260203 17:02:42.392417 120299 Sta.cc:383] read verilog file /home/biruide/ysyx-workbench/yosys-sta/result/ex6-500MHz/ex6.netlist.v start
I20260203 17:02:42.392906 120299 VerilogParserRustC.cc:41] load verilog file /home/biruide/ysyx-workbench/yosys-sta/result/ex6-500MHz/ex6.netlist.v
r str /home/biruide/ysyx-workbench/yosys-sta/result/ex6-500MHz/ex6.netlist.v
I20260203 17:02:42.394146 120299 Sta.cc:391] read verilog end
I20260203 17:02:42.394237 120299 Sta.cc:309] load lib start
I20260203 17:02:42.396718 120332 Sta.cc:287] read liberty /home/biruide/ysyx-workbench/yosys-sta/scripts/../pdk/icsprout55/IP/STD_cell/ics55_LLSC_H7C_V1p10C100/ics55_LLSC_H7CL/liberty/ics55_LLSC_H7CL_typ_tt_1p2_25_nldm.lib start 
I20260203 17:02:42.397362 120332 LibParserRustC.cc:1285] load liberty file /home/biruide/ysyx-workbench/yosys-sta/scripts/../pdk/icsprout55/IP/STD_cell/ics55_LLSC_H7C_V1p10C100/ics55_LLSC_H7CL/liberty/ics55_LLSC_H7CL_typ_tt_1p2_25_nldm.lib
rust read lib file /home/biruide/ysyx-workbench/yosys-sta/scripts/../pdk/icsprout55/IP/STD_cell/ics55_LLSC_H7C_V1p10C100/ics55_LLSC_H7CL/liberty/ics55_LLSC_H7CL_typ_tt_1p2_25_nldm.lib
I20260203 17:02:48.272078 120332 LibParserRustC.cc:1294] load liberty file /home/biruide/ysyx-workbench/yosys-sta/scripts/../pdk/icsprout55/IP/STD_cell/ics55_LLSC_H7C_V1p10C100/ics55_LLSC_H7CL/liberty/ics55_LLSC_H7CL_typ_tt_1p2_25_nldm.lib success.
I20260203 17:02:48.272197 120332 Sta.cc:297] read liberty /home/biruide/ysyx-workbench/yosys-sta/scripts/../pdk/icsprout55/IP/STD_cell/ics55_LLSC_H7C_V1p10C100/ics55_LLSC_H7CL/liberty/ics55_LLSC_H7CL_typ_tt_1p2_25_nldm.lib end 
I20260203 17:02:48.272467 120299 Sta.cc:328] load lib end
I20260203 17:02:48.272869 120299 Sta.cc:417] link design ex6 start
I20260203 17:02:48.275027 120438 LibParserRustC.cc:1304] link liberty file /home/biruide/ysyx-workbench/yosys-sta/scripts/../pdk/icsprout55/IP/STD_cell/ics55_LLSC_H7C_V1p10C100/ics55_LLSC_H7CL/liberty/ics55_LLSC_H7CL_typ_tt_1p2_25_nldm.lib start.
I20260203 17:02:48.276669 120438 LibParserRustC.cc:666] unkown attri name: voltage_map in /home/biruide/ysyx-workbench/yosys-sta/scripts/../pdk/icsprout55/IP/STD_cell/ics55_LLSC_H7C_V1p10C100/ics55_LLSC_H7CL/liberty/ics55_LLSC_H7CL_typ_tt_1p2_25_nldm.lib line no 28
I20260203 17:03:05.900398 120438 LibParserRustC.cc:1310] link liberty file /home/biruide/ysyx-workbench/yosys-sta/scripts/../pdk/icsprout55/IP/STD_cell/ics55_LLSC_H7C_V1p10C100/ics55_LLSC_H7CL/liberty/ics55_LLSC_H7CL_typ_tt_1p2_25_nldm.lib success.
I20260203 17:03:05.903195 120299 Sta.cc:889] assign seg1_0_ = seg0_0_
I20260203 17:03:05.903290 120299 Sta.cc:1106] link design ex6 end
I20260203 17:03:05.903301 120299 Sta.cc:1108] design ex6 inst num: 98
I20260203 17:03:05.903337 120299 Sta.cc:1110] design ex6 net num: 100
I20260203 17:03:05.903345 120299 Sta.cc:1112] design ex6 port num: 25
I20260203 17:03:05.903384 120299 Sta.cc:181] read sdc /home/biruide/ysyx-workbench/yosys-sta/scripts/default.sdc start 
I20260203 17:03:05.906960 120299 CmdCreateClock.cc:124] create clock core_clock for pin/port: clk
I20260203 17:03:05.906996 120299 Sta.cc:198] read sdc /home/biruide/ysyx-workbench/yosys-sta/scripts/default.sdc end 
I20260203 17:03:05.907027 120299 StaBuildGraph.cc:315] build graph start
I20260203 17:03:05.908385 120299 StaBuildGraph.cc:216] net seg1_0_ has no driver.
I20260203 17:03:05.908622 120299 StaBuildGraph.cc:332] build graph end
I20260203 17:03:05.908715 120299 Sta.cc:2834] update timing start
I20260203 17:03:05.908986 120299 StaApplySdc.cc:698] apply sdc start
I20260203 17:03:05.909060 120299 StaApplySdc.cc:729] apply sdc end
I20260203 17:03:05.909075 120299 StaClockPropagation.cc:324] ideal clock propagation start
I20260203 17:03:05.909080 120299 StaClockPropagation.cc:354] clock propagation clock num: 1
I20260203 17:03:05.909101 120299 StaClockPropagation.cc:203] clock propagate end to vertex out[0]_reg_p:CK
I20260203 17:03:05.909142 120299 StaClockPropagation.cc:422] ideal clock propagation end
I20260203 17:03:05.909148 120299 StaCheck.cc:129] found loop fwd start
I20260203 17:03:05.909226 120299 StaCheck.cc:148] found loop fwd end
I20260203 17:03:05.909253 120299 StaCheck.cc:150] found loop bwd start
I20260203 17:03:05.909293 120299 StaCheck.cc:172] found loop bwd end
I20260203 17:03:05.909336 120299 StaClockSlewDelayPropagation.cc:112] clock slew delay propagation start
I20260203 17:03:05.909351 120299 StaClockSlewDelayPropagation.cc:130] propagating current clock queue vertexes number is 1
I20260203 17:03:05.909410 120299 StaClockSlewDelayPropagation.cc:130] propagating current clock queue vertexes number is 22
I20260203 17:03:05.909503 120299 StaClockSlewDelayPropagation.cc:163] clock slew delay propagation end
I20260203 17:03:05.909550 120299 StaClockSlewDelayPropagation.cc:166] clock slew delay propagation memory usage 0MB
I20260203 17:03:05.909572 120299 StaClockSlewDelayPropagation.cc:169] clock slew delay propagation time elapsed 0.000237s
I20260203 17:03:05.909614 120299 StaClockPropagation.cc:326] propagated(kNormal) clock propagation start
I20260203 17:03:05.909637 120299 StaClockPropagation.cc:354] clock propagation clock num: 1
I20260203 17:03:05.909646 120299 StaClockPropagation.cc:424] propagated(kNormal) clock propagation end
I20260203 17:03:05.909653 120299 StaApplySdc.cc:698] apply sdc start
I20260203 17:03:05.909658 120299 StaApplySdc.cc:729] apply sdc end
I20260203 17:03:05.909662 120299 StaClockPropagation.cc:328] propagated(kGenerated) clock propagation start
I20260203 17:03:05.909667 120299 StaClockPropagation.cc:354] clock propagation clock num: 1
I20260203 17:03:05.909669 120299 StaClockPropagation.cc:426] propagated(kGenerated) clock propagation end
I20260203 17:03:05.909674 120299 StaApplySdc.cc:698] apply sdc start
I20260203 17:03:05.909677 120299 StaApplySdc.cc:729] apply sdc end
I20260203 17:03:05.909682 120299 StaBuildPropTag.cc:325] build propagation tag start
I20260203 17:03:05.909687 120299 StaBuildPropTag.cc:338] build propagation tag end
I20260203 17:03:05.909693 120299 StaDataPropagation.cc:676] data fwd propagation start
I20260203 17:03:05.909715 120299 StaDataPropagationBFS.cc:166] data fwd propagation bfs start
I20260203 17:03:05.909749 120299 StaDataPropagationBFS.cc:190] propagating current data queue vertexes number is 23
I20260203 17:03:05.916003 120565 StaDataPropagationBFS.cc:82] Thread 123633091462720 date fwd propagate found start vertex.out[0]_reg_p:CK
[0;31mE20260203 17:03:05.916115 120565 Lib.cc:181] Warning: val outside table ranges:  val = 0; min_val = 0.0121961; max_val = 0.795659
[mI20260203 17:03:05.916172 120534 StaDataPropagationBFS.cc:82] Thread 123633376683584 date fwd propagate found start vertex.out[1]_reg_p:CK
I20260203 17:03:05.916231 120535 StaDataPropagationBFS.cc:82] Thread 123633385076288 date fwd propagate found start vertex.out[2]_reg_p:CK
I20260203 17:03:05.916296 120556 StaDataPropagationBFS.cc:82] Thread 123633242465856 date fwd propagate found start vertex.seg0[1]_reg_p:CK
I20260203 17:03:05.916285 120539 StaDataPropagationBFS.cc:82] Thread 123633777235520 date fwd propagate found start vertex.out[7]_reg_p:CK
I20260203 17:03:05.916324 120537 StaDataPropagationBFS.cc:82] Thread 123633475098176 date fwd propagate found start vertex.seg0[2]_reg_p:CK
[0;31mE20260203 17:03:05.916692 120544 Lib.cc:181] Warning: val outside table ranges:  val = 0; min_val = 0.0121961; max_val = 0.795659
[mI20260203 17:03:05.916255 120554 StaDataPropagationBFS.cc:82] Thread 123633334720064 date fwd propagate found start vertex.out[5]_reg_p:CK
[0;31mE20260203 17:03:05.916607 120561 Lib.cc:181] Warning: val outside table ranges:  val = 0; min_val = 0.0121961; max_val = 0.795659
[m[0;31mE20260203 17:03:05.916666 120543 Lib.cc:181] Warning: val outside table ranges:  val = 0; min_val = 0.0121961; max_val = 0.795659
[mI20260203 17:03:05.916247 120555 StaDataPropagationBFS.cc:82] Thread 123633250858560 date fwd propagate found start vertex.out[4]_reg_p:CK
I20260203 17:03:05.916285 120538 StaDataPropagationBFS.cc:82] Thread 123633785628224 date fwd propagate found start vertex.out[6]_reg_p:CK
I20260203 17:03:05.916239 120536 StaDataPropagationBFS.cc:82] Thread 123633466705472 date fwd propagate found start vertex.out[3]_reg_p:CK
[0;31mE20260203 17:03:05.916870 120563 Lib.cc:181] Warning: val outside table ranges:  val = 0; min_val = 0.0121961; max_val = 0.795659
[m[0;31mE20260203 17:03:05.916970 120564 Lib.cc:181] Warning: val outside table ranges:  val = 0; min_val = 0.0121961; max_val = 0.795659
[m[0;31mE20260203 17:03:05.916980 120542 Lib.cc:181] Warning: val outside table ranges:  val = 0; min_val = 0.0121961; max_val = 0.795659
[m[0;31mE20260203 17:03:05.917004 120541 Lib.cc:181] Warning: val outside table ranges:  val = 0; min_val = 0.0121961; max_val = 0.795659
[m[0;31mE20260203 17:03:05.917059 120558 Lib.cc:181] Warning: val outside table ranges:  val = 0; min_val = 0.0121961; max_val = 0.795659
[m[0;31mE20260203 17:03:05.917093 120559 Lib.cc:181] Warning: val outside table ranges:  val = 0; min_val = 0.0121961; max_val = 0.795659
[mI20260203 17:03:05.919395 120299 StaDataPropagationBFS.cc:190] propagating current data queue vertexes number is 22
I20260203 17:03:05.922410 120299 StaDataPropagationBFS.cc:190] propagating current data queue vertexes number is 47
I20260203 17:03:05.932576 120299 StaDataPropagationBFS.cc:190] propagating current data queue vertexes number is 9
I20260203 17:03:05.935590 120299 StaDataPropagationBFS.cc:190] propagating current data queue vertexes number is 78
I20260203 17:03:05.940201 120299 StaDataPropagationBFS.cc:190] propagating current data queue vertexes number is 23
I20260203 17:03:05.943938 120299 StaDataPropagationBFS.cc:190] propagating current data queue vertexes number is 41
I20260203 17:03:05.946954 120299 StaDataPropagationBFS.cc:190] propagating current data queue vertexes number is 11
I20260203 17:03:05.950366 120299 StaDataPropagationBFS.cc:190] propagating current data queue vertexes number is 15
I20260203 17:03:05.953107 120299 StaDataPropagationBFS.cc:190] propagating current data queue vertexes number is 9
I20260203 17:03:05.956640 120299 StaDataPropagationBFS.cc:190] propagating current data queue vertexes number is 25
I20260203 17:03:05.959424 120299 StaDataPropagationBFS.cc:190] propagating current data queue vertexes number is 16
I20260203 17:03:05.962391 120299 StaDataPropagationBFS.cc:190] propagating current data queue vertexes number is 19
I20260203 17:03:05.965310 120299 StaDataPropagationBFS.cc:190] propagating current data queue vertexes number is 7
I20260203 17:03:05.968322 120299 StaDataPropagationBFS.cc:190] propagating current data queue vertexes number is 7
I20260203 17:03:05.970746 120299 StaDataPropagationBFS.cc:229] data fwd propagation bfs end
I20260203 17:03:05.970814 120299 StaDataPropagationBFS.cc:232] data fwd propagation bfs memory usage 522.952MB
I20260203 17:03:05.970827 120299 StaDataPropagationBFS.cc:234] data fwd propagation bfs time elapsed 0.061112s
I20260203 17:03:05.970834 120299 StaDataPropagation.cc:695] data fwd propagation end
I20260203 17:03:05.970840 120299 StaDataPropagation.cc:676] data fwd propagation start
I20260203 17:03:05.970855 120299 StaDataPropagationBFS.cc:166] data fwd propagation bfs start
I20260203 17:03:05.970877 120299 StaDataPropagationBFS.cc:190] propagating current data queue vertexes number is 1
I20260203 17:03:05.974185 120299 StaDataPropagationBFS.cc:229] data fwd propagation bfs end
I20260203 17:03:05.974257 120299 StaDataPropagationBFS.cc:232] data fwd propagation bfs memory usage 0MB
I20260203 17:03:05.974268 120299 StaDataPropagationBFS.cc:234] data fwd propagation bfs time elapsed 0.003413s
I20260203 17:03:05.974689 120299 StaDataPropagation.cc:695] data fwd propagation end
I20260203 17:03:05.974700 120299 StaAnalyze.cc:557] analyze timing path start
I20260203 17:03:05.974704 120299 StaAnalyze.cc:565] analyze timing path end vertex 1 total 46 start
[0;31mE20260203 17:03:05.974711 120299 StaAnalyze.cc:328] The output port seg0_7_ is not constrained
[m[0;31mE20260203 17:03:05.974738 120299 StaAnalyze.cc:328] The output port seg0_7_ is not constrained
[mI20260203 17:03:05.974745 120299 StaAnalyze.cc:599] analyze timing path end vertex 1 total 46 end
[0;31mE20260203 17:03:05.974748 120299 StaAnalyze.cc:328] The output port seg1_0_ is not constrained
[m[0;31mE20260203 17:03:05.974753 120299 StaAnalyze.cc:328] The output port seg1_0_ is not constrained
[m[0;31mE20260203 17:03:05.974758 120299 StaAnalyze.cc:328] The output port seg1_1_ is not constrained
[m[0;31mE20260203 17:03:05.974762 120299 StaAnalyze.cc:328] The output port seg1_1_ is not constrained
[m[0;31mE20260203 17:03:05.974768 120299 StaAnalyze.cc:328] The output port seg1_2_ is not constrained
[m[0;31mE20260203 17:03:05.974773 120299 StaAnalyze.cc:328] The output port seg1_2_ is not constrained
[m[0;31mE20260203 17:03:05.974792 120299 StaAnalyze.cc:328] The output port seg1_3_ is not constrained
[m[0;31mE20260203 17:03:05.974797 120299 StaAnalyze.cc:328] The output port seg1_3_ is not constrained
[mI20260203 17:03:05.974822 120299 StaAnalyze.cc:303] add path data num 2 to out[0]_reg_p:D
I20260203 17:03:05.974833 120299 StaAnalyze.cc:565] analyze timing path end vertex 11 total 46 start
I20260203 17:03:05.974835 120299 StaAnalyze.cc:599] analyze timing path end vertex 11 total 46 end
I20260203 17:03:05.974840 120299 StaAnalyze.cc:565] analyze timing path end vertex 21 total 46 start
I20260203 17:03:05.974843 120299 StaAnalyze.cc:599] analyze timing path end vertex 21 total 46 end
I20260203 17:03:05.974874 120299 StaAnalyze.cc:565] analyze timing path end vertex 31 total 46 start
I20260203 17:03:05.974905 120299 StaAnalyze.cc:599] analyze timing path end vertex 31 total 46 end
I20260203 17:03:05.974954 120299 StaAnalyze.cc:565] analyze timing path end vertex 41 total 46 start
I20260203 17:03:05.974965 120299 StaAnalyze.cc:599] analyze timing path end vertex 41 total 46 end
I20260203 17:03:05.974995 120299 StaAnalyze.cc:603] analyze timing path end
I20260203 17:03:05.975003 120299 StaApplySdc.cc:698] apply sdc start
I20260203 17:03:05.975006 120299 StaApplySdc.cc:729] apply sdc end
I20260203 17:03:05.975010 120299 StaDataPropagation.cc:698] data bwd propagation start
I20260203 17:03:05.976195 120299 StaDataPropagation.cc:249] propagate start vertex out[0]_reg_p:CK
I20260203 17:03:05.976215 120299 StaDataPropagation.cc:172] Thread 123633813680256 data bwd propagate found end vertex.out_0_
I20260203 17:03:05.976230 120299 StaDataPropagation.cc:172] Thread 123633813680256 data bwd propagate found end vertex.out[0]_reg_p:D
I20260203 17:03:05.976243 120299 StaDataPropagation.cc:172] Thread 123633813680256 data bwd propagate found end vertex.seg0[4]_reg_p:D
I20260203 17:03:05.976251 120299 StaDataPropagation.cc:172] Thread 123633813680256 data bwd propagate found end vertex.seg0[7]_reg_p:D
I20260203 17:03:05.976261 120299 StaDataPropagation.cc:172] Thread 123633813680256 data bwd propagate found end vertex.seg0[2]_reg_p:D
I20260203 17:03:05.976277 120299 StaDataPropagation.cc:172] Thread 123633813680256 data bwd propagate found end vertex.seg0[3]_reg_p:D
I20260203 17:03:05.976290 120299 StaDataPropagation.cc:172] Thread 123633813680256 data bwd propagate found end vertex.out[7]_reg_p:D
I20260203 17:03:05.976296 120299 StaDataPropagation.cc:172] Thread 123633813680256 data bwd propagate found end vertex.seg1[1]_reg_p:D
I20260203 17:03:05.976308 120299 StaDataPropagation.cc:172] Thread 123633813680256 data bwd propagate found end vertex.seg1[2]_reg_p:D
I20260203 17:03:05.976315 120299 StaDataPropagation.cc:172] Thread 123633813680256 data bwd propagate found end vertex.seg1[3]_reg_p:D
I20260203 17:03:05.977892 120299 StaDataPropagation.cc:703] data bwd propagation end
I20260203 17:03:05.977950 120299 Sta.cc:2895] update timing end
I20260203 17:03:05.977999 120299 Sta.cc:2898] update timing memory usage 522.952MB
I20260203 17:03:05.978009 120299 Sta.cc:2900] update timing time elapsed 0.069295s
I20260203 17:03:05.978240 120299 Sta.cc:2998] start write sta report.
I20260203 17:03:05.978263 120299 Sta.cc:2999] output sta report path: /home/biruide/ysyx-workbench/yosys-sta/result/ex6-500MHz
I20260203 17:03:05.979058 120299 StaReport.cc:211] report the clock group core_clock 5 timing paths.
I20260203 17:03:05.979939 120299 StaReport.cc:211] report the clock group core_clock 5 timing paths.
I20260203 17:03:05.979977 120299 StaReport.cc:211] report the clock group core_clock 1 timing paths.
I20260203 17:03:05.980005 120299 StaReport.cc:211] report the clock group core_clock 5 timing paths.
I20260203 17:03:05.980397 120299 StaReport.cc:211] report the clock group core_clock 5 timing paths.
I20260203 17:03:05.980415 120299 StaReport.cc:211] report the clock group core_clock 1 timing paths.
I20260203 17:03:05.980419 120299 Sta.cc:1885] 
+-----------------+-------------+------------+------------+---------------+-------+-------+-----------+
| Endpoint        | Clock Group | Delay Type | Path Delay | Path Required | CPPR  | Slack | Freq(MHz) |
+-----------------+-------------+------------+------------+---------------+-------+-------+-----------+
| seg1[7]_reg_p:D | core_clock  | max        | 0.369f     | 1.952         | 0.000 | 1.583 | 2400.914  |
| seg1[4]_reg_p:D | core_clock  | max        | 0.365f     | 1.952         | 0.000 | 1.587 | 2420.610  |
| seg1[7]_reg_p:D | core_clock  | max        | 0.380r     | 1.973         | 0.000 | 1.593 | 2457.775  |
| seg1[6]_reg_p:D | core_clock  | max        | 0.378r     | 1.973         | 0.000 | 1.595 | 2467.881  |
| seg1[4]_reg_p:D | core_clock  | max        | 0.378r     | 1.973         | 0.000 | 1.595 | 2469.380  |
| out[5]_reg_p:D  | core_clock  | min        | 0.125f     | -0.009        | 0.000 | 0.134 | NA        |
| seg1[3]_reg_p:D | core_clock  | min        | 0.129f     | -0.009        | 0.000 | 0.138 | NA        |
| out[4]_reg_p:D  | core_clock  | min        | 0.131f     | -0.008        | 0.000 | 0.139 | NA        |
| out[2]_reg_p:D  | core_clock  | min        | 0.137f     | -0.009        | 0.000 | 0.145 | NA        |
| seg1[5]_reg_p:D | core_clock  | min        | 0.137r     | -0.011        | 0.000 | 0.148 | NA        |
+-----------------+-------------+------------+------------+---------------+-------+-------+-----------+
I20260203 17:03:05.980605 120299 Sta.cc:1886] 
+------------+------------+-------+
| Clock      | Delay Type | TNS   |
+------------+------------+-------+
| core_clock | max        | 0.000 |
| core_clock | min        | 0.000 |
+------------+------------+-------+
I20260203 17:03:05.988545 120299 NetlistWriter.cc:52] start write verilog file /home/biruide/ysyx-workbench/yosys-sta/result/ex6-500MHz/ex6.v
I20260203 17:03:05.989280 120299 NetlistWriter.cc:71] finish write verilog file /home/biruide/ysyx-workbench/yosys-sta/result/ex6-500MHz/ex6.v
I20260203 17:03:05.989300 120299 Sta.cc:3111] used lib: /home/biruide/ysyx-workbench/yosys-sta/scripts/../pdk/icsprout55/IP/STD_cell/ics55_LLSC_H7C_V1p10C100/ics55_LLSC_H7CL/liberty/ics55_LLSC_H7CL_typ_tt_1p2_25_nldm.lib
I20260203 17:03:05.989305 120299 Sta.cc:3096] The timing engine run success.
I20260203 17:03:05.989400 120299 Power.cc:854] build graph and seq graph start
I20260203 17:03:05.989423 120299 PwrBuildGraph.cc:80] build power graph start
I20260203 17:03:05.989766 120299 PwrBuildGraph.cc:170] build power graph end
I20260203 17:03:05.989809 120299 PwrBuildGraph.cc:172] build power graph memory usage 0MB
I20260203 17:03:05.989818 120299 PwrBuildGraph.cc:174] build power graph time elapsed 0.000394s
I20260203 17:03:05.989838 120299 PwrBuildSeqGraph.cc:326] build seq graph start
I20260203 17:03:05.999696 120299 PwrBuildSeqGraph.cc:330] build seq graph end
I20260203 17:03:05.999734 120299 PwrBuildSeqGraph.cc:332] seq inst num: 22
I20260203 17:03:05.999738 120299 PwrBuildSeqGraph.cc:333] input port num: 1
I20260203 17:03:05.999742 120299 PwrBuildSeqGraph.cc:334] output port num: 24
I20260203 17:03:05.999744 120299 PwrBuildSeqGraph.cc:335] seq macro num: 0
I20260203 17:03:05.999752 120299 PwrBuildSeqGraph.cc:336] seq arc num: 133
I20260203 17:03:05.999756 120299 PwrBuildSeqGraph.cc:339] seq vertex max fanout: 18
I20260203 17:03:05.999759 120299 PwrBuildSeqGraph.cc:340] seq vertex max fanin: 8
I20260203 17:03:05.999799 120299 PwrBuildSeqGraph.cc:343] build seq graph memory usage 131.796MB
I20260203 17:03:05.999810 120299 PwrBuildSeqGraph.cc:345] build seq graph time elapsed 0.009972s
I20260203 17:03:05.999833 120299 Power.cc:861] build graph and seq graph end
I20260203 17:03:05.999856 120299 Power.cc:863] build graph and seq graph memory usage 131.796MB
I20260203 17:03:05.999861 120299 Power.cc:866] build graph and seq graph time elapsed 0.010463s
I20260203 17:03:05.999873 120299 Power.cc:871] power annotate vcd start
I20260203 17:03:05.999876 120299 Power.cc:128] annotate toggle sp start
I20260203 17:03:05.999881 120299 Power.cc:134] annotate toggle sp end
I20260203 17:03:05.999883 120299 Power.cc:878] power vcd annotate end
I20260203 17:03:05.999910 120299 Power.cc:880] power vcd annotate memory usage 0MB
I20260203 17:03:05.999917 120299 Power.cc:882] power vcd annotate time elapsed 4.4e-05s
I20260203 17:03:05.999928 120299 Power.cc:896] power propagation start
I20260203 17:03:05.999945 120299 PwrCheckPipelineLoop.cc:122] check pipeline loop start
I20260203 17:03:05.999956 120299 PwrCheckPipelineLoop.cc:129] check pipeline loop end
I20260203 17:03:05.999979 120299 PwrCheckPipelineLoop.cc:137] check pipeline loop memory usage 0MB
I20260203 17:03:05.999985 120299 PwrCheckPipelineLoop.cc:139] check pipeline loop time elapsed 3.9e-05s
I20260203 17:03:05.999997 120299 PwrLevelizeSeqGraph.cc:93] seq levelization start
I20260203 17:03:06.000007 120299 PwrLevelizeSeqGraph.cc:101] seq levelization end
I20260203 17:03:06.000010 120299 PwrLevelizeSeqGraph.cc:103] the seq graph's level depth 10
I20260203 17:03:06.000023 120299 PwrLevelizeSeqGraph.cc:116] levelization memory usage 0MB
I20260203 17:03:06.000027 120299 PwrLevelizeSeqGraph.cc:118] levelization time elapsed 3.1e-05s
I20260203 17:03:06.000056 120299 PwrPropagateConst.cc:184] propagate const start
I20260203 17:03:06.000072 120299 PwrPropagateConst.cc:109] set tie cell fanout from seg0_TIEHIH7L_Z:Z data in vertex seg0_0_
I20260203 17:03:06.000079 120299 PwrPropagateConst.cc:288] propagate const end
I20260203 17:03:06.000089 120299 PwrPropagateConst.cc:290] propagate const memory usage 0MB
I20260203 17:03:06.000092 120299 PwrPropagateConst.cc:292] propagate const time elapsed 3.6e-05s
I20260203 17:03:06.000104 120299 PwrPropagateToggleSP.cc:202] propagate toggle sp start
I20260203 17:03:06.006062 120299 PwrPropagateToggleSP.cc:316] propagate toggle sp end
I20260203 17:03:06.006132 120299 PwrPropagateToggleSP.cc:319] propagate toggle sp memory usage 786.564MB
I20260203 17:03:06.006143 120299 PwrPropagateToggleSP.cc:321] propagate toggle sp time elapsed 0.00604s
I20260203 17:03:06.006160 120299 PwrPropagateClock.cc:68] propagate clock start
I20260203 17:03:06.006181 120299 PwrPropagateClock.cc:80] propagate clock end
I20260203 17:03:06.006196 120299 PwrPropagateClock.cc:82] propagate clock memory usage 0MB
I20260203 17:03:06.006199 120299 PwrPropagateClock.cc:84] propagate clock time elapsed 3.9e-05s
I20260203 17:03:06.006203 120299 Power.cc:914] power propagation end
I20260203 17:03:06.006213 120299 Power.cc:916] power propagation memory usage 786.564MB
I20260203 17:03:06.006217 120299 Power.cc:918] power propagation time elapsed 0.00629s
I20260203 17:03:06.006232 120299 Power.cc:267] power calculation start
I20260203 17:03:06.006243 120299 PwrCalcLeakagePower.cc:85] calc leakage power start
I20260203 17:03:06.019922 120299 PwrCalcLeakagePower.cc:119] calc leakage power result 0.000245644mw
I20260203 17:03:06.019974 120299 PwrCalcLeakagePower.cc:122] calc leakage power end
I20260203 17:03:06.020022 120299 PwrCalcLeakagePower.cc:124] calc leakage power memory usage 0MB
I20260203 17:03:06.020046 120299 PwrCalcLeakagePower.cc:126] calc leakage power time elapsed 0.013802s
I20260203 17:03:06.020068 120299 PwrCalcInternalPower.cc:565] calc internal power start
I20260203 17:03:06.039054 120299 PwrCalcInternalPower.cc:605] calc internal power result 0.18903mW
I20260203 17:03:06.039106 120299 PwrCalcInternalPower.cc:607] calc internal power end
I20260203 17:03:06.039151 120299 PwrCalcInternalPower.cc:609] calc internal power memory usage 0MB
I20260203 17:03:06.039158 120299 PwrCalcInternalPower.cc:611] calc internal power time elapsed 0.01909s
I20260203 17:03:06.039177 120299 PwrCalcSwitchPower.cc:89] calc switch power start
I20260203 17:03:06.039213 120299 PwrCalcSwitchPower.cc:106] net seg1_0_ has no driver, skip switch power calculation.
I20260203 17:03:06.039289 120299 PwrCalcSwitchPower.cc:173] calc switch power result 0mw
I20260203 17:03:06.039294 120299 PwrCalcSwitchPower.cc:175] calc switch power end
I20260203 17:03:06.039314 120299 PwrCalcSwitchPower.cc:177] calc switch power memory usage 0MB
I20260203 17:03:06.039319 120299 PwrCalcSwitchPower.cc:179] calc switch power time elapsed 0.000141s
I20260203 17:03:06.039703 120299 Power.cc:275] power calculation end
I20260203 17:03:06.039724 120299 Power.cc:277] power calculation memory usage 0MB
I20260203 17:03:06.039729 120299 Power.cc:279] power calculation time elapsed 0.033497s
I20260203 17:03:06.039743 120299 Power.cc:981] power report start, output dir: /home/biruide/ysyx-workbench/yosys-sta/result/ex6-500MHz
I20260203 17:03:06.040105 120299 Power.cc:491] 
+---------------+----------------+--------------+---------------+-------------+-----------+
| Power Group   | Internal Power | Switch Power | Leakage Power | Total Power | (%)       |
+---------------+----------------+--------------+---------------+-------------+-----------+
| combinational | 1.262e-04      | 0.000e+00    | 9.729e-08     | 1.263e-04   | (66.712%) |
| sequential    | 6.286e-05      | 0.000e+00    | 1.484e-07     | 6.301e-05   | (33.288%) |
+---------------+----------------+--------------+---------------+-------------+-----------+
I20260203 17:03:06.040222 120299 Power.cc:543] Total Power   ==  0.000189276 W
I20260203 17:03:06.040628 120299 Power.cc:669] Instance Power Report: 
I20260203 17:03:06.040642 120299 Power.cc:670] 
+----------------------------------------------------------------------+-----------------+----------------+--------------+---------------+-------------+
| Instance Name                                                        | Nominal Voltage | Internal Power | Switch Power | Leakage Power | Total Power |
+----------------------------------------------------------------------+-----------------+----------------+--------------+---------------+-------------+
| seg1[7]_reg_p_D_NAND4X1P4H7L_Y                                       | 1.2             | 1.277e-05      | 0.000e+00    | 3.513e-10     | 1.277e-05   |
| seg1[4]_reg_p_D_NAND4X1P4H7L_Y                                       | 1.2             | 1.057e-05      | 0.000e+00    | 3.433e-10     | 1.057e-05   |
| seg1[1]_reg_p_D_AOAI211X1H7L_Y                                       | 1.2             | 7.778e-06      | 0.000e+00    | 8.013e-10     | 7.778e-06   |
| seg1[5]_reg_p_D_AOAI211X1P4H7L_Y                                     | 1.2             | 6.648e-06      | 0.000e+00    | 8.789e-10     | 6.649e-06   |
| out[7]_reg_p_D_BUFX16H7L_Y                                           | 1.2             | 5.017e-06      | 0.000e+00    | 1.003e-08     | 5.027e-06   |
| seg0[7]_reg_p_D_OAI211X1H7L_Y                                        | 1.2             | 4.959e-06      | 0.000e+00    | 6.231e-10     | 4.959e-06   |
| seg1[4]_reg_p_D_NAND4X1P4H7L_Y_C_NAND4BX2H7L_Y                       | 1.2             | 4.919e-06      | 0.000e+00    | 1.390e-09     | 4.921e-06   |
| seg1[6]_reg_p_D_NAND3BX1P4H7L_Y                                      | 1.2             | 4.584e-06      | 0.000e+00    | 1.362e-09     | 4.586e-06   |
| out[7]_reg_p_D_BUFX16H7L_Y_A_XNOR2X4H7L_Y                            | 1.2             | 4.292e-06      | 0.000e+00    | 4.982e-09     | 4.297e-06   |
| seg0[1]_reg_p_D_AOAI211X1P4H7L_Y                                     | 1.2             | 4.162e-06      | 0.000e+00    | 8.846e-10     | 4.163e-06   |
| seg1[1]_reg_p                                                        | 1.2             | 3.968e-06      | 0.000e+00    | 6.757e-09     | 3.975e-06   |
| seg1[3]_reg_p                                                        | 1.2             | 3.968e-06      | 0.000e+00    | 6.757e-09     | 3.975e-06   |
| seg0[1]_reg_p                                                        | 1.2             | 3.968e-06      | 0.000e+00    | 6.757e-09     | 3.975e-06   |
| seg1[4]_reg_p                                                        | 1.2             | 3.968e-06      | 0.000e+00    | 6.757e-09     | 3.975e-06   |
| seg0[4]_reg_p                                                        | 1.2             | 3.968e-06      | 0.000e+00    | 6.757e-09     | 3.975e-06   |
| seg1[2]_reg_p                                                        | 1.2             | 3.968e-06      | 0.000e+00    | 6.757e-09     | 3.975e-06   |
| seg0[5]_reg_p                                                        | 1.2             | 3.968e-06      | 0.000e+00    | 6.757e-09     | 3.975e-06   |
| seg0[7]_reg_p                                                        | 1.2             | 3.968e-06      | 0.000e+00    | 6.757e-09     | 3.975e-06   |
| seg1[7]_reg_p                                                        | 1.2             | 3.968e-06      | 0.000e+00    | 6.757e-09     | 3.975e-06   |
| seg0[6]_reg_p                                                        | 1.2             | 3.968e-06      | 0.000e+00    | 6.757e-09     | 3.975e-06   |
| seg1[6]_reg_p                                                        | 1.2             | 3.968e-06      | 0.000e+00    | 6.757e-09     | 3.975e-06   |
| seg1[5]_reg_p                                                        | 1.2             | 3.968e-06      | 0.000e+00    | 6.740e-09     | 3.975e-06   |
| seg1[2]_reg_p_D_OAI21X1P4H7L_Y                                       | 1.2             | 3.583e-06      | 0.000e+00    | 9.057e-10     | 3.584e-06   |
| seg1[1]_reg_p_D_AOAI211X1H7L_Y_C0_NAND4X1P4H7L_Y                     | 1.2             | 3.560e-06      | 0.000e+00    | 3.440e-10     | 3.561e-06   |
| out[7]_reg_p                                                         | 1.2             | 3.344e-06      | 0.000e+00    | 6.663e-09     | 3.351e-06   |
| seg0[2]_reg_p                                                        | 1.2             | 3.249e-06      | 0.000e+00    | 6.580e-09     | 3.255e-06   |
| seg0[4]_reg_p_D_NAND2X1P4H7L_Y_B_AOI22X0P5H7L_Y                      | 1.2             | 3.224e-06      | 0.000e+00    | 8.322e-10     | 3.225e-06   |
| seg0[3]_reg_p                                                        | 1.2             | 2.926e-06      | 0.000e+00    | 6.748e-09     | 2.933e-06   |
| seg1[6]_reg_p_D_NAND3BX1P4H7L_Y_C_OAI211X1P4H7L_Y                    | 1.2             | 2.727e-06      | 0.000e+00    | 6.894e-10     | 2.728e-06   |
| seg0[2]_reg_p_D_AOI211X1P4H7L_Y                                      | 1.2             | 2.633e-06      | 0.000e+00    | 8.626e-10     | 2.634e-06   |
| seg1[3]_reg_p_D_OAI21X1P4H7L_Y                                       | 1.2             | 2.492e-06      | 0.000e+00    | 9.054e-10     | 2.492e-06   |
| seg1[4]_reg_p_D_NAND4X1P4H7L_Y_D_NAND3BX1P4H7L_Y                     | 1.2             | 2.427e-06      | 0.000e+00    | 1.156e-09     | 2.428e-06   |
| out[1]_reg_p_D_BUFX1H7L_Y_A_XNOR2X4H7L_A                             | 1.2             | 2.049e-06      | 0.000e+00    | 4.831e-09     | 2.054e-06   |
| seg0[5]_reg_p_D_NAND2X0P5H7L_Y_B_AOAI211X0P5H7L_Y                    | 1.2             | 1.885e-06      | 0.000e+00    | 6.858e-10     | 1.886e-06   |
| seg1[3]_reg_p_D_OAI21X1P4H7L_Y_B0_OAI2BB1X1P4H7L_Y                   | 1.2             | 1.881e-06      | 0.000e+00    | 1.284e-09     | 1.883e-06   |
| seg0[1]_reg_p_D_AOAI211X1P4H7L_Y_C0_NAND4BX0P5H7L_Y                  | 1.2             | 1.868e-06      | 0.000e+00    | 9.099e-10     | 1.869e-06   |
| seg0[7]_reg_p_D_OAI211X1H7L_Y_B0_NAND4BX0P5H7L_Y                     | 1.2             | 1.867e-06      | 0.000e+00    | 9.099e-10     | 1.868e-06   |
| seg0[6]_reg_p_D_NAND2X0P5H7L_Y_B_AOAI211X0P5H7L_Y                    | 1.2             | 1.748e-06      | 0.000e+00    | 6.744e-10     | 1.749e-06   |
| seg0[6]_reg_p_D_NAND2X0P5H7L_Y_A_AOAI211X0P5H7L_Y                    | 1.2             | 1.642e-06      | 0.000e+00    | 6.858e-10     | 1.643e-06   |
| seg1[7]_reg_p_D_NAND4X1P4H7L_Y_A_NAND3X1H7L_Y                        | 1.2             | 1.619e-06      | 0.000e+00    | 4.378e-10     | 1.619e-06   |
| seg0[3]_reg_p_D_OAI2BB1X0P5H7L_Y                                     | 1.2             | 1.463e-06      | 0.000e+00    | 1.125e-09     | 1.464e-06   |
| seg1[7]_reg_p_D_NAND4X1P4H7L_Y_D_NAND3X0P5H7L_Y                      | 1.2             | 1.422e-06      | 0.000e+00    | 3.753e-10     | 1.422e-06   |
| seg1[6]_reg_p_D_NAND3BX1P4H7L_Y_B_NAND3X0P5H7L_Y                     | 1.2             | 1.418e-06      | 0.000e+00    | 3.997e-10     | 1.418e-06   |
| seg0[4]_reg_p_D_NAND2X1P4H7L_Y                                       | 1.2             | 1.335e-06      | 0.000e+00    | 7.197e-10     | 1.336e-06   |
| seg1[5]_reg_p_D_AOAI211X1P4H7L_Y_C0_NAND2BX1P4H7L_Y                  | 1.2             | 1.259e-06      | 0.000e+00    | 1.458e-09     | 1.261e-06   |
| out[3]_reg_p_D_BUFX1H7L_Y_A_XOR2X0P7H7L_A                            | 1.2             | 1.245e-06      | 0.000e+00    | 3.120e-09     | 1.248e-06   |
| seg0[7]_reg_p_D_OAI211X1H7L_Y_A1_XOR2X0P5H7L_Y                       | 1.2             | 1.097e-06      | 0.000e+00    | 3.089e-09     | 1.100e-06   |
| out[0]_reg_p                                                         | 1.2             | 9.656e-07      | 0.000e+00    | 6.757e-09     | 9.723e-07   |
| seg0[2]_reg_p_D_AOI211X1P4H7L_Y_C0_AOI21X1P4H7L_Y                    | 1.2             | 9.610e-07      | 0.000e+00    | 8.977e-10     | 9.619e-07   |
| seg1[2]_reg_p_D_OAI21X1P4H7L_Y_A1_AOI21X0P5H7L_Y                     | 1.2             | 8.664e-07      | 0.000e+00    | 8.305e-10     | 8.673e-07   |
| out[0]_reg_p_D_AO21X1H7L_Y                                           | 1.2             | 8.577e-07      | 0.000e+00    | 1.575e-09     | 8.593e-07   |
| seg0[6]_reg_p_D_NAND2X0P5H7L_Y                                       | 1.2             | 8.355e-07      | 0.000e+00    | 5.628e-10     | 8.361e-07   |
| seg0[4]_reg_p_D_NAND2X1P4H7L_Y_B_AOI22X0P5H7L_Y_B0_MUX2X0P5H7L_Y     | 1.2             | 8.016e-07      | 0.000e+00    | 2.117e-09     | 8.037e-07   |
| out[5]_reg_p                                                         | 1.2             | 7.950e-07      | 0.000e+00    | 6.757e-09     | 8.018e-07   |
| out[6]_reg_p                                                         | 1.2             | 7.946e-07      | 0.000e+00    | 6.757e-09     | 8.014e-07   |
| out[1]_reg_p                                                         | 1.2             | 7.927e-07      | 0.000e+00    | 6.757e-09     | 7.995e-07   |
| out[2]_reg_p                                                         | 1.2             | 7.926e-07      | 0.000e+00    | 6.757e-09     | 7.994e-07   |
| out[4]_reg_p                                                         | 1.2             | 7.925e-07      | 0.000e+00    | 6.757e-09     | 7.993e-07   |
| out[3]_reg_p                                                         | 1.2             | 7.921e-07      | 0.000e+00    | 6.757e-09     | 7.989e-07   |
| seg0[1]_reg_p_D_AOAI211X1P4H7L_Y_A1_OR2X1P4H7L_Y                     | 1.2             | 7.147e-07      | 0.000e+00    | 1.715e-09     | 7.164e-07   |
| seg0[5]_reg_p_D_NAND2X0P5H7L_Y                                       | 1.2             | 6.879e-07      | 0.000e+00    | 5.628e-10     | 6.884e-07   |
| seg1[4]_reg_p_D_NAND4X1P4H7L_Y_A_NAND3X0P5H7L_Y                      | 1.2             | 6.872e-07      | 0.000e+00    | 4.054e-10     | 6.876e-07   |
| seg1[5]_reg_p_D_AOAI211X1P4H7L_Y_B0_NAND2X0P5H7L_Y                   | 1.2             | 6.085e-07      | 0.000e+00    | 5.534e-10     | 6.091e-07   |
| seg0[3]_reg_p_D_OAI2BB1X0P5H7L_Y_B0_OAI21X0P5H7L_Y                   | 1.2             | 5.979e-07      | 0.000e+00    | 6.996e-10     | 5.986e-07   |
| seg1[4]_reg_p_D_NAND4X1P4H7L_Y_B_NAND2X0P5H7L_Y                      | 1.2             | 5.851e-07      | 0.000e+00    | 4.908e-10     | 5.856e-07   |
| seg0[3]_reg_p_D_OAI2BB1X0P5H7L_Y_A1N_OAI21X0P5H7L_Y                  | 1.2             | 5.564e-07      | 0.000e+00    | 7.087e-10     | 5.572e-07   |
| out[0]_reg_p_D_AO21X1H7L_Y_A0_OR2X1P4H7L_B                           | 1.2             | 5.455e-07      | 0.000e+00    | 1.786e-09     | 5.473e-07   |
| out[2]_reg_p_D_BUFX1H7L_Y_A_BUFX7H7L_Y                               | 1.2             | 5.315e-07      | 0.000e+00    | 4.862e-09     | 5.363e-07   |
| seg1[6]_reg_p_D_NAND3BX1P4H7L_Y_AN_NOR4X2H7L_Y                       | 1.2             | 5.055e-07      | 0.000e+00    | 3.886e-10     | 5.059e-07   |
| out[0]_reg_p_D_AO21X1H7L_Y_A1_NAND2X1P4H7L_B                         | 1.2             | 4.282e-07      | 0.000e+00    | 7.187e-10     | 4.289e-07   |
| seg0[7]_reg_p_D_OAI211X1H7L_Y_A0_NAND2BX0P5H7L_Y                     | 1.2             | 4.117e-07      | 0.000e+00    | 1.202e-09     | 4.130e-07   |
| out[3]_reg_p_D_BUFX1H7L_Y_A_BUFX5H7L_Y                               | 1.2             | 4.057e-07      | 0.000e+00    | 3.360e-09     | 4.090e-07   |
| seg0[2]_reg_p_D_AOI211X1P4H7L_Y_C0_AOI21X1P4H7L_Y_A0_NAND2BX0P5H7L_Y | 1.2             | 4.044e-07      | 0.000e+00    | 1.202e-09     | 4.056e-07   |
| out[1]_reg_p_D_BUFX1H7L_Y_A_BUFX3P5H7L_Y                             | 1.2             | 2.981e-07      | 0.000e+00    | 2.428e-09     | 3.006e-07   |
| out[6]_reg_p_D_BUFX1H7L_Y_A_BUFX3P5H7L_Y                             | 1.2             | 2.975e-07      | 0.000e+00    | 2.428e-09     | 3.000e-07   |
| seg0[5]_reg_p_D_NAND2X0P5H7L_Y_A_NAND2X0P5H7L_Y_B_NOR2BX1P4H7L_Z     | 1.2             | 2.644e-07      | 0.000e+00    | 1.432e-09     | 2.658e-07   |
| out[0]_reg_p_D_AO21X1H7L_Y_A0_NOR4X1P4H7L_Y                          | 1.2             | 2.588e-07      | 0.000e+00    | 3.292e-10     | 2.592e-07   |
| seg0[5]_reg_p_D_NAND2X0P5H7L_Y_A_NAND2X0P5H7L_Y                      | 1.2             | 2.357e-07      | 0.000e+00    | 5.329e-10     | 2.362e-07   |
| seg1[3]_reg_p_D_OAI21X1P4H7L_Y_A1_NAND2X0P5H7L_Y                     | 1.2             | 2.351e-07      | 0.000e+00    | 5.628e-10     | 2.357e-07   |
| seg1[1]_reg_p_D_AOAI211X1H7L_Y_A0_NAND2X0P5H7L_Y                     | 1.2             | 2.345e-07      | 0.000e+00    | 5.628e-10     | 2.351e-07   |
| seg0[2]_reg_p_D_AOI211X1P4H7L_Y_B0_NOR2BX0P5H7L_Z                    | 1.2             | 1.932e-07      | 0.000e+00    | 1.284e-09     | 1.945e-07   |
| out[0]_reg_p_D_AO21X1H7L_Y_B0_BUFX1P4H7L_Y                           | 1.2             | 1.744e-07      | 0.000e+00    | 1.449e-09     | 1.759e-07   |
| seg1[4]_reg_p_D_NAND4X1P4H7L_Y_B_NAND2X0P5H7L_Y_B_NOR3X0P5H7L_Y      | 1.2             | 1.704e-07      | 0.000e+00    | 3.897e-10     | 1.708e-07   |
| seg0[1]_reg_p_D_AOAI211X1P4H7L_Y_A1_NOR2X0P5H7L_B                    | 1.2             | 1.599e-07      | 0.000e+00    | 5.551e-10     | 1.605e-07   |
| out[0]_reg_p_D_AO21X1H7L_Y_A1_NOR2X0P5H7L_Y                          | 1.2             | 1.586e-07      | 0.000e+00    | 5.551e-10     | 1.592e-07   |
| out[4]_reg_p_D_BUFX1H7L_Y                                            | 1.2             | 1.535e-07      | 0.000e+00    | 1.375e-09     | 1.548e-07   |
| out[5]_reg_p_D_BUFX1H7L_Y                                            | 1.2             | 1.523e-07      | 0.000e+00    | 1.375e-09     | 1.537e-07   |
| out[1]_reg_p_D_BUFX1H7L_Y                                            | 1.2             | 1.502e-07      | 0.000e+00    | 1.375e-09     | 1.516e-07   |
| out[6]_reg_p_D_BUFX1H7L_Y                                            | 1.2             | 1.498e-07      | 0.000e+00    | 1.375e-09     | 1.511e-07   |
| out[3]_reg_p_D_BUFX1H7L_Y                                            | 1.2             | 1.491e-07      | 0.000e+00    | 1.375e-09     | 1.504e-07   |
| out[2]_reg_p_D_BUFX1H7L_Y                                            | 1.2             | 1.489e-07      | 0.000e+00    | 1.375e-09     | 1.503e-07   |
| seg0[4]_reg_p_D_NAND2X1P4H7L_Y_B_AOI22X0P5H7L_Y_A1_NOR2X0P5H7L_Y     | 1.2             | 1.061e-07      | 0.000e+00    | 5.551e-10     | 1.067e-07   |
| seg1[7]_reg_p_D_NAND4X1P4H7L_Y_A_NAND3X1H7L_Y_C_NOR2X0P5H7L_Y        | 1.2             | 1.059e-07      | 0.000e+00    | 5.551e-10     | 1.065e-07   |
| seg1[7]_reg_p_D_NAND4X1P4H7L_Y_D_NAND3X0P5H7L_Y_C_NOR2X0P5H7L_Y      | 1.2             | 1.054e-07      | 0.000e+00    | 5.551e-10     | 1.059e-07   |
| seg1[5]_reg_p_D_AOAI211X1P4H7L_Y_A1_INVX1P4H7L_Y                     | 1.2             | 4.978e-08      | 0.000e+00    | 8.094e-10     | 5.059e-08   |
| seg1[4]_reg_p_D_NAND4X1P4H7L_Y_C_NAND4BX2H7L_Y_C_INVX1H7L_Y          | 1.2             | 4.471e-08      | 0.000e+00    | 7.357e-10     | 4.544e-08   |
| seg1[6]_reg_p_D_NAND3BX1P4H7L_Y_AN_NOR4X2H7L_Y_C_INVX0P5H7L_Y        | 1.2             | 4.075e-08      | 0.000e+00    | 6.395e-10     | 4.139e-08   |
+----------------------------------------------------------------------+-----------------+----------------+--------------+---------------+-------------+
I20260203 17:03:06.042356 120299 Power.cc:1047] power report end, output dir: /home/biruide/ysyx-workbench/yosys-sta/result/ex6-500MHz
I20260203 17:03:06.042387 120299 Power.cc:1049] power report memory usage 0MB
I20260203 17:03:06.042392 120299 Power.cc:1051] power report time elapsed 0.002649s
