Generate the report at 2026-02-10T11:00:33, GitVersion: aa25008b3778a76ae1975c839d4cc459f7f7b3b7.
+---------------------+--------------------------+------------+------------+---------------+-------+-------+-----------+
| Endpoint            | Clock Group              | Delay Type | Path Delay | Path Required | CPPR  | Slack | Freq(MHz) |
+---------------------+--------------------------+------------+------------+---------------+-------+-------+-----------+
| x_9__reg_p:D        | core_clock               | max        | 0.435r     | 1.971         | 0.000 | 1.537 | 2158.918  |
| x_8__reg_p:D        | core_clock               | max        | 0.407f     | 1.952         | 0.000 | 1.545 | 2197.735  |
| x_6__reg_p:D        | core_clock               | max        | 0.407f     | 1.952         | 0.000 | 1.545 | 2197.735  |
| x_9__reg_p:D        | core_clock               | max        | 0.407f     | 1.952         | 0.000 | 1.545 | 2197.735  |
| x_5__reg_p:D        | core_clock               | max        | 0.407f     | 1.952         | 0.000 | 1.545 | 2197.735  |
| clk_ICGX0P5H7L_CK:E | **clock_gating_default** | max        | 0.382r     | 1.933         | 0.000 | 1.551 | NA        |
| clk_ICGX0P5H7L_CK:E | **clock_gating_default** | max        | 0.263f     | 1.962         | 0.000 | 1.699 | NA        |
| y_1__reg_p:D        | core_clock               | min        | 0.129f     | -0.008        | 0.000 | 0.137 | NA        |
| x_8__reg_p:D        | core_clock               | min        | 0.130f     | -0.008        | 0.000 | 0.138 | NA        |
| y_8__reg_p:D        | core_clock               | min        | 0.132f     | -0.008        | 0.000 | 0.140 | NA        |
| x_9__reg_p:D        | core_clock               | min        | 0.133f     | -0.008        | 0.000 | 0.141 | NA        |
| x_0__reg_p:D        | core_clock               | min        | 0.132r     | -0.017        | 0.000 | 0.148 | NA        |
| clk_ICGX0P5H7L_CK:E | **clock_gating_default** | min        | 0.148f     | -0.009        | 0.000 | 0.157 | NA        |
| clk_ICGX0P5H7L_CK:E | **clock_gating_default** | min        | 0.232r     | -0.028        | 0.000 | 0.260 | NA        |
+---------------------+--------------------------+------------+------------+---------------+-------+-------+-----------+
+------------+------------+-------+
| Clock      | Delay Type | TNS   |
+------------+------------+-------+
| core_clock | max        | 0.000 |
| core_clock | min        | 0.000 |
+------------+------------+-------+
+--------------------------------------------------------------------------------+--------+-------------+------------+------------+-------------+--------+-----------------+
| Point                                                                          | Fanout | Capacitance | Resistance | Transition | Delta Delay | Incr   | Path            |
+--------------------------------------------------------------------------------+--------+-------------+------------+------------+-------------+--------+-----------------+
| clk (port)                                                                     |        | 0.012       | 0.000      | 0.000      |             | 0.000  | 0.000r          |
| clk (clock net)                                                                | 11     |             |            |            | NA          |        |                 |
| x_5__reg_p:CK (DFFQX1H7L)                                                      |        | 0.001       | 0.000      | 0.000      |             | 0.000  | 0.000r          |
| clock core_clock (rise edge)                                                   |        |             |            |            |             | 0      | 0               |
| clock network delay (ideal)                                                    |        |             |            |            |             | 0.000  | 0.000           |
| x_5__reg_p:CK (DFFQX1H7L)                                                      |        | 0.001       | 0.000      | 0.000      |             | 0.000  | 0.000r          |
| x_5__reg_p:Q (DFFQX1H7L)                                                       |        | 0.001       | 0.000      | 0.022      |             | 0.082  | 0.082r          |
| x_5_ (net)                                                                     | 1      |             |            |            | 0.000       |        |                 |
| x_5__BUFX1P4H7L_A:A (BUFX1P4H7L)                                               |        | 0.001       | 0.000      | 0.022      |             | 0.000  | 0.082r          |
| x_5__BUFX1P4H7L_A:Y (BUFX1P4H7L)                                               |        | 0.010       | 0.000      | 0.109      |             | 0.080  | 0.162r          |
| x_5__BUFX1P4H7L_A_Y (net)                                                      | 12     |             |            |            | 0.000       |        |                 |
| x_9__reg_p_D_AOI211X1P4H7L_Y_A1_OR4X1P4H7L_Y_D_NAND4X0P5H7L_Y:B (NAND4X0P5H7L) |        | 0.001       | 0.000      | 0.109      |             | 0.000  | 0.162r          |
| x_9__reg_p_D_AOI211X1P4H7L_Y_A1_OR4X1P4H7L_Y_D_NAND4X0P5H7L_Y:Y (NAND4X0P5H7L) |        | 0.003       | 0.000      | 0.133      |             | 0.101  | 0.263f          |
| x_9__reg_p_D_AOI211X1P4H7L_Y_A1_OR4X1P4H7L_Y_D (net)                           | 4      |             |            |            | 0.000       |        |                 |
| x_9__reg_p_D_AOI211X1P4H7L_Y_A1_OR4X1P4H7L_Y:D (OR4X1P4H7L)                    |        | 0.001       | 0.000      | 0.133      |             | 0.000  | 0.263f          |
| x_9__reg_p_D_AOI211X1P4H7L_Y_A1_OR4X1P4H7L_Y:Y (OR4X1P4H7L)                    |        | 0.001       | 0.000      | 0.039      |             | 0.116  | 0.379f          |
| x_9__reg_p_D_AOI211X1P4H7L_Y_A1 (net)                                          | 1      |             |            |            | 0.000       |        |                 |
| x_9__reg_p_D_AOI211X1P4H7L_Y:A1 (AOI211X1P4H7L)                                |        | 0.001       | 0.000      | 0.039      |             | 0.000  | 0.379f          |
| x_9__reg_p_D_AOI211X1P4H7L_Y:Y (AOI211X1P4H7L)                                 |        | 0.001       | 0.000      | 0.062      |             | 0.056  | 0.435r          |
| x_9__reg_p_D (net)                                                             | 1      |             |            |            | 0.000       |        |                 |
| x_9__reg_p:D (DFFQX1H7L)                                                       |        | 0.001       | 0.000      | 0.062      |             | 0.000  | 0.435r          |
|                                                                                |        |             |            |            |             |        |                 |
| clk (port)                                                                     |        | 0.009       | 0.000      | 0.000      |             | 0.000  | 0.000r          |
| clk (clock net)                                                                | 11     |             |            |            | NA          |        |                 |
| x_9__reg_p:CK (DFFQX1H7L)                                                      |        | 0.001       | 0.000      | 0.000      |             | 0.000  | 0.000r          |
| clock core_clock (rise edge)                                                   |        |             |            |            |             | 2      | 2               |
| clock network delay (ideal)                                                    |        |             |            |            |             | 0.000  | 2.000           |
| x_9__reg_p:CK (DFFQX1H7L)                                                      |        |             |            |            |             |        | 2.000r          |
| library setup time                                                             |        |             |            |            |             | -0.029 | 1.971           |
| clock reconvergence pessimism                                                  |        |             |            |            |             | 0.000  | 1.971           |
|                                                                                |        |             |            |            |             |        |                 |
| path cell delay                                                                |        |             |            |            |             |        | 0.435(100.000%) |
| path net delay                                                                 |        |             |            |            |             |        | 0.000(0.000%)   |
|                                                                                |        |             |            |            |             |        |                 |
| data require time                                                              |        |             |            |            |             |        | 1.971           |
| data arrival time                                                              |        |             |            |            |             |        | 0.435           |
| slack (MET)                                                                    |        |             |            |            |             |        | 1.537           |
+--------------------------------------------------------------------------------+--------+-------------+------------+------------+-------------+--------+-----------------+
+-----------------------------------------------------+--------+-------------+------------+------------+-------------+--------+-----------------+
| Point                                               | Fanout | Capacitance | Resistance | Transition | Delta Delay | Incr   | Path            |
+-----------------------------------------------------+--------+-------------+------------+------------+-------------+--------+-----------------+
| clk (port)                                          |        | 0.012       | 0.000      | 0.000      |             | 0.000  | 0.000r          |
| clk (clock net)                                     | 11     |             |            |            | NA          |        |                 |
| x_0__reg_p:CK (DFFQX1H7L)                           |        | 0.001       | 0.000      | 0.000      |             | 0.000  | 0.000r          |
| clock core_clock (rise edge)                        |        |             |            |            |             | 0      | 0               |
| clock network delay (ideal)                         |        |             |            |            |             | 0.000  | 0.000           |
| x_0__reg_p:CK (DFFQX1H7L)                           |        | 0.001       | 0.000      | 0.000      |             | 0.000  | 0.000r          |
| x_0__reg_p:Q (DFFQX1H7L)                            |        | 0.001       | 0.000      | 0.024      |             | 0.061  | 0.061f          |
| x_0_ (net)                                          | 1      |             |            |            | 0.000       |        |                 |
| x_0__BUFX3P5H7L_A:A (BUFX3P5H7L)                    |        | 0.001       | 0.000      | 0.024      |             | 0.000  | 0.061f          |
| x_0__BUFX3P5H7L_A:Y (BUFX3P5H7L)                    |        | 0.011       | 0.000      | 0.040      |             | 0.054  | 0.116f          |
| x_3__OR4X3H7L_D_A (net)                             | 11     |             |            |            | 0.000       |        |                 |
| x_3__OR4X3H7L_D:A (OR4X3H7L)                        |        | 0.001       | 0.000      | 0.040      |             | 0.000  | 0.116f          |
| x_3__OR4X3H7L_D:Y (OR4X3H7L)                        |        | 0.009       | 0.000      | 0.067      |             | 0.142  | 0.257f          |
| vgaHsync_NAND3BX0P5H7L_Y_C_OAI211X1P4H7L_Y_A1 (net) | 8      |             |            |            | 0.000       |        |                 |
| x_9__NAND3BX0P5H7L_B_Y_NOR4X6H7L_D:B (NOR4X6H7L)    |        | 0.003       | 0.000      | 0.067      |             | 0.000  | 0.257f          |
| x_9__NAND3BX0P5H7L_B_Y_NOR4X6H7L_D:Y (NOR4X6H7L)    |        | 0.011       | 0.000      | 0.162      |             | 0.125  | 0.382r          |
| x_1__reg_p_D_NOR3X1P4H7L_Y_B (net)                  | 11     |             |            |            | 0.000       |        |                 |
| x_8__reg_p_D_AOI211X1P4H7L_Y:C0 (AOI211X1P4H7L)     |        | 0.001       | 0.000      | 0.162      |             | 0.000  | 0.382r          |
| x_8__reg_p_D_AOI211X1P4H7L_Y:Y (AOI211X1P4H7L)      |        | 0.001       | 0.000      | 0.043      |             | 0.024  | 0.407f          |
| x_8__reg_p_D (net)                                  | 1      |             |            |            | 0.000       |        |                 |
| x_8__reg_p:D (DFFQX1H7L)                            |        | 0.001       | 0.000      | 0.043      |             | 0.000  | 0.407f          |
|                                                     |        |             |            |            |             |        |                 |
| clk (port)                                          |        | 0.009       | 0.000      | 0.000      |             | 0.000  | 0.000r          |
| clk (clock net)                                     | 11     |             |            |            | NA          |        |                 |
| x_8__reg_p:CK (DFFQX1H7L)                           |        | 0.001       | 0.000      | 0.000      |             | 0.000  | 0.000r          |
| clock core_clock (rise edge)                        |        |             |            |            |             | 2      | 2               |
| clock network delay (ideal)                         |        |             |            |            |             | 0.000  | 2.000           |
| x_8__reg_p:CK (DFFQX1H7L)                           |        |             |            |            |             |        | 2.000r          |
| library setup time                                  |        |             |            |            |             | -0.048 | 1.952           |
| clock reconvergence pessimism                       |        |             |            |            |             | 0.000  | 1.952           |
|                                                     |        |             |            |            |             |        |                 |
| path cell delay                                     |        |             |            |            |             |        | 0.407(100.000%) |
| path net delay                                      |        |             |            |            |             |        | 0.000(0.000%)   |
|                                                     |        |             |            |            |             |        |                 |
| data require time                                   |        |             |            |            |             |        | 1.952           |
| data arrival time                                   |        |             |            |            |             |        | 0.407           |
| slack (MET)                                         |        |             |            |            |             |        | 1.545           |
+-----------------------------------------------------+--------+-------------+------------+------------+-------------+--------+-----------------+
+-----------------------------------------------------+--------+-------------+------------+------------+-------------+--------+-----------------+
| Point                                               | Fanout | Capacitance | Resistance | Transition | Delta Delay | Incr   | Path            |
+-----------------------------------------------------+--------+-------------+------------+------------+-------------+--------+-----------------+
| clk (port)                                          |        | 0.012       | 0.000      | 0.000      |             | 0.000  | 0.000r          |
| clk (clock net)                                     | 11     |             |            |            | NA          |        |                 |
| x_0__reg_p:CK (DFFQX1H7L)                           |        | 0.001       | 0.000      | 0.000      |             | 0.000  | 0.000r          |
| clock core_clock (rise edge)                        |        |             |            |            |             | 0      | 0               |
| clock network delay (ideal)                         |        |             |            |            |             | 0.000  | 0.000           |
| x_0__reg_p:CK (DFFQX1H7L)                           |        | 0.001       | 0.000      | 0.000      |             | 0.000  | 0.000r          |
| x_0__reg_p:Q (DFFQX1H7L)                            |        | 0.001       | 0.000      | 0.024      |             | 0.061  | 0.061f          |
| x_0_ (net)                                          | 1      |             |            |            | 0.000       |        |                 |
| x_0__BUFX3P5H7L_A:A (BUFX3P5H7L)                    |        | 0.001       | 0.000      | 0.024      |             | 0.000  | 0.061f          |
| x_0__BUFX3P5H7L_A:Y (BUFX3P5H7L)                    |        | 0.011       | 0.000      | 0.040      |             | 0.054  | 0.116f          |
| x_3__OR4X3H7L_D_A (net)                             | 11     |             |            |            | 0.000       |        |                 |
| x_3__OR4X3H7L_D:A (OR4X3H7L)                        |        | 0.001       | 0.000      | 0.040      |             | 0.000  | 0.116f          |
| x_3__OR4X3H7L_D:Y (OR4X3H7L)                        |        | 0.009       | 0.000      | 0.067      |             | 0.142  | 0.257f          |
| vgaHsync_NAND3BX0P5H7L_Y_C_OAI211X1P4H7L_Y_A1 (net) | 8      |             |            |            | 0.000       |        |                 |
| x_9__NAND3BX0P5H7L_B_Y_NOR4X6H7L_D:B (NOR4X6H7L)    |        | 0.003       | 0.000      | 0.067      |             | 0.000  | 0.257f          |
| x_9__NAND3BX0P5H7L_B_Y_NOR4X6H7L_D:Y (NOR4X6H7L)    |        | 0.011       | 0.000      | 0.162      |             | 0.125  | 0.382r          |
| x_1__reg_p_D_NOR3X1P4H7L_Y_B (net)                  | 11     |             |            |            | 0.000       |        |                 |
| x_6__reg_p_D_AOI211X1P4H7L_Y:C0 (AOI211X1P4H7L)     |        | 0.001       | 0.000      | 0.162      |             | 0.000  | 0.382r          |
| x_6__reg_p_D_AOI211X1P4H7L_Y:Y (AOI211X1P4H7L)      |        | 0.001       | 0.000      | 0.043      |             | 0.024  | 0.407f          |
| x_6__reg_p_D (net)                                  | 1      |             |            |            | 0.000       |        |                 |
| x_6__reg_p:D (DFFQX1H7L)                            |        | 0.001       | 0.000      | 0.043      |             | 0.000  | 0.407f          |
|                                                     |        |             |            |            |             |        |                 |
| clk (port)                                          |        | 0.009       | 0.000      | 0.000      |             | 0.000  | 0.000r          |
| clk (clock net)                                     | 11     |             |            |            | NA          |        |                 |
| x_6__reg_p:CK (DFFQX1H7L)                           |        | 0.001       | 0.000      | 0.000      |             | 0.000  | 0.000r          |
| clock core_clock (rise edge)                        |        |             |            |            |             | 2      | 2               |
| clock network delay (ideal)                         |        |             |            |            |             | 0.000  | 2.000           |
| x_6__reg_p:CK (DFFQX1H7L)                           |        |             |            |            |             |        | 2.000r          |
| library setup time                                  |        |             |            |            |             | -0.048 | 1.952           |
| clock reconvergence pessimism                       |        |             |            |            |             | 0.000  | 1.952           |
|                                                     |        |             |            |            |             |        |                 |
| path cell delay                                     |        |             |            |            |             |        | 0.407(100.000%) |
| path net delay                                      |        |             |            |            |             |        | 0.000(0.000%)   |
|                                                     |        |             |            |            |             |        |                 |
| data require time                                   |        |             |            |            |             |        | 1.952           |
| data arrival time                                   |        |             |            |            |             |        | 0.407           |
| slack (MET)                                         |        |             |            |            |             |        | 1.545           |
+-----------------------------------------------------+--------+-------------+------------+------------+-------------+--------+-----------------+
+-----------------------------------------------------+--------+-------------+------------+------------+-------------+--------+-----------------+
| Point                                               | Fanout | Capacitance | Resistance | Transition | Delta Delay | Incr   | Path            |
+-----------------------------------------------------+--------+-------------+------------+------------+-------------+--------+-----------------+
| clk (port)                                          |        | 0.012       | 0.000      | 0.000      |             | 0.000  | 0.000r          |
| clk (clock net)                                     | 11     |             |            |            | NA          |        |                 |
| x_0__reg_p:CK (DFFQX1H7L)                           |        | 0.001       | 0.000      | 0.000      |             | 0.000  | 0.000r          |
| clock core_clock (rise edge)                        |        |             |            |            |             | 0      | 0               |
| clock network delay (ideal)                         |        |             |            |            |             | 0.000  | 0.000           |
| x_0__reg_p:CK (DFFQX1H7L)                           |        | 0.001       | 0.000      | 0.000      |             | 0.000  | 0.000r          |
| x_0__reg_p:Q (DFFQX1H7L)                            |        | 0.001       | 0.000      | 0.024      |             | 0.061  | 0.061f          |
| x_0_ (net)                                          | 1      |             |            |            | 0.000       |        |                 |
| x_0__BUFX3P5H7L_A:A (BUFX3P5H7L)                    |        | 0.001       | 0.000      | 0.024      |             | 0.000  | 0.061f          |
| x_0__BUFX3P5H7L_A:Y (BUFX3P5H7L)                    |        | 0.011       | 0.000      | 0.040      |             | 0.054  | 0.116f          |
| x_3__OR4X3H7L_D_A (net)                             | 11     |             |            |            | 0.000       |        |                 |
| x_3__OR4X3H7L_D:A (OR4X3H7L)                        |        | 0.001       | 0.000      | 0.040      |             | 0.000  | 0.116f          |
| x_3__OR4X3H7L_D:Y (OR4X3H7L)                        |        | 0.009       | 0.000      | 0.067      |             | 0.142  | 0.257f          |
| vgaHsync_NAND3BX0P5H7L_Y_C_OAI211X1P4H7L_Y_A1 (net) | 8      |             |            |            | 0.000       |        |                 |
| x_9__NAND3BX0P5H7L_B_Y_NOR4X6H7L_D:B (NOR4X6H7L)    |        | 0.003       | 0.000      | 0.067      |             | 0.000  | 0.257f          |
| x_9__NAND3BX0P5H7L_B_Y_NOR4X6H7L_D:Y (NOR4X6H7L)    |        | 0.011       | 0.000      | 0.162      |             | 0.125  | 0.382r          |
| x_1__reg_p_D_NOR3X1P4H7L_Y_B (net)                  | 11     |             |            |            | 0.000       |        |                 |
| x_9__reg_p_D_AOI211X1P4H7L_Y:C0 (AOI211X1P4H7L)     |        | 0.001       | 0.000      | 0.162      |             | 0.000  | 0.382r          |
| x_9__reg_p_D_AOI211X1P4H7L_Y:Y (AOI211X1P4H7L)      |        | 0.001       | 0.000      | 0.043      |             | 0.024  | 0.407f          |
| x_9__reg_p_D (net)                                  | 1      |             |            |            | 0.000       |        |                 |
| x_9__reg_p:D (DFFQX1H7L)                            |        | 0.001       | 0.000      | 0.043      |             | 0.000  | 0.407f          |
|                                                     |        |             |            |            |             |        |                 |
| clk (port)                                          |        | 0.009       | 0.000      | 0.000      |             | 0.000  | 0.000r          |
| clk (clock net)                                     | 11     |             |            |            | NA          |        |                 |
| x_9__reg_p:CK (DFFQX1H7L)                           |        | 0.001       | 0.000      | 0.000      |             | 0.000  | 0.000r          |
| clock core_clock (rise edge)                        |        |             |            |            |             | 2      | 2               |
| clock network delay (ideal)                         |        |             |            |            |             | 0.000  | 2.000           |
| x_9__reg_p:CK (DFFQX1H7L)                           |        |             |            |            |             |        | 2.000r          |
| library setup time                                  |        |             |            |            |             | -0.048 | 1.952           |
| clock reconvergence pessimism                       |        |             |            |            |             | 0.000  | 1.952           |
|                                                     |        |             |            |            |             |        |                 |
| path cell delay                                     |        |             |            |            |             |        | 0.407(100.000%) |
| path net delay                                      |        |             |            |            |             |        | 0.000(0.000%)   |
|                                                     |        |             |            |            |             |        |                 |
| data require time                                   |        |             |            |            |             |        | 1.952           |
| data arrival time                                   |        |             |            |            |             |        | 0.407           |
| slack (MET)                                         |        |             |            |            |             |        | 1.545           |
+-----------------------------------------------------+--------+-------------+------------+------------+-------------+--------+-----------------+
+-----------------------------------------------------+--------+-------------+------------+------------+-------------+--------+-----------------+
| Point                                               | Fanout | Capacitance | Resistance | Transition | Delta Delay | Incr   | Path            |
+-----------------------------------------------------+--------+-------------+------------+------------+-------------+--------+-----------------+
| clk (port)                                          |        | 0.012       | 0.000      | 0.000      |             | 0.000  | 0.000r          |
| clk (clock net)                                     | 11     |             |            |            | NA          |        |                 |
| x_0__reg_p:CK (DFFQX1H7L)                           |        | 0.001       | 0.000      | 0.000      |             | 0.000  | 0.000r          |
| clock core_clock (rise edge)                        |        |             |            |            |             | 0      | 0               |
| clock network delay (ideal)                         |        |             |            |            |             | 0.000  | 0.000           |
| x_0__reg_p:CK (DFFQX1H7L)                           |        | 0.001       | 0.000      | 0.000      |             | 0.000  | 0.000r          |
| x_0__reg_p:Q (DFFQX1H7L)                            |        | 0.001       | 0.000      | 0.024      |             | 0.061  | 0.061f          |
| x_0_ (net)                                          | 1      |             |            |            | 0.000       |        |                 |
| x_0__BUFX3P5H7L_A:A (BUFX3P5H7L)                    |        | 0.001       | 0.000      | 0.024      |             | 0.000  | 0.061f          |
| x_0__BUFX3P5H7L_A:Y (BUFX3P5H7L)                    |        | 0.011       | 0.000      | 0.040      |             | 0.054  | 0.116f          |
| x_3__OR4X3H7L_D_A (net)                             | 11     |             |            |            | 0.000       |        |                 |
| x_3__OR4X3H7L_D:A (OR4X3H7L)                        |        | 0.001       | 0.000      | 0.040      |             | 0.000  | 0.116f          |
| x_3__OR4X3H7L_D:Y (OR4X3H7L)                        |        | 0.009       | 0.000      | 0.067      |             | 0.142  | 0.257f          |
| vgaHsync_NAND3BX0P5H7L_Y_C_OAI211X1P4H7L_Y_A1 (net) | 8      |             |            |            | 0.000       |        |                 |
| x_9__NAND3BX0P5H7L_B_Y_NOR4X6H7L_D:B (NOR4X6H7L)    |        | 0.003       | 0.000      | 0.067      |             | 0.000  | 0.257f          |
| x_9__NAND3BX0P5H7L_B_Y_NOR4X6H7L_D:Y (NOR4X6H7L)    |        | 0.011       | 0.000      | 0.162      |             | 0.125  | 0.382r          |
| x_1__reg_p_D_NOR3X1P4H7L_Y_B (net)                  | 11     |             |            |            | 0.000       |        |                 |
| x_5__reg_p_D_AOI211X1P4H7L_Y:C0 (AOI211X1P4H7L)     |        | 0.001       | 0.000      | 0.162      |             | 0.000  | 0.382r          |
| x_5__reg_p_D_AOI211X1P4H7L_Y:Y (AOI211X1P4H7L)      |        | 0.001       | 0.000      | 0.043      |             | 0.024  | 0.407f          |
| x_5__reg_p_D (net)                                  | 1      |             |            |            | 0.000       |        |                 |
| x_5__reg_p:D (DFFQX1H7L)                            |        | 0.001       | 0.000      | 0.043      |             | 0.000  | 0.407f          |
|                                                     |        |             |            |            |             |        |                 |
| clk (port)                                          |        | 0.009       | 0.000      | 0.000      |             | 0.000  | 0.000r          |
| clk (clock net)                                     | 11     |             |            |            | NA          |        |                 |
| x_5__reg_p:CK (DFFQX1H7L)                           |        | 0.001       | 0.000      | 0.000      |             | 0.000  | 0.000r          |
| clock core_clock (rise edge)                        |        |             |            |            |             | 2      | 2               |
| clock network delay (ideal)                         |        |             |            |            |             | 0.000  | 2.000           |
| x_5__reg_p:CK (DFFQX1H7L)                           |        |             |            |            |             |        | 2.000r          |
| library setup time                                  |        |             |            |            |             | -0.048 | 1.952           |
| clock reconvergence pessimism                       |        |             |            |            |             | 0.000  | 1.952           |
|                                                     |        |             |            |            |             |        |                 |
| path cell delay                                     |        |             |            |            |             |        | 0.407(100.000%) |
| path net delay                                      |        |             |            |            |             |        | 0.000(0.000%)   |
|                                                     |        |             |            |            |             |        |                 |
| data require time                                   |        |             |            |            |             |        | 1.952           |
| data arrival time                                   |        |             |            |            |             |        | 0.407           |
| slack (MET)                                         |        |             |            |            |             |        | 1.545           |
+-----------------------------------------------------+--------+-------------+------------+------------+-------------+--------+-----------------+
+-----------------------------------------------------+--------+-------------+------------+------------+-------------+--------+-----------------+
| Point                                               | Fanout | Capacitance | Resistance | Transition | Delta Delay | Incr   | Path            |
+-----------------------------------------------------+--------+-------------+------------+------------+-------------+--------+-----------------+
| clk (port)                                          |        | 0.012       | 0.000      | 0.000      |             | 0.000  | 0.000r          |
| clk (clock net)                                     | 11     |             |            |            | NA          |        |                 |
| x_0__reg_p:CK (DFFQX1H7L)                           |        | 0.001       | 0.000      | 0.000      |             | 0.000  | 0.000r          |
| clock core_clock (rise edge)                        |        |             |            |            |             | 0      | 0               |
| clock network delay (ideal)                         |        |             |            |            |             | 0.000  | 0.000           |
| x_0__reg_p:CK (DFFQX1H7L)                           |        | 0.001       | 0.000      | 0.000      |             | 0.000  | 0.000r          |
| x_0__reg_p:Q (DFFQX1H7L)                            |        | 0.001       | 0.000      | 0.024      |             | 0.061  | 0.061f          |
| x_0_ (net)                                          | 1      |             |            |            | 0.000       |        |                 |
| x_0__BUFX3P5H7L_A:A (BUFX3P5H7L)                    |        | 0.001       | 0.000      | 0.024      |             | 0.000  | 0.061f          |
| x_0__BUFX3P5H7L_A:Y (BUFX3P5H7L)                    |        | 0.011       | 0.000      | 0.040      |             | 0.054  | 0.116f          |
| x_3__OR4X3H7L_D_A (net)                             | 11     |             |            |            | 0.000       |        |                 |
| x_3__OR4X3H7L_D:A (OR4X3H7L)                        |        | 0.001       | 0.000      | 0.040      |             | 0.000  | 0.116f          |
| x_3__OR4X3H7L_D:Y (OR4X3H7L)                        |        | 0.009       | 0.000      | 0.067      |             | 0.142  | 0.257f          |
| vgaHsync_NAND3BX0P5H7L_Y_C_OAI211X1P4H7L_Y_A1 (net) | 8      |             |            |            | 0.000       |        |                 |
| x_9__NAND3BX0P5H7L_B_Y_NOR4X6H7L_D:B (NOR4X6H7L)    |        | 0.003       | 0.000      | 0.067      |             | 0.000  | 0.257f          |
| x_9__NAND3BX0P5H7L_B_Y_NOR4X6H7L_D:Y (NOR4X6H7L)    |        | 0.011       | 0.000      | 0.162      |             | 0.125  | 0.382r          |
| x_1__reg_p_D_NOR3X1P4H7L_Y_B (net)                  | 11     |             |            |            | 0.000       |        |                 |
| clk_ICGX0P5H7L_CK:E (ICGX0P5H7L)                    |        | 0.001       | 0.000      | 0.162      |             | 0.000  | 0.382r          |
|                                                     |        |             |            |            |             |        |                 |
| clk (port)                                          |        | 0.009       | 0.000      | 0.000      |             | 0.000  | 0.000r          |
| clk (clock net)                                     | 11     |             |            |            | NA          |        |                 |
| clk_ICGX0P5H7L_CK:CK (ICGX0P5H7L)                   |        | 0.002       | 0.000      | 0.000      |             | 0.000  | 0.000r          |
| clock core_clock (rise edge)                        |        |             |            |            |             | 2      | 2               |
| clock network delay (ideal)                         |        |             |            |            |             | 0.000  | 2.000           |
| clk_ICGX0P5H7L_CK:CK (ICGX0P5H7L)                   |        |             |            |            |             |        | 2.000r          |
| library setup time                                  |        |             |            |            |             | -0.067 | 1.933           |
| clock reconvergence pessimism                       |        |             |            |            |             | 0.000  | 1.933           |
|                                                     |        |             |            |            |             |        |                 |
| path cell delay                                     |        |             |            |            |             |        | 0.382(100.000%) |
| path net delay                                      |        |             |            |            |             |        | 0.000(0.000%)   |
|                                                     |        |             |            |            |             |        |                 |
| data require time                                   |        |             |            |            |             |        | 1.933           |
| data arrival time                                   |        |             |            |            |             |        | 0.382           |
| slack (MET)                                         |        |             |            |            |             |        | 1.551           |
+-----------------------------------------------------+--------+-------------+------------+------------+-------------+--------+-----------------+
+--------------------------------------------------+--------+-------------+------------+------------+-------------+--------+-----------------+
| Point                                            | Fanout | Capacitance | Resistance | Transition | Delta Delay | Incr   | Path            |
+--------------------------------------------------+--------+-------------+------------+------------+-------------+--------+-----------------+
| clk (port)                                       |        | 0.012       | 0.000      | 0.000      |             | 0.000  | 0.000r          |
| clk (clock net)                                  | 11     |             |            |            | NA          |        |                 |
| x_7__reg_p:CK (DFFQX1H7L)                        |        | 0.001       | 0.000      | 0.000      |             | 0.000  | 0.000r          |
| clock core_clock (rise edge)                     |        |             |            |            |             | 0      | 0               |
| clock network delay (ideal)                      |        |             |            |            |             | 0.000  | 0.000           |
| x_7__reg_p:CK (DFFQX1H7L)                        |        | 0.001       | 0.000      | 0.000      |             | 0.000  | 0.000r          |
| x_7__reg_p:Q (DFFQX1H7L)                         |        | 0.001       | 0.000      | 0.022      |             | 0.082  | 0.082r          |
| x_7_ (net)                                       | 1      |             |            |            | 0.000       |        |                 |
| x_7__BUFX1P4H7L_A:A (BUFX1P4H7L)                 |        | 0.001       | 0.000      | 0.022      |             | 0.000  | 0.082r          |
| x_7__BUFX1P4H7L_A:Y (BUFX1P4H7L)                 |        | 0.009       | 0.000      | 0.098      |             | 0.075  | 0.156r          |
| x_7__BUFX1P4H7L_A_Y (net)                        | 10     |             |            |            | 0.000       |        |                 |
| x_8__NAND2BX0P5H7L_B:AN (NAND2BX0P5H7L)          |        | 0.001       | 0.000      | 0.098      |             | 0.000  | 0.156r          |
| x_8__NAND2BX0P5H7L_B:Y (NAND2BX0P5H7L)           |        | 0.004       | 0.000      | 0.081      |             | 0.072  | 0.228r          |
| x_8__NAND2BX0P5H7L_B_Y (net)                     | 2      |             |            |            | 0.000       |        |                 |
| x_9__NAND3BX0P5H7L_B_Y_NOR4X6H7L_D:C (NOR4X6H7L) |        | 0.003       | 0.000      | 0.081      |             | 0.000  | 0.228r          |
| x_9__NAND3BX0P5H7L_B_Y_NOR4X6H7L_D:Y (NOR4X6H7L) |        | 0.011       | 0.000      | 0.047      |             | 0.035  | 0.263f          |
| x_1__reg_p_D_NOR3X1P4H7L_Y_B (net)               | 11     |             |            |            | 0.000       |        |                 |
| clk_ICGX0P5H7L_CK:E (ICGX0P5H7L)                 |        | 0.001       | 0.000      | 0.047      |             | 0.000  | 0.263f          |
|                                                  |        |             |            |            |             |        |                 |
| clk (port)                                       |        | 0.009       | 0.000      | 0.000      |             | 0.000  | 0.000r          |
| clk (clock net)                                  | 11     |             |            |            | NA          |        |                 |
| clk_ICGX0P5H7L_CK:CK (ICGX0P5H7L)                |        | 0.002       | 0.000      | 0.000      |             | 0.000  | 0.000r          |
| clock core_clock (rise edge)                     |        |             |            |            |             | 2      | 2               |
| clock network delay (ideal)                      |        |             |            |            |             | 0.000  | 2.000           |
| clk_ICGX0P5H7L_CK:CK (ICGX0P5H7L)                |        |             |            |            |             |        | 2.000r          |
| library setup time                               |        |             |            |            |             | -0.038 | 1.962           |
| clock reconvergence pessimism                    |        |             |            |            |             | 0.000  | 1.962           |
|                                                  |        |             |            |            |             |        |                 |
| path cell delay                                  |        |             |            |            |             |        | 0.263(100.000%) |
| path net delay                                   |        |             |            |            |             |        | 0.000(0.000%)   |
|                                                  |        |             |            |            |             |        |                 |
| data require time                                |        |             |            |            |             |        | 1.962           |
| data arrival time                                |        |             |            |            |             |        | 0.263           |
| slack (MET)                                      |        |             |            |            |             |        | 1.699           |
+--------------------------------------------------+--------+-------------+------------+------------+-------------+--------+-----------------+
+----------------------------------------------------------------+--------+-------------+------------+------------+-------------+--------+-----------------+
| Point                                                          | Fanout | Capacitance | Resistance | Transition | Delta Delay | Incr   | Path            |
+----------------------------------------------------------------+--------+-------------+------------+------------+-------------+--------+-----------------+
| clk (port)                                                     |        | 0.009       | 0.000      | 0.000      |             | 0.000  | 0.000r          |
| clk (clock net)                                                | 11     |             |            |            | NA          |        |                 |
| clk_ICGX0P5H7L_CK:CK (ICGX0P5H7L)                              |        | 0.002       | 0.000      | 0.000      |             | 0.000  | 0.000r          |
| clk_ICGX0P5H7L_CK:ECK (ICGX0P5H7L)                             |        | 0.008       | 0.000      | 0.000      |             | 0.000  | 0.000r          |
| y_0__reg_p_CK (clock net)                                      | 10     |             |            |            | NA          |        |                 |
| y_1__reg_p:CK (DFFQX1H7L)                                      |        | 0.001       | 0.000      | 0.000      |             | 0.000  | 0.000r          |
| clock core_clock (rise edge)                                   |        |             |            |            |             | 0      | 0               |
| clock network delay (ideal)                                    |        |             |            |            |             | 0.000  | 0.000           |
| y_1__reg_p:CK (DFFQX1H7L)                                      |        | 0.001       | 0.000      | 0.000      |             | 0.000  | 0.000r          |
| y_1__reg_p:Q (DFFQX1H7L)                                       |        | 0.004       | 0.000      | 0.043      |             | 0.079  | 0.079f          |
| y_1_ (net)                                                     | 7      |             |            |            | 0.000       |        |                 |
| y_1__reg_p_D_AOI21X0P5H7L_Y_A1_NAND2X0P5H7L_Y:A (NAND2X0P5H7L) |        | 0.001       | 0.000      | 0.043      |             | 0.000  | 0.079f          |
| y_1__reg_p_D_AOI21X0P5H7L_Y_A1_NAND2X0P5H7L_Y:Y (NAND2X0P5H7L) |        | 0.001       | 0.000      | 0.023      |             | 0.025  | 0.104r          |
| y_1__reg_p_D_AOI21X0P5H7L_Y_A1 (net)                           | 1      |             |            |            | 0.000       |        |                 |
| y_1__reg_p_D_AOI21X0P5H7L_Y:A1 (AOI21X0P5H7L)                  |        | 0.001       | 0.000      | 0.023      |             | 0.000  | 0.104r          |
| y_1__reg_p_D_AOI21X0P5H7L_Y:Y (AOI21X0P5H7L)                   |        | 0.001       | 0.000      | 0.027      |             | 0.024  | 0.129f          |
| y_1__reg_p_D (net)                                             | 1      |             |            |            | 0.000       |        |                 |
| y_1__reg_p:D (DFFQX1H7L)                                       |        | 0.001       | 0.000      | 0.027      |             | 0.000  | 0.129f          |
|                                                                |        |             |            |            |             |        |                 |
| clk (port)                                                     |        | 0.012       | 0.000      | 0.000      |             | 0.000  | 0.000r          |
| clk (clock net)                                                | 11     |             |            |            | NA          |        |                 |
| clk_ICGX0P5H7L_CK:CK (ICGX0P5H7L)                              |        | 0.002       | 0.000      | 0.000      |             | 0.000  | 0.000r          |
| clk_ICGX0P5H7L_CK:ECK (ICGX0P5H7L)                             |        | 0.010       | 0.000      | 0.000      |             | 0.000  | 0.000r          |
| y_0__reg_p_CK (clock net)                                      | 10     |             |            |            | NA          |        |                 |
| y_1__reg_p:CK (DFFQX1H7L)                                      |        | 0.001       | 0.000      | 0.000      |             | 0.000  | 0.000r          |
| clock core_clock (rise edge)                                   |        |             |            |            |             | 0      | 0               |
| clock network delay (ideal)                                    |        |             |            |            |             | 0.000  | 0.000           |
| y_1__reg_p:CK (DFFQX1H7L)                                      |        |             |            |            |             |        | 0.000r          |
| library hold time                                              |        |             |            |            |             | -0.008 | -0.008          |
| clock reconvergence pessimism                                  |        |             |            |            |             | -0.000 | -0.008          |
|                                                                |        |             |            |            |             |        |                 |
| path cell delay                                                |        |             |            |            |             |        | 0.129(100.000%) |
| path net delay                                                 |        |             |            |            |             |        | 0.000(0.000%)   |
|                                                                |        |             |            |            |             |        |                 |
| data require time                                              |        |             |            |            |             |        | -0.008          |
| data arrival time                                              |        |             |            |            |             |        | 0.129           |
| slack (MET)                                                    |        |             |            |            |             |        | 0.137           |
+----------------------------------------------------------------+--------+-------------+------------+------------+-------------+--------+-----------------+
+------------------------------------------------------------------+--------+-------------+------------+------------+-------------+--------+-----------------+
| Point                                                            | Fanout | Capacitance | Resistance | Transition | Delta Delay | Incr   | Path            |
+------------------------------------------------------------------+--------+-------------+------------+------------+-------------+--------+-----------------+
| clk (port)                                                       |        | 0.009       | 0.000      | 0.000      |             | 0.000  | 0.000r          |
| clk (clock net)                                                  | 11     |             |            |            | NA          |        |                 |
| x_8__reg_p:CK (DFFQX1H7L)                                        |        | 0.001       | 0.000      | 0.000      |             | 0.000  | 0.000r          |
| clock core_clock (rise edge)                                     |        |             |            |            |             | 0      | 0               |
| clock network delay (ideal)                                      |        |             |            |            |             | 0.000  | 0.000           |
| x_8__reg_p:CK (DFFQX1H7L)                                        |        | 0.001       | 0.000      | 0.000      |             | 0.000  | 0.000r          |
| x_8__reg_p:Q (DFFQX1H7L)                                         |        | 0.004       | 0.000      | 0.042      |             | 0.079  | 0.079f          |
| x_8_ (net)                                                       | 7      |             |            |            | 0.000       |        |                 |
| x_8__reg_p_D_AOI211X1P4H7L_Y_A0_OAI21X0P5H7L_Y:B0 (OAI21X0P5H7L) |        | 0.001       | 0.000      | 0.042      |             | 0.000  | 0.079f          |
| x_8__reg_p_D_AOI211X1P4H7L_Y_A0_OAI21X0P5H7L_Y:Y (OAI21X0P5H7L)  |        | 0.001       | 0.000      | 0.027      |             | 0.027  | 0.105r          |
| x_8__reg_p_D_AOI211X1P4H7L_Y_A0 (net)                            | 1      |             |            |            | 0.000       |        |                 |
| x_8__reg_p_D_AOI211X1P4H7L_Y:A0 (AOI211X1P4H7L)                  |        | 0.001       | 0.000      | 0.027      |             | 0.000  | 0.105r          |
| x_8__reg_p_D_AOI211X1P4H7L_Y:Y (AOI211X1P4H7L)                   |        | 0.001       | 0.000      | 0.026      |             | 0.024  | 0.130f          |
| x_8__reg_p_D (net)                                               | 1      |             |            |            | 0.000       |        |                 |
| x_8__reg_p:D (DFFQX1H7L)                                         |        | 0.001       | 0.000      | 0.026      |             | 0.000  | 0.130f          |
|                                                                  |        |             |            |            |             |        |                 |
| clk (port)                                                       |        | 0.012       | 0.000      | 0.000      |             | 0.000  | 0.000r          |
| clk (clock net)                                                  | 11     |             |            |            | NA          |        |                 |
| x_8__reg_p:CK (DFFQX1H7L)                                        |        | 0.001       | 0.000      | 0.000      |             | 0.000  | 0.000r          |
| clock core_clock (rise edge)                                     |        |             |            |            |             | 0      | 0               |
| clock network delay (ideal)                                      |        |             |            |            |             | 0.000  | 0.000           |
| x_8__reg_p:CK (DFFQX1H7L)                                        |        |             |            |            |             |        | 0.000r          |
| library hold time                                                |        |             |            |            |             | -0.008 | -0.008          |
| clock reconvergence pessimism                                    |        |             |            |            |             | -0.000 | -0.008          |
|                                                                  |        |             |            |            |             |        |                 |
| path cell delay                                                  |        |             |            |            |             |        | 0.130(100.000%) |
| path net delay                                                   |        |             |            |            |             |        | 0.000(0.000%)   |
|                                                                  |        |             |            |            |             |        |                 |
| data require time                                                |        |             |            |            |             |        | -0.008          |
| data arrival time                                                |        |             |            |            |             |        | 0.130           |
| slack (MET)                                                      |        |             |            |            |             |        | 0.138           |
+------------------------------------------------------------------+--------+-------------+------------+------------+-------------+--------+-----------------+
+-----------------------------------------------------------------+--------+-------------+------------+------------+-------------+--------+-----------------+
| Point                                                           | Fanout | Capacitance | Resistance | Transition | Delta Delay | Incr   | Path            |
+-----------------------------------------------------------------+--------+-------------+------------+------------+-------------+--------+-----------------+
| clk (port)                                                      |        | 0.009       | 0.000      | 0.000      |             | 0.000  | 0.000r          |
| clk (clock net)                                                 | 11     |             |            |            | NA          |        |                 |
| clk_ICGX0P5H7L_CK:CK (ICGX0P5H7L)                               |        | 0.002       | 0.000      | 0.000      |             | 0.000  | 0.000r          |
| clk_ICGX0P5H7L_CK:ECK (ICGX0P5H7L)                              |        | 0.008       | 0.000      | 0.000      |             | 0.000  | 0.000r          |
| y_0__reg_p_CK (clock net)                                       | 10     |             |            |            | NA          |        |                 |
| y_8__reg_p:CK (DFFQX1H7L)                                       |        | 0.001       | 0.000      | 0.000      |             | 0.000  | 0.000r          |
| clock core_clock (rise edge)                                    |        |             |            |            |             | 0      | 0               |
| clock network delay (ideal)                                     |        |             |            |            |             | 0.000  | 0.000           |
| y_8__reg_p:CK (DFFQX1H7L)                                       |        | 0.001       | 0.000      | 0.000      |             | 0.000  | 0.000r          |
| y_8__reg_p:Q (DFFQX1H7L)                                        |        | 0.005       | 0.000      | 0.045      |             | 0.082  | 0.082f          |
| y_8_ (net)                                                      | 8      |             |            |            | 0.000       |        |                 |
| y_8__reg_p_D_AOI21X0P5H7L_Y_A0_OAI31X0P5H7L_Y:B0 (OAI31X0P5H7L) |        | 0.001       | 0.000      | 0.045      |             | 0.000  | 0.082f          |
| y_8__reg_p_D_AOI21X0P5H7L_Y_A0_OAI31X0P5H7L_Y:Y (OAI31X0P5H7L)  |        | 0.001       | 0.000      | 0.026      |             | 0.025  | 0.107r          |
| y_8__reg_p_D_AOI21X0P5H7L_Y_A0 (net)                            | 1      |             |            |            | 0.000       |        |                 |
| y_8__reg_p_D_AOI21X0P5H7L_Y:A0 (AOI21X0P5H7L)                   |        | 0.001       | 0.000      | 0.026      |             | 0.000  | 0.107r          |
| y_8__reg_p_D_AOI21X0P5H7L_Y:Y (AOI21X0P5H7L)                    |        | 0.001       | 0.000      | 0.027      |             | 0.026  | 0.132f          |
| y_8__reg_p_D (net)                                              | 1      |             |            |            | 0.000       |        |                 |
| y_8__reg_p:D (DFFQX1H7L)                                        |        | 0.001       | 0.000      | 0.027      |             | 0.000  | 0.132f          |
|                                                                 |        |             |            |            |             |        |                 |
| clk (port)                                                      |        | 0.012       | 0.000      | 0.000      |             | 0.000  | 0.000r          |
| clk (clock net)                                                 | 11     |             |            |            | NA          |        |                 |
| clk_ICGX0P5H7L_CK:CK (ICGX0P5H7L)                               |        | 0.002       | 0.000      | 0.000      |             | 0.000  | 0.000r          |
| clk_ICGX0P5H7L_CK:ECK (ICGX0P5H7L)                              |        | 0.010       | 0.000      | 0.000      |             | 0.000  | 0.000r          |
| y_0__reg_p_CK (clock net)                                       | 10     |             |            |            | NA          |        |                 |
| y_8__reg_p:CK (DFFQX1H7L)                                       |        | 0.001       | 0.000      | 0.000      |             | 0.000  | 0.000r          |
| clock core_clock (rise edge)                                    |        |             |            |            |             | 0      | 0               |
| clock network delay (ideal)                                     |        |             |            |            |             | 0.000  | 0.000           |
| y_8__reg_p:CK (DFFQX1H7L)                                       |        |             |            |            |             |        | 0.000r          |
| library hold time                                               |        |             |            |            |             | -0.008 | -0.008          |
| clock reconvergence pessimism                                   |        |             |            |            |             | -0.000 | -0.008          |
|                                                                 |        |             |            |            |             |        |                 |
| path cell delay                                                 |        |             |            |            |             |        | 0.132(100.000%) |
| path net delay                                                  |        |             |            |            |             |        | 0.000(0.000%)   |
|                                                                 |        |             |            |            |             |        |                 |
| data require time                                               |        |             |            |            |             |        | -0.008          |
| data arrival time                                               |        |             |            |            |             |        | 0.132           |
| slack (MET)                                                     |        |             |            |            |             |        | 0.140           |
+-----------------------------------------------------------------+--------+-------------+------------+------------+-------------+--------+-----------------+
+------------------------------------------------------------------+--------+-------------+------------+------------+-------------+--------+-----------------+
| Point                                                            | Fanout | Capacitance | Resistance | Transition | Delta Delay | Incr   | Path            |
+------------------------------------------------------------------+--------+-------------+------------+------------+-------------+--------+-----------------+
| clk (port)                                                       |        | 0.009       | 0.000      | 0.000      |             | 0.000  | 0.000r          |
| clk (clock net)                                                  | 11     |             |            |            | NA          |        |                 |
| x_9__reg_p:CK (DFFQX1H7L)                                        |        | 0.001       | 0.000      | 0.000      |             | 0.000  | 0.000r          |
| clock core_clock (rise edge)                                     |        |             |            |            |             | 0      | 0               |
| clock network delay (ideal)                                      |        |             |            |            |             | 0.000  | 0.000           |
| x_9__reg_p:CK (DFFQX1H7L)                                        |        | 0.001       | 0.000      | 0.000      |             | 0.000  | 0.000r          |
| x_9__reg_p:Q (DFFQX1H7L)                                         |        | 0.005       | 0.000      | 0.045      |             | 0.082  | 0.082f          |
| x_9_ (net)                                                       | 8      |             |            |            | 0.000       |        |                 |
| x_9__reg_p_D_AOI211X1P4H7L_Y_A0_OAI31X0P5H7L_Y:B0 (OAI31X0P5H7L) |        | 0.001       | 0.000      | 0.045      |             | 0.000  | 0.082f          |
| x_9__reg_p_D_AOI211X1P4H7L_Y_A0_OAI31X0P5H7L_Y:Y (OAI31X0P5H7L)  |        | 0.001       | 0.000      | 0.028      |             | 0.027  | 0.109r          |
| x_9__reg_p_D_AOI211X1P4H7L_Y_A0 (net)                            | 1      |             |            |            | 0.000       |        |                 |
| x_9__reg_p_D_AOI211X1P4H7L_Y:A0 (AOI211X1P4H7L)                  |        | 0.001       | 0.000      | 0.028      |             | 0.000  | 0.109r          |
| x_9__reg_p_D_AOI211X1P4H7L_Y:Y (AOI211X1P4H7L)                   |        | 0.001       | 0.000      | 0.025      |             | 0.025  | 0.133f          |
| x_9__reg_p_D (net)                                               | 1      |             |            |            | 0.000       |        |                 |
| x_9__reg_p:D (DFFQX1H7L)                                         |        | 0.001       | 0.000      | 0.025      |             | 0.000  | 0.133f          |
|                                                                  |        |             |            |            |             |        |                 |
| clk (port)                                                       |        | 0.012       | 0.000      | 0.000      |             | 0.000  | 0.000r          |
| clk (clock net)                                                  | 11     |             |            |            | NA          |        |                 |
| x_9__reg_p:CK (DFFQX1H7L)                                        |        | 0.001       | 0.000      | 0.000      |             | 0.000  | 0.000r          |
| clock core_clock (rise edge)                                     |        |             |            |            |             | 0      | 0               |
| clock network delay (ideal)                                      |        |             |            |            |             | 0.000  | 0.000           |
| x_9__reg_p:CK (DFFQX1H7L)                                        |        |             |            |            |             |        | 0.000r          |
| library hold time                                                |        |             |            |            |             | -0.008 | -0.008          |
| clock reconvergence pessimism                                    |        |             |            |            |             | -0.000 | -0.008          |
|                                                                  |        |             |            |            |             |        |                 |
| path cell delay                                                  |        |             |            |            |             |        | 0.133(100.000%) |
| path net delay                                                   |        |             |            |            |             |        | 0.000(0.000%)   |
|                                                                  |        |             |            |            |             |        |                 |
| data require time                                                |        |             |            |            |             |        | -0.008          |
| data arrival time                                                |        |             |            |            |             |        | 0.133           |
| slack (MET)                                                      |        |             |            |            |             |        | 0.141           |
+------------------------------------------------------------------+--------+-------------+------------+------------+-------------+--------+-----------------+
+----------------------------------------------+--------+-------------+------------+------------+-------------+--------+-----------------+
| Point                                        | Fanout | Capacitance | Resistance | Transition | Delta Delay | Incr   | Path            |
+----------------------------------------------+--------+-------------+------------+------------+-------------+--------+-----------------+
| clk (port)                                   |        | 0.009       | 0.000      | 0.000      |             | 0.000  | 0.000r          |
| clk (clock net)                              | 11     |             |            |            | NA          |        |                 |
| x_0__reg_p:CK (DFFQX1H7L)                    |        | 0.001       | 0.000      | 0.000      |             | 0.000  | 0.000r          |
| clock core_clock (rise edge)                 |        |             |            |            |             | 0      | 0               |
| clock network delay (ideal)                  |        |             |            |            |             | 0.000  | 0.000           |
| x_0__reg_p:CK (DFFQX1H7L)                    |        | 0.001       | 0.000      | 0.000      |             | 0.000  | 0.000r          |
| x_0__reg_p:Q (DFFQX1H7L)                     |        | 0.001       | 0.000      | 0.022      |             | 0.059  | 0.059f          |
| x_0_ (net)                                   | 1      |             |            |            | 0.000       |        |                 |
| x_0__BUFX3P5H7L_A:A (BUFX3P5H7L)             |        | 0.001       | 0.000      | 0.022      |             | 0.000  | 0.059f          |
| x_0__BUFX3P5H7L_A:Y (BUFX3P5H7L)             |        | 0.008       | 0.000      | 0.032      |             | 0.049  | 0.108f          |
| x_3__OR4X3H7L_D_A (net)                      | 11     |             |            |            | 0.000       |        |                 |
| x_0__reg_p_D_NAND3BBX6H7L_Y:C (NAND3BBX6H7L) |        | 0.001       | 0.000      | 0.032      |             | 0.000  | 0.108f          |
| x_0__reg_p_D_NAND3BBX6H7L_Y:Y (NAND3BBX6H7L) |        | 0.001       | 0.000      | 0.023      |             | 0.024  | 0.132r          |
| x_0__reg_p_D (net)                           | 1      |             |            |            | 0.000       |        |                 |
| x_0__reg_p:D (DFFQX1H7L)                     |        | 0.001       | 0.000      | 0.023      |             | 0.000  | 0.132r          |
|                                              |        |             |            |            |             |        |                 |
| clk (port)                                   |        | 0.012       | 0.000      | 0.000      |             | 0.000  | 0.000r          |
| clk (clock net)                              | 11     |             |            |            | NA          |        |                 |
| x_0__reg_p:CK (DFFQX1H7L)                    |        | 0.001       | 0.000      | 0.000      |             | 0.000  | 0.000r          |
| clock core_clock (rise edge)                 |        |             |            |            |             | 0      | 0               |
| clock network delay (ideal)                  |        |             |            |            |             | 0.000  | 0.000           |
| x_0__reg_p:CK (DFFQX1H7L)                    |        |             |            |            |             |        | 0.000r          |
| library hold time                            |        |             |            |            |             | -0.017 | -0.017          |
| clock reconvergence pessimism                |        |             |            |            |             | -0.000 | -0.017          |
|                                              |        |             |            |            |             |        |                 |
| path cell delay                              |        |             |            |            |             |        | 0.132(100.000%) |
| path net delay                               |        |             |            |            |             |        | 0.000(0.000%)   |
|                                              |        |             |            |            |             |        |                 |
| data require time                            |        |             |            |            |             |        | -0.017          |
| data arrival time                            |        |             |            |            |             |        | 0.132           |
| slack (MET)                                  |        |             |            |            |             |        | 0.148           |
+----------------------------------------------+--------+-------------+------------+------------+-------------+--------+-----------------+
+--------------------------------------------------+--------+-------------+------------+------------+-------------+--------+-----------------+
| Point                                            | Fanout | Capacitance | Resistance | Transition | Delta Delay | Incr   | Path            |
+--------------------------------------------------+--------+-------------+------------+------------+-------------+--------+-----------------+
| clk (port)                                       |        | 0.009       | 0.000      | 0.000      |             | 0.000  | 0.000r          |
| clk (clock net)                                  | 11     |             |            |            | NA          |        |                 |
| x_9__reg_p:CK (DFFQX1H7L)                        |        | 0.001       | 0.000      | 0.000      |             | 0.000  | 0.000r          |
| clock core_clock (rise edge)                     |        |             |            |            |             | 0      | 0               |
| clock network delay (ideal)                      |        |             |            |            |             | 0.000  | 0.000           |
| x_9__reg_p:CK (DFFQX1H7L)                        |        | 0.001       | 0.000      | 0.000      |             | 0.000  | 0.000r          |
| x_9__reg_p:Q (DFFQX1H7L)                         |        | 0.005       | 0.000      | 0.045      |             | 0.082  | 0.082f          |
| x_9_ (net)                                       | 8      |             |            |            | 0.000       |        |                 |
| x_9__NAND3BX0P5H7L_B:B (NAND3BX0P5H7L)           |        | 0.001       | 0.000      | 0.045      |             | 0.000  | 0.082f          |
| x_9__NAND3BX0P5H7L_B:Y (NAND3BX0P5H7L)           |        | 0.002       | 0.000      | 0.045      |             | 0.042  | 0.123r          |
| x_9__NAND3BX0P5H7L_B_Y (net)                     | 1      |             |            |            | 0.000       |        |                 |
| x_9__NAND3BX0P5H7L_B_Y_NOR4X6H7L_D:D (NOR4X6H7L) |        | 0.003       | 0.000      | 0.045      |             | 0.000  | 0.123r          |
| x_9__NAND3BX0P5H7L_B_Y_NOR4X6H7L_D:Y (NOR4X6H7L) |        | 0.009       | 0.000      | 0.027      |             | 0.025  | 0.148f          |
| x_1__reg_p_D_NOR3X1P4H7L_Y_B (net)               | 11     |             |            |            | 0.000       |        |                 |
| clk_ICGX0P5H7L_CK:E (ICGX0P5H7L)                 |        | 0.001       | 0.000      | 0.027      |             | 0.000  | 0.148f          |
|                                                  |        |             |            |            |             |        |                 |
| clk (port)                                       |        | 0.012       | 0.000      | 0.000      |             | 0.000  | 0.000r          |
| clk (clock net)                                  | 11     |             |            |            | NA          |        |                 |
| clk_ICGX0P5H7L_CK:CK (ICGX0P5H7L)                |        | 0.002       | 0.000      | 0.000      |             | 0.000  | 0.000r          |
| clock core_clock (rise edge)                     |        |             |            |            |             | 0      | 0               |
| clock network delay (ideal)                      |        |             |            |            |             | 0.000  | 0.000           |
| clk_ICGX0P5H7L_CK:CK (ICGX0P5H7L)                |        |             |            |            |             |        | 0.000r          |
| library hold time                                |        |             |            |            |             | -0.009 | -0.009          |
| clock reconvergence pessimism                    |        |             |            |            |             | -0.000 | -0.009          |
|                                                  |        |             |            |            |             |        |                 |
| path cell delay                                  |        |             |            |            |             |        | 0.148(100.000%) |
| path net delay                                   |        |             |            |            |             |        | 0.000(0.000%)   |
|                                                  |        |             |            |            |             |        |                 |
| data require time                                |        |             |            |            |             |        | -0.009          |
| data arrival time                                |        |             |            |            |             |        | 0.148           |
| slack (MET)                                      |        |             |            |            |             |        | 0.157           |
+--------------------------------------------------+--------+-------------+------------+------------+-------------+--------+-----------------+
+--------------------------------------------------+--------+-------------+------------+------------+-------------+--------+-----------------+
| Point                                            | Fanout | Capacitance | Resistance | Transition | Delta Delay | Incr   | Path            |
+--------------------------------------------------+--------+-------------+------------+------------+-------------+--------+-----------------+
| clk (port)                                       |        | 0.009       | 0.000      | 0.000      |             | 0.000  | 0.000r          |
| clk (clock net)                                  | 11     |             |            |            | NA          |        |                 |
| x_4__reg_p:CK (DFFQX1H7L)                        |        | 0.001       | 0.000      | 0.000      |             | 0.000  | 0.000r          |
| clock core_clock (rise edge)                     |        |             |            |            |             | 0      | 0               |
| clock network delay (ideal)                      |        |             |            |            |             | 0.000  | 0.000           |
| x_4__reg_p:CK (DFFQX1H7L)                        |        | 0.001       | 0.000      | 0.000      |             | 0.000  | 0.000r          |
| x_4__reg_p:Q (DFFQX1H7L)                         |        | 0.001       | 0.000      | 0.021      |             | 0.058  | 0.058f          |
| x_4_ (net)                                       | 1      |             |            |            | 0.000       |        |                 |
| x_4__BUFX3H7L_A:A (BUFX3H7L)                     |        | 0.001       | 0.000      | 0.021      |             | 0.000  | 0.058f          |
| x_4__BUFX3H7L_A:Y (BUFX3H7L)                     |        | 0.011       | 0.000      | 0.046      |             | 0.062  | 0.121f          |
| x_4__BUFX3H7L_A_Y (net)                          | 14     |             |            |            | 0.000       |        |                 |
| x_9__NAND3BX0P5H7L_B_Y_NOR4X6H7L_D:A (NOR4X6H7L) |        | 0.003       | 0.000      | 0.046      |             | 0.000  | 0.121f          |
| x_9__NAND3BX0P5H7L_B_Y_NOR4X6H7L_D:Y (NOR4X6H7L) |        | 0.009       | 0.000      | 0.138      |             | 0.111  | 0.232r          |
| x_1__reg_p_D_NOR3X1P4H7L_Y_B (net)               | 11     |             |            |            | 0.000       |        |                 |
| clk_ICGX0P5H7L_CK:E (ICGX0P5H7L)                 |        | 0.001       | 0.000      | 0.138      |             | 0.000  | 0.232r          |
|                                                  |        |             |            |            |             |        |                 |
| clk (port)                                       |        | 0.012       | 0.000      | 0.000      |             | 0.000  | 0.000r          |
| clk (clock net)                                  | 11     |             |            |            | NA          |        |                 |
| clk_ICGX0P5H7L_CK:CK (ICGX0P5H7L)                |        | 0.002       | 0.000      | 0.000      |             | 0.000  | 0.000r          |
| clock core_clock (rise edge)                     |        |             |            |            |             | 0      | 0               |
| clock network delay (ideal)                      |        |             |            |            |             | 0.000  | 0.000           |
| clk_ICGX0P5H7L_CK:CK (ICGX0P5H7L)                |        |             |            |            |             |        | 0.000r          |
| library hold time                                |        |             |            |            |             | -0.028 | -0.028          |
| clock reconvergence pessimism                    |        |             |            |            |             | -0.000 | -0.028          |
|                                                  |        |             |            |            |             |        |                 |
| path cell delay                                  |        |             |            |            |             |        | 0.232(100.000%) |
| path net delay                                   |        |             |            |            |             |        | 0.000(0.000%)   |
|                                                  |        |             |            |            |             |        |                 |
| data require time                                |        |             |            |            |             |        | -0.028          |
| data arrival time                                |        |             |            |            |             |        | 0.232           |
| slack (MET)                                      |        |             |            |            |             |        | 0.260           |
+--------------------------------------------------+--------+-------------+------------+------------+-------------+--------+-----------------+
