Generate the report at 2026-02-12T19:11:45, GitVersion: aa25008b3778a76ae1975c839d4cc459f7f7b3b7.
+---------------------------------------+-------------+------------+------------+---------------+-------+-------+-----------+
| Endpoint                              | Clock Group | Delay Type | Path Delay | Path Required | CPPR  | Slack | Freq(MHz) |
+---------------------------------------+-------------+------------+------------+---------------+-------+-------+-----------+
| ysyx_26020046_Reg.gpr[6]_28__reg_p:D  | core_clock  | max        | 1.137r     | 1.971         | 0.000 | 0.835 | 858.110   |
| ysyx_26020046_Reg.gpr[25]_28__reg_p:D | core_clock  | max        | 1.137r     | 1.971         | 0.000 | 0.835 | 858.110   |
| ysyx_26020046_Reg.gpr[12]_28__reg_p:D | core_clock  | max        | 1.137r     | 1.971         | 0.000 | 0.835 | 858.110   |
| ysyx_26020046_Reg.gpr[9]_28__reg_p:D  | core_clock  | max        | 1.137r     | 1.971         | 0.000 | 0.835 | 858.110   |
| ysyx_26020046_Reg.gpr[1]_28__reg_p:D  | core_clock  | max        | 1.137r     | 1.971         | 0.000 | 0.835 | 858.110   |
| pc[2]_reg_p:D                         | core_clock  | min        | 0.136f     | -0.008        | 0.000 | 0.144 | NA        |
| pc[15]_reg_p:D                        | core_clock  | min        | 0.162f     | -0.008        | 0.000 | 0.170 | NA        |
| pc[2]_reg_p:D                         | core_clock  | min        | 0.152r     | -0.018        | 0.000 | 0.170 | NA        |
| pc[16]_reg_p:D                        | core_clock  | min        | 0.163f     | -0.008        | 0.000 | 0.171 | NA        |
| pc[25]_reg_p:D                        | core_clock  | min        | 0.164f     | -0.008        | 0.000 | 0.172 | NA        |
+---------------------------------------+-------------+------------+------------+---------------+-------+-------+-----------+
+------------+------------+-------+
| Clock      | Delay Type | TNS   |
+------------+------------+-------+
| core_clock | max        | 0.000 |
| core_clock | min        | 0.000 |
+------------+------------+-------+
+---------------------------------------------------------------------------------------------------------------+--------+-------------+------------+------------+-------------+--------+-----------------+
| Point                                                                                                         | Fanout | Capacitance | Resistance | Transition | Delta Delay | Incr   | Path            |
+---------------------------------------------------------------------------------------------------------------+--------+-------------+------------+------------+-------------+--------+-----------------+
| clk (port)                                                                                                    |        | 0.089       | 0.000      | 0.000      |             | 0.000  | 0.000r          |
| clk (clock net)                                                                                               | 63     |             |            |            | NA          |        |                 |
| pc[2]_reg_p:CK (DFFQX1H7L)                                                                                    |        | 0.001       | 0.000      | 0.000      |             | 0.000  | 0.000r          |
| clock core_clock (rise edge)                                                                                  |        |             |            |            |             | 0      | 0               |
| clock network delay (ideal)                                                                                   |        |             |            |            |             | 0.000  | 0.000           |
| pc[2]_reg_p:CK (DFFQX1H7L)                                                                                    |        | 0.001       | 0.000      | 0.000      |             | 0.000  | 0.000r          |
| pc[2]_reg_p:Q (DFFQX1H7L)                                                                                     |        | 0.006       | 0.000      | 0.066      |             | 0.111  | 0.111r          |
| pc_2_ (net)                                                                                                   | 7      |             |            |            | 0.000       |        |                 |
| pc[6]_reg_p_D_AOI211X0P5H7L_Y_A1_XNOR2X0P5H7L_Y_B_AND4X0P5H7L_Y:A (AND4X0P5H7L)                               |        | 0.001       | 0.000      | 0.066      |             | 0.000  | 0.111r          |
| pc[6]_reg_p_D_AOI211X0P5H7L_Y_A1_XNOR2X0P5H7L_Y_B_AND4X0P5H7L_Y:Y (AND4X0P5H7L)                               |        | 0.002       | 0.000      | 0.057      |             | 0.095  | 0.205r          |
| pc[6]_reg_p_D_AOI211X0P5H7L_Y_A1_XNOR2X0P5H7L_Y_B (net)                                                       | 3      |             |            |            | 0.000       |        |                 |
| pc[6]_reg_p_D_AOI211X0P5H7L_Y_A1_XNOR2X0P5H7L_Y_B_AND4X0P5H7L_C:C (AND4X0P5H7L)                               |        | 0.001       | 0.000      | 0.057      |             | 0.000  | 0.205r          |
| pc[6]_reg_p_D_AOI211X0P5H7L_Y_A1_XNOR2X0P5H7L_Y_B_AND4X0P5H7L_C:Y (AND4X0P5H7L)                               |        | 0.003       | 0.000      | 0.069      |             | 0.099  | 0.304r          |
| pc[11]_reg_p_D_AOI211X0P5H7L_Y_A1_XNOR2X0P5H7L_Y_B (net)                                                      | 4      |             |            |            | 0.000       |        |                 |
| pc[16]_reg_p_D_AOI211X0P5H7L_Y_B0_NOR2X0P5H7L_Y_B_XOR2X0P5H7L_Y_B_AND2X1H7L_Y_B_AND4X0P5H7L_D:C (AND4X0P5H7L) |        | 0.001       | 0.000      | 0.069      |             | 0.000  | 0.304r          |
| pc[16]_reg_p_D_AOI211X0P5H7L_Y_B0_NOR2X0P5H7L_Y_B_XOR2X0P5H7L_Y_B_AND2X1H7L_Y_B_AND4X0P5H7L_D:Y (AND4X0P5H7L) |        | 0.003       | 0.000      | 0.072      |             | 0.102  | 0.406r          |
| pc[20]_reg_p_D_AOI211X0P5H7L_Y_A1_XOR2X0P5H7L_Y_B_NAND3X0P5H7L_Y_C (net)                                      | 4      |             |            |            | 0.000       |        |                 |
| pc[21]_reg_p_D_OA21X0P7H7L_Y_B0_AOI21X0P5H7L_Y_A1_XOR2X0P5H7L_Y_B_NAND4X0P5H7L_Y:D (NAND4X0P5H7L)             |        | 0.001       | 0.000      | 0.072      |             | 0.000  | 0.406r          |
| pc[21]_reg_p_D_OA21X0P7H7L_Y_B0_AOI21X0P5H7L_Y_A1_XOR2X0P5H7L_Y_B_NAND4X0P5H7L_Y:Y (NAND4X0P5H7L)             |        | 0.003       | 0.000      | 0.115      |             | 0.083  | 0.490f          |
| pc[21]_reg_p_D_OA21X0P7H7L_Y_B0_AOI21X0P5H7L_Y_A1_XOR2X0P5H7L_Y_B (net)                                       | 3      |             |            |            | 0.000       |        |                 |
| pc[26]_reg_p_D_OAOI211X0P5H7L_Y_B0_OR2X1P4H7L_Y_B_XNOR2X0P5H7L_Y_B_NOR3BX0P5H7L_Y:B (NOR3BX0P5H7L)            |        | 0.001       | 0.000      | 0.115      |             | 0.000  | 0.490f          |
| pc[26]_reg_p_D_OAOI211X0P5H7L_Y_B0_OR2X1P4H7L_Y_B_XNOR2X0P5H7L_Y_B_NOR3BX0P5H7L_Y:Y (NOR3BX0P5H7L)            |        | 0.002       | 0.000      | 0.111      |             | 0.096  | 0.586r          |
| pc[26]_reg_p_D_OAOI211X0P5H7L_Y_B0_OR2X1P4H7L_Y_B_XNOR2X0P5H7L_Y_B (net)                                      | 2      |             |            |            | 0.000       |        |                 |
| pc[26]_reg_p_D_OAOI211X0P5H7L_Y_B0_OR2X1P4H7L_Y_B_XNOR2X0P5H7L_Y_B_AND2X1H7L_B:B (AND2X1H7L)                  |        | 0.001       | 0.000      | 0.111      |             | 0.000  | 0.586r          |
| pc[26]_reg_p_D_OAOI211X0P5H7L_Y_B0_OR2X1P4H7L_Y_B_XNOR2X0P5H7L_Y_B_AND2X1H7L_B:Y (AND2X1H7L)                  |        | 0.002       | 0.000      | 0.031      |             | 0.056  | 0.641r          |
| pc[26]_reg_p_D_OAOI211X0P5H7L_Y_B0_OR2X1P4H7L_Y_B_XNOR2X0P5H7L_Y_B_AND2X1H7L_B_Y (net)                        | 2      |             |            |            | 0.000       |        |                 |
| pc[26]_reg_p_D_OAOI211X0P5H7L_Y_B0_OR2X1P4H7L_Y_B_XNOR2X0P5H7L_Y_B_AND2X1H7L_B_Y_AND2X1H7L_B:B (AND2X1H7L)    |        | 0.001       | 0.000      | 0.031      |             | 0.000  | 0.641r          |
| pc[26]_reg_p_D_OAOI211X0P5H7L_Y_B0_OR2X1P4H7L_Y_B_XNOR2X0P5H7L_Y_B_AND2X1H7L_B_Y_AND2X1H7L_B:Y (AND2X1H7L)    |        | 0.003       | 0.000      | 0.038      |             | 0.050  | 0.691r          |
| pc[28]_reg_p_D_AOI31X0P5H7L_Y_B0_OAI21X0P5H7L_Y_A1_XOR2X0P5H7L_Y_B (net)                                      | 3      |             |            |            | 0.000       |        |                 |
| pc[28]_reg_p_D_AOI31X0P5H7L_Y_B0_OAI21X0P5H7L_Y_A1_XOR2X0P5H7L_Y:B (XOR2X0P5H7L)                              |        | 0.001       | 0.000      | 0.038      |             | 0.000  | 0.691r          |
| pc[28]_reg_p_D_AOI31X0P5H7L_Y_B0_OAI21X0P5H7L_Y_A1_XOR2X0P5H7L_Y:Y (XOR2X0P5H7L)                              |        | 0.002       | 0.000      | 0.038      |             | 0.066  | 0.757r          |
| pc[28]_reg_p_D_AOI31X0P5H7L_Y_B0_OAI21X0P5H7L_Y_A1 (net)                                                      | 2      |             |            |            | 0.000       |        |                 |
| pc[28]_reg_p_D_AOI31X0P5H7L_Y_B0_OAI21X0P5H7L_Y_A1_AOI22X1H7L_A1:A1 (AOI22X1H7L)                              |        | 0.001       | 0.000      | 0.038      |             | 0.000  | 0.757r          |
| pc[28]_reg_p_D_AOI31X0P5H7L_Y_B0_OAI21X0P5H7L_Y_A1_AOI22X1H7L_A1:Y (AOI22X1H7L)                               |        | 0.009       | 0.000      | 0.123      |             | 0.082  | 0.839f          |
| a0_28__reg_p_D_OAOI211X1P4H7L_Y_B0 (net)                                                                      | 9      |             |            |            | 0.000       |        |                 |
| a0_28__reg_p_D_OAOI211X1P4H7L_Y_B0_BUFX1P4H7L_A:A (BUFX1P4H7L)                                                |        | 0.001       | 0.000      | 0.123      |             | 0.000  | 0.839f          |
| a0_28__reg_p_D_OAOI211X1P4H7L_Y_B0_BUFX1P4H7L_A:Y (BUFX1P4H7L)                                                |        | 0.053       | 0.000      | 0.329      |             | 0.235  | 1.074f          |
| iRd_28__OAI21X1P4H7L_Y_B0 (net)                                                                               | 24     |             |            |            | 0.000       |        |                 |
| ysyx_26020046_Reg.gpr[6]_28__reg_p_D_OAOI211X4H7L_Y:B0 (OAOI211X4H7L)                                         |        | 0.002       | 0.000      | 0.329      |             | 0.000  | 1.074f          |
| ysyx_26020046_Reg.gpr[6]_28__reg_p_D_OAOI211X4H7L_Y:Y (OAOI211X4H7L)                                          |        | 0.001       | 0.000      | 0.062      |             | 0.063  | 1.137r          |
| ysyx_26020046_Reg.gpr[6]_28__reg_p_D (net)                                                                    | 1      |             |            |            | 0.000       |        |                 |
| ysyx_26020046_Reg.gpr[6]_28__reg_p:D (DFFQX1H7L)                                                              |        | 0.001       | 0.000      | 0.062      |             | 0.000  | 1.137r          |
|                                                                                                               |        |             |            |            |             |        |                 |
| clk (port)                                                                                                    |        | 0.066       | 0.000      | 0.000      |             | 0.000  | 0.000r          |
| clk (clock net)                                                                                               | 63     |             |            |            | NA          |        |                 |
| ysyx_26020046_Reg.gpr[6]_0__reg_p_CK_ICGX0P5H7L_ECK:CK (ICGX0P5H7L)                                           |        | 0.002       | 0.000      | 0.000      |             | 0.000  | 0.000r          |
| ysyx_26020046_Reg.gpr[6]_0__reg_p_CK_ICGX0P5H7L_ECK:ECK (ICGX0P5H7L)                                          |        | 0.025       | 0.000      | 0.000      |             | 0.000  | 0.000r          |
| ysyx_26020046_Reg.gpr[6]_0__reg_p_CK (clock net)                                                              | 32     |             |            |            | NA          |        |                 |
| ysyx_26020046_Reg.gpr[6]_28__reg_p:CK (DFFQX1H7L)                                                             |        | 0.001       | 0.000      | 0.000      |             | 0.000  | 0.000r          |
| clock core_clock (rise edge)                                                                                  |        |             |            |            |             | 2      | 2               |
| clock network delay (ideal)                                                                                   |        |             |            |            |             | 0.000  | 2.000           |
| ysyx_26020046_Reg.gpr[6]_28__reg_p:CK (DFFQX1H7L)                                                             |        |             |            |            |             |        | 2.000r          |
| library setup time                                                                                            |        |             |            |            |             | -0.029 | 1.971           |
| clock reconvergence pessimism                                                                                 |        |             |            |            |             | 0.000  | 1.971           |
|                                                                                                               |        |             |            |            |             |        |                 |
| path cell delay                                                                                               |        |             |            |            |             |        | 1.137(100.000%) |
| path net delay                                                                                                |        |             |            |            |             |        | 0.000(0.000%)   |
|                                                                                                               |        |             |            |            |             |        |                 |
| data require time                                                                                             |        |             |            |            |             |        | 1.971           |
| data arrival time                                                                                             |        |             |            |            |             |        | 1.137           |
| slack (MET)                                                                                                   |        |             |            |            |             |        | 0.835           |
+---------------------------------------------------------------------------------------------------------------+--------+-------------+------------+------------+-------------+--------+-----------------+
+---------------------------------------------------------------------------------------------------------------+--------+-------------+------------+------------+-------------+--------+-----------------+
| Point                                                                                                         | Fanout | Capacitance | Resistance | Transition | Delta Delay | Incr   | Path            |
+---------------------------------------------------------------------------------------------------------------+--------+-------------+------------+------------+-------------+--------+-----------------+
| clk (port)                                                                                                    |        | 0.089       | 0.000      | 0.000      |             | 0.000  | 0.000r          |
| clk (clock net)                                                                                               | 63     |             |            |            | NA          |        |                 |
| pc[2]_reg_p:CK (DFFQX1H7L)                                                                                    |        | 0.001       | 0.000      | 0.000      |             | 0.000  | 0.000r          |
| clock core_clock (rise edge)                                                                                  |        |             |            |            |             | 0      | 0               |
| clock network delay (ideal)                                                                                   |        |             |            |            |             | 0.000  | 0.000           |
| pc[2]_reg_p:CK (DFFQX1H7L)                                                                                    |        | 0.001       | 0.000      | 0.000      |             | 0.000  | 0.000r          |
| pc[2]_reg_p:Q (DFFQX1H7L)                                                                                     |        | 0.006       | 0.000      | 0.066      |             | 0.111  | 0.111r          |
| pc_2_ (net)                                                                                                   | 7      |             |            |            | 0.000       |        |                 |
| pc[6]_reg_p_D_AOI211X0P5H7L_Y_A1_XNOR2X0P5H7L_Y_B_AND4X0P5H7L_Y:A (AND4X0P5H7L)                               |        | 0.001       | 0.000      | 0.066      |             | 0.000  | 0.111r          |
| pc[6]_reg_p_D_AOI211X0P5H7L_Y_A1_XNOR2X0P5H7L_Y_B_AND4X0P5H7L_Y:Y (AND4X0P5H7L)                               |        | 0.002       | 0.000      | 0.057      |             | 0.095  | 0.205r          |
| pc[6]_reg_p_D_AOI211X0P5H7L_Y_A1_XNOR2X0P5H7L_Y_B (net)                                                       | 3      |             |            |            | 0.000       |        |                 |
| pc[6]_reg_p_D_AOI211X0P5H7L_Y_A1_XNOR2X0P5H7L_Y_B_AND4X0P5H7L_C:C (AND4X0P5H7L)                               |        | 0.001       | 0.000      | 0.057      |             | 0.000  | 0.205r          |
| pc[6]_reg_p_D_AOI211X0P5H7L_Y_A1_XNOR2X0P5H7L_Y_B_AND4X0P5H7L_C:Y (AND4X0P5H7L)                               |        | 0.003       | 0.000      | 0.069      |             | 0.099  | 0.304r          |
| pc[11]_reg_p_D_AOI211X0P5H7L_Y_A1_XNOR2X0P5H7L_Y_B (net)                                                      | 4      |             |            |            | 0.000       |        |                 |
| pc[16]_reg_p_D_AOI211X0P5H7L_Y_B0_NOR2X0P5H7L_Y_B_XOR2X0P5H7L_Y_B_AND2X1H7L_Y_B_AND4X0P5H7L_D:C (AND4X0P5H7L) |        | 0.001       | 0.000      | 0.069      |             | 0.000  | 0.304r          |
| pc[16]_reg_p_D_AOI211X0P5H7L_Y_B0_NOR2X0P5H7L_Y_B_XOR2X0P5H7L_Y_B_AND2X1H7L_Y_B_AND4X0P5H7L_D:Y (AND4X0P5H7L) |        | 0.003       | 0.000      | 0.072      |             | 0.102  | 0.406r          |
| pc[20]_reg_p_D_AOI211X0P5H7L_Y_A1_XOR2X0P5H7L_Y_B_NAND3X0P5H7L_Y_C (net)                                      | 4      |             |            |            | 0.000       |        |                 |
| pc[21]_reg_p_D_OA21X0P7H7L_Y_B0_AOI21X0P5H7L_Y_A1_XOR2X0P5H7L_Y_B_NAND4X0P5H7L_Y:D (NAND4X0P5H7L)             |        | 0.001       | 0.000      | 0.072      |             | 0.000  | 0.406r          |
| pc[21]_reg_p_D_OA21X0P7H7L_Y_B0_AOI21X0P5H7L_Y_A1_XOR2X0P5H7L_Y_B_NAND4X0P5H7L_Y:Y (NAND4X0P5H7L)             |        | 0.003       | 0.000      | 0.115      |             | 0.083  | 0.490f          |
| pc[21]_reg_p_D_OA21X0P7H7L_Y_B0_AOI21X0P5H7L_Y_A1_XOR2X0P5H7L_Y_B (net)                                       | 3      |             |            |            | 0.000       |        |                 |
| pc[26]_reg_p_D_OAOI211X0P5H7L_Y_B0_OR2X1P4H7L_Y_B_XNOR2X0P5H7L_Y_B_NOR3BX0P5H7L_Y:B (NOR3BX0P5H7L)            |        | 0.001       | 0.000      | 0.115      |             | 0.000  | 0.490f          |
| pc[26]_reg_p_D_OAOI211X0P5H7L_Y_B0_OR2X1P4H7L_Y_B_XNOR2X0P5H7L_Y_B_NOR3BX0P5H7L_Y:Y (NOR3BX0P5H7L)            |        | 0.002       | 0.000      | 0.111      |             | 0.096  | 0.586r          |
| pc[26]_reg_p_D_OAOI211X0P5H7L_Y_B0_OR2X1P4H7L_Y_B_XNOR2X0P5H7L_Y_B (net)                                      | 2      |             |            |            | 0.000       |        |                 |
| pc[26]_reg_p_D_OAOI211X0P5H7L_Y_B0_OR2X1P4H7L_Y_B_XNOR2X0P5H7L_Y_B_AND2X1H7L_B:B (AND2X1H7L)                  |        | 0.001       | 0.000      | 0.111      |             | 0.000  | 0.586r          |
| pc[26]_reg_p_D_OAOI211X0P5H7L_Y_B0_OR2X1P4H7L_Y_B_XNOR2X0P5H7L_Y_B_AND2X1H7L_B:Y (AND2X1H7L)                  |        | 0.002       | 0.000      | 0.031      |             | 0.056  | 0.641r          |
| pc[26]_reg_p_D_OAOI211X0P5H7L_Y_B0_OR2X1P4H7L_Y_B_XNOR2X0P5H7L_Y_B_AND2X1H7L_B_Y (net)                        | 2      |             |            |            | 0.000       |        |                 |
| pc[26]_reg_p_D_OAOI211X0P5H7L_Y_B0_OR2X1P4H7L_Y_B_XNOR2X0P5H7L_Y_B_AND2X1H7L_B_Y_AND2X1H7L_B:B (AND2X1H7L)    |        | 0.001       | 0.000      | 0.031      |             | 0.000  | 0.641r          |
| pc[26]_reg_p_D_OAOI211X0P5H7L_Y_B0_OR2X1P4H7L_Y_B_XNOR2X0P5H7L_Y_B_AND2X1H7L_B_Y_AND2X1H7L_B:Y (AND2X1H7L)    |        | 0.003       | 0.000      | 0.038      |             | 0.050  | 0.691r          |
| pc[28]_reg_p_D_AOI31X0P5H7L_Y_B0_OAI21X0P5H7L_Y_A1_XOR2X0P5H7L_Y_B (net)                                      | 3      |             |            |            | 0.000       |        |                 |
| pc[28]_reg_p_D_AOI31X0P5H7L_Y_B0_OAI21X0P5H7L_Y_A1_XOR2X0P5H7L_Y:B (XOR2X0P5H7L)                              |        | 0.001       | 0.000      | 0.038      |             | 0.000  | 0.691r          |
| pc[28]_reg_p_D_AOI31X0P5H7L_Y_B0_OAI21X0P5H7L_Y_A1_XOR2X0P5H7L_Y:Y (XOR2X0P5H7L)                              |        | 0.002       | 0.000      | 0.038      |             | 0.066  | 0.757r          |
| pc[28]_reg_p_D_AOI31X0P5H7L_Y_B0_OAI21X0P5H7L_Y_A1 (net)                                                      | 2      |             |            |            | 0.000       |        |                 |
| pc[28]_reg_p_D_AOI31X0P5H7L_Y_B0_OAI21X0P5H7L_Y_A1_AOI22X1H7L_A1:A1 (AOI22X1H7L)                              |        | 0.001       | 0.000      | 0.038      |             | 0.000  | 0.757r          |
| pc[28]_reg_p_D_AOI31X0P5H7L_Y_B0_OAI21X0P5H7L_Y_A1_AOI22X1H7L_A1:Y (AOI22X1H7L)                               |        | 0.009       | 0.000      | 0.123      |             | 0.082  | 0.839f          |
| a0_28__reg_p_D_OAOI211X1P4H7L_Y_B0 (net)                                                                      | 9      |             |            |            | 0.000       |        |                 |
| a0_28__reg_p_D_OAOI211X1P4H7L_Y_B0_BUFX1P4H7L_A:A (BUFX1P4H7L)                                                |        | 0.001       | 0.000      | 0.123      |             | 0.000  | 0.839f          |
| a0_28__reg_p_D_OAOI211X1P4H7L_Y_B0_BUFX1P4H7L_A:Y (BUFX1P4H7L)                                                |        | 0.053       | 0.000      | 0.329      |             | 0.235  | 1.074f          |
| iRd_28__OAI21X1P4H7L_Y_B0 (net)                                                                               | 24     |             |            |            | 0.000       |        |                 |
| ysyx_26020046_Reg.gpr[25]_28__reg_p_D_OAOI211X4H7L_Y:B0 (OAOI211X4H7L)                                        |        | 0.002       | 0.000      | 0.329      |             | 0.000  | 1.074f          |
| ysyx_26020046_Reg.gpr[25]_28__reg_p_D_OAOI211X4H7L_Y:Y (OAOI211X4H7L)                                         |        | 0.001       | 0.000      | 0.062      |             | 0.063  | 1.137r          |
| ysyx_26020046_Reg.gpr[25]_28__reg_p_D (net)                                                                   | 1      |             |            |            | 0.000       |        |                 |
| ysyx_26020046_Reg.gpr[25]_28__reg_p:D (DFFQX1H7L)                                                             |        | 0.001       | 0.000      | 0.062      |             | 0.000  | 1.137r          |
|                                                                                                               |        |             |            |            |             |        |                 |
| clk (port)                                                                                                    |        | 0.066       | 0.000      | 0.000      |             | 0.000  | 0.000r          |
| clk (clock net)                                                                                               | 63     |             |            |            | NA          |        |                 |
| ysyx_26020046_Reg.gpr[25]_0__reg_p_CK_ICGX0P5H7L_ECK:CK (ICGX0P5H7L)                                          |        | 0.002       | 0.000      | 0.000      |             | 0.000  | 0.000r          |
| ysyx_26020046_Reg.gpr[25]_0__reg_p_CK_ICGX0P5H7L_ECK:ECK (ICGX0P5H7L)                                         |        | 0.025       | 0.000      | 0.000      |             | 0.000  | 0.000r          |
| ysyx_26020046_Reg.gpr[25]_0__reg_p_CK (clock net)                                                             | 32     |             |            |            | NA          |        |                 |
| ysyx_26020046_Reg.gpr[25]_28__reg_p:CK (DFFQX1H7L)                                                            |        | 0.001       | 0.000      | 0.000      |             | 0.000  | 0.000r          |
| clock core_clock (rise edge)                                                                                  |        |             |            |            |             | 2      | 2               |
| clock network delay (ideal)                                                                                   |        |             |            |            |             | 0.000  | 2.000           |
| ysyx_26020046_Reg.gpr[25]_28__reg_p:CK (DFFQX1H7L)                                                            |        |             |            |            |             |        | 2.000r          |
| library setup time                                                                                            |        |             |            |            |             | -0.029 | 1.971           |
| clock reconvergence pessimism                                                                                 |        |             |            |            |             | 0.000  | 1.971           |
|                                                                                                               |        |             |            |            |             |        |                 |
| path cell delay                                                                                               |        |             |            |            |             |        | 1.137(100.000%) |
| path net delay                                                                                                |        |             |            |            |             |        | 0.000(0.000%)   |
|                                                                                                               |        |             |            |            |             |        |                 |
| data require time                                                                                             |        |             |            |            |             |        | 1.971           |
| data arrival time                                                                                             |        |             |            |            |             |        | 1.137           |
| slack (MET)                                                                                                   |        |             |            |            |             |        | 0.835           |
+---------------------------------------------------------------------------------------------------------------+--------+-------------+------------+------------+-------------+--------+-----------------+
+---------------------------------------------------------------------------------------------------------------+--------+-------------+------------+------------+-------------+--------+-----------------+
| Point                                                                                                         | Fanout | Capacitance | Resistance | Transition | Delta Delay | Incr   | Path            |
+---------------------------------------------------------------------------------------------------------------+--------+-------------+------------+------------+-------------+--------+-----------------+
| clk (port)                                                                                                    |        | 0.089       | 0.000      | 0.000      |             | 0.000  | 0.000r          |
| clk (clock net)                                                                                               | 63     |             |            |            | NA          |        |                 |
| pc[2]_reg_p:CK (DFFQX1H7L)                                                                                    |        | 0.001       | 0.000      | 0.000      |             | 0.000  | 0.000r          |
| clock core_clock (rise edge)                                                                                  |        |             |            |            |             | 0      | 0               |
| clock network delay (ideal)                                                                                   |        |             |            |            |             | 0.000  | 0.000           |
| pc[2]_reg_p:CK (DFFQX1H7L)                                                                                    |        | 0.001       | 0.000      | 0.000      |             | 0.000  | 0.000r          |
| pc[2]_reg_p:Q (DFFQX1H7L)                                                                                     |        | 0.006       | 0.000      | 0.066      |             | 0.111  | 0.111r          |
| pc_2_ (net)                                                                                                   | 7      |             |            |            | 0.000       |        |                 |
| pc[6]_reg_p_D_AOI211X0P5H7L_Y_A1_XNOR2X0P5H7L_Y_B_AND4X0P5H7L_Y:A (AND4X0P5H7L)                               |        | 0.001       | 0.000      | 0.066      |             | 0.000  | 0.111r          |
| pc[6]_reg_p_D_AOI211X0P5H7L_Y_A1_XNOR2X0P5H7L_Y_B_AND4X0P5H7L_Y:Y (AND4X0P5H7L)                               |        | 0.002       | 0.000      | 0.057      |             | 0.095  | 0.205r          |
| pc[6]_reg_p_D_AOI211X0P5H7L_Y_A1_XNOR2X0P5H7L_Y_B (net)                                                       | 3      |             |            |            | 0.000       |        |                 |
| pc[6]_reg_p_D_AOI211X0P5H7L_Y_A1_XNOR2X0P5H7L_Y_B_AND4X0P5H7L_C:C (AND4X0P5H7L)                               |        | 0.001       | 0.000      | 0.057      |             | 0.000  | 0.205r          |
| pc[6]_reg_p_D_AOI211X0P5H7L_Y_A1_XNOR2X0P5H7L_Y_B_AND4X0P5H7L_C:Y (AND4X0P5H7L)                               |        | 0.003       | 0.000      | 0.069      |             | 0.099  | 0.304r          |
| pc[11]_reg_p_D_AOI211X0P5H7L_Y_A1_XNOR2X0P5H7L_Y_B (net)                                                      | 4      |             |            |            | 0.000       |        |                 |
| pc[16]_reg_p_D_AOI211X0P5H7L_Y_B0_NOR2X0P5H7L_Y_B_XOR2X0P5H7L_Y_B_AND2X1H7L_Y_B_AND4X0P5H7L_D:C (AND4X0P5H7L) |        | 0.001       | 0.000      | 0.069      |             | 0.000  | 0.304r          |
| pc[16]_reg_p_D_AOI211X0P5H7L_Y_B0_NOR2X0P5H7L_Y_B_XOR2X0P5H7L_Y_B_AND2X1H7L_Y_B_AND4X0P5H7L_D:Y (AND4X0P5H7L) |        | 0.003       | 0.000      | 0.072      |             | 0.102  | 0.406r          |
| pc[20]_reg_p_D_AOI211X0P5H7L_Y_A1_XOR2X0P5H7L_Y_B_NAND3X0P5H7L_Y_C (net)                                      | 4      |             |            |            | 0.000       |        |                 |
| pc[21]_reg_p_D_OA21X0P7H7L_Y_B0_AOI21X0P5H7L_Y_A1_XOR2X0P5H7L_Y_B_NAND4X0P5H7L_Y:D (NAND4X0P5H7L)             |        | 0.001       | 0.000      | 0.072      |             | 0.000  | 0.406r          |
| pc[21]_reg_p_D_OA21X0P7H7L_Y_B0_AOI21X0P5H7L_Y_A1_XOR2X0P5H7L_Y_B_NAND4X0P5H7L_Y:Y (NAND4X0P5H7L)             |        | 0.003       | 0.000      | 0.115      |             | 0.083  | 0.490f          |
| pc[21]_reg_p_D_OA21X0P7H7L_Y_B0_AOI21X0P5H7L_Y_A1_XOR2X0P5H7L_Y_B (net)                                       | 3      |             |            |            | 0.000       |        |                 |
| pc[26]_reg_p_D_OAOI211X0P5H7L_Y_B0_OR2X1P4H7L_Y_B_XNOR2X0P5H7L_Y_B_NOR3BX0P5H7L_Y:B (NOR3BX0P5H7L)            |        | 0.001       | 0.000      | 0.115      |             | 0.000  | 0.490f          |
| pc[26]_reg_p_D_OAOI211X0P5H7L_Y_B0_OR2X1P4H7L_Y_B_XNOR2X0P5H7L_Y_B_NOR3BX0P5H7L_Y:Y (NOR3BX0P5H7L)            |        | 0.002       | 0.000      | 0.111      |             | 0.096  | 0.586r          |
| pc[26]_reg_p_D_OAOI211X0P5H7L_Y_B0_OR2X1P4H7L_Y_B_XNOR2X0P5H7L_Y_B (net)                                      | 2      |             |            |            | 0.000       |        |                 |
| pc[26]_reg_p_D_OAOI211X0P5H7L_Y_B0_OR2X1P4H7L_Y_B_XNOR2X0P5H7L_Y_B_AND2X1H7L_B:B (AND2X1H7L)                  |        | 0.001       | 0.000      | 0.111      |             | 0.000  | 0.586r          |
| pc[26]_reg_p_D_OAOI211X0P5H7L_Y_B0_OR2X1P4H7L_Y_B_XNOR2X0P5H7L_Y_B_AND2X1H7L_B:Y (AND2X1H7L)                  |        | 0.002       | 0.000      | 0.031      |             | 0.056  | 0.641r          |
| pc[26]_reg_p_D_OAOI211X0P5H7L_Y_B0_OR2X1P4H7L_Y_B_XNOR2X0P5H7L_Y_B_AND2X1H7L_B_Y (net)                        | 2      |             |            |            | 0.000       |        |                 |
| pc[26]_reg_p_D_OAOI211X0P5H7L_Y_B0_OR2X1P4H7L_Y_B_XNOR2X0P5H7L_Y_B_AND2X1H7L_B_Y_AND2X1H7L_B:B (AND2X1H7L)    |        | 0.001       | 0.000      | 0.031      |             | 0.000  | 0.641r          |
| pc[26]_reg_p_D_OAOI211X0P5H7L_Y_B0_OR2X1P4H7L_Y_B_XNOR2X0P5H7L_Y_B_AND2X1H7L_B_Y_AND2X1H7L_B:Y (AND2X1H7L)    |        | 0.003       | 0.000      | 0.038      |             | 0.050  | 0.691r          |
| pc[28]_reg_p_D_AOI31X0P5H7L_Y_B0_OAI21X0P5H7L_Y_A1_XOR2X0P5H7L_Y_B (net)                                      | 3      |             |            |            | 0.000       |        |                 |
| pc[28]_reg_p_D_AOI31X0P5H7L_Y_B0_OAI21X0P5H7L_Y_A1_XOR2X0P5H7L_Y:B (XOR2X0P5H7L)                              |        | 0.001       | 0.000      | 0.038      |             | 0.000  | 0.691r          |
| pc[28]_reg_p_D_AOI31X0P5H7L_Y_B0_OAI21X0P5H7L_Y_A1_XOR2X0P5H7L_Y:Y (XOR2X0P5H7L)                              |        | 0.002       | 0.000      | 0.038      |             | 0.066  | 0.757r          |
| pc[28]_reg_p_D_AOI31X0P5H7L_Y_B0_OAI21X0P5H7L_Y_A1 (net)                                                      | 2      |             |            |            | 0.000       |        |                 |
| pc[28]_reg_p_D_AOI31X0P5H7L_Y_B0_OAI21X0P5H7L_Y_A1_AOI22X1H7L_A1:A1 (AOI22X1H7L)                              |        | 0.001       | 0.000      | 0.038      |             | 0.000  | 0.757r          |
| pc[28]_reg_p_D_AOI31X0P5H7L_Y_B0_OAI21X0P5H7L_Y_A1_AOI22X1H7L_A1:Y (AOI22X1H7L)                               |        | 0.009       | 0.000      | 0.123      |             | 0.082  | 0.839f          |
| a0_28__reg_p_D_OAOI211X1P4H7L_Y_B0 (net)                                                                      | 9      |             |            |            | 0.000       |        |                 |
| a0_28__reg_p_D_OAOI211X1P4H7L_Y_B0_BUFX1P4H7L_A:A (BUFX1P4H7L)                                                |        | 0.001       | 0.000      | 0.123      |             | 0.000  | 0.839f          |
| a0_28__reg_p_D_OAOI211X1P4H7L_Y_B0_BUFX1P4H7L_A:Y (BUFX1P4H7L)                                                |        | 0.053       | 0.000      | 0.329      |             | 0.235  | 1.074f          |
| iRd_28__OAI21X1P4H7L_Y_B0 (net)                                                                               | 24     |             |            |            | 0.000       |        |                 |
| ysyx_26020046_Reg.gpr[12]_28__reg_p_D_OAOI211X4H7L_Y:B0 (OAOI211X4H7L)                                        |        | 0.002       | 0.000      | 0.329      |             | 0.000  | 1.074f          |
| ysyx_26020046_Reg.gpr[12]_28__reg_p_D_OAOI211X4H7L_Y:Y (OAOI211X4H7L)                                         |        | 0.001       | 0.000      | 0.062      |             | 0.063  | 1.137r          |
| ysyx_26020046_Reg.gpr[12]_28__reg_p_D (net)                                                                   | 1      |             |            |            | 0.000       |        |                 |
| ysyx_26020046_Reg.gpr[12]_28__reg_p:D (DFFQX1H7L)                                                             |        | 0.001       | 0.000      | 0.062      |             | 0.000  | 1.137r          |
|                                                                                                               |        |             |            |            |             |        |                 |
| clk (port)                                                                                                    |        | 0.066       | 0.000      | 0.000      |             | 0.000  | 0.000r          |
| clk (clock net)                                                                                               | 63     |             |            |            | NA          |        |                 |
| ysyx_26020046_Reg.gpr[12]_0__reg_p_CK_ICGX0P5H7L_ECK:CK (ICGX0P5H7L)                                          |        | 0.002       | 0.000      | 0.000      |             | 0.000  | 0.000r          |
| ysyx_26020046_Reg.gpr[12]_0__reg_p_CK_ICGX0P5H7L_ECK:ECK (ICGX0P5H7L)                                         |        | 0.025       | 0.000      | 0.000      |             | 0.000  | 0.000r          |
| ysyx_26020046_Reg.gpr[12]_0__reg_p_CK (clock net)                                                             | 32     |             |            |            | NA          |        |                 |
| ysyx_26020046_Reg.gpr[12]_28__reg_p:CK (DFFQX1H7L)                                                            |        | 0.001       | 0.000      | 0.000      |             | 0.000  | 0.000r          |
| clock core_clock (rise edge)                                                                                  |        |             |            |            |             | 2      | 2               |
| clock network delay (ideal)                                                                                   |        |             |            |            |             | 0.000  | 2.000           |
| ysyx_26020046_Reg.gpr[12]_28__reg_p:CK (DFFQX1H7L)                                                            |        |             |            |            |             |        | 2.000r          |
| library setup time                                                                                            |        |             |            |            |             | -0.029 | 1.971           |
| clock reconvergence pessimism                                                                                 |        |             |            |            |             | 0.000  | 1.971           |
|                                                                                                               |        |             |            |            |             |        |                 |
| path cell delay                                                                                               |        |             |            |            |             |        | 1.137(100.000%) |
| path net delay                                                                                                |        |             |            |            |             |        | 0.000(0.000%)   |
|                                                                                                               |        |             |            |            |             |        |                 |
| data require time                                                                                             |        |             |            |            |             |        | 1.971           |
| data arrival time                                                                                             |        |             |            |            |             |        | 1.137           |
| slack (MET)                                                                                                   |        |             |            |            |             |        | 0.835           |
+---------------------------------------------------------------------------------------------------------------+--------+-------------+------------+------------+-------------+--------+-----------------+
+---------------------------------------------------------------------------------------------------------------+--------+-------------+------------+------------+-------------+--------+-----------------+
| Point                                                                                                         | Fanout | Capacitance | Resistance | Transition | Delta Delay | Incr   | Path            |
+---------------------------------------------------------------------------------------------------------------+--------+-------------+------------+------------+-------------+--------+-----------------+
| clk (port)                                                                                                    |        | 0.089       | 0.000      | 0.000      |             | 0.000  | 0.000r          |
| clk (clock net)                                                                                               | 63     |             |            |            | NA          |        |                 |
| pc[2]_reg_p:CK (DFFQX1H7L)                                                                                    |        | 0.001       | 0.000      | 0.000      |             | 0.000  | 0.000r          |
| clock core_clock (rise edge)                                                                                  |        |             |            |            |             | 0      | 0               |
| clock network delay (ideal)                                                                                   |        |             |            |            |             | 0.000  | 0.000           |
| pc[2]_reg_p:CK (DFFQX1H7L)                                                                                    |        | 0.001       | 0.000      | 0.000      |             | 0.000  | 0.000r          |
| pc[2]_reg_p:Q (DFFQX1H7L)                                                                                     |        | 0.006       | 0.000      | 0.066      |             | 0.111  | 0.111r          |
| pc_2_ (net)                                                                                                   | 7      |             |            |            | 0.000       |        |                 |
| pc[6]_reg_p_D_AOI211X0P5H7L_Y_A1_XNOR2X0P5H7L_Y_B_AND4X0P5H7L_Y:A (AND4X0P5H7L)                               |        | 0.001       | 0.000      | 0.066      |             | 0.000  | 0.111r          |
| pc[6]_reg_p_D_AOI211X0P5H7L_Y_A1_XNOR2X0P5H7L_Y_B_AND4X0P5H7L_Y:Y (AND4X0P5H7L)                               |        | 0.002       | 0.000      | 0.057      |             | 0.095  | 0.205r          |
| pc[6]_reg_p_D_AOI211X0P5H7L_Y_A1_XNOR2X0P5H7L_Y_B (net)                                                       | 3      |             |            |            | 0.000       |        |                 |
| pc[6]_reg_p_D_AOI211X0P5H7L_Y_A1_XNOR2X0P5H7L_Y_B_AND4X0P5H7L_C:C (AND4X0P5H7L)                               |        | 0.001       | 0.000      | 0.057      |             | 0.000  | 0.205r          |
| pc[6]_reg_p_D_AOI211X0P5H7L_Y_A1_XNOR2X0P5H7L_Y_B_AND4X0P5H7L_C:Y (AND4X0P5H7L)                               |        | 0.003       | 0.000      | 0.069      |             | 0.099  | 0.304r          |
| pc[11]_reg_p_D_AOI211X0P5H7L_Y_A1_XNOR2X0P5H7L_Y_B (net)                                                      | 4      |             |            |            | 0.000       |        |                 |
| pc[16]_reg_p_D_AOI211X0P5H7L_Y_B0_NOR2X0P5H7L_Y_B_XOR2X0P5H7L_Y_B_AND2X1H7L_Y_B_AND4X0P5H7L_D:C (AND4X0P5H7L) |        | 0.001       | 0.000      | 0.069      |             | 0.000  | 0.304r          |
| pc[16]_reg_p_D_AOI211X0P5H7L_Y_B0_NOR2X0P5H7L_Y_B_XOR2X0P5H7L_Y_B_AND2X1H7L_Y_B_AND4X0P5H7L_D:Y (AND4X0P5H7L) |        | 0.003       | 0.000      | 0.072      |             | 0.102  | 0.406r          |
| pc[20]_reg_p_D_AOI211X0P5H7L_Y_A1_XOR2X0P5H7L_Y_B_NAND3X0P5H7L_Y_C (net)                                      | 4      |             |            |            | 0.000       |        |                 |
| pc[21]_reg_p_D_OA21X0P7H7L_Y_B0_AOI21X0P5H7L_Y_A1_XOR2X0P5H7L_Y_B_NAND4X0P5H7L_Y:D (NAND4X0P5H7L)             |        | 0.001       | 0.000      | 0.072      |             | 0.000  | 0.406r          |
| pc[21]_reg_p_D_OA21X0P7H7L_Y_B0_AOI21X0P5H7L_Y_A1_XOR2X0P5H7L_Y_B_NAND4X0P5H7L_Y:Y (NAND4X0P5H7L)             |        | 0.003       | 0.000      | 0.115      |             | 0.083  | 0.490f          |
| pc[21]_reg_p_D_OA21X0P7H7L_Y_B0_AOI21X0P5H7L_Y_A1_XOR2X0P5H7L_Y_B (net)                                       | 3      |             |            |            | 0.000       |        |                 |
| pc[26]_reg_p_D_OAOI211X0P5H7L_Y_B0_OR2X1P4H7L_Y_B_XNOR2X0P5H7L_Y_B_NOR3BX0P5H7L_Y:B (NOR3BX0P5H7L)            |        | 0.001       | 0.000      | 0.115      |             | 0.000  | 0.490f          |
| pc[26]_reg_p_D_OAOI211X0P5H7L_Y_B0_OR2X1P4H7L_Y_B_XNOR2X0P5H7L_Y_B_NOR3BX0P5H7L_Y:Y (NOR3BX0P5H7L)            |        | 0.002       | 0.000      | 0.111      |             | 0.096  | 0.586r          |
| pc[26]_reg_p_D_OAOI211X0P5H7L_Y_B0_OR2X1P4H7L_Y_B_XNOR2X0P5H7L_Y_B (net)                                      | 2      |             |            |            | 0.000       |        |                 |
| pc[26]_reg_p_D_OAOI211X0P5H7L_Y_B0_OR2X1P4H7L_Y_B_XNOR2X0P5H7L_Y_B_AND2X1H7L_B:B (AND2X1H7L)                  |        | 0.001       | 0.000      | 0.111      |             | 0.000  | 0.586r          |
| pc[26]_reg_p_D_OAOI211X0P5H7L_Y_B0_OR2X1P4H7L_Y_B_XNOR2X0P5H7L_Y_B_AND2X1H7L_B:Y (AND2X1H7L)                  |        | 0.002       | 0.000      | 0.031      |             | 0.056  | 0.641r          |
| pc[26]_reg_p_D_OAOI211X0P5H7L_Y_B0_OR2X1P4H7L_Y_B_XNOR2X0P5H7L_Y_B_AND2X1H7L_B_Y (net)                        | 2      |             |            |            | 0.000       |        |                 |
| pc[26]_reg_p_D_OAOI211X0P5H7L_Y_B0_OR2X1P4H7L_Y_B_XNOR2X0P5H7L_Y_B_AND2X1H7L_B_Y_AND2X1H7L_B:B (AND2X1H7L)    |        | 0.001       | 0.000      | 0.031      |             | 0.000  | 0.641r          |
| pc[26]_reg_p_D_OAOI211X0P5H7L_Y_B0_OR2X1P4H7L_Y_B_XNOR2X0P5H7L_Y_B_AND2X1H7L_B_Y_AND2X1H7L_B:Y (AND2X1H7L)    |        | 0.003       | 0.000      | 0.038      |             | 0.050  | 0.691r          |
| pc[28]_reg_p_D_AOI31X0P5H7L_Y_B0_OAI21X0P5H7L_Y_A1_XOR2X0P5H7L_Y_B (net)                                      | 3      |             |            |            | 0.000       |        |                 |
| pc[28]_reg_p_D_AOI31X0P5H7L_Y_B0_OAI21X0P5H7L_Y_A1_XOR2X0P5H7L_Y:B (XOR2X0P5H7L)                              |        | 0.001       | 0.000      | 0.038      |             | 0.000  | 0.691r          |
| pc[28]_reg_p_D_AOI31X0P5H7L_Y_B0_OAI21X0P5H7L_Y_A1_XOR2X0P5H7L_Y:Y (XOR2X0P5H7L)                              |        | 0.002       | 0.000      | 0.038      |             | 0.066  | 0.757r          |
| pc[28]_reg_p_D_AOI31X0P5H7L_Y_B0_OAI21X0P5H7L_Y_A1 (net)                                                      | 2      |             |            |            | 0.000       |        |                 |
| pc[28]_reg_p_D_AOI31X0P5H7L_Y_B0_OAI21X0P5H7L_Y_A1_AOI22X1H7L_A1:A1 (AOI22X1H7L)                              |        | 0.001       | 0.000      | 0.038      |             | 0.000  | 0.757r          |
| pc[28]_reg_p_D_AOI31X0P5H7L_Y_B0_OAI21X0P5H7L_Y_A1_AOI22X1H7L_A1:Y (AOI22X1H7L)                               |        | 0.009       | 0.000      | 0.123      |             | 0.082  | 0.839f          |
| a0_28__reg_p_D_OAOI211X1P4H7L_Y_B0 (net)                                                                      | 9      |             |            |            | 0.000       |        |                 |
| a0_28__reg_p_D_OAOI211X1P4H7L_Y_B0_BUFX1P4H7L_A:A (BUFX1P4H7L)                                                |        | 0.001       | 0.000      | 0.123      |             | 0.000  | 0.839f          |
| a0_28__reg_p_D_OAOI211X1P4H7L_Y_B0_BUFX1P4H7L_A:Y (BUFX1P4H7L)                                                |        | 0.053       | 0.000      | 0.329      |             | 0.235  | 1.074f          |
| iRd_28__OAI21X1P4H7L_Y_B0 (net)                                                                               | 24     |             |            |            | 0.000       |        |                 |
| ysyx_26020046_Reg.gpr[9]_28__reg_p_D_OAOI211X4H7L_Y:B0 (OAOI211X4H7L)                                         |        | 0.002       | 0.000      | 0.329      |             | 0.000  | 1.074f          |
| ysyx_26020046_Reg.gpr[9]_28__reg_p_D_OAOI211X4H7L_Y:Y (OAOI211X4H7L)                                          |        | 0.001       | 0.000      | 0.062      |             | 0.063  | 1.137r          |
| ysyx_26020046_Reg.gpr[9]_28__reg_p_D (net)                                                                    | 1      |             |            |            | 0.000       |        |                 |
| ysyx_26020046_Reg.gpr[9]_28__reg_p:D (DFFQX1H7L)                                                              |        | 0.001       | 0.000      | 0.062      |             | 0.000  | 1.137r          |
|                                                                                                               |        |             |            |            |             |        |                 |
| clk (port)                                                                                                    |        | 0.066       | 0.000      | 0.000      |             | 0.000  | 0.000r          |
| clk (clock net)                                                                                               | 63     |             |            |            | NA          |        |                 |
| ysyx_26020046_Reg.gpr[9]_0__reg_p_CK_ICGX0P5H7L_ECK:CK (ICGX0P5H7L)                                           |        | 0.002       | 0.000      | 0.000      |             | 0.000  | 0.000r          |
| ysyx_26020046_Reg.gpr[9]_0__reg_p_CK_ICGX0P5H7L_ECK:ECK (ICGX0P5H7L)                                          |        | 0.025       | 0.000      | 0.000      |             | 0.000  | 0.000r          |
| ysyx_26020046_Reg.gpr[9]_0__reg_p_CK (clock net)                                                              | 32     |             |            |            | NA          |        |                 |
| ysyx_26020046_Reg.gpr[9]_28__reg_p:CK (DFFQX1H7L)                                                             |        | 0.001       | 0.000      | 0.000      |             | 0.000  | 0.000r          |
| clock core_clock (rise edge)                                                                                  |        |             |            |            |             | 2      | 2               |
| clock network delay (ideal)                                                                                   |        |             |            |            |             | 0.000  | 2.000           |
| ysyx_26020046_Reg.gpr[9]_28__reg_p:CK (DFFQX1H7L)                                                             |        |             |            |            |             |        | 2.000r          |
| library setup time                                                                                            |        |             |            |            |             | -0.029 | 1.971           |
| clock reconvergence pessimism                                                                                 |        |             |            |            |             | 0.000  | 1.971           |
|                                                                                                               |        |             |            |            |             |        |                 |
| path cell delay                                                                                               |        |             |            |            |             |        | 1.137(100.000%) |
| path net delay                                                                                                |        |             |            |            |             |        | 0.000(0.000%)   |
|                                                                                                               |        |             |            |            |             |        |                 |
| data require time                                                                                             |        |             |            |            |             |        | 1.971           |
| data arrival time                                                                                             |        |             |            |            |             |        | 1.137           |
| slack (MET)                                                                                                   |        |             |            |            |             |        | 0.835           |
+---------------------------------------------------------------------------------------------------------------+--------+-------------+------------+------------+-------------+--------+-----------------+
+---------------------------------------------------------------------------------------------------------------+--------+-------------+------------+------------+-------------+--------+-----------------+
| Point                                                                                                         | Fanout | Capacitance | Resistance | Transition | Delta Delay | Incr   | Path            |
+---------------------------------------------------------------------------------------------------------------+--------+-------------+------------+------------+-------------+--------+-----------------+
| clk (port)                                                                                                    |        | 0.089       | 0.000      | 0.000      |             | 0.000  | 0.000r          |
| clk (clock net)                                                                                               | 63     |             |            |            | NA          |        |                 |
| pc[2]_reg_p:CK (DFFQX1H7L)                                                                                    |        | 0.001       | 0.000      | 0.000      |             | 0.000  | 0.000r          |
| clock core_clock (rise edge)                                                                                  |        |             |            |            |             | 0      | 0               |
| clock network delay (ideal)                                                                                   |        |             |            |            |             | 0.000  | 0.000           |
| pc[2]_reg_p:CK (DFFQX1H7L)                                                                                    |        | 0.001       | 0.000      | 0.000      |             | 0.000  | 0.000r          |
| pc[2]_reg_p:Q (DFFQX1H7L)                                                                                     |        | 0.006       | 0.000      | 0.066      |             | 0.111  | 0.111r          |
| pc_2_ (net)                                                                                                   | 7      |             |            |            | 0.000       |        |                 |
| pc[6]_reg_p_D_AOI211X0P5H7L_Y_A1_XNOR2X0P5H7L_Y_B_AND4X0P5H7L_Y:A (AND4X0P5H7L)                               |        | 0.001       | 0.000      | 0.066      |             | 0.000  | 0.111r          |
| pc[6]_reg_p_D_AOI211X0P5H7L_Y_A1_XNOR2X0P5H7L_Y_B_AND4X0P5H7L_Y:Y (AND4X0P5H7L)                               |        | 0.002       | 0.000      | 0.057      |             | 0.095  | 0.205r          |
| pc[6]_reg_p_D_AOI211X0P5H7L_Y_A1_XNOR2X0P5H7L_Y_B (net)                                                       | 3      |             |            |            | 0.000       |        |                 |
| pc[6]_reg_p_D_AOI211X0P5H7L_Y_A1_XNOR2X0P5H7L_Y_B_AND4X0P5H7L_C:C (AND4X0P5H7L)                               |        | 0.001       | 0.000      | 0.057      |             | 0.000  | 0.205r          |
| pc[6]_reg_p_D_AOI211X0P5H7L_Y_A1_XNOR2X0P5H7L_Y_B_AND4X0P5H7L_C:Y (AND4X0P5H7L)                               |        | 0.003       | 0.000      | 0.069      |             | 0.099  | 0.304r          |
| pc[11]_reg_p_D_AOI211X0P5H7L_Y_A1_XNOR2X0P5H7L_Y_B (net)                                                      | 4      |             |            |            | 0.000       |        |                 |
| pc[16]_reg_p_D_AOI211X0P5H7L_Y_B0_NOR2X0P5H7L_Y_B_XOR2X0P5H7L_Y_B_AND2X1H7L_Y_B_AND4X0P5H7L_D:C (AND4X0P5H7L) |        | 0.001       | 0.000      | 0.069      |             | 0.000  | 0.304r          |
| pc[16]_reg_p_D_AOI211X0P5H7L_Y_B0_NOR2X0P5H7L_Y_B_XOR2X0P5H7L_Y_B_AND2X1H7L_Y_B_AND4X0P5H7L_D:Y (AND4X0P5H7L) |        | 0.003       | 0.000      | 0.072      |             | 0.102  | 0.406r          |
| pc[20]_reg_p_D_AOI211X0P5H7L_Y_A1_XOR2X0P5H7L_Y_B_NAND3X0P5H7L_Y_C (net)                                      | 4      |             |            |            | 0.000       |        |                 |
| pc[21]_reg_p_D_OA21X0P7H7L_Y_B0_AOI21X0P5H7L_Y_A1_XOR2X0P5H7L_Y_B_NAND4X0P5H7L_Y:D (NAND4X0P5H7L)             |        | 0.001       | 0.000      | 0.072      |             | 0.000  | 0.406r          |
| pc[21]_reg_p_D_OA21X0P7H7L_Y_B0_AOI21X0P5H7L_Y_A1_XOR2X0P5H7L_Y_B_NAND4X0P5H7L_Y:Y (NAND4X0P5H7L)             |        | 0.003       | 0.000      | 0.115      |             | 0.083  | 0.490f          |
| pc[21]_reg_p_D_OA21X0P7H7L_Y_B0_AOI21X0P5H7L_Y_A1_XOR2X0P5H7L_Y_B (net)                                       | 3      |             |            |            | 0.000       |        |                 |
| pc[26]_reg_p_D_OAOI211X0P5H7L_Y_B0_OR2X1P4H7L_Y_B_XNOR2X0P5H7L_Y_B_NOR3BX0P5H7L_Y:B (NOR3BX0P5H7L)            |        | 0.001       | 0.000      | 0.115      |             | 0.000  | 0.490f          |
| pc[26]_reg_p_D_OAOI211X0P5H7L_Y_B0_OR2X1P4H7L_Y_B_XNOR2X0P5H7L_Y_B_NOR3BX0P5H7L_Y:Y (NOR3BX0P5H7L)            |        | 0.002       | 0.000      | 0.111      |             | 0.096  | 0.586r          |
| pc[26]_reg_p_D_OAOI211X0P5H7L_Y_B0_OR2X1P4H7L_Y_B_XNOR2X0P5H7L_Y_B (net)                                      | 2      |             |            |            | 0.000       |        |                 |
| pc[26]_reg_p_D_OAOI211X0P5H7L_Y_B0_OR2X1P4H7L_Y_B_XNOR2X0P5H7L_Y_B_AND2X1H7L_B:B (AND2X1H7L)                  |        | 0.001       | 0.000      | 0.111      |             | 0.000  | 0.586r          |
| pc[26]_reg_p_D_OAOI211X0P5H7L_Y_B0_OR2X1P4H7L_Y_B_XNOR2X0P5H7L_Y_B_AND2X1H7L_B:Y (AND2X1H7L)                  |        | 0.002       | 0.000      | 0.031      |             | 0.056  | 0.641r          |
| pc[26]_reg_p_D_OAOI211X0P5H7L_Y_B0_OR2X1P4H7L_Y_B_XNOR2X0P5H7L_Y_B_AND2X1H7L_B_Y (net)                        | 2      |             |            |            | 0.000       |        |                 |
| pc[26]_reg_p_D_OAOI211X0P5H7L_Y_B0_OR2X1P4H7L_Y_B_XNOR2X0P5H7L_Y_B_AND2X1H7L_B_Y_AND2X1H7L_B:B (AND2X1H7L)    |        | 0.001       | 0.000      | 0.031      |             | 0.000  | 0.641r          |
| pc[26]_reg_p_D_OAOI211X0P5H7L_Y_B0_OR2X1P4H7L_Y_B_XNOR2X0P5H7L_Y_B_AND2X1H7L_B_Y_AND2X1H7L_B:Y (AND2X1H7L)    |        | 0.003       | 0.000      | 0.038      |             | 0.050  | 0.691r          |
| pc[28]_reg_p_D_AOI31X0P5H7L_Y_B0_OAI21X0P5H7L_Y_A1_XOR2X0P5H7L_Y_B (net)                                      | 3      |             |            |            | 0.000       |        |                 |
| pc[28]_reg_p_D_AOI31X0P5H7L_Y_B0_OAI21X0P5H7L_Y_A1_XOR2X0P5H7L_Y:B (XOR2X0P5H7L)                              |        | 0.001       | 0.000      | 0.038      |             | 0.000  | 0.691r          |
| pc[28]_reg_p_D_AOI31X0P5H7L_Y_B0_OAI21X0P5H7L_Y_A1_XOR2X0P5H7L_Y:Y (XOR2X0P5H7L)                              |        | 0.002       | 0.000      | 0.038      |             | 0.066  | 0.757r          |
| pc[28]_reg_p_D_AOI31X0P5H7L_Y_B0_OAI21X0P5H7L_Y_A1 (net)                                                      | 2      |             |            |            | 0.000       |        |                 |
| pc[28]_reg_p_D_AOI31X0P5H7L_Y_B0_OAI21X0P5H7L_Y_A1_AOI22X1H7L_A1:A1 (AOI22X1H7L)                              |        | 0.001       | 0.000      | 0.038      |             | 0.000  | 0.757r          |
| pc[28]_reg_p_D_AOI31X0P5H7L_Y_B0_OAI21X0P5H7L_Y_A1_AOI22X1H7L_A1:Y (AOI22X1H7L)                               |        | 0.009       | 0.000      | 0.123      |             | 0.082  | 0.839f          |
| a0_28__reg_p_D_OAOI211X1P4H7L_Y_B0 (net)                                                                      | 9      |             |            |            | 0.000       |        |                 |
| a0_28__reg_p_D_OAOI211X1P4H7L_Y_B0_BUFX1P4H7L_A:A (BUFX1P4H7L)                                                |        | 0.001       | 0.000      | 0.123      |             | 0.000  | 0.839f          |
| a0_28__reg_p_D_OAOI211X1P4H7L_Y_B0_BUFX1P4H7L_A:Y (BUFX1P4H7L)                                                |        | 0.053       | 0.000      | 0.329      |             | 0.235  | 1.074f          |
| iRd_28__OAI21X1P4H7L_Y_B0 (net)                                                                               | 24     |             |            |            | 0.000       |        |                 |
| ysyx_26020046_Reg.gpr[1]_28__reg_p_D_OAOI211X4H7L_Y:B0 (OAOI211X4H7L)                                         |        | 0.002       | 0.000      | 0.329      |             | 0.000  | 1.074f          |
| ysyx_26020046_Reg.gpr[1]_28__reg_p_D_OAOI211X4H7L_Y:Y (OAOI211X4H7L)                                          |        | 0.001       | 0.000      | 0.062      |             | 0.063  | 1.137r          |
| ysyx_26020046_Reg.gpr[1]_28__reg_p_D (net)                                                                    | 1      |             |            |            | 0.000       |        |                 |
| ysyx_26020046_Reg.gpr[1]_28__reg_p:D (DFFQX1H7L)                                                              |        | 0.001       | 0.000      | 0.062      |             | 0.000  | 1.137r          |
|                                                                                                               |        |             |            |            |             |        |                 |
| clk (port)                                                                                                    |        | 0.066       | 0.000      | 0.000      |             | 0.000  | 0.000r          |
| clk (clock net)                                                                                               | 63     |             |            |            | NA          |        |                 |
| ysyx_26020046_Reg.gpr[1]_0__reg_p_CK_ICGX0P5H7L_ECK:CK (ICGX0P5H7L)                                           |        | 0.002       | 0.000      | 0.000      |             | 0.000  | 0.000r          |
| ysyx_26020046_Reg.gpr[1]_0__reg_p_CK_ICGX0P5H7L_ECK:ECK (ICGX0P5H7L)                                          |        | 0.025       | 0.000      | 0.000      |             | 0.000  | 0.000r          |
| ysyx_26020046_Reg.gpr[1]_0__reg_p_CK (clock net)                                                              | 32     |             |            |            | NA          |        |                 |
| ysyx_26020046_Reg.gpr[1]_28__reg_p:CK (DFFQX1H7L)                                                             |        | 0.001       | 0.000      | 0.000      |             | 0.000  | 0.000r          |
| clock core_clock (rise edge)                                                                                  |        |             |            |            |             | 2      | 2               |
| clock network delay (ideal)                                                                                   |        |             |            |            |             | 0.000  | 2.000           |
| ysyx_26020046_Reg.gpr[1]_28__reg_p:CK (DFFQX1H7L)                                                             |        |             |            |            |             |        | 2.000r          |
| library setup time                                                                                            |        |             |            |            |             | -0.029 | 1.971           |
| clock reconvergence pessimism                                                                                 |        |             |            |            |             | 0.000  | 1.971           |
|                                                                                                               |        |             |            |            |             |        |                 |
| path cell delay                                                                                               |        |             |            |            |             |        | 1.137(100.000%) |
| path net delay                                                                                                |        |             |            |            |             |        | 0.000(0.000%)   |
|                                                                                                               |        |             |            |            |             |        |                 |
| data require time                                                                                             |        |             |            |            |             |        | 1.971           |
| data arrival time                                                                                             |        |             |            |            |             |        | 1.137           |
| slack (MET)                                                                                                   |        |             |            |            |             |        | 0.835           |
+---------------------------------------------------------------------------------------------------------------+--------+-------------+------------+------------+-------------+--------+-----------------+
+--------------------------------------------------+--------+-------------+------------+------------+-------------+--------+-----------------+
| Point                                            | Fanout | Capacitance | Resistance | Transition | Delta Delay | Incr   | Path            |
+--------------------------------------------------+--------+-------------+------------+------------+-------------+--------+-----------------+
| clk (port)                                       |        | 0.066       | 0.000      | 0.000      |             | 0.000  | 0.000r          |
| clk (clock net)                                  | 63     |             |            |            | NA          |        |                 |
| pc[2]_reg_p:CK (DFFQX1H7L)                       |        | 0.001       | 0.000      | 0.000      |             | 0.000  | 0.000r          |
| clock core_clock (rise edge)                     |        |             |            |            |             | 0      | 0               |
| clock network delay (ideal)                      |        |             |            |            |             | 0.000  | 0.000           |
| pc[2]_reg_p:CK (DFFQX1H7L)                       |        | 0.001       | 0.000      | 0.000      |             | 0.000  | 0.000r          |
| pc[2]_reg_p:Q (DFFQX1H7L)                        |        | 0.004       | 0.000      | 0.050      |             | 0.101  | 0.101r          |
| pc_2_ (net)                                      | 7      |             |            |            | 0.000       |        |                 |
| pc[2]_reg_p_D_AOI211X0P5H7L_Y:A0 (AOI211X0P5H7L) |        | 0.001       | 0.000      | 0.050      |             | 0.000  | 0.101r          |
| pc[2]_reg_p_D_AOI211X0P5H7L_Y:Y (AOI211X0P5H7L)  |        | 0.001       | 0.000      | 0.019      |             | 0.035  | 0.136f          |
| pc[2]_reg_p_D (net)                              | 1      |             |            |            | 0.000       |        |                 |
| pc[2]_reg_p:D (DFFQX1H7L)                        |        | 0.001       | 0.000      | 0.019      |             | 0.000  | 0.136f          |
|                                                  |        |             |            |            |             |        |                 |
| clk (port)                                       |        | 0.089       | 0.000      | 0.000      |             | 0.000  | 0.000r          |
| clk (clock net)                                  | 63     |             |            |            | NA          |        |                 |
| pc[2]_reg_p:CK (DFFQX1H7L)                       |        | 0.001       | 0.000      | 0.000      |             | 0.000  | 0.000r          |
| clock core_clock (rise edge)                     |        |             |            |            |             | 0      | 0               |
| clock network delay (ideal)                      |        |             |            |            |             | 0.000  | 0.000           |
| pc[2]_reg_p:CK (DFFQX1H7L)                       |        |             |            |            |             |        | 0.000r          |
| library hold time                                |        |             |            |            |             | -0.008 | -0.008          |
| clock reconvergence pessimism                    |        |             |            |            |             | -0.000 | -0.008          |
|                                                  |        |             |            |            |             |        |                 |
| path cell delay                                  |        |             |            |            |             |        | 0.136(100.000%) |
| path net delay                                   |        |             |            |            |             |        | 0.000(0.000%)   |
|                                                  |        |             |            |            |             |        |                 |
| data require time                                |        |             |            |            |             |        | -0.008          |
| data arrival time                                |        |             |            |            |             |        | 0.136           |
| slack (MET)                                      |        |             |            |            |             |        | 0.144           |
+--------------------------------------------------+--------+-------------+------------+------------+-------------+--------+-----------------+
+-----------------------------------------------------------------+--------+-------------+------------+------------+-------------+--------+-----------------+
| Point                                                           | Fanout | Capacitance | Resistance | Transition | Delta Delay | Incr   | Path            |
+-----------------------------------------------------------------+--------+-------------+------------+------------+-------------+--------+-----------------+
| clk (port)                                                      |        | 0.066       | 0.000      | 0.000      |             | 0.000  | 0.000r          |
| clk (clock net)                                                 | 63     |             |            |            | NA          |        |                 |
| pc[15]_reg_p:CK (DFFQX1H7L)                                     |        | 0.001       | 0.000      | 0.000      |             | 0.000  | 0.000r          |
| clock core_clock (rise edge)                                    |        |             |            |            |             | 0      | 0               |
| clock network delay (ideal)                                     |        |             |            |            |             | 0.000  | 0.000           |
| pc[15]_reg_p:CK (DFFQX1H7L)                                     |        | 0.001       | 0.000      | 0.000      |             | 0.000  | 0.000r          |
| pc[15]_reg_p:Q (DFFQX1H7L)                                      |        | 0.002       | 0.000      | 0.029      |             | 0.087  | 0.087r          |
| pc_15_ (net)                                                    | 3      |             |            |            | 0.000       |        |                 |
| pc[15]_reg_p_D_AOI211X0P5H7L_Y_A1_XOR2X0P5H7L_Y:A (XOR2X0P5H7L) |        | 0.002       | 0.000      | 0.029      |             | 0.000  | 0.087r          |
| pc[15]_reg_p_D_AOI211X0P5H7L_Y_A1_XOR2X0P5H7L_Y:Y (XOR2X0P5H7L) |        | 0.001       | 0.000      | 0.029      |             | 0.045  | 0.132r          |
| pc[15]_reg_p_D_AOI211X0P5H7L_Y_A1 (net)                         | 2      |             |            |            | 0.000       |        |                 |
| pc[15]_reg_p_D_AOI211X0P5H7L_Y:A1 (AOI211X0P5H7L)               |        | 0.001       | 0.000      | 0.029      |             | 0.000  | 0.132r          |
| pc[15]_reg_p_D_AOI211X0P5H7L_Y:Y (AOI211X0P5H7L)                |        | 0.001       | 0.000      | 0.020      |             | 0.030  | 0.162f          |
| pc[15]_reg_p_D (net)                                            | 1      |             |            |            | 0.000       |        |                 |
| pc[15]_reg_p:D (DFFQX1H7L)                                      |        | 0.001       | 0.000      | 0.020      |             | 0.000  | 0.162f          |
|                                                                 |        |             |            |            |             |        |                 |
| clk (port)                                                      |        | 0.089       | 0.000      | 0.000      |             | 0.000  | 0.000r          |
| clk (clock net)                                                 | 63     |             |            |            | NA          |        |                 |
| pc[15]_reg_p:CK (DFFQX1H7L)                                     |        | 0.001       | 0.000      | 0.000      |             | 0.000  | 0.000r          |
| clock core_clock (rise edge)                                    |        |             |            |            |             | 0      | 0               |
| clock network delay (ideal)                                     |        |             |            |            |             | 0.000  | 0.000           |
| pc[15]_reg_p:CK (DFFQX1H7L)                                     |        |             |            |            |             |        | 0.000r          |
| library hold time                                               |        |             |            |            |             | -0.008 | -0.008          |
| clock reconvergence pessimism                                   |        |             |            |            |             | -0.000 | -0.008          |
|                                                                 |        |             |            |            |             |        |                 |
| path cell delay                                                 |        |             |            |            |             |        | 0.162(100.000%) |
| path net delay                                                  |        |             |            |            |             |        | 0.000(0.000%)   |
|                                                                 |        |             |            |            |             |        |                 |
| data require time                                               |        |             |            |            |             |        | -0.008          |
| data arrival time                                               |        |             |            |            |             |        | 0.162           |
| slack (MET)                                                     |        |             |            |            |             |        | 0.170           |
+-----------------------------------------------------------------+--------+-------------+------------+------------+-------------+--------+-----------------+
+--------------------------------------------------+--------+-------------+------------+------------+-------------+--------+-----------------+
| Point                                            | Fanout | Capacitance | Resistance | Transition | Delta Delay | Incr   | Path            |
+--------------------------------------------------+--------+-------------+------------+------------+-------------+--------+-----------------+
| clk (port)                                       |        | 0.066       | 0.000      | 0.000      |             | 0.000  | 0.000r          |
| clk (clock net)                                  | 63     |             |            |            | NA          |        |                 |
| pc[2]_reg_p:CK (DFFQX1H7L)                       |        | 0.001       | 0.000      | 0.000      |             | 0.000  | 0.000r          |
| clock core_clock (rise edge)                     |        |             |            |            |             | 0      | 0               |
| clock network delay (ideal)                      |        |             |            |            |             | 0.000  | 0.000           |
| pc[2]_reg_p:CK (DFFQX1H7L)                       |        | 0.001       | 0.000      | 0.000      |             | 0.000  | 0.000r          |
| pc[2]_reg_p:Q (DFFQX1H7L)                        |        | 0.004       | 0.000      | 0.042      |             | 0.079  | 0.079f          |
| pc_2_ (net)                                      | 7      |             |            |            | 0.000       |        |                 |
| pc[2]_reg_p_D_AOI211X0P5H7L_Y:A0 (AOI211X0P5H7L) |        | 0.001       | 0.000      | 0.042      |             | 0.000  | 0.079f          |
| pc[2]_reg_p_D_AOI211X0P5H7L_Y:Y (AOI211X0P5H7L)  |        | 0.001       | 0.000      | 0.073      |             | 0.073  | 0.152r          |
| pc[2]_reg_p_D (net)                              | 1      |             |            |            | 0.000       |        |                 |
| pc[2]_reg_p:D (DFFQX1H7L)                        |        | 0.001       | 0.000      | 0.073      |             | 0.000  | 0.152r          |
|                                                  |        |             |            |            |             |        |                 |
| clk (port)                                       |        | 0.089       | 0.000      | 0.000      |             | 0.000  | 0.000r          |
| clk (clock net)                                  | 63     |             |            |            | NA          |        |                 |
| pc[2]_reg_p:CK (DFFQX1H7L)                       |        | 0.001       | 0.000      | 0.000      |             | 0.000  | 0.000r          |
| clock core_clock (rise edge)                     |        |             |            |            |             | 0      | 0               |
| clock network delay (ideal)                      |        |             |            |            |             | 0.000  | 0.000           |
| pc[2]_reg_p:CK (DFFQX1H7L)                       |        |             |            |            |             |        | 0.000r          |
| library hold time                                |        |             |            |            |             | -0.018 | -0.018          |
| clock reconvergence pessimism                    |        |             |            |            |             | -0.000 | -0.018          |
|                                                  |        |             |            |            |             |        |                 |
| path cell delay                                  |        |             |            |            |             |        | 0.152(100.000%) |
| path net delay                                   |        |             |            |            |             |        | 0.000(0.000%)   |
|                                                  |        |             |            |            |             |        |                 |
| data require time                                |        |             |            |            |             |        | -0.018          |
| data arrival time                                |        |             |            |            |             |        | 0.152           |
| slack (MET)                                      |        |             |            |            |             |        | 0.170           |
+--------------------------------------------------+--------+-------------+------------+------------+-------------+--------+-----------------+
+---------------------------------------------------------------------------------+--------+-------------+------------+------------+-------------+--------+-----------------+
| Point                                                                           | Fanout | Capacitance | Resistance | Transition | Delta Delay | Incr   | Path            |
+---------------------------------------------------------------------------------+--------+-------------+------------+------------+-------------+--------+-----------------+
| clk (port)                                                                      |        | 0.066       | 0.000      | 0.000      |             | 0.000  | 0.000r          |
| clk (clock net)                                                                 | 63     |             |            |            | NA          |        |                 |
| pc[16]_reg_p:CK (DFFQX1H7L)                                                     |        | 0.001       | 0.000      | 0.000      |             | 0.000  | 0.000r          |
| clock core_clock (rise edge)                                                    |        |             |            |            |             | 0      | 0               |
| clock network delay (ideal)                                                     |        |             |            |            |             | 0.000  | 0.000           |
| pc[16]_reg_p:CK (DFFQX1H7L)                                                     |        | 0.001       | 0.000      | 0.000      |             | 0.000  | 0.000r          |
| pc[16]_reg_p:Q (DFFQX1H7L)                                                      |        | 0.002       | 0.000      | 0.032      |             | 0.069  | 0.069f          |
| pc_16_ (net)                                                                    | 4      |             |            |            | 0.000       |        |                 |
| pc[16]_reg_p_D_AOI211X0P5H7L_Y_B0_NOR2X0P5H7L_Y_B_XOR2X0P5H7L_Y:A (XOR2X0P5H7L) |        | 0.002       | 0.000      | 0.032      |             | 0.000  | 0.069f          |
| pc[16]_reg_p_D_AOI211X0P5H7L_Y_B0_NOR2X0P5H7L_Y_B_XOR2X0P5H7L_Y:Y (XOR2X0P5H7L) |        | 0.001       | 0.000      | 0.024      |             | 0.046  | 0.115f          |
| pc[16]_reg_p_D_AOI211X0P5H7L_Y_B0_NOR2X0P5H7L_Y_B (net)                         | 2      |             |            |            | 0.000       |        |                 |
| pc[16]_reg_p_D_AOI211X0P5H7L_Y_B0_NOR2X0P5H7L_Y:B (NOR2X0P5H7L)                 |        | 0.001       | 0.000      | 0.024      |             | 0.000  | 0.115f          |
| pc[16]_reg_p_D_AOI211X0P5H7L_Y_B0_NOR2X0P5H7L_Y:Y (NOR2X0P5H7L)                 |        | 0.001       | 0.000      | 0.032      |             | 0.029  | 0.144r          |
| pc[16]_reg_p_D_AOI211X0P5H7L_Y_B0 (net)                                         | 1      |             |            |            | 0.000       |        |                 |
| pc[16]_reg_p_D_AOI211X0P5H7L_Y:B0 (AOI211X0P5H7L)                               |        | 0.001       | 0.000      | 0.032      |             | 0.000  | 0.144r          |
| pc[16]_reg_p_D_AOI211X0P5H7L_Y:Y (AOI211X0P5H7L)                                |        | 0.001       | 0.000      | 0.019      |             | 0.019  | 0.163f          |
| pc[16]_reg_p_D (net)                                                            | 1      |             |            |            | 0.000       |        |                 |
| pc[16]_reg_p:D (DFFQX1H7L)                                                      |        | 0.001       | 0.000      | 0.019      |             | 0.000  | 0.163f          |
|                                                                                 |        |             |            |            |             |        |                 |
| clk (port)                                                                      |        | 0.089       | 0.000      | 0.000      |             | 0.000  | 0.000r          |
| clk (clock net)                                                                 | 63     |             |            |            | NA          |        |                 |
| pc[16]_reg_p:CK (DFFQX1H7L)                                                     |        | 0.001       | 0.000      | 0.000      |             | 0.000  | 0.000r          |
| clock core_clock (rise edge)                                                    |        |             |            |            |             | 0      | 0               |
| clock network delay (ideal)                                                     |        |             |            |            |             | 0.000  | 0.000           |
| pc[16]_reg_p:CK (DFFQX1H7L)                                                     |        |             |            |            |             |        | 0.000r          |
| library hold time                                                               |        |             |            |            |             | -0.008 | -0.008          |
| clock reconvergence pessimism                                                   |        |             |            |            |             | -0.000 | -0.008          |
|                                                                                 |        |             |            |            |             |        |                 |
| path cell delay                                                                 |        |             |            |            |             |        | 0.163(100.000%) |
| path net delay                                                                  |        |             |            |            |             |        | 0.000(0.000%)   |
|                                                                                 |        |             |            |            |             |        |                 |
| data require time                                                               |        |             |            |            |             |        | -0.008          |
| data arrival time                                                               |        |             |            |            |             |        | 0.163           |
| slack (MET)                                                                     |        |             |            |            |             |        | 0.171           |
+---------------------------------------------------------------------------------+--------+-------------+------------+------------+-------------+--------+-----------------+
+-----------------------------------------------------------------+--------+-------------+------------+------------+-------------+--------+-----------------+
| Point                                                           | Fanout | Capacitance | Resistance | Transition | Delta Delay | Incr   | Path            |
+-----------------------------------------------------------------+--------+-------------+------------+------------+-------------+--------+-----------------+
| clk (port)                                                      |        | 0.066       | 0.000      | 0.000      |             | 0.000  | 0.000r          |
| clk (clock net)                                                 | 63     |             |            |            | NA          |        |                 |
| pc[25]_reg_p:CK (DFFQX1H7L)                                     |        | 0.001       | 0.000      | 0.000      |             | 0.000  | 0.000r          |
| clock core_clock (rise edge)                                    |        |             |            |            |             | 0      | 0               |
| clock network delay (ideal)                                     |        |             |            |            |             | 0.000  | 0.000           |
| pc[25]_reg_p:CK (DFFQX1H7L)                                     |        | 0.001       | 0.000      | 0.000      |             | 0.000  | 0.000r          |
| pc[25]_reg_p:Q (DFFQX1H7L)                                      |        | 0.002       | 0.000      | 0.029      |             | 0.087  | 0.087r          |
| pc_25_ (net)                                                    | 3      |             |            |            | 0.000       |        |                 |
| pc[25]_reg_p_D_AOI211X0P5H7L_Y_A1_XOR2X0P5H7L_Y:A (XOR2X0P5H7L) |        | 0.002       | 0.000      | 0.029      |             | 0.000  | 0.087r          |
| pc[25]_reg_p_D_AOI211X0P5H7L_Y_A1_XOR2X0P5H7L_Y:Y (XOR2X0P5H7L) |        | 0.001       | 0.000      | 0.030      |             | 0.046  | 0.133r          |
| pc[25]_reg_p_D_AOI211X0P5H7L_Y_A1 (net)                         | 2      |             |            |            | 0.000       |        |                 |
| pc[25]_reg_p_D_AOI211X0P5H7L_Y:A1 (AOI211X0P5H7L)               |        | 0.001       | 0.000      | 0.030      |             | 0.000  | 0.133r          |
| pc[25]_reg_p_D_AOI211X0P5H7L_Y:Y (AOI211X0P5H7L)                |        | 0.001       | 0.000      | 0.019      |             | 0.030  | 0.164f          |
| pc[25]_reg_p_D (net)                                            | 1      |             |            |            | 0.000       |        |                 |
| pc[25]_reg_p:D (DFFQX1H7L)                                      |        | 0.001       | 0.000      | 0.019      |             | 0.000  | 0.164f          |
|                                                                 |        |             |            |            |             |        |                 |
| clk (port)                                                      |        | 0.089       | 0.000      | 0.000      |             | 0.000  | 0.000r          |
| clk (clock net)                                                 | 63     |             |            |            | NA          |        |                 |
| pc[25]_reg_p:CK (DFFQX1H7L)                                     |        | 0.001       | 0.000      | 0.000      |             | 0.000  | 0.000r          |
| clock core_clock (rise edge)                                    |        |             |            |            |             | 0      | 0               |
| clock network delay (ideal)                                     |        |             |            |            |             | 0.000  | 0.000           |
| pc[25]_reg_p:CK (DFFQX1H7L)                                     |        |             |            |            |             |        | 0.000r          |
| library hold time                                               |        |             |            |            |             | -0.008 | -0.008          |
| clock reconvergence pessimism                                   |        |             |            |            |             | -0.000 | -0.008          |
|                                                                 |        |             |            |            |             |        |                 |
| path cell delay                                                 |        |             |            |            |             |        | 0.164(100.000%) |
| path net delay                                                  |        |             |            |            |             |        | 0.000(0.000%)   |
|                                                                 |        |             |            |            |             |        |                 |
| data require time                                               |        |             |            |            |             |        | -0.008          |
| data arrival time                                               |        |             |            |            |             |        | 0.164           |
| slack (MET)                                                     |        |             |            |            |             |        | 0.172           |
+-----------------------------------------------------------------+--------+-------------+------------+------------+-------------+--------+-----------------+
