I20260118 16:13:57.233709  5279 Sta.cc:383] read verilog file /home/biruide/ysyx-workbench/yosys-sta/result/water-500MHz/water.netlist.v start
I20260118 16:13:57.235689  5279 VerilogParserRustC.cc:41] load verilog file /home/biruide/ysyx-workbench/yosys-sta/result/water-500MHz/water.netlist.v
r str /home/biruide/ysyx-workbench/yosys-sta/result/water-500MHz/water.netlist.v
I20260118 16:13:57.239449  5279 Sta.cc:391] read verilog end
I20260118 16:13:57.239511  5279 Sta.cc:309] load lib start
I20260118 16:13:57.242154  5312 Sta.cc:287] read liberty /home/biruide/ysyx-workbench/yosys-sta/scripts/../pdk/icsprout55/IP/STD_cell/ics55_LLSC_H7C_V1p10C100/ics55_LLSC_H7CL/liberty/ics55_LLSC_H7CL_ss_rcworst_1p08_125_nldm.lib start 
I20260118 16:13:57.242254  5312 LibParserRustC.cc:1285] load liberty file /home/biruide/ysyx-workbench/yosys-sta/scripts/../pdk/icsprout55/IP/STD_cell/ics55_LLSC_H7C_V1p10C100/ics55_LLSC_H7CL/liberty/ics55_LLSC_H7CL_ss_rcworst_1p08_125_nldm.lib
rust read lib file /home/biruide/ysyx-workbench/yosys-sta/scripts/../pdk/icsprout55/IP/STD_cell/ics55_LLSC_H7C_V1p10C100/ics55_LLSC_H7CL/liberty/ics55_LLSC_H7CL_ss_rcworst_1p08_125_nldm.lib
I20260118 16:14:03.310163  5312 LibParserRustC.cc:1294] load liberty file /home/biruide/ysyx-workbench/yosys-sta/scripts/../pdk/icsprout55/IP/STD_cell/ics55_LLSC_H7C_V1p10C100/ics55_LLSC_H7CL/liberty/ics55_LLSC_H7CL_ss_rcworst_1p08_125_nldm.lib success.
I20260118 16:14:03.310341  5312 Sta.cc:297] read liberty /home/biruide/ysyx-workbench/yosys-sta/scripts/../pdk/icsprout55/IP/STD_cell/ics55_LLSC_H7C_V1p10C100/ics55_LLSC_H7CL/liberty/ics55_LLSC_H7CL_ss_rcworst_1p08_125_nldm.lib end 
I20260118 16:14:03.310925  5279 Sta.cc:328] load lib end
I20260118 16:14:03.311056  5279 Sta.cc:417] link design water start
I20260118 16:14:03.318686  5420 LibParserRustC.cc:1304] link liberty file /home/biruide/ysyx-workbench/yosys-sta/scripts/../pdk/icsprout55/IP/STD_cell/ics55_LLSC_H7C_V1p10C100/ics55_LLSC_H7CL/liberty/ics55_LLSC_H7CL_ss_rcworst_1p08_125_nldm.lib start.
I20260118 16:14:03.321421  5420 LibParserRustC.cc:666] unkown attri name: voltage_map in /home/biruide/ysyx-workbench/yosys-sta/scripts/../pdk/icsprout55/IP/STD_cell/ics55_LLSC_H7C_V1p10C100/ics55_LLSC_H7CL/liberty/ics55_LLSC_H7CL_ss_rcworst_1p08_125_nldm.lib line no 28
I20260118 16:14:19.596400  5420 LibParserRustC.cc:1310] link liberty file /home/biruide/ysyx-workbench/yosys-sta/scripts/../pdk/icsprout55/IP/STD_cell/ics55_LLSC_H7C_V1p10C100/ics55_LLSC_H7CL/liberty/ics55_LLSC_H7CL_ss_rcworst_1p08_125_nldm.lib success.
I20260118 16:14:19.607100  5279 Sta.cc:1106] link design water end
I20260118 16:14:19.607169  5279 Sta.cc:1108] design water inst num: 140
I20260118 16:14:19.608287  5279 Sta.cc:1110] design water net num: 142
I20260118 16:14:19.608314  5279 Sta.cc:1112] design water port num: 12
I20260118 16:14:19.608353  5279 Sta.cc:181] read sdc /home/biruide/ysyx-workbench/yosys-sta/scripts/default.sdc start 
I20260118 16:14:19.614671  5279 CmdCreateClock.cc:124] create clock core_clock for pin/port: clk
I20260118 16:14:19.614740  5279 Sta.cc:198] read sdc /home/biruide/ysyx-workbench/yosys-sta/scripts/default.sdc end 
I20260118 16:14:19.615666  5279 StaBuildGraph.cc:315] build graph start
I20260118 16:14:19.619868  5279 StaBuildGraph.cc:332] build graph end
I20260118 16:14:19.620002  5279 Sta.cc:2834] update timing start
I20260118 16:14:19.620074  5279 StaApplySdc.cc:698] apply sdc start
I20260118 16:14:19.620090  5279 StaApplySdc.cc:729] apply sdc end
I20260118 16:14:19.620097  5279 StaClockPropagation.cc:324] ideal clock propagation start
I20260118 16:14:19.620101  5279 StaClockPropagation.cc:354] clock propagation clock num: 1
I20260118 16:14:19.620121  5279 StaClockPropagation.cc:203] clock propagate end to vertex out[0]_reg_p:CK
I20260118 16:14:19.620179  5279 StaClockPropagation.cc:422] ideal clock propagation end
I20260118 16:14:19.620184  5279 StaCheck.cc:129] found loop fwd start
I20260118 16:14:19.620234  5279 StaCheck.cc:148] found loop fwd end
I20260118 16:14:19.620237  5279 StaCheck.cc:150] found loop bwd start
I20260118 16:14:19.620276  5279 StaCheck.cc:172] found loop bwd end
I20260118 16:14:19.620327  5279 StaClockSlewDelayPropagation.cc:112] clock slew delay propagation start
I20260118 16:14:19.621614  5279 StaClockSlewDelayPropagation.cc:130] propagating current clock queue vertexes number is 1
I20260118 16:14:19.622572  5279 StaClockSlewDelayPropagation.cc:130] propagating current clock queue vertexes number is 33
I20260118 16:14:19.622716  5279 StaClockSlewDelayPropagation.cc:130] propagating current clock queue vertexes number is 1
I20260118 16:14:19.622798  5279 StaClockSlewDelayPropagation.cc:130] propagating current clock queue vertexes number is 10
I20260118 16:14:19.622843  5279 StaClockSlewDelayPropagation.cc:163] clock slew delay propagation end
I20260118 16:14:19.622887  5279 StaClockSlewDelayPropagation.cc:166] clock slew delay propagation memory usage 0MB
I20260118 16:14:19.622931  5279 StaClockSlewDelayPropagation.cc:169] clock slew delay propagation time elapsed 0.002604s
I20260118 16:14:19.623065  5279 StaClockPropagation.cc:326] propagated(kNormal) clock propagation start
I20260118 16:14:19.623165  5279 StaClockPropagation.cc:354] clock propagation clock num: 1
I20260118 16:14:19.623195  5279 StaClockPropagation.cc:424] propagated(kNormal) clock propagation end
I20260118 16:14:19.623204  5279 StaApplySdc.cc:698] apply sdc start
I20260118 16:14:19.623335  5279 StaApplySdc.cc:729] apply sdc end
I20260118 16:14:19.623358  5279 StaClockPropagation.cc:328] propagated(kGenerated) clock propagation start
I20260118 16:14:19.623363  5279 StaClockPropagation.cc:354] clock propagation clock num: 1
I20260118 16:14:19.623368  5279 StaClockPropagation.cc:426] propagated(kGenerated) clock propagation end
I20260118 16:14:19.623371  5279 StaApplySdc.cc:698] apply sdc start
I20260118 16:14:19.623374  5279 StaApplySdc.cc:729] apply sdc end
I20260118 16:14:19.623379  5279 StaBuildPropTag.cc:325] build propagation tag start
I20260118 16:14:19.623416  5279 StaBuildPropTag.cc:338] build propagation tag end
I20260118 16:14:19.623543  5279 StaDataPropagation.cc:676] data fwd propagation start
I20260118 16:14:19.623592  5279 StaDataPropagationBFS.cc:166] data fwd propagation bfs start
I20260118 16:14:19.623847  5279 StaDataPropagationBFS.cc:190] propagating current data queue vertexes number is 43
I20260118 16:14:19.627666  5563 StaDataPropagationBFS.cc:82] Thread 129544954549824 date fwd propagate found start vertex.reset
I20260118 16:14:19.627794  5537 StaDataPropagationBFS.cc:82] Thread 129546094364224 date fwd propagate found start vertex.myTime_13__reg_p:CK
[0;31mE20260118 16:14:19.627859  5537 Lib.cc:181] Warning: val outside table ranges:  val = 0; min_val = 0.0121961; max_val = 0.795659
[mI20260118 16:14:19.627943  5538 StaDataPropagationBFS.cc:82] Thread 129546011539008 date fwd propagate found start vertex.myTime_14__reg_p:CK
I20260118 16:14:19.627976  5559 StaDataPropagationBFS.cc:82] Thread 129544988120640 date fwd propagate found start vertex.myTime_15__reg_p:CK
I20260118 16:14:19.627996  5554 StaDataPropagationBFS.cc:82] Thread 129545842583104 date fwd propagate found start vertex.myTime_16__reg_p:CK
[0;31mE20260118 16:14:19.628057  5539 Lib.cc:181] Warning: val outside table ranges:  val = 0; min_val = 0.0121961; max_val = 0.795659
[mI20260118 16:14:19.627688  5532 StaDataPropagationBFS.cc:82] Thread 129545876153920 date fwd propagate found start vertex.myTime_0__reg_p:CK
[0;31mE20260118 16:14:19.628690  5561 Lib.cc:181] Warning: val outside table ranges:  val = 0; min_val = 0.0121961; max_val = 0.795659
[m[0;31mE20260118 16:14:19.628733  5541 Lib.cc:181] Warning: val outside table ranges:  val = 0; min_val = 0.0121961; max_val = 0.795659
[m[0;31mE20260118 16:14:19.628747  5563 Lib.cc:181] Warning: val outside table ranges:  val = 0; min_val = 0.0121961; max_val = 0.795659
[mI20260118 16:14:19.628000  5551 StaDataPropagationBFS.cc:82] Thread 129545867761216 date fwd propagate found start vertex.myTime_17__reg_p:CK
[0;31mE20260118 16:14:19.628754  5542 Lib.cc:181] Warning: val outside table ranges:  val = 0; min_val = 0.0121961; max_val = 0.795659
[m[0;31mE20260118 16:14:19.628794  5562 Lib.cc:181] Warning: val outside table ranges:  val = 0; min_val = 0.0121961; max_val = 0.795659
[m[0;31mE20260118 16:14:19.628784  5543 Lib.cc:181] Warning: val outside table ranges:  val = 0; min_val = 0.0121961; max_val = 0.795659
[mI20260118 16:14:19.627712  5533 StaDataPropagationBFS.cc:82] Thread 129545884546624 date fwd propagate found start vertex.myTime_10__reg_p:CK
I20260118 16:14:19.628367  5535 StaDataPropagationBFS.cc:82] Thread 129545901332032 date fwd propagate found start vertex.myTime_12__reg_p:CK
[0;31mE20260118 16:14:19.628111  5558 Lib.cc:181] Warning: val outside table ranges:  val = 0; min_val = 0.0121961; max_val = 0.795659
[m[0;31mE20260118 16:14:19.628304  5552 Lib.cc:181] Warning: val outside table ranges:  val = 0; min_val = 0.0121961; max_val = 0.795659
[mI20260118 16:14:19.627722  5534 StaDataPropagationBFS.cc:82] Thread 129545892939328 date fwd propagate found start vertex.myTime_11__reg_p:CK
I20260118 16:14:19.632663  5279 StaDataPropagationBFS.cc:190] propagating current data queue vertexes number is 52
I20260118 16:14:19.638103  5279 StaDataPropagationBFS.cc:190] propagating current data queue vertexes number is 119
I20260118 16:14:19.643385  5279 StaDataPropagationBFS.cc:190] propagating current data queue vertexes number is 32
I20260118 16:14:19.646844  5279 StaDataPropagationBFS.cc:190] propagating current data queue vertexes number is 68
I20260118 16:14:19.653234  5279 StaDataPropagationBFS.cc:190] propagating current data queue vertexes number is 18
I20260118 16:14:19.656392  5279 StaDataPropagationBFS.cc:190] propagating current data queue vertexes number is 39
I20260118 16:14:19.660284  5279 StaDataPropagationBFS.cc:190] propagating current data queue vertexes number is 24
I20260118 16:14:19.663650  5279 StaDataPropagationBFS.cc:190] propagating current data queue vertexes number is 25
I20260118 16:14:19.667675  5279 StaDataPropagationBFS.cc:190] propagating current data queue vertexes number is 4
I20260118 16:14:19.671548  5279 StaDataPropagationBFS.cc:190] propagating current data queue vertexes number is 21
I20260118 16:14:19.675446  5279 StaDataPropagationBFS.cc:190] propagating current data queue vertexes number is 18
I20260118 16:14:19.678295  5279 StaDataPropagationBFS.cc:190] propagating current data queue vertexes number is 18
I20260118 16:14:19.681565  5279 StaDataPropagationBFS.cc:229] data fwd propagation bfs end
I20260118 16:14:19.681664  5279 StaDataPropagationBFS.cc:232] data fwd propagation bfs memory usage 1768.7MB
I20260118 16:14:19.681685  5279 StaDataPropagationBFS.cc:234] data fwd propagation bfs time elapsed 0.058093s
I20260118 16:14:19.681694  5279 StaDataPropagation.cc:695] data fwd propagation end
I20260118 16:14:19.681701  5279 StaDataPropagation.cc:676] data fwd propagation start
I20260118 16:14:19.681720  5279 StaDataPropagationBFS.cc:166] data fwd propagation bfs start
I20260118 16:14:19.681742  5279 StaDataPropagationBFS.cc:190] propagating current data queue vertexes number is 0
I20260118 16:14:19.685051  5279 StaDataPropagationBFS.cc:229] data fwd propagation bfs end
I20260118 16:14:19.685132  5279 StaDataPropagationBFS.cc:232] data fwd propagation bfs memory usage 0MB
I20260118 16:14:19.685142  5279 StaDataPropagationBFS.cc:234] data fwd propagation bfs time elapsed 0.003423s
I20260118 16:14:19.685148  5279 StaDataPropagation.cc:695] data fwd propagation end
I20260118 16:14:19.685155  5279 StaAnalyze.cc:557] analyze timing path start
I20260118 16:14:19.685160  5279 StaAnalyze.cc:565] analyze timing path end vertex 1 total 53 start
[0;31mE20260118 16:14:19.685166  5279 StaAnalyze.cc:328] The output port out_0_ is not constrained
[m[0;31mE20260118 16:14:19.685207  5279 StaAnalyze.cc:328] The output port out_0_ is not constrained
[mI20260118 16:14:19.685214  5279 StaAnalyze.cc:599] analyze timing path end vertex 1 total 53 end
[0;31mE20260118 16:14:19.685218  5279 StaAnalyze.cc:328] The output port out_1_ is not constrained
[m[0;31mE20260118 16:14:19.685225  5279 StaAnalyze.cc:328] The output port out_1_ is not constrained
[m[0;31mE20260118 16:14:19.685230  5279 StaAnalyze.cc:328] The output port out_2_ is not constrained
[m[0;31mE20260118 16:14:19.685236  5279 StaAnalyze.cc:328] The output port out_2_ is not constrained
[m[0;31mE20260118 16:14:19.685243  5279 StaAnalyze.cc:328] The output port out_3_ is not constrained
[m[0;31mE20260118 16:14:19.685249  5279 StaAnalyze.cc:328] The output port out_3_ is not constrained
[m[0;31mE20260118 16:14:19.685256  5279 StaAnalyze.cc:328] The output port out_4_ is not constrained
[m[0;31mE20260118 16:14:19.685261  5279 StaAnalyze.cc:328] The output port out_4_ is not constrained
[mI20260118 16:14:19.685281  5279 StaAnalyze.cc:565] analyze timing path end vertex 11 total 53 start
I20260118 16:14:19.685321  5279 StaAnalyze.cc:599] analyze timing path end vertex 11 total 53 end
I20260118 16:14:19.685338  5279 StaAnalyze.cc:303] add path data num 2 to myTime_0__reg_p:D
I20260118 16:14:19.685384  5279 StaAnalyze.cc:565] analyze timing path end vertex 21 total 53 start
I20260118 16:14:19.685395  5279 StaAnalyze.cc:599] analyze timing path end vertex 21 total 53 end
I20260118 16:14:19.685461  5279 StaAnalyze.cc:565] analyze timing path end vertex 31 total 53 start
I20260118 16:14:19.685467  5279 StaAnalyze.cc:599] analyze timing path end vertex 31 total 53 end
I20260118 16:14:19.685494  5279 StaAnalyze.cc:565] analyze timing path end vertex 41 total 53 start
I20260118 16:14:19.685508  5279 StaAnalyze.cc:599] analyze timing path end vertex 41 total 53 end
I20260118 16:14:19.685563  5279 StaAnalyze.cc:565] analyze timing path end vertex 51 total 53 start
I20260118 16:14:19.685573  5279 StaAnalyze.cc:599] analyze timing path end vertex 51 total 53 end
I20260118 16:14:19.685591  5279 StaAnalyze.cc:603] analyze timing path end
I20260118 16:14:19.685596  5279 StaApplySdc.cc:698] apply sdc start
I20260118 16:14:19.685600  5279 StaApplySdc.cc:729] apply sdc end
I20260118 16:14:19.685606  5279 StaDataPropagation.cc:698] data bwd propagation start
I20260118 16:14:19.687225  5279 StaDataPropagation.cc:249] propagate start vertex myTime_0__reg_p:CK
I20260118 16:14:19.687252  5279 StaDataPropagation.cc:172] Thread 129546131726464 data bwd propagate found end vertex.myTime_0__reg_p:D
I20260118 16:14:19.687276  5279 StaDataPropagation.cc:172] Thread 129546131726464 data bwd propagate found end vertex.myTime_1__reg_p:D
I20260118 16:14:19.687294  5279 StaDataPropagation.cc:172] Thread 129546131726464 data bwd propagate found end vertex.is_ICGX0P5H7L_E:E
I20260118 16:14:19.687306  5279 StaDataPropagation.cc:172] Thread 129546131726464 data bwd propagate found end vertex.myTime_6__reg_p:D
I20260118 16:14:19.687331  5279 StaDataPropagation.cc:172] Thread 129546131726464 data bwd propagate found end vertex.myTime_10__reg_p:D
I20260118 16:14:19.687345  5279 StaDataPropagation.cc:172] Thread 129546131726464 data bwd propagate found end vertex.myTime_11__reg_p:D
I20260118 16:14:19.687354  5279 StaDataPropagation.cc:172] Thread 129546131726464 data bwd propagate found end vertex.myTime_12__reg_p:D
I20260118 16:14:19.687363  5279 StaDataPropagation.cc:172] Thread 129546131726464 data bwd propagate found end vertex.myTime_13__reg_p:D
I20260118 16:14:19.687371  5279 StaDataPropagation.cc:172] Thread 129546131726464 data bwd propagate found end vertex.myTime_14__reg_p:D
I20260118 16:14:19.687383  5279 StaDataPropagation.cc:172] Thread 129546131726464 data bwd propagate found end vertex.myTime_15__reg_p:D
I20260118 16:14:19.688710  5279 StaDataPropagation.cc:703] data bwd propagation end
I20260118 16:14:19.688740  5279 Sta.cc:2895] update timing end
I20260118 16:14:19.688777  5279 Sta.cc:2898] update timing memory usage 1768.7MB
I20260118 16:14:19.688787  5279 Sta.cc:2900] update timing time elapsed 0.068785s
I20260118 16:14:19.688999  5279 Sta.cc:2998] start write sta report.
I20260118 16:14:19.689014  5279 Sta.cc:2999] output sta report path: /home/biruide/ysyx-workbench/yosys-sta/result/water-500MHz
I20260118 16:14:19.691565  5279 StaReport.cc:211] report the clock group core_clock 5 timing paths.
I20260118 16:14:19.691608  5279 StaReport.cc:206] report the clock group **clock_gating_default** 2 timing paths.
I20260118 16:14:19.692503  5279 StaReport.cc:211] report the clock group core_clock 5 timing paths.
I20260118 16:14:19.692723  5279 StaReport.cc:206] report the clock group **clock_gating_default** 2 timing paths.
I20260118 16:14:19.692742  5279 StaReport.cc:211] report the clock group core_clock 1 timing paths.
I20260118 16:14:19.692746  5279 StaReport.cc:206] report the clock group **clock_gating_default** 1 timing paths.
I20260118 16:14:19.692778  5279 StaReport.cc:211] report the clock group core_clock 5 timing paths.
I20260118 16:14:19.692808  5279 StaReport.cc:206] report the clock group **clock_gating_default** 2 timing paths.
I20260118 16:14:19.693596  5279 StaReport.cc:211] report the clock group core_clock 5 timing paths.
I20260118 16:14:19.693742  5279 StaReport.cc:206] report the clock group **clock_gating_default** 2 timing paths.
I20260118 16:14:19.693759  5279 StaReport.cc:211] report the clock group core_clock 1 timing paths.
I20260118 16:14:19.693763  5279 StaReport.cc:206] report the clock group **clock_gating_default** 1 timing paths.
I20260118 16:14:19.693768  5279 Sta.cc:1885] 
+--------------------+--------------------------+------------+------------+---------------+-------+-------+-----------+
| Endpoint           | Clock Group              | Delay Type | Path Delay | Path Required | CPPR  | Slack | Freq(MHz) |
+--------------------+--------------------------+------------+------------+---------------+-------+-------+-----------+
| myTime_19__reg_p:D | core_clock               | max        | 0.758f     | 1.922         | 0.000 | 1.164 | 1196.012  |
| myTime_18__reg_p:D | core_clock               | max        | 0.758f     | 1.922         | 0.000 | 1.164 | 1196.785  |
| myTime_17__reg_p:D | core_clock               | max        | 0.758f     | 1.922         | 0.000 | 1.164 | 1196.785  |
| myTime_0__reg_p:D  | core_clock               | max        | 0.758f     | 1.922         | 0.000 | 1.165 | 1197.248  |
| myTime_5__reg_p:D  | core_clock               | max        | 0.759f     | 1.924         | 0.000 | 1.165 | 1197.586  |
| is_ICGX0P5H7L_E:E  | **clock_gating_default** | max        | 0.720r     | 1.865         | 0.000 | 1.146 | NA        |
| is_ICGX0P5H7L_E:E  | **clock_gating_default** | max        | 0.398f     | 1.935         | 0.000 | 1.537 | NA        |
| out[3]_reg_p:D     | core_clock               | min        | 0.161f     | -0.011        | 0.000 | 0.173 | NA        |
| out[4]_reg_p:D     | core_clock               | min        | 0.161f     | -0.011        | 0.000 | 0.173 | NA        |
| out[2]_reg_p:D     | core_clock               | min        | 0.161f     | -0.011        | 0.000 | 0.173 | NA        |
| out[0]_reg_p:D     | core_clock               | min        | 0.161f     | -0.011        | 0.000 | 0.173 | NA        |
| out[1]_reg_p:D     | core_clock               | min        | 0.161f     | -0.011        | 0.000 | 0.173 | NA        |
| is_ICGX0P5H7L_E:E  | **clock_gating_default** | min        | 0.214f     | -0.005        | 0.000 | 0.219 | NA        |
| is_ICGX0P5H7L_E:E  | **clock_gating_default** | min        | 0.284r     | -0.060        | 0.000 | 0.345 | NA        |
+--------------------+--------------------------+------------+------------+---------------+-------+-------+-----------+
I20260118 16:14:19.693944  5279 Sta.cc:1886] 
+------------+------------+-------+
| Clock      | Delay Type | TNS   |
+------------+------------+-------+
| core_clock | max        | 0.000 |
| core_clock | min        | 0.000 |
+------------+------------+-------+
I20260118 16:14:19.705535  5279 NetlistWriter.cc:52] start write verilog file /home/biruide/ysyx-workbench/yosys-sta/result/water-500MHz/water.v
I20260118 16:14:19.707237  5279 NetlistWriter.cc:71] finish write verilog file /home/biruide/ysyx-workbench/yosys-sta/result/water-500MHz/water.v
I20260118 16:14:19.707269  5279 Sta.cc:3111] used lib: /home/biruide/ysyx-workbench/yosys-sta/scripts/../pdk/icsprout55/IP/STD_cell/ics55_LLSC_H7C_V1p10C100/ics55_LLSC_H7CL/liberty/ics55_LLSC_H7CL_ss_rcworst_1p08_125_nldm.lib
I20260118 16:14:19.707275  5279 Sta.cc:3096] The timing engine run success.
I20260118 16:14:19.708866  5279 Power.cc:854] build graph and seq graph start
I20260118 16:14:19.709642  5279 PwrBuildGraph.cc:80] build power graph start
I20260118 16:14:19.710140  5279 PwrBuildGraph.cc:170] build power graph end
I20260118 16:14:19.710168  5279 PwrBuildGraph.cc:172] build power graph memory usage 0MB
I20260118 16:14:19.710177  5279 PwrBuildGraph.cc:174] build power graph time elapsed 0.000537s
I20260118 16:14:19.710193  5279 PwrBuildSeqGraph.cc:326] build seq graph start
I20260118 16:14:19.719429  5279 PwrBuildSeqGraph.cc:330] build seq graph end
I20260118 16:14:19.719480  5279 PwrBuildSeqGraph.cc:332] seq inst num: 42
I20260118 16:14:19.719484  5279 PwrBuildSeqGraph.cc:333] input port num: 2
I20260118 16:14:19.719487  5279 PwrBuildSeqGraph.cc:334] output port num: 10
I20260118 16:14:19.719491  5279 PwrBuildSeqGraph.cc:335] seq macro num: 0
I20260118 16:14:19.719499  5279 PwrBuildSeqGraph.cc:336] seq arc num: 669
I20260118 16:14:19.719502  5279 PwrBuildSeqGraph.cc:339] seq vertex max fanout: 20
I20260118 16:14:19.719506  5279 PwrBuildSeqGraph.cc:340] seq vertex max fanin: 32
I20260118 16:14:19.719560  5279 PwrBuildSeqGraph.cc:343] build seq graph memory usage 787.42MB
I20260118 16:14:19.719575  5279 PwrBuildSeqGraph.cc:345] build seq graph time elapsed 0.009382s
I20260118 16:14:19.719581  5279 Power.cc:861] build graph and seq graph end
I20260118 16:14:19.719595  5279 Power.cc:863] build graph and seq graph memory usage 787.42MB
I20260118 16:14:19.719600  5279 Power.cc:866] build graph and seq graph time elapsed 0.010736s
I20260118 16:14:19.719612  5279 Power.cc:871] power annotate vcd start
I20260118 16:14:19.719615  5279 Power.cc:128] annotate toggle sp start
I20260118 16:14:19.719620  5279 Power.cc:134] annotate toggle sp end
I20260118 16:14:19.719623  5279 Power.cc:878] power vcd annotate end
I20260118 16:14:19.719633  5279 Power.cc:880] power vcd annotate memory usage 0MB
I20260118 16:14:19.719638  5279 Power.cc:882] power vcd annotate time elapsed 2.6e-05s
I20260118 16:14:19.719650  5279 Power.cc:896] power propagation start
I20260118 16:14:19.719673  5279 PwrCheckPipelineLoop.cc:122] check pipeline loop start
I20260118 16:14:19.719684  5279 PwrCheckPipelineLoop.cc:129] check pipeline loop end
I20260118 16:14:19.719720  5279 PwrCheckPipelineLoop.cc:137] check pipeline loop memory usage 0MB
I20260118 16:14:19.719726  5279 PwrCheckPipelineLoop.cc:139] check pipeline loop time elapsed 5.3e-05s
I20260118 16:14:19.719739  5279 PwrLevelizeSeqGraph.cc:93] seq levelization start
I20260118 16:14:19.719746  5279 PwrLevelizeSeqGraph.cc:101] seq levelization end
I20260118 16:14:19.719749  5279 PwrLevelizeSeqGraph.cc:103] the seq graph's level depth 12
I20260118 16:14:19.719763  5279 PwrLevelizeSeqGraph.cc:116] levelization memory usage 0MB
I20260118 16:14:19.719769  5279 PwrLevelizeSeqGraph.cc:118] levelization time elapsed 3e-05s
I20260118 16:14:19.719831  5279 PwrPropagateConst.cc:184] propagate const start
I20260118 16:14:19.719856  5279 PwrPropagateConst.cc:109] set tie cell fanout from myTime_20__reg_p_D_TIELOH7L_Z:Z data in vertex myTime_22__reg_p:D
I20260118 16:14:19.719949  5279 PwrPropagateConst.cc:288] propagate const end
I20260118 16:14:19.719964  5279 PwrPropagateConst.cc:290] propagate const memory usage 0MB
I20260118 16:14:19.719967  5279 PwrPropagateConst.cc:292] propagate const time elapsed 0.000136s
I20260118 16:14:19.719980  5279 PwrPropagateToggleSP.cc:202] propagate toggle sp start
I20260118 16:14:19.724560  5279 PwrPropagateToggleSP.cc:316] propagate toggle sp end
I20260118 16:14:19.724637  5279 PwrPropagateToggleSP.cc:319] propagate toggle sp memory usage 0MB
I20260118 16:14:19.724646  5279 PwrPropagateToggleSP.cc:321] propagate toggle sp time elapsed 0.004666s
I20260118 16:14:19.724668  5279 PwrPropagateClock.cc:68] propagate clock start
I20260118 16:14:19.724707  5279 PwrPropagateClock.cc:80] propagate clock end
I20260118 16:14:19.724721  5279 PwrPropagateClock.cc:82] propagate clock memory usage 0MB
I20260118 16:14:19.724725  5279 PwrPropagateClock.cc:84] propagate clock time elapsed 5.7e-05s
I20260118 16:14:19.724731  5279 Power.cc:914] power propagation end
I20260118 16:14:19.724745  5279 Power.cc:916] power propagation memory usage 0MB
I20260118 16:14:19.724749  5279 Power.cc:918] power propagation time elapsed 0.005099s
I20260118 16:14:19.724767  5279 Power.cc:267] power calculation start
I20260118 16:14:19.724789  5279 PwrCalcLeakagePower.cc:85] calc leakage power start
I20260118 16:14:19.743711  5279 PwrCalcLeakagePower.cc:119] calc leakage power result 0.00138437mw
I20260118 16:14:19.743815  5279 PwrCalcLeakagePower.cc:122] calc leakage power end
I20260118 16:14:19.743870  5279 PwrCalcLeakagePower.cc:124] calc leakage power memory usage 0MB
I20260118 16:14:19.743876  5279 PwrCalcLeakagePower.cc:126] calc leakage power time elapsed 0.019088s
I20260118 16:14:19.743894  5279 PwrCalcInternalPower.cc:565] calc internal power start
[0;31mE20260118 16:14:19.764248  5279 PwrCalcInternalPower.cc:97] out[0]_reg_p_D_NOR2BX1P4H7L_Z:B rise slew is not exist.
[m[0;31mE20260118 16:14:19.764343  5279 PwrCalcInternalPower.cc:97] out[0]_reg_p_D_NOR2BX1P4H7L_Z:B rise slew is not exist.
[m[0;31mE20260118 16:14:19.764369  5279 PwrCalcInternalPower.cc:205] out[0]_reg_p_D_NOR2BX1P4H7L_Z:B input slew is not exist.
[m[0;31mE20260118 16:14:19.764446  5279 PwrCalcInternalPower.cc:97] out[1]_reg_p_D_NOR2BX1P4H7L_Z:B rise slew is not exist.
[m[0;31mE20260118 16:14:19.764456  5279 PwrCalcInternalPower.cc:97] out[1]_reg_p_D_NOR2BX1P4H7L_Z:B rise slew is not exist.
[m[0;31mE20260118 16:14:19.764509  5279 PwrCalcInternalPower.cc:97] out[2]_reg_p_D_NOR2BX1P4H7L_Z:B rise slew is not exist.
[m[0;31mE20260118 16:14:19.764521  5279 PwrCalcInternalPower.cc:97] out[2]_reg_p_D_NOR2BX1P4H7L_Z:B rise slew is not exist.
[m[0;31mE20260118 16:14:19.764534  5279 PwrCalcInternalPower.cc:205] out[2]_reg_p_D_NOR2BX1P4H7L_Z:B input slew is not exist.
[m[0;31mE20260118 16:14:19.764570  5279 PwrCalcInternalPower.cc:97] out[3]_reg_p_D_NOR2BX1P4H7L_Z:B rise slew is not exist.
[m[0;31mE20260118 16:14:19.764575  5279 PwrCalcInternalPower.cc:97] out[3]_reg_p_D_NOR2BX1P4H7L_Z:B rise slew is not exist.
[m[0;31mE20260118 16:14:19.764619  5279 PwrCalcInternalPower.cc:97] out[4]_reg_p_D_NOR2BX1P4H7L_Z:B rise slew is not exist.
[m[0;31mE20260118 16:14:19.764628  5279 PwrCalcInternalPower.cc:97] out[4]_reg_p_D_NOR2BX1P4H7L_Z:B rise slew is not exist.
[m[0;31mE20260118 16:14:19.764662  5279 PwrCalcInternalPower.cc:97] out[5]_reg_p_D_OR2X1P4H7L_Y:A rise slew is not exist.
[m[0;31mE20260118 16:14:19.764667  5279 PwrCalcInternalPower.cc:97] out[5]_reg_p_D_OR2X1P4H7L_Y:A rise slew is not exist.
[m[0;31mE20260118 16:14:19.764698  5279 PwrCalcInternalPower.cc:205] out[5]_reg_p_D_OR2X1P4H7L_Y:A input slew is not exist.
[m[0;31mE20260118 16:14:19.764765  5279 PwrCalcInternalPower.cc:97] out[6]_reg_p_D_OR2X1P4H7L_Y:A rise slew is not exist.
[m[0;31mE20260118 16:14:19.764776  5279 PwrCalcInternalPower.cc:97] out[6]_reg_p_D_OR2X1P4H7L_Y:A rise slew is not exist.
[m[0;31mE20260118 16:14:19.764820  5279 PwrCalcInternalPower.cc:97] out[7]_reg_p_D_OR2X1P4H7L_Y:A rise slew is not exist.
[m[0;31mE20260118 16:14:19.764827  5279 PwrCalcInternalPower.cc:97] out[7]_reg_p_D_OR2X1P4H7L_Y:A rise slew is not exist.
[m[0;31mE20260118 16:14:19.764849  5279 PwrCalcInternalPower.cc:205] out[7]_reg_p_D_OR2X1P4H7L_Y:A input slew is not exist.
[m[0;31mE20260118 16:14:19.764875  5279 PwrCalcInternalPower.cc:97] out[8]_reg_p_D_OR2X1P4H7L_Y:A rise slew is not exist.
[m[0;31mE20260118 16:14:19.764884  5279 PwrCalcInternalPower.cc:97] out[8]_reg_p_D_OR2X1P4H7L_Y:A rise slew is not exist.
[m[0;31mE20260118 16:14:19.764927  5279 PwrCalcInternalPower.cc:97] out[9]_reg_p_D_OR2X1P4H7L_Y:A rise slew is not exist.
[m[0;31mE20260118 16:14:19.764936  5279 PwrCalcInternalPower.cc:97] out[9]_reg_p_D_OR2X1P4H7L_Y:A rise slew is not exist.
[mI20260118 16:14:19.764964  5279 PwrCalcInternalPower.cc:605] calc internal power result 0.0605268mW
I20260118 16:14:19.764976  5279 PwrCalcInternalPower.cc:607] calc internal power end
I20260118 16:14:19.765033  5279 PwrCalcInternalPower.cc:609] calc internal power memory usage 0MB
I20260118 16:14:19.765041  5279 PwrCalcInternalPower.cc:611] calc internal power time elapsed 0.021146s
I20260118 16:14:19.765059  5279 PwrCalcSwitchPower.cc:89] calc switch power start
I20260118 16:14:19.765180  5279 PwrCalcSwitchPower.cc:173] calc switch power result 0mw
I20260118 16:14:19.765188  5279 PwrCalcSwitchPower.cc:175] calc switch power end
I20260118 16:14:19.765201  5279 PwrCalcSwitchPower.cc:177] calc switch power memory usage 0MB
I20260118 16:14:19.765205  5279 PwrCalcSwitchPower.cc:179] calc switch power time elapsed 0.000146s
I20260118 16:14:19.765699  5279 Power.cc:275] power calculation end
I20260118 16:14:19.765735  5279 Power.cc:277] power calculation memory usage 0MB
I20260118 16:14:19.765739  5279 Power.cc:279] power calculation time elapsed 0.040972s
I20260118 16:14:19.765753  5279 Power.cc:981] power report start, output dir: /home/biruide/ysyx-workbench/yosys-sta/result/water-500MHz
I20260118 16:14:19.766371  5279 Power.cc:491] 
+---------------+----------------+--------------+---------------+-------------+-----------+
| Power Group   | Internal Power | Switch Power | Leakage Power | Total Power | (%)       |
+---------------+----------------+--------------+---------------+-------------+-----------+
| combinational | 3.115e-05      | 0.000e+00    | 4.924e-07     | 3.165e-05   | (51.115%) |
| sequential    | 2.937e-05      | 0.000e+00    | 8.920e-07     | 3.027e-05   | (48.885%) |
+---------------+----------------+--------------+---------------+-------------+-----------+
I20260118 16:14:19.766498  5279 Power.cc:543] Total Power   ==  6.19112e-05 W
I20260118 16:14:19.766973  5279 Power.cc:669] Instance Power Report: 
I20260118 16:14:19.766985  5279 Power.cc:670] 
+------------------------------------------------------------------------------------+-----------------+----------------+--------------+---------------+-------------+
| Instance Name                                                                      | Nominal Voltage | Internal Power | Switch Power | Leakage Power | Total Power |
+------------------------------------------------------------------------------------+-----------------+----------------+--------------+---------------+-------------+
| out[9]_reg_p                                                                       | 1.08            | 2.909e-06      | 0.000e+00    | 2.092e-08     | 2.930e-06   |
| out[8]_reg_p                                                                       | 1.08            | 2.436e-06      | 0.000e+00    | 2.092e-08     | 2.457e-06   |
| out[7]_reg_p                                                                       | 1.08            | 1.854e-06      | 0.000e+00    | 2.092e-08     | 1.875e-06   |
| out[9]_reg_p_D_OR2X1P4H7L_Y                                                        | 1.08            | 1.387e-06      | 0.000e+00    | 5.273e-09     | 1.392e-06   |
| out[6]_reg_p                                                                       | 1.08            | 1.272e-06      | 0.000e+00    | 2.092e-08     | 1.293e-06   |
| myTime_2__NAND4X6H7L_C                                                             | 1.08            | 1.281e-06      | 0.000e+00    | 9.778e-09     | 1.291e-06   |
| myTime_15__reg_p_D_AOI21X2H7L_Y_A1_OR3X1P4H7L_Y_C_NOR4X6H7L_C                      | 1.08            | 1.267e-06      | 0.000e+00    | 9.655e-09     | 1.277e-06   |
| out[8]_reg_p_D_OR2X1P4H7L_Y                                                        | 1.08            | 1.119e-06      | 0.000e+00    | 5.273e-09     | 1.125e-06   |
| myTime_10__reg_p_D_NOR2X0P5H7L_Y_B_XNOR2X0P5H7L_Y_B_NOR3X0P5H7L_Y_A_OR4X3H7L_B     | 1.08            | 9.898e-07      | 0.000e+00    | 8.103e-09     | 9.979e-07   |
| myTime_5__NAND4X4H7L_B                                                             | 1.08            | 9.606e-07      | 0.000e+00    | 7.721e-09     | 9.683e-07   |
| out[7]_reg_p_D_OR2X1P4H7L_Y                                                        | 1.08            | 8.520e-07      | 0.000e+00    | 5.273e-09     | 8.573e-07   |
| myTime_6__reg_p_D_NOR3X0P5H7L_Y_A_OAI21X0P5H7L_Y_A0_OAI221X1P4H7L_A0               | 1.08            | 7.684e-07      | 0.000e+00    | 5.852e-09     | 7.742e-07   |
| out[5]_reg_p                                                                       | 1.08            | 6.908e-07      | 0.000e+00    | 2.092e-08     | 7.117e-07   |
| myTime_19__NAND4X1P4H7L_D_Y_OR4X1P4H7L_C                                           | 1.08            | 6.582e-07      | 0.000e+00    | 5.961e-09     | 6.642e-07   |
| myTime_19__INVX0P5H7L_A_Y_AO31X0P5H7L_B0                                           | 1.08            | 6.408e-07      | 0.000e+00    | 5.690e-09     | 6.465e-07   |
| myTime_0__reg_p                                                                    | 1.08            | 5.864e-07      | 0.000e+00    | 2.092e-08     | 6.073e-07   |
| myTime_6__reg_p                                                                    | 1.08            | 5.862e-07      | 0.000e+00    | 2.092e-08     | 6.071e-07   |
| myTime_3__reg_p                                                                    | 1.08            | 5.860e-07      | 0.000e+00    | 2.092e-08     | 6.069e-07   |
| myTime_2__reg_p                                                                    | 1.08            | 5.859e-07      | 0.000e+00    | 2.092e-08     | 6.068e-07   |
| myTime_1__reg_p                                                                    | 1.08            | 5.858e-07      | 0.000e+00    | 2.092e-08     | 6.067e-07   |
| myTime_7__reg_p                                                                    | 1.08            | 5.858e-07      | 0.000e+00    | 2.092e-08     | 6.067e-07   |
| myTime_4__reg_p                                                                    | 1.08            | 5.857e-07      | 0.000e+00    | 2.092e-08     | 6.067e-07   |
| myTime_16__reg_p                                                                   | 1.08            | 5.855e-07      | 0.000e+00    | 2.092e-08     | 6.064e-07   |
| myTime_12__reg_p                                                                   | 1.08            | 5.855e-07      | 0.000e+00    | 2.092e-08     | 6.064e-07   |
| myTime_8__reg_p                                                                    | 1.08            | 5.854e-07      | 0.000e+00    | 2.092e-08     | 6.063e-07   |
| myTime_5__reg_p                                                                    | 1.08            | 5.853e-07      | 0.000e+00    | 2.092e-08     | 6.062e-07   |
| myTime_14__reg_p                                                                   | 1.08            | 5.850e-07      | 0.000e+00    | 2.092e-08     | 6.059e-07   |
| myTime_13__reg_p                                                                   | 1.08            | 5.849e-07      | 0.000e+00    | 2.092e-08     | 6.059e-07   |
| myTime_9__reg_p                                                                    | 1.08            | 5.849e-07      | 0.000e+00    | 2.092e-08     | 6.058e-07   |
| myTime_10__reg_p                                                                   | 1.08            | 5.848e-07      | 0.000e+00    | 2.092e-08     | 6.058e-07   |
| myTime_15__reg_p                                                                   | 1.08            | 5.848e-07      | 0.000e+00    | 2.092e-08     | 6.058e-07   |
| myTime_11__reg_p                                                                   | 1.08            | 5.848e-07      | 0.000e+00    | 2.092e-08     | 6.058e-07   |
| myTime_18__reg_p                                                                   | 1.08            | 5.848e-07      | 0.000e+00    | 2.092e-08     | 6.058e-07   |
| myTime_11__reg_p_D_NOR2X3H7L_Y_B_XNOR2X3H7L_Y                                      | 1.08            | 5.948e-07      | 0.000e+00    | 1.084e-08     | 6.057e-07   |
| myTime_17__reg_p                                                                   | 1.08            | 5.844e-07      | 0.000e+00    | 2.092e-08     | 6.053e-07   |
| myTime_19__reg_p                                                                   | 1.08            | 5.830e-07      | 0.000e+00    | 2.092e-08     | 6.039e-07   |
| myTime_25__reg_p                                                                   | 1.08            | 5.817e-07      | 0.000e+00    | 2.081e-08     | 6.025e-07   |
| myTime_30__reg_p                                                                   | 1.08            | 5.817e-07      | 0.000e+00    | 2.081e-08     | 6.025e-07   |
| myTime_31__reg_p                                                                   | 1.08            | 5.817e-07      | 0.000e+00    | 2.081e-08     | 6.025e-07   |
| out[0]_reg_p                                                                       | 1.08            | 5.818e-07      | 0.000e+00    | 2.069e-08     | 6.025e-07   |
| myTime_29__reg_p                                                                   | 1.08            | 5.816e-07      | 0.000e+00    | 2.081e-08     | 6.024e-07   |
| myTime_26__reg_p                                                                   | 1.08            | 5.816e-07      | 0.000e+00    | 2.081e-08     | 6.024e-07   |
| myTime_20__reg_p                                                                   | 1.08            | 5.815e-07      | 0.000e+00    | 2.081e-08     | 6.023e-07   |
| myTime_27__reg_p                                                                   | 1.08            | 5.815e-07      | 0.000e+00    | 2.081e-08     | 6.023e-07   |
| myTime_23__reg_p                                                                   | 1.08            | 5.815e-07      | 0.000e+00    | 2.081e-08     | 6.023e-07   |
| myTime_21__reg_p                                                                   | 1.08            | 5.815e-07      | 0.000e+00    | 2.081e-08     | 6.023e-07   |
| myTime_28__reg_p                                                                   | 1.08            | 5.815e-07      | 0.000e+00    | 2.081e-08     | 6.023e-07   |
| myTime_24__reg_p                                                                   | 1.08            | 5.815e-07      | 0.000e+00    | 2.081e-08     | 6.023e-07   |
| out[6]_reg_p_D_OR2X1P4H7L_Y                                                        | 1.08            | 5.847e-07      | 0.000e+00    | 5.273e-09     | 5.900e-07   |
| is_ICGX0P5H7L_E                                                                    | 1.08            | 5.085e-07      | 0.000e+00    | 1.648e-08     | 5.250e-07   |
| out[1]_reg_p                                                                       | 1.08            | 4.364e-07      | 0.000e+00    | 2.052e-08     | 4.569e-07   |
| myTime_20__NOR4X0P5H7L_A_Y_AND3X1P4H7L_A                                           | 1.08            | 4.458e-07      | 0.000e+00    | 5.053e-09     | 4.509e-07   |
| myTime_2__AND3X1P4H7L_C                                                            | 1.08            | 4.422e-07      | 0.000e+00    | 5.053e-09     | 4.473e-07   |
| myTime_3__AND3X1P4H7L_A                                                            | 1.08            | 4.412e-07      | 0.000e+00    | 5.053e-09     | 4.463e-07   |
| myTime_13__reg_p_D_AOI21X2H7L_Y_A1_OR3X1P4H7L_Y                                    | 1.08            | 4.113e-07      | 0.000e+00    | 5.786e-09     | 4.170e-07   |
| myTime_15__reg_p_D_AOI21X2H7L_Y_A1_OR3X1P4H7L_Y                                    | 1.08            | 4.111e-07      | 0.000e+00    | 5.786e-09     | 4.169e-07   |
| myTime_14__reg_p_D_AOI21X2H7L_Y_A1_OR3X1P4H7L_Y                                    | 1.08            | 4.106e-07      | 0.000e+00    | 5.786e-09     | 4.163e-07   |
| myTime_19__NAND4X1P4H7L_D_Y_NOR4X1H7L_C_A_OR3X1H7L_Y                               | 1.08            | 4.034e-07      | 0.000e+00    | 5.450e-09     | 4.089e-07   |
| myTime_5__XNOR2X0P5H7L_A                                                           | 1.08            | 3.977e-07      | 0.000e+00    | 7.819e-09     | 4.056e-07   |
| myTime_9__reg_p_D_NOR2X0P5H7L_Y_B_XNOR2X0P5H7L_Y                                   | 1.08            | 3.973e-07      | 0.000e+00    | 7.819e-09     | 4.052e-07   |
| myTime_10__reg_p_D_NOR2X0P5H7L_Y_B_XNOR2X0P5H7L_Y                                  | 1.08            | 3.972e-07      | 0.000e+00    | 7.819e-09     | 4.050e-07   |
| myTime_3__XNOR2X0P5H7L_A                                                           | 1.08            | 3.970e-07      | 0.000e+00    | 7.819e-09     | 4.048e-07   |
| myTime_16__reg_p_D_NOR2X0P5H7L_Y_B_XNOR2X0P5H7L_Y                                  | 1.08            | 3.965e-07      | 0.000e+00    | 7.819e-09     | 4.043e-07   |
| myTime_8__reg_p_D_AOI21X1P4H7L_Y_A1_OR3X1H7L_Y                                     | 1.08            | 3.984e-07      | 0.000e+00    | 5.450e-09     | 4.039e-07   |
| myTime_1__reg_p_D_NOR2X0P5H7L_Y_B_XNOR2X0P5H7L_Y                                   | 1.08            | 3.959e-07      | 0.000e+00    | 7.819e-09     | 4.037e-07   |
| myTime_2__XOR2X0P5H7L_A                                                            | 1.08            | 3.945e-07      | 0.000e+00    | 7.910e-09     | 4.024e-07   |
| is_NOR4X0P5H7L_Y_C_XOR2X0P5H7L_B                                                   | 1.08            | 3.943e-07      | 0.000e+00    | 7.910e-09     | 4.022e-07   |
| myTime_7__reg_p_D_NOR3X0P5H7L_Y_C_XOR2X0P5H7L_Y                                    | 1.08            | 3.942e-07      | 0.000e+00    | 7.910e-09     | 4.021e-07   |
| myTime_4__reg_p_D_NOR2X0P5H7L_Y_B_XOR2X0P5H7L_Y                                    | 1.08            | 3.932e-07      | 0.000e+00    | 7.910e-09     | 4.011e-07   |
| myTime_15__reg_p_D_AOI21X2H7L_Y_A1_OR3X1P4H7L_Y_C_NAND4X1P4H7L_Y                   | 1.08            | 3.854e-07      | 0.000e+00    | 4.268e-09     | 3.897e-07   |
| myTime_19__NAND4X1P4H7L_D                                                          | 1.08            | 3.834e-07      | 0.000e+00    | 4.268e-09     | 3.877e-07   |
| myTime_3__AND3X1P4H7L_A_Y_AOI211X0P5H7L_A1                                         | 1.08            | 3.678e-07      | 0.000e+00    | 4.224e-09     | 3.721e-07   |
| myTime_6__reg_p_D_NOR3X0P5H7L_Y_A_OAI21X0P5H7L_Y_A1_OAI21BX0P5H7L_Y                | 1.08            | 3.544e-07      | 0.000e+00    | 5.362e-09     | 3.598e-07   |
| myTime_12__reg_p_D_AOI2XB1X1H7L_Y                                                  | 1.08            | 3.453e-07      | 0.000e+00    | 5.883e-09     | 3.512e-07   |
| myTime_19__NAND4X1P4H7L_D_Y_NOR4X1H7L_C                                            | 1.08            | 3.245e-07      | 0.000e+00    | 4.115e-09     | 3.287e-07   |
| out[5]_reg_p_D_OR2X1P4H7L_Y                                                        | 1.08            | 3.174e-07      | 0.000e+00    | 5.332e-09     | 3.228e-07   |
| myTime_9__NAND4X0P5H7L_D                                                           | 1.08            | 3.078e-07      | 0.000e+00    | 3.906e-09     | 3.117e-07   |
| out[2]_reg_p                                                                       | 1.08            | 2.909e-07      | 0.000e+00    | 2.041e-08     | 3.113e-07   |
| myTime_6__reg_p_D_NOR3X0P5H7L_Y_A_OAI21X0P5H7L_Y_A0_OAI221X1P4H7L_A0_Y_BUFX5H7L_A  | 1.08            | 3.009e-07      | 0.000e+00    | 9.461e-09     | 3.104e-07   |
| myTime_19__INVX0P5H7L_A_Y_NAND4X0P5H7L_B                                           | 1.08            | 3.033e-07      | 0.000e+00    | 3.906e-09     | 3.072e-07   |
| myTime_13__reg_p_D_AOI21X2H7L_Y                                                    | 1.08            | 3.014e-07      | 0.000e+00    | 5.753e-09     | 3.071e-07   |
| myTime_14__reg_p_D_AOI21X2H7L_Y                                                    | 1.08            | 3.014e-07      | 0.000e+00    | 5.753e-09     | 3.071e-07   |
| myTime_15__reg_p_D_AOI21X2H7L_Y                                                    | 1.08            | 3.012e-07      | 0.000e+00    | 5.753e-09     | 3.070e-07   |
| myTime_18__reg_p_D_AOI21X0P5H7L_Y_A0_OAI2BB1X0P5H7L_Y                              | 1.08            | 2.912e-07      | 0.000e+00    | 4.980e-09     | 2.962e-07   |
| myTime_17__reg_p_D_AOI21X0P5H7L_Y_A0_OAI2BB1X0P5H7L_Y                              | 1.08            | 2.898e-07      | 0.000e+00    | 4.980e-09     | 2.948e-07   |
| myTime_27__NOR4X0P5H7L_A                                                           | 1.08            | 2.861e-07      | 0.000e+00    | 3.902e-09     | 2.900e-07   |
| myTime_23__NOR4X0P5H7L_A                                                           | 1.08            | 2.856e-07      | 0.000e+00    | 3.902e-09     | 2.895e-07   |
| is_NOR4X0P5H7L_Y                                                                   | 1.08            | 2.809e-07      | 0.000e+00    | 3.902e-09     | 2.848e-07   |
| myTime_8__reg_p_D_AOI21X1P4H7L_Y                                                   | 1.08            | 2.712e-07      | 0.000e+00    | 4.637e-09     | 2.758e-07   |
| myTime_6__reg_p_D_NOR3X0P5H7L_Y_A_OAI21X0P5H7L_Y_A0_NOR3BX0P5H7L_Y                 | 1.08            | 2.325e-07      | 0.000e+00    | 4.767e-09     | 2.372e-07   |
| myTime_19__NAND4X1P4H7L_D_Y_NOR4X1H7L_C_D_NAND3BX0P5H7L_Y                          | 1.08            | 2.293e-07      | 0.000e+00    | 4.761e-09     | 2.340e-07   |
| myTime_9__reg_p_D_NOR2X0P5H7L_Y_B_XNOR2X0P5H7L_Y_B_NOR3BX0P5H7L_Y                  | 1.08            | 2.286e-07      | 0.000e+00    | 4.767e-09     | 2.334e-07   |
| myTime_18__reg_p_D_AOI21X0P5H7L_Y_A1_NAND3BX0P5H7L_Y                               | 1.08            | 2.275e-07      | 0.000e+00    | 4.761e-09     | 2.322e-07   |
| myTime_17__reg_p_D_AOI21X0P5H7L_Y_A1_NAND3BX0P5H7L_Y                               | 1.08            | 2.264e-07      | 0.000e+00    | 4.761e-09     | 2.311e-07   |
| myTime_17__AND2X1H7L_B                                                             | 1.08            | 2.251e-07      | 0.000e+00    | 4.889e-09     | 2.300e-07   |
| myTime_19__NAND4X1P4H7L_D_Y_NOR4X1H7L_C_B_OR2X0P5H7L_Y                             | 1.08            | 2.211e-07      | 0.000e+00    | 4.465e-09     | 2.256e-07   |
| myTime_12__reg_p_D_AOI2XB1X1H7L_Y_A1N_NOR3X1P4H7L_Y                                | 1.08            | 2.100e-07      | 0.000e+00    | 3.996e-09     | 2.140e-07   |
| myTime_6__reg_p_D_NOR3X0P5H7L_Y_A_OAI21X0P5H7L_Y                                   | 1.08            | 2.098e-07      | 0.000e+00    | 3.809e-09     | 2.136e-07   |
| myTime_13__reg_p_D_AOI21X2H7L_Y_A0_OAI21X0P5H7L_Y                                  | 1.08            | 2.077e-07      | 0.000e+00    | 3.809e-09     | 2.116e-07   |
| myTime_14__reg_p_D_AOI21X2H7L_Y_A0_OAI21X0P5H7L_Y                                  | 1.08            | 2.071e-07      | 0.000e+00    | 3.809e-09     | 2.109e-07   |
| myTime_15__reg_p_D_AOI21X2H7L_Y_A0_OAI21X0P5H7L_Y                                  | 1.08            | 2.068e-07      | 0.000e+00    | 3.809e-09     | 2.106e-07   |
| myTime_12__reg_p_D_AOI2XB1X1H7L_Y_A0_OAI21X0P5H7L_Y                                | 1.08            | 2.062e-07      | 0.000e+00    | 3.809e-09     | 2.100e-07   |
| myTime_8__reg_p_D_AOI21X1P4H7L_Y_A0_OAI21X0P5H7L_Y                                 | 1.08            | 2.059e-07      | 0.000e+00    | 3.809e-09     | 2.098e-07   |
| myTime_17__reg_p_D_AOI21X0P5H7L_Y                                                  | 1.08            | 2.052e-07      | 0.000e+00    | 3.820e-09     | 2.090e-07   |
| myTime_18__reg_p_D_AOI21X0P5H7L_Y                                                  | 1.08            | 2.049e-07      | 0.000e+00    | 3.820e-09     | 2.088e-07   |
| myTime_19__reg_p_D_AOI21X0P5H7L_Y                                                  | 1.08            | 2.046e-07      | 0.000e+00    | 3.820e-09     | 2.084e-07   |
| out[0]_reg_p_D_NOR2BX1P4H7L_Z                                                      | 1.08            | 2.009e-07      | 0.000e+00    | 5.273e-09     | 2.061e-07   |
| out[3]_reg_p                                                                       | 1.08            | 1.818e-07      | 0.000e+00    | 2.035e-08     | 2.022e-07   |
| myTime_11__reg_p_D_NOR2X3H7L_Y                                                     | 1.08            | 1.872e-07      | 0.000e+00    | 5.942e-09     | 1.932e-07   |
| myTime_14__reg_p_D_AOI21X2H7L_Y_A1_OR3X1P4H7L_Y_C_NAND3X0P5H7L_Y                   | 1.08            | 1.697e-07      | 0.000e+00    | 3.491e-09     | 1.732e-07   |
| myTime_3__AND3X1P4H7L_A_Y_NAND3X0P5H7L_C                                           | 1.08            | 1.689e-07      | 0.000e+00    | 3.491e-09     | 1.724e-07   |
| myTime_7__reg_p_D_NOR3X0P5H7L_Y                                                    | 1.08            | 1.688e-07      | 0.000e+00    | 3.497e-09     | 1.723e-07   |
| myTime_6__reg_p_D_NOR3X0P5H7L_Y                                                    | 1.08            | 1.688e-07      | 0.000e+00    | 3.497e-09     | 1.723e-07   |
| myTime_10__reg_p_D_NOR2X0P5H7L_Y_B_XNOR2X0P5H7L_Y_B_NOR3X0P5H7L_Y                  | 1.08            | 1.662e-07      | 0.000e+00    | 3.497e-09     | 1.697e-07   |
| out[1]_reg_p_D_NOR2BX1P4H7L_Z                                                      | 1.08            | 1.506e-07      | 0.000e+00    | 5.623e-09     | 1.563e-07   |
| myTime_5__XNOR2X0P5H7L_A_B_NOR2BX0P5H7L_Z                                          | 1.08            | 1.378e-07      | 0.000e+00    | 4.652e-09     | 1.425e-07   |
| myTime_20__NOR4X0P5H7L_A                                                           | 1.08            | 1.341e-07      | 0.000e+00    | 4.589e-09     | 1.386e-07   |
| out[4]_reg_p                                                                       | 1.08            | 1.091e-07      | 0.000e+00    | 2.032e-08     | 1.294e-07   |
| out[2]_reg_p_D_NOR2BX1P4H7L_Z                                                      | 1.08            | 1.004e-07      | 0.000e+00    | 5.886e-09     | 1.063e-07   |
| is_NOR4X0P5H7L_Y_C_NAND2X0P5H7L_Y                                                  | 1.08            | 8.828e-08      | 0.000e+00    | 3.366e-09     | 9.164e-08   |
| myTime_10__reg_p_D_NOR2X0P5H7L_Y_B_XNOR2X0P5H7L_Y_B_NOR3X0P5H7L_Y_A_NAND2X0P5H7L_Y | 1.08            | 8.800e-08      | 0.000e+00    | 3.366e-09     | 9.137e-08   |
| myTime_13__reg_p_D_AOI21X2H7L_Y_A1_OR3X1P4H7L_Y_C_NAND2X0P5H7L_Y                   | 1.08            | 8.654e-08      | 0.000e+00    | 3.366e-09     | 8.990e-08   |
| is_NOR4X0P5H7L_Y_D_NAND2X0P5H7L_Y                                                  | 1.08            | 8.527e-08      | 0.000e+00    | 3.366e-09     | 8.864e-08   |
| myTime_2__XOR2X0P5H7L_A_B_NAND2X0P5H7L_Y                                           | 1.08            | 8.409e-08      | 0.000e+00    | 3.366e-09     | 8.746e-08   |
| myTime_5__reg_p_D_NOR2X0P5H7L_Y                                                    | 1.08            | 7.766e-08      | 0.000e+00    | 3.378e-09     | 8.103e-08   |
| myTime_3__reg_p_D_NOR2X0P5H7L_Y                                                    | 1.08            | 7.764e-08      | 0.000e+00    | 3.378e-09     | 8.102e-08   |
| myTime_9__reg_p_D_NOR2X0P5H7L_Y                                                    | 1.08            | 7.763e-08      | 0.000e+00    | 3.378e-09     | 8.101e-08   |
| myTime_10__reg_p_D_NOR2X0P5H7L_Y                                                   | 1.08            | 7.763e-08      | 0.000e+00    | 3.378e-09     | 8.100e-08   |
| myTime_2__reg_p_D_NOR2X0P5H7L_Y                                                    | 1.08            | 7.762e-08      | 0.000e+00    | 3.378e-09     | 8.100e-08   |
| myTime_1__reg_p_D_NOR2X0P5H7L_Y                                                    | 1.08            | 7.761e-08      | 0.000e+00    | 3.378e-09     | 8.099e-08   |
| myTime_4__reg_p_D_NOR2X0P5H7L_Y                                                    | 1.08            | 7.759e-08      | 0.000e+00    | 3.378e-09     | 8.096e-08   |
| myTime_16__reg_p_D_NOR2X0P5H7L_Y                                                   | 1.08            | 7.759e-08      | 0.000e+00    | 3.378e-09     | 8.096e-08   |
| myTime_0__reg_p_D_NOR2X0P5H7L_Y                                                    | 1.08            | 7.602e-08      | 0.000e+00    | 3.378e-09     | 7.940e-08   |
| out[3]_reg_p_D_NOR2BX1P4H7L_Z                                                      | 1.08            | 6.277e-08      | 0.000e+00    | 6.039e-09     | 6.881e-08   |
| out[4]_reg_p_D_NOR2BX1P4H7L_Z                                                      | 1.08            | 3.766e-08      | 0.000e+00    | 6.122e-09     | 4.378e-08   |
| myTime_11__reg_p_D_NOR2X3H7L_Y_B_XNOR2X3H7L_Y_A_INVX0P5H7L_Y                       | 1.08            | 3.015e-08      | 0.000e+00    | 3.106e-09     | 3.326e-08   |
| myTime_19__INVX0P5H7L_A                                                            | 1.08            | 2.936e-08      | 0.000e+00    | 3.106e-09     | 3.246e-08   |
| myTime_10__INVX0P5H7L_A                                                            | 1.08            | 2.802e-08      | 0.000e+00    | 3.106e-09     | 3.112e-08   |
| myTime_22__reg_p                                                                   | 1.08            | 0.000e+00      | 0.000e+00    | 2.134e-08     | 2.134e-08   |
| myTime_20__reg_p_D_TIELOH7L_Z                                                      | 1.08            | 0.000e+00      | 0.000e+00    | 1.798e-09     | 1.798e-09   |
+------------------------------------------------------------------------------------+-----------------+----------------+--------------+---------------+-------------+
I20260118 16:14:19.769318  5279 Power.cc:1047] power report end, output dir: /home/biruide/ysyx-workbench/yosys-sta/result/water-500MHz
I20260118 16:14:19.769348  5279 Power.cc:1049] power report memory usage 0MB
I20260118 16:14:19.769353  5279 Power.cc:1051] power report time elapsed 0.003602s
